
================================================================================
NUFFT Scaling Benchmark
================================================================================
Number of ranks: 64
Grid size:       512^3
Particles:       1073741824 (8 per point)
Tolerance:       0.0001
CSV output:      nufft_scaling_64.csv
Component CSV:   nufft_components_64.csv

=== Benchmarking NUFFT Type 1 ===
Grid size:       512^3
Total particles: 1073741824
Local particles: 16777216
Spread method:   output_focused
Tolerance:       0.0001
Warmup runs:     3
Benchmark runs:  10
Running warmup...
Running benchmark...

NUFFT Type 1 Results:
  Ranks:       64
  Grid:        512^3
  Particles:   1073741824
  Mean time:   642.544 ms
  Min time:    641.275 ms
  Max time:    645.013 ms
  Stddev:      1.048 ms
  Throughput:  1671.08 Mpts/s

=== Benchmarking NUFFT Type 2 ===
Grid size:       512^3
Total particles: 1073741824
Local particles: 16777216
Gather method:   atomic_sort
Tolerance:       0.00
Warmup runs:     3
Benchmark runs:  10
Running warmup...
Running benchmark...

NUFFT Type 2 Results:
  Ranks:       64
  Grid:        512^3
  Particles:   1073741824
  Mean time:   186.261 ms
  Min time:    184.633 ms
  Max time:    190.234 ms
  Stddev:      1.868 ms
  Throughput:  5764.72 Mpts/s
[CSV] Timings written to nufft_scaling_64.csv

==================================================
COMPONENT TIMING BREAKDOWN
==================================================

Type-1 (spreading):
----------------------------------------
Scatter (spreading)          506.77 ms
FFT (forward)                133.16 ms
Deconvolution                  0.08 ms

Type-2 (interpolation):
----------------------------------------
Precorrection                  0.08 ms
FFT (backward)               138.42 ms
Gather (interpolation)        48.02 ms

Total:
----------------------------------------
Complete Type-1              640.01 ms
Complete Type-2              186.53 ms
[CSV] Component timings written to nufft_components_64.csv

================================================================================
SUMMARY
================================================================================
Type 1: 642.544 ms (1671.08 Mpts/s)
Type 2: 186.26 ms (5764.72 Mpts/s)
================================================================================
