LandauDampingPIF{0}> Landau damping
LandauDampingPIF{0}> nt 10 Np= 1073741824 Fourier modes = ( 512 , 512 , 512 )
LandauDampingPIF{0}> particles created and initial conditions assigned 
LandauDampingPIF{0}> After init shape function 
LandauDampingPIF{0}> After init NUFFT 
LandauDampingPIF{0}> After update 
[Scatter] Auto-select: OutputFocused (tp=33.9 Mpts/s) for w=9 rho=1.13 (was Tiled)
[Scatter] Cache hit: method=OutputFocused w=9 cx=1 rho=1.13 -> tile=(3,5,5) team=256 osub=1 zb=32 tp=33.9 Mpts/s (rho_csv=1.00)
LandauDampingPIF{0}> After scatter 
LandauDampingPIF{0}> After gather 
LandauDampingPIF{0}> Starting iterations ...
LandauDampingPIF{0}> Finished time step: -2 time: 0.0122718
LandauDampingPIF{0}> Finished time step: -1 time: 0.0245437
LandauDampingPIF{0}> Finished time step: 0 time: 0.0368155
LandauDampingPIF{0}> Finished time step: 1 time: 0.0490874
LandauDampingPIF{0}> Finished time step: 2 time: 0.0613592
LandauDampingPIF{0}> Finished time step: 3 time: 0.0736311
LandauDampingPIF{0}> Finished time step: 4 time: 0.0859029
LandauDampingPIF{0}> Finished time step: 5 time: 0.0981748
LandauDampingPIF{0}> Finished time step: 6 time: 0.110447
LandauDampingPIF{0}> Finished time step: 7 time: 0.122718
LandauDampingPIF{0}> Finished time step: 8 time: 0.13499
LandauDampingPIF{0}> Finished time step: 9 time: 0.147262
LandauDampingPIF{0}> Finished time step: 10 time: 0.159534
LandauDampingPIF{0}> LandauDamping: End.
Timings{0}> ---------------------------------------------
Timings{0}>      Timing results for 256 rank(s):
Timings{0}> ---------------------------------------------
Timings{0}> mainTimer........... Wall tot =    8.96166
Timings{0}> 
Timings{0}> particlesCreation... Wall max =          0
Timings{0}>                      Wall avg =          0
Timings{0}>                      Wall min =          0
Timings{0}> 
Timings{0}> dumpData............ Wall max =   0.453243
Timings{0}>                      Wall avg =   0.252141
Timings{0}>                      Wall min =  0.0218387
Timings{0}> 
Timings{0}> kick................ Wall max = 0.00764075
Timings{0}>                      Wall avg = 0.00567174
Timings{0}>                      Wall min = 0.00487792
Timings{0}> 
Timings{0}> drift............... Wall max = 0.00350765
Timings{0}>                      Wall avg = 0.00276886
Timings{0}>                      Wall min = 0.00238312
Timings{0}> 
Timings{0}> particleBC.......... Wall max =  0.0147523
Timings{0}>                      Wall avg = 0.00841449
Timings{0}>                      Wall min = 0.00694148
Timings{0}> 
Timings{0}> initializeShapeFunc. Wall max =          0
Timings{0}>                      Wall avg =          0
Timings{0}>                      Wall min =          0
Timings{0}> 
Timings{0}> findInternal........ Wall max =          0
Timings{0}>                      Wall avg =          0
Timings{0}>                      Wall min =          0
Timings{0}> 
Timings{0}> findPeriodic........ Wall max =          0
Timings{0}>                      Wall avg =          0
Timings{0}>                      Wall min =          0
Timings{0}> 
Timings{0}> NativeNUFFT::init... Wall max =          0
Timings{0}>                      Wall avg =          0
Timings{0}>                      Wall min =          0
Timings{0}> 
Timings{0}> updateParticle...... Wall max =   0.160495
Timings{0}>                      Wall avg =   0.125546
Timings{0}>                      Wall min =   0.101801
Timings{0}> 
Timings{0}> locateParticles..... Wall max =  0.0204473
Timings{0}>                      Wall avg =   0.017799
Timings{0}>                      Wall min =  0.0163275
Timings{0}> 
Timings{0}> sendPreprocess...... Wall max =  0.0147757
Timings{0}>                      Wall avg =  0.0108489
Timings{0}>                      Wall min = 0.00243224
Timings{0}> 
Timings{0}> particleSend........ Wall max =  0.0459254
Timings{0}>                      Wall avg =  0.0194186
Timings{0}>                      Wall min =  0.0130124
Timings{0}> 
Timings{0}> particleRecv........ Wall max = 0.000725463
Timings{0}>                      Wall avg = 0.000473632
Timings{0}>                      Wall min = 0.000418832
Timings{0}> 
Timings{0}> particleDestroy..... Wall max =  0.0329247
Timings{0}>                      Wall avg =  0.0272202
Timings{0}>                      Wall min =  0.0242649
Timings{0}> 
Timings{0}> ScatterPIFNUFFT..... Wall max =    1.74452
Timings{0}>                      Wall avg =      1.712
Timings{0}>                      Wall min =    1.67068
Timings{0}> 
Timings{0}> NativeNUFFT1........ Wall max =    1.73601
Timings{0}>                      Wall avg =    1.70306
Timings{0}>                      Wall min =    1.66143
Timings{0}> 
Timings{0}> scatterTimerNUFFT1.. Wall max =    1.29269
Timings{0}>                      Wall avg =    1.24534
Timings{0}>                      Wall min =    1.18379
Timings{0}> 
Timings{0}> binSort............. Wall max =  0.0232125
Timings{0}>                      Wall avg =  0.0208716
Timings{0}>                      Wall min =   0.018632
Timings{0}> 
Timings{0}> binComputeKeys...... Wall max = 0.00189165
Timings{0}>                      Wall avg = 0.00149541
Timings{0}>                      Wall min = 0.00130027
Timings{0}> 
Timings{0}> binSortByKey........ Wall max =  0.0208271
Timings{0}>                      Wall avg =   0.018638
Timings{0}>                      Wall min =  0.0166232
Timings{0}> 
Timings{0}> binComputeOffsets... Wall max = 0.000943469
Timings{0}>                      Wall avg = 0.000705243
Timings{0}>                      Wall min = 0.00065056
Timings{0}> 
Timings{0}> FFTNUFFT1........... Wall max =   0.528623
Timings{0}>                      Wall avg =    0.45662
Timings{0}>                      Wall min =   0.402751
Timings{0}> 
Timings{0}> deconvolutionNUFFT1. Wall max = 0.00158071
Timings{0}>                      Wall avg = 0.00105613
Timings{0}>                      Wall min = 0.000940028
Timings{0}> 
Timings{0}> GatherPIFNUFFT...... Wall max =    7.08569
Timings{0}>                      Wall avg =    6.84948
Timings{0}>                      Wall min =    6.65118
Timings{0}> 
Timings{0}> NativeNUFFT2........ Wall max =    7.05633
Timings{0}>                      Wall avg =    6.82159
Timings{0}>                      Wall min =    6.62588
Timings{0}> 
Timings{0}> PrecorrectionNUFFT2. Wall max = 0.00765335
Timings{0}>                      Wall avg = 0.00581098
Timings{0}>                      Wall min = 0.00531188
Timings{0}> 
Timings{0}> FFTNUFFT2........... Wall max =    2.03211
Timings{0}>                      Wall avg =    1.61661
Timings{0}>                      Wall min =    1.14316
Timings{0}> 
Timings{0}> GatherNUFFT2........ Wall max =    5.90619
Timings{0}>                      Wall avg =    5.19898
Timings{0}>                      Wall min =     4.5928
Timings{0}> 
Timings{0}> ---------------------------------------------
Timings{0}>      Measurement counts:
Timings{0}> ---------------------------------------------
Timings{0}> mainTimer........... Count =          1
Timings{0}> particlesCreation... Count =          0
Timings{0}> dumpData............ Count =         10
Timings{0}> kick................ Count =         20
Timings{0}> drift............... Count =         10
Timings{0}> particleBC.......... Count =         10
Timings{0}> initializeShapeFunc. Count =          0
Timings{0}> findInternal........ Count =          0
Timings{0}> findPeriodic........ Count =          0
Timings{0}> NativeNUFFT::init... Count =          0
Timings{0}> updateParticle...... Count =         10
Timings{0}> locateParticles..... Count =         10
Timings{0}> sendPreprocess...... Count =         10
Timings{0}> particleSend........ Count =         10
Timings{0}> particleRecv........ Count =         10
Timings{0}> particleDestroy..... Count =         10
Timings{0}> ScatterPIFNUFFT..... Count =         20
Timings{0}> NativeNUFFT1........ Count =         10
Timings{0}> scatterTimerNUFFT1.. Count =         10
Timings{0}> binSort............. Count =         10
Timings{0}> binComputeKeys...... Count =         10
Timings{0}> binSortByKey........ Count =         10
Timings{0}> binComputeOffsets... Count =         10
Timings{0}> FFTNUFFT1........... Count =         10
Timings{0}> deconvolutionNUFFT1. Count =         10
Timings{0}> GatherPIFNUFFT...... Count =         10
Timings{0}> NativeNUFFT2........ Count =         30
Timings{0}> PrecorrectionNUFFT2. Count =         30
Timings{0}> FFTNUFFT2........... Count =         30
Timings{0}> GatherNUFFT2........ Count =         30
Timings{0}> ---------------------------------------------
Timings{0}> ---------------------------------------------
Timings{0}>      Per-occurrence statistics:
Timings{0}> ---------------------------------------------
Timings{0}> mainTimer........... n=    1  mean=   8.96164  std=         0  min=   8.96164  max=   8.96164
Timings{0}> dumpData............ n=   10  mean=0.00522828  std=0.00139893  min=0.00347983  max=0.00742515
Timings{0}> kick................ n=   20  mean=0.000315664  std=4.85317e-06  min=0.000304711  max=0.000321954
Timings{0}> drift............... n=   10  mean=0.000301372  std=2.65351e-06  min=0.000297466  max=0.000305372
Timings{0}> particleBC.......... n=   10  mean=0.000897628  std=3.95693e-05  min=0.000878774  max=0.00100977
Timings{0}> updateParticle...... n=   10  mean= 0.0133038  std=0.00863438  min=0.00937919  max= 0.0377665
Timings{0}> locateParticles..... n=   10  mean=0.00178994  std=7.40477e-05  min=0.00175787  max=0.00199964
Timings{0}> sendPreprocess...... n=   10  mean=0.000954905  std=0.000136291  min=0.000646243  max=0.00112495
Timings{0}> particleSend........ n=   10  mean=0.00459254  std=0.00899181  min=0.00149585  max= 0.0301608
Timings{0}> particleRecv........ n=   10  mean=5.20168e-05  std=2.4366e-06  min=4.8514e-05  max=5.4916e-05
Timings{0}> particleDestroy..... n=   10  mean=0.00271983  std=4.80568e-05  min=0.00268798  max=0.00285239
Timings{0}> ScatterPIFNUFFT..... n=   20  mean= 0.0847414  std= 0.0867406  min=0.000302346  max=  0.178983
Timings{0}> NativeNUFFT1........ n=   10  mean=   0.16856  std=0.00636132  min=  0.158119  max=  0.178373
Timings{0}> scatterTimerNUFFT1.. n=   10  mean=  0.127951  std= 0.0049648  min=  0.119301  max=  0.134172
Timings{0}> binSort............. n=   10  mean=0.00226536  std=1.06384e-05  min=0.00225362  max=0.00228676
Timings{0}> binComputeKeys...... n=   10  mean=0.000164112  std= 1.508e-06  min=0.000162385  max=0.000167344
Timings{0}> binSortByKey........ n=   10  mean= 0.0020205  std=1.08339e-05  min=0.00200633  max=0.00204117
Timings{0}> binComputeOffsets... n=   10  mean=7.71355e-05  std=2.52427e-06  min=7.4314e-05  max=8.3131e-05
Timings{0}> FFTNUFFT1........... n=   10  mean= 0.0404643  std=0.00423036  min=  0.036444  max=  0.047319
Timings{0}> deconvolutionNUFFT1. n=   10  mean=0.000140707  std=1.59396e-06  min= 0.0001388  max=0.000143378
Timings{0}> GatherPIFNUFFT...... n=   10  mean=  0.705757  std=0.00857321  min=  0.692685  max=  0.720337
Timings{0}> NativeNUFFT2........ n=   30  mean=  0.234273  std=0.00412969  min=  0.229123  max=  0.245004
Timings{0}> PrecorrectionNUFFT2. n=   30  mean=0.000236057  std=3.95109e-05  min=0.000218844  max=0.000439803
Timings{0}> FFTNUFFT2........... n=   30  mean= 0.0396155  std=0.00286497  min= 0.0345593  max= 0.0469504
Timings{0}> GatherNUFFT2........ n=   30  mean=  0.194415  std=0.00264573  min=  0.188613  max=  0.199154
Timings{0}> ---------------------------------------------
