
================================================================================
NUFFT Scaling Benchmark
================================================================================
Number of ranks: 512
Grid size:       1024^3
Upsampled grid:  2048^3 (sigma=2)
Particles:       8589934592 (8 per point)
Tolerance:       0.0001
CSV output:      results/nufft_scaling_512_upsampled.csv
Component CSV:   results/nufft_components_512_upsampled.csv

=== Benchmarking NUFFT Type 1 ===
Grid size:       1024^3
Upsampled grid:  2048^3 (sigma=2)
Total particles: 8589934592
Local particles: 16777216
Spread method:   output_focused
Tolerance:       0.0001
Warmup runs:     3
Benchmark runs:  10
Running warmup...
Running benchmark...

NUFFT Type 1 Results:
  Ranks:       512
  Grid:        1024^3
  Particles:   8589934592
  Mean time:   400.545 ms
  Min time:    399.467 ms
  Max time:    402.531 ms
  Stddev:      0.926 ms
  Throughput:  21445.61 Mpts/s

=== Benchmarking NUFFT Type 2 ===
Grid size:       1024^3
Upsampled grid:  2048^3 (sigma=2.00)
Total particles: 8589934592
Local particles: 16777216
Gather method:   atomic_sort
Tolerance:       0.00
Warmup runs:     3
Benchmark runs:  10
Running warmup...
Running benchmark...

NUFFT Type 2 Results:
  Ranks:       512
  Grid:        1024^3
  Particles:   8589934592
  Mean time:   269.247 ms
  Min time:    268.410 ms
  Max time:    271.507 ms
  Stddev:      0.522 ms
  Throughput:  31903.59 Mpts/s
[CSV] Timings written to results/nufft_scaling_512_upsampled.csv

==================================================
COMPONENT TIMING BREAKDOWN
==================================================

Type-1 (spreading):
----------------------------------------
Scatter (spreading)          145.52 ms
FFT (forward)                247.23 ms
Deconvolution                  0.42 ms

Type-2 (interpolation):
----------------------------------------
Precorrection                  0.63 ms
FFT (backward)               278.00 ms
Gather (interpolation)        17.62 ms

Total:
----------------------------------------
Complete Type-1              393.19 ms
Complete Type-2              296.27 ms
[CSV] Component timings written to results/nufft_components_512_upsampled.csv

================================================================================
SUMMARY
================================================================================
Type 1: 400.545 ms (21445.61 Mpts/s)
Type 2: 269.25 ms (31903.59 Mpts/s)
================================================================================
