LandauDampingPIF{0}> Landau damping
LandauDampingPIF{0}> nt 6 Np= 1073741824 Fourier modes = ( 512 , 512 , 512 )
LandauDampingPIF{0}> particles created and initial conditions assigned 
LandauDampingPIF{0}> After init shape function 
LandauDampingPIF{0}> After init NUFFT 
LandauDampingPIF{0}> After update 
[Scatter] Cache hit: method=Tiled w=5 cx=1 rho=1.14 -> tile=(4,5,5) team=64 osub=8 zb=1 tp=277.5 Mpts/s (rho_csv=1.00)
LandauDampingPIF{0}> After scatter 
LandauDampingPIF{0}> After gather 
LandauDampingPIF{0}> Starting iterations ...
LandauDampingPIF{0}> Finished time step: -2 time: 0.0122718
LandauDampingPIF{0}> Finished time step: -1 time: 0.0245437
LandauDampingPIF{0}> Finished time step: 0 time: 0.0368155
LandauDampingPIF{0}> Finished time step: 1 time: 0.0490874
LandauDampingPIF{0}> Finished time step: 2 time: 0.0613592
LandauDampingPIF{0}> Finished time step: 3 time: 0.0736311
LandauDampingPIF{0}> Finished time step: 4 time: 0.0859029
LandauDampingPIF{0}> Finished time step: 5 time: 0.0981748
LandauDampingPIF{0}> Finished time step: 6 time: 0.110447
LandauDampingPIF{0}> LandauDamping: End.
Timings{0}> ---------------------------------------------
Timings{0}>      Timing results for 512 rank(s):
Timings{0}> ---------------------------------------------
Timings{0}> mainTimer........... Wall tot =    1.12129
Timings{0}> 
Timings{0}> particlesCreation... Wall max =          0
Timings{0}>                      Wall avg =          0
Timings{0}>                      Wall min =          0
Timings{0}> 
Timings{0}> dumpData............ Wall max =  0.0400717
Timings{0}>                      Wall avg =  0.0281105
Timings{0}>                      Wall min =  0.0166065
Timings{0}> 
Timings{0}> kick................ Wall max = 0.00218509
Timings{0}>                      Wall avg = 0.00177428
Timings{0}>                      Wall min =   0.001513
Timings{0}> 
Timings{0}> drift............... Wall max = 0.00115767
Timings{0}>                      Wall avg = 0.000868983
Timings{0}>                      Wall min = 0.000738582
Timings{0}> 
Timings{0}> particleBC.......... Wall max =  0.0027848
Timings{0}>                      Wall avg = 0.00242016
Timings{0}>                      Wall min = 0.00210845
Timings{0}> 
Timings{0}> initializeShapeFunc. Wall max =          0
Timings{0}>                      Wall avg =          0
Timings{0}>                      Wall min =          0
Timings{0}> 
Timings{0}> findInternal........ Wall max =          0
Timings{0}>                      Wall avg =          0
Timings{0}>                      Wall min =          0
Timings{0}> 
Timings{0}> findPeriodic........ Wall max =          0
Timings{0}>                      Wall avg =          0
Timings{0}>                      Wall min =          0
Timings{0}> 
Timings{0}> NativeNUFFT::init... Wall max =          0
Timings{0}>                      Wall avg =          0
Timings{0}>                      Wall min =          0
Timings{0}> 
Timings{0}> updateParticle...... Wall max =  0.0499915
Timings{0}>                      Wall avg =  0.0451728
Timings{0}>                      Wall min =  0.0410694
Timings{0}> 
Timings{0}> locateParticles..... Wall max =  0.0064303
Timings{0}>                      Wall avg = 0.00534505
Timings{0}>                      Wall min = 0.00471214
Timings{0}> 
Timings{0}> sendPreprocess...... Wall max = 0.00534639
Timings{0}>                      Wall avg = 0.00411581
Timings{0}>                      Wall min = 0.00246487
Timings{0}> 
Timings{0}> particleSend........ Wall max =   0.012446
Timings{0}>                      Wall avg = 0.00935835
Timings{0}>                      Wall min = 0.00754337
Timings{0}> 
Timings{0}> particleRecv........ Wall max = 0.000836532
Timings{0}>                      Wall avg = 0.000516781
Timings{0}>                      Wall min = 0.000450232
Timings{0}> 
Timings{0}> particleDestroy..... Wall max =  0.0120319
Timings{0}>                      Wall avg = 0.00922095
Timings{0}>                      Wall min = 0.00786566
Timings{0}> 
Timings{0}> ScatterPIFNUFFT..... Wall max =   0.252114
Timings{0}>                      Wall avg =   0.230618
Timings{0}>                      Wall min =   0.213676
Timings{0}> 
Timings{0}> NativeNUFFT1........ Wall max =   0.249103
Timings{0}>                      Wall avg =   0.227514
Timings{0}>                      Wall min =   0.210465
Timings{0}> 
Timings{0}> scatterTimerNUFFT1.. Wall max =  0.0694243
Timings{0}>                      Wall avg =  0.0653158
Timings{0}>                      Wall min =  0.0613901
Timings{0}> 
Timings{0}> binSort............. Wall max = 0.00897444
Timings{0}>                      Wall avg = 0.00734346
Timings{0}>                      Wall min = 0.00665199
Timings{0}> 
Timings{0}> binComputeKeys...... Wall max = 0.000736173
Timings{0}>                      Wall avg = 0.000493305
Timings{0}>                      Wall min = 0.000428824
Timings{0}> 
Timings{0}> binSortByKey........ Wall max = 0.00813363
Timings{0}>                      Wall avg = 0.00652154
Timings{0}>                      Wall min =  0.0059164
Timings{0}> 
Timings{0}> binComputeOffsets... Wall max = 0.000545537
Timings{0}>                      Wall avg = 0.000310734
Timings{0}>                      Wall min = 0.000281046
Timings{0}> 
Timings{0}> FFTNUFFT1........... Wall max =   0.182067
Timings{0}>                      Wall avg =   0.161827
Timings{0}>                      Wall min =    0.14493
Timings{0}> 
Timings{0}> deconvolutionNUFFT1. Wall max = 0.000649295
Timings{0}>                      Wall avg = 0.000350216
Timings{0}>                      Wall min = 0.000315632
Timings{0}> 
Timings{0}> GatherPIFNUFFT...... Wall max =   0.832122
Timings{0}>                      Wall avg =   0.810035
Timings{0}>                      Wall min =   0.786436
Timings{0}> 
Timings{0}> NativeNUFFT2........ Wall max =   0.822716
Timings{0}>                      Wall avg =   0.801164
Timings{0}>                      Wall min =   0.777671
Timings{0}> 
Timings{0}> PrecorrectionNUFFT2. Wall max = 0.00250892
Timings{0}>                      Wall avg = 0.00189959
Timings{0}>                      Wall min = 0.00175895
Timings{0}> 
Timings{0}> FFTNUFFT2........... Wall max =   0.513818
Timings{0}>                      Wall avg =   0.472497
Timings{0}>                      Wall min =   0.431935
Timings{0}> 
Timings{0}> GatherNUFFT2........ Wall max =   0.372283
Timings{0}>                      Wall avg =   0.326664
Timings{0}>                      Wall min =   0.280532
Timings{0}> 
Timings{0}> ---------------------------------------------
Timings{0}>      Measurement counts:
Timings{0}> ---------------------------------------------
Timings{0}> mainTimer........... Count =          1
Timings{0}> particlesCreation... Count =          0
Timings{0}> dumpData............ Count =          6
Timings{0}> kick................ Count =         12
Timings{0}> drift............... Count =          6
Timings{0}> particleBC.......... Count =          6
Timings{0}> initializeShapeFunc. Count =          0
Timings{0}> findInternal........ Count =          0
Timings{0}> findPeriodic........ Count =          0
Timings{0}> NativeNUFFT::init... Count =          0
Timings{0}> updateParticle...... Count =          6
Timings{0}> locateParticles..... Count =          6
Timings{0}> sendPreprocess...... Count =          6
Timings{0}> particleSend........ Count =          6
Timings{0}> particleRecv........ Count =          6
Timings{0}> particleDestroy..... Count =          6
Timings{0}> ScatterPIFNUFFT..... Count =         12
Timings{0}> NativeNUFFT1........ Count =          6
Timings{0}> scatterTimerNUFFT1.. Count =          6
Timings{0}> binSort............. Count =          6
Timings{0}> binComputeKeys...... Count =          6
Timings{0}> binSortByKey........ Count =          6
Timings{0}> binComputeOffsets... Count =          6
Timings{0}> FFTNUFFT1........... Count =          6
Timings{0}> deconvolutionNUFFT1. Count =          6
Timings{0}> GatherPIFNUFFT...... Count =          6
Timings{0}> NativeNUFFT2........ Count =         18
Timings{0}> PrecorrectionNUFFT2. Count =         18
Timings{0}> FFTNUFFT2........... Count =         18
Timings{0}> GatherNUFFT2........ Count =         18
Timings{0}> ---------------------------------------------
Timings{0}> ---------------------------------------------
Timings{0}>      Per-occurrence statistics:
Timings{0}> ---------------------------------------------
Timings{0}> mainTimer........... n=    1  mean=   1.12128  std=         0  min=   1.12128  max=   1.12128
Timings{0}> dumpData............ n=    6  mean= 0.0034594  std=0.00110078  min=0.00235118  max=0.00481895
Timings{0}> kick................ n=   12  mean=0.000176061  std=3.23521e-05  min=0.000165311  max=0.000278691
Timings{0}> drift............... n=    6  mean=0.000159671  std=1.04373e-06  min=0.000158719  max=0.000161284
Timings{0}> particleBC.......... n=    6  mean=0.000456096  std=1.04347e-06  min=0.000454683  max= 0.0004579
Timings{0}> updateParticle...... n=    6  mean=0.00738576  std=0.000816478  min=0.00606404  max=0.00816978
Timings{0}> locateParticles..... n=    6  mean=0.000857807  std=3.37209e-06  min=0.000853778  max=0.000861302
Timings{0}> sendPreprocess...... n=    6  mean=0.000607176  std=6.05917e-05  min=0.000539207  max=0.000693827
Timings{0}> particleSend........ n=    6  mean=0.00153608  std=0.000167816  min=0.00141107  max=0.00182351
Timings{0}> particleRecv........ n=    6  mean= 8.411e-05  std=1.61486e-05  min=7.5727e-05  max=0.000117007
Timings{0}> particleDestroy..... n=    6  mean=0.00161349  std=4.07708e-06  min=0.00160659  max= 0.0016186
Timings{0}> ScatterPIFNUFFT..... n=   12  mean=  0.018142  std=  0.018836  min=0.000156103  max= 0.0396113
Timings{0}> NativeNUFFT1........ n=    6  mean= 0.0357497  std=0.00206051  min= 0.0333062  max= 0.0392346
Timings{0}> scatterTimerNUFFT1.. n=    6  mean= 0.0114785  std=0.000619429  min= 0.0103595  max= 0.0122138
Timings{0}> binSort............. n=    6  mean=0.00133856  std=1.15787e-05  min= 0.0013169  max=0.00135094
Timings{0}> binComputeKeys...... n=    6  mean=8.98243e-05  std=5.3246e-07  min=8.9083e-05  max=9.0596e-05
Timings{0}> binSortByKey........ n=    6  mean=0.00119168  std=1.22908e-05  min=0.00116911  max=0.00120427
Timings{0}> binComputeOffsets... n=    6  mean=5.37947e-05  std=1.28684e-06  min= 5.128e-05  max=5.4707e-05
Timings{0}> FFTNUFFT1........... n=    6  mean= 0.0241888  std=0.00189742  min= 0.0225344  max= 0.0275328
Timings{0}> deconvolutionNUFFT1. n=    6  mean=7.89833e-05  std=5.35079e-07  min=7.8402e-05  max=7.9915e-05
Timings{0}> GatherPIFNUFFT...... n=    6  mean=  0.138403  std=0.00394545  min=  0.132633  max=  0.144035
Timings{0}> NativeNUFFT2........ n=   18  mean= 0.0455962  std=0.00375889  min= 0.0418738  max= 0.0549315
Timings{0}> PrecorrectionNUFFT2. n=   18  mean=0.00012718  std=4.04716e-06  min=0.000122618  max=0.00013392
Timings{0}> FFTNUFFT2........... n=   18  mean= 0.0249032  std=0.00307028  min= 0.0219482  max= 0.0316615
Timings{0}> GatherNUFFT2........ n=   18  mean= 0.0205603  std=0.00122366  min= 0.0186126  max= 0.0235953
Timings{0}> ---------------------------------------------
