LandauDampingPIF{0}> Landau damping
LandauDampingPIF{0}> nt 10 Np= 1073741824 Fourier modes = ( 512 , 512 , 512 )
LandauDampingPIF{0}> particles created and initial conditions assigned 
LandauDampingPIF{0}> After init shape function 
LandauDampingPIF{0}> After init NUFFT 
LandauDampingPIF{0}> After update 
[Scatter] Auto-select: OutputFocused (tp=747.1 Mpts/s) for w=5 rho=1.15 (was Atomic)
[Scatter] Cache hit: method=OutputFocused w=5 cx=1 rho=1.15 -> tile=(5,3,5) team=128 osub=1 zb=29 tp=747.1 Mpts/s (rho_csv=1.25)
LandauDampingPIF{0}> After scatter 
LandauDampingPIF{0}> After gather 
LandauDampingPIF{0}> Starting iterations ...
LandauDampingPIF{0}> Finished time step: -2 time: 0.0122718
LandauDampingPIF{0}> Finished time step: -1 time: 0.0245437
LandauDampingPIF{0}> Finished time step: 0 time: 0.0368155
LandauDampingPIF{0}> Finished time step: 1 time: 0.0490874
LandauDampingPIF{0}> Finished time step: 2 time: 0.0613592
LandauDampingPIF{0}> Finished time step: 3 time: 0.0736311
LandauDampingPIF{0}> Finished time step: 4 time: 0.0859029
LandauDampingPIF{0}> Finished time step: 5 time: 0.0981748
LandauDampingPIF{0}> Finished time step: 6 time: 0.110447
LandauDampingPIF{0}> Finished time step: 7 time: 0.122718
LandauDampingPIF{0}> Finished time step: 8 time: 0.13499
LandauDampingPIF{0}> Finished time step: 9 time: 0.147262
LandauDampingPIF{0}> Finished time step: 10 time: 0.159534
LandauDampingPIF{0}> LandauDamping: End.
Timings{0}> ---------------------------------------------
Timings{0}>      Timing results for 1024 rank(s):
Timings{0}> ---------------------------------------------
Timings{0}> mainTimer........... Wall tot =    1.37366
Timings{0}> 
Timings{0}> particlesCreation... Wall max =          0
Timings{0}>                      Wall avg =          0
Timings{0}>                      Wall min =          0
Timings{0}> 
Timings{0}> dumpData............ Wall max =  0.0777666
Timings{0}>                      Wall avg =  0.0661069
Timings{0}>                      Wall min =  0.0534842
Timings{0}> 
Timings{0}> kick................ Wall max = 0.00157023
Timings{0}>                      Wall avg = 0.00131728
Timings{0}>                      Wall min = 0.00116091
Timings{0}> 
Timings{0}> drift............... Wall max = 0.000778545
Timings{0}>                      Wall avg = 0.000692464
Timings{0}>                      Wall min = 0.000597154
Timings{0}> 
Timings{0}> particleBC.......... Wall max = 0.00124466
Timings{0}>                      Wall avg = 0.000905589
Timings{0}>                      Wall min = 0.000731335
Timings{0}> 
Timings{0}> initializeShapeFunc. Wall max =          0
Timings{0}>                      Wall avg =          0
Timings{0}>                      Wall min =          0
Timings{0}> 
Timings{0}> findInternal........ Wall max =          0
Timings{0}>                      Wall avg =          0
Timings{0}>                      Wall min =          0
Timings{0}> 
Timings{0}> findPeriodic........ Wall max =          0
Timings{0}>                      Wall avg =          0
Timings{0}>                      Wall min =          0
Timings{0}> 
Timings{0}> NativeNUFFT::init... Wall max =          0
Timings{0}>                      Wall avg =          0
Timings{0}>                      Wall min =          0
Timings{0}> 
Timings{0}> updateParticle...... Wall max =  0.0762679
Timings{0}>                      Wall avg =  0.0609776
Timings{0}>                      Wall min =  0.0532805
Timings{0}> 
Timings{0}> locateParticles..... Wall max = 0.00347977
Timings{0}>                      Wall avg = 0.00316041
Timings{0}>                      Wall min = 0.00295437
Timings{0}> 
Timings{0}> sendPreprocess...... Wall max =   0.026364
Timings{0}>                      Wall avg =  0.0194769
Timings{0}>                      Wall min =  0.0141704
Timings{0}> 
Timings{0}> particleSend........ Wall max =  0.0184445
Timings{0}>                      Wall avg =  0.0122192
Timings{0}>                      Wall min =  0.0115283
Timings{0}> 
Timings{0}> particleRecv........ Wall max = 0.00238064
Timings{0}>                      Wall avg = 0.00171918
Timings{0}>                      Wall min = 0.00150987
Timings{0}> 
Timings{0}> particleDestroy..... Wall max = 0.00633238
Timings{0}>                      Wall avg = 0.00547018
Timings{0}>                      Wall min = 0.00495443
Timings{0}> 
Timings{0}> ScatterPIFNUFFT..... Wall max =   0.361987
Timings{0}>                      Wall avg =   0.335245
Timings{0}>                      Wall min =   0.317217
Timings{0}> 
Timings{0}> NativeNUFFT1........ Wall max =   0.354479
Timings{0}>                      Wall avg =   0.328245
Timings{0}>                      Wall min =   0.310647
Timings{0}> 
Timings{0}> scatterTimerNUFFT1.. Wall max =  0.0808552
Timings{0}>                      Wall avg =  0.0560325
Timings{0}>                      Wall min =  0.0393689
Timings{0}> 
Timings{0}> binSort............. Wall max =  0.0234179
Timings{0}>                      Wall avg =  0.0210191
Timings{0}>                      Wall min =   0.019374
Timings{0}> 
Timings{0}> binComputeKeys...... Wall max = 0.00233265
Timings{0}>                      Wall avg = 0.00211472
Timings{0}>                      Wall min = 0.00193158
Timings{0}> 
Timings{0}> binSortByKey........ Wall max =  0.0190417
Timings{0}>                      Wall avg =   0.016872
Timings{0}>                      Wall min =  0.0154007
Timings{0}> 
Timings{0}> binComputeOffsets... Wall max = 0.00182769
Timings{0}>                      Wall avg = 0.00163203
Timings{0}>                      Wall min = 0.00154036
Timings{0}> 
Timings{0}> FFTNUFFT1........... Wall max =    0.31125
Timings{0}>                      Wall avg =   0.271709
Timings{0}>                      Wall min =   0.241674
Timings{0}> 
Timings{0}> deconvolutionNUFFT1. Wall max = 0.000487043
Timings{0}>                      Wall avg = 0.000384245
Timings{0}>                      Wall min = 0.000355742
Timings{0}> 
Timings{0}> GatherPIFNUFFT...... Wall max =   0.908881
Timings{0}>                      Wall avg =   0.893167
Timings{0}>                      Wall min =   0.877217
Timings{0}> 
Timings{0}> NativeNUFFT2........ Wall max =   0.899198
Timings{0}>                      Wall avg =   0.882603
Timings{0}>                      Wall min =   0.867538
Timings{0}> 
Timings{0}> PrecorrectionNUFFT2. Wall max = 0.00236904
Timings{0}>                      Wall avg = 0.00202207
Timings{0}>                      Wall min = 0.00188778
Timings{0}> 
Timings{0}> FFTNUFFT2........... Wall max =   0.763951
Timings{0}>                      Wall avg =   0.741733
Timings{0}>                      Wall min =   0.711906
Timings{0}> 
Timings{0}> GatherNUFFT2........ Wall max =   0.174432
Timings{0}>                      Wall avg =   0.138269
Timings{0}>                      Wall min =    0.11412
Timings{0}> 
Timings{0}> ---------------------------------------------
Timings{0}>      Measurement counts:
Timings{0}> ---------------------------------------------
Timings{0}> mainTimer........... Count =          1
Timings{0}> particlesCreation... Count =          0
Timings{0}> dumpData............ Count =         10
Timings{0}> kick................ Count =         20
Timings{0}> drift............... Count =         10
Timings{0}> particleBC.......... Count =         10
Timings{0}> initializeShapeFunc. Count =          0
Timings{0}> findInternal........ Count =          0
Timings{0}> findPeriodic........ Count =          0
Timings{0}> NativeNUFFT::init... Count =          0
Timings{0}> updateParticle...... Count =         10
Timings{0}> locateParticles..... Count =         10
Timings{0}> sendPreprocess...... Count =         10
Timings{0}> particleSend........ Count =         10
Timings{0}> particleRecv........ Count =         10
Timings{0}> particleDestroy..... Count =         10
Timings{0}> ScatterPIFNUFFT..... Count =         20
Timings{0}> NativeNUFFT1........ Count =         10
Timings{0}> scatterTimerNUFFT1.. Count =         10
Timings{0}> binSort............. Count =         40
Timings{0}> binComputeKeys...... Count =         40
Timings{0}> binSortByKey........ Count =         40
Timings{0}> binComputeOffsets... Count =         40
Timings{0}> FFTNUFFT1........... Count =         10
Timings{0}> deconvolutionNUFFT1. Count =         10
Timings{0}> GatherPIFNUFFT...... Count =         10
Timings{0}> NativeNUFFT2........ Count =         30
Timings{0}> PrecorrectionNUFFT2. Count =         30
Timings{0}> FFTNUFFT2........... Count =         30
Timings{0}> GatherNUFFT2........ Count =         30
Timings{0}> ---------------------------------------------
Timings{0}> ---------------------------------------------
Timings{0}>      Per-occurrence statistics:
Timings{0}> ---------------------------------------------
Timings{0}> mainTimer........... n=    1  mean=   1.37364  std=         0  min=   1.37364  max=   1.37364
Timings{0}> dumpData............ n=   10  mean=0.00638637  std=0.00642276  min=0.00169677  max=  0.021274
Timings{0}> kick................ n=   20  mean=7.59811e-05  std=9.65259e-06  min=6.5601e-05  max=9.9141e-05
Timings{0}> drift............... n=   10  mean=7.75506e-05  std=1.25804e-06  min=7.6291e-05  max= 8.045e-05
Timings{0}> particleBC.......... n=   10  mean=0.00012329  std=1.99559e-06  min=0.000121031  max=0.000128261
Timings{0}> updateParticle...... n=   10  mean=0.00716025  std=0.00317254  min=0.00521646  max= 0.0142424
Timings{0}> locateParticles..... n=   10  mean=0.000318201  std=1.35638e-05  min=0.000300723  max=0.000352783
Timings{0}> sendPreprocess...... n=   10  mean=0.00195017  std=0.00169828  min=0.00116416  max=0.00677343
Timings{0}> particleSend........ n=   10  mean=0.00118729  std=3.68611e-05  min=0.00115296  max=0.00126226
Timings{0}> particleRecv........ n=   10  mean=0.000159838  std=4.20137e-06  min=0.000155311  max=0.000168512
Timings{0}> particleDestroy..... n=   10  mean=0.000544172  std=9.81871e-06  min=0.000527774  max=0.000560394
Timings{0}> ScatterPIFNUFFT..... n=   20  mean= 0.0161877  std= 0.0167125  min=4.7721e-05  max= 0.0392191
Timings{0}> NativeNUFFT1........ n=   10  mean=  0.031703  std=0.00324948  min= 0.0266615  max= 0.0385913
Timings{0}> scatterTimerNUFFT1.. n=   10  mean=0.00588392  std=0.00137268  min=0.00382781  max=0.00848611
Timings{0}> binSort............. n=   40  mean=0.000573145  std=2.13872e-05  min=0.000528574  max=0.000652574
Timings{0}> binComputeKeys...... n=   40  mean=5.74847e-05  std=2.86332e-06  min= 5.293e-05  max= 6.957e-05
Timings{0}> binSortByKey........ n=   40  mean=0.000462904  std=1.55967e-05  min=0.000428393  max=0.000509644
Timings{0}> binComputeOffsets... n=   40  mean=4.27404e-05  std=3.58085e-06  min= 3.769e-05  max= 5.905e-05
Timings{0}> FFTNUFFT1........... n=   10  mean=  0.025764  std=0.00267358  min= 0.0210294  max= 0.0300531
Timings{0}> deconvolutionNUFFT1. n=   10  mean=4.30272e-05  std=2.67993e-06  min= 4.108e-05  max= 5.003e-05
Timings{0}> GatherPIFNUFFT...... n=   10  mean= 0.0896705  std=0.00863735  min= 0.0751608  max=  0.105176
Timings{0}> NativeNUFFT2........ n=   30  mean= 0.0295082  std=0.00362684  min= 0.0245291  max=  0.036292
Timings{0}> PrecorrectionNUFFT2. n=   30  mean=7.65716e-05  std=3.10821e-06  min= 7.382e-05  max=8.6501e-05
Timings{0}> FFTNUFFT2........... n=   30  mean= 0.0243765  std=0.00282075  min= 0.0205977  max= 0.0300539
Timings{0}> GatherNUFFT2........ n=   30  mean=0.00503617  std=0.00180959  min=0.00351701  max= 0.0090755
Timings{0}> ---------------------------------------------
