Hostname=nid005777   , Rank=1    ,Local=1   ,RPN=4   ,CPUs=72-143   ,GPU=1 ,NIC=cxi1 ,numa_nodes=1     ,first_numa=1  ,other_nodes=     
Hostname=nid005777   , Rank=2    ,Local=2   ,RPN=4   ,CPUs=144-215  ,GPU=2 ,NIC=cxi2 ,numa_nodes=2     ,first_numa=2  ,other_nodes=     
Slurm Job Hostlist: nid005777
Hostname=nid005777   , Rank=0    ,Local=0   ,RPN=4   ,CPUs=0-71     ,GPU=0 ,NIC=cxi0 ,numa_nodes=0     ,first_numa=0  ,other_nodes=     
Hostname=nid005777   , Rank=3    ,Local=3   ,RPN=4   ,CPUs=216-287  ,GPU=3 ,NIC=cxi3 ,numa_nodes=3     ,first_numa=3  ,other_nodes=     
LandauDampingPIF{0}> Landau damping
LandauDampingPIF{0}> nt 10 Np= 134217728 Fourier modes = ( 256 , 256 , 256 )
LandauDampingPIF{0}> particles created and initial conditions assigned 
LandauDampingPIF{0}> After init shape function 
LandauDampingPIF{0}> After init NUFFT 
LandauDampingPIF{0}> After update 
[Scatter] Auto-select: OutputFocused (tp=1350.0 Mpts/s) for w=5 rho=1.00 (was Atomic)
[Scatter] Cache hit: method=OutputFocused w=5 cx=1 rho=1.00 -> tile=(3,3,7) team=64 osub=1 zb=32 tp=1350.0 Mpts/s (rho_csv=1.25)
LandauDampingPIF{0}> After scatter 
LandauDampingPIF{0}> After gather 
LandauDampingPIF{0}> Starting iterations ...
LandauDampingPIF{0}> Finished time step: -2 time: 0.0122718
LandauDampingPIF{0}> Finished time step: -1 time: 0.0245437
LandauDampingPIF{0}> Finished time step: 0 time: 0.0368155
LandauDampingPIF{0}> Finished time step: 1 time: 0.0490874
LandauDampingPIF{0}> Finished time step: 2 time: 0.0613592
LandauDampingPIF{0}> Finished time step: 3 time: 0.0736311
LandauDampingPIF{0}> Finished time step: 4 time: 0.0859029
LandauDampingPIF{0}> Finished time step: 5 time: 0.0981748
LandauDampingPIF{0}> Finished time step: 6 time: 0.110447
LandauDampingPIF{0}> Finished time step: 7 time: 0.122718
LandauDampingPIF{0}> Finished time step: 8 time: 0.13499
LandauDampingPIF{0}> Finished time step: 9 time: 0.147262
LandauDampingPIF{0}> Finished time step: 10 time: 0.159534
LandauDampingPIF{0}> LandauDamping: End.
Timings{0}> ---------------------------------------------
Timings{0}>      Timing results for 4 rank(s):
Timings{0}> ---------------------------------------------
Timings{0}> mainTimer........... Wall tot =    1.53612
Timings{0}> 
Timings{0}> particlesCreation... Wall max =          0
Timings{0}>                      Wall avg =          0
Timings{0}>                      Wall min =          0
Timings{0}> 
Timings{0}> dumpData............ Wall max =  0.0754526
Timings{0}>                      Wall avg =  0.0701248
Timings{0}>                      Wall min =  0.0662971
Timings{0}> 
Timings{0}> kick................ Wall max = 0.000461615
Timings{0}>                      Wall avg = 0.000381546
Timings{0}>                      Wall min = 0.000349587
Timings{0}> 
Timings{0}> drift............... Wall max = 6.5695e-05
Timings{0}>                      Wall avg = 5.9527e-05
Timings{0}>                      Wall min = 5.5423e-05
Timings{0}> 
Timings{0}> particleBC.......... Wall max = 9.6799e-05
Timings{0}>                      Wall avg = 9.2503e-05
Timings{0}>                      Wall min = 8.7583e-05
Timings{0}> 
Timings{0}> initializeShapeFunc. Wall max =          0
Timings{0}>                      Wall avg =          0
Timings{0}>                      Wall min =          0
Timings{0}> 
Timings{0}> findInternal........ Wall max =          0
Timings{0}>                      Wall avg =          0
Timings{0}>                      Wall min =          0
Timings{0}> 
Timings{0}> findPeriodic........ Wall max =          0
Timings{0}>                      Wall avg =          0
Timings{0}>                      Wall min =          0
Timings{0}> 
Timings{0}> NativeNUFFT::init... Wall max =          0
Timings{0}>                      Wall avg =          0
Timings{0}>                      Wall min =          0
Timings{0}> 
Timings{0}> updateParticle...... Wall max =  0.0535085
Timings{0}>                      Wall avg =  0.0533778
Timings{0}>                      Wall min =  0.0532374
Timings{0}> 
Timings{0}> locateParticles..... Wall max =  0.0337233
Timings{0}>                      Wall avg =  0.0337061
Timings{0}>                      Wall min =  0.0336597
Timings{0}> 
Timings{0}> sendPreprocess...... Wall max = 0.000752229
Timings{0}>                      Wall avg = 0.000741428
Timings{0}>                      Wall min = 0.000721637
Timings{0}> 
Timings{0}> particleSend........ Wall max =    0.00251
Timings{0}>                      Wall avg = 0.00249143
Timings{0}>                      Wall min = 0.00247979
Timings{0}> 
Timings{0}> particleRecv........ Wall max = 0.000125371
Timings{0}>                      Wall avg = 0.000115572
Timings{0}>                      Wall min = 0.00010998
Timings{0}> 
Timings{0}> particleDestroy..... Wall max =  0.0136133
Timings{0}>                      Wall avg =  0.0133795
Timings{0}>                      Wall min =  0.0131484
Timings{0}> 
Timings{0}> ScatterPIFNUFFT..... Wall max =   0.405227
Timings{0}>                      Wall avg =   0.403393
Timings{0}>                      Wall min =   0.401752
Timings{0}> 
Timings{0}> NativeNUFFT1........ Wall max =   0.363606
Timings{0}>                      Wall avg =   0.361372
Timings{0}>                      Wall min =   0.357944
Timings{0}> 
Timings{0}> scatterTimerNUFFT1.. Wall max =   0.197807
Timings{0}>                      Wall avg =   0.195486
Timings{0}>                      Wall min =     0.1934
Timings{0}> 
Timings{0}> binSort............. Wall max =   0.166762
Timings{0}>                      Wall avg =   0.165982
Timings{0}>                      Wall min =   0.164974
Timings{0}> 
Timings{0}> binComputeKeys...... Wall max =  0.0162619
Timings{0}>                      Wall avg =  0.0160947
Timings{0}>                      Wall min =  0.0159684
Timings{0}> 
Timings{0}> binSortByKey........ Wall max =   0.142602
Timings{0}>                      Wall avg =   0.141984
Timings{0}>                      Wall min =   0.141224
Timings{0}> 
Timings{0}> binComputeOffsets... Wall max = 0.00788505
Timings{0}>                      Wall avg =  0.0077838
Timings{0}>                      Wall min = 0.00764013
Timings{0}> 
Timings{0}> FFTNUFFT1........... Wall max =   0.154632
Timings{0}>                      Wall avg =    0.15378
Timings{0}>                      Wall min =   0.153077
Timings{0}> 
Timings{0}> deconvolutionNUFFT1. Wall max =  0.0130043
Timings{0}>                      Wall avg =  0.0120719
Timings{0}>                      Wall min =  0.0111316
Timings{0}> 
Timings{0}> GatherPIFNUFFT...... Wall max =   0.957928
Timings{0}>                      Wall avg =   0.947821
Timings{0}>                      Wall min =    0.93568
Timings{0}> 
Timings{0}> NativeNUFFT2........ Wall max =    0.91021
Timings{0}>                      Wall avg =   0.907768
Timings{0}>                      Wall min =   0.906317
Timings{0}> 
Timings{0}> PrecorrectionNUFFT2. Wall max =  0.0670783
Timings{0}>                      Wall avg =  0.0668001
Timings{0}>                      Wall min =  0.0665865
Timings{0}> 
Timings{0}> FFTNUFFT2........... Wall max =   0.459317
Timings{0}>                      Wall avg =   0.457342
Timings{0}>                      Wall min =   0.454789
Timings{0}> 
Timings{0}> GatherNUFFT2........ Wall max =   0.189257
Timings{0}>                      Wall avg =   0.186899
Timings{0}>                      Wall min =   0.183123
Timings{0}> 
Timings{0}> ---------------------------------------------
Timings{0}>      Measurement counts:
Timings{0}> ---------------------------------------------
Timings{0}> mainTimer........... Count =          1
Timings{0}> particlesCreation... Count =          0
Timings{0}> dumpData............ Count =         10
Timings{0}> kick................ Count =         20
Timings{0}> drift............... Count =         10
Timings{0}> particleBC.......... Count =         10
Timings{0}> initializeShapeFunc. Count =          0
Timings{0}> findInternal........ Count =          0
Timings{0}> findPeriodic........ Count =          0
Timings{0}> NativeNUFFT::init... Count =          0
Timings{0}> updateParticle...... Count =         10
Timings{0}> locateParticles..... Count =         10
Timings{0}> sendPreprocess...... Count =         10
Timings{0}> particleSend........ Count =         10
Timings{0}> particleRecv........ Count =         10
Timings{0}> particleDestroy..... Count =         10
Timings{0}> ScatterPIFNUFFT..... Count =         20
Timings{0}> NativeNUFFT1........ Count =         10
Timings{0}> scatterTimerNUFFT1.. Count =         10
Timings{0}> binSort............. Count =         40
Timings{0}> binComputeKeys...... Count =         40
Timings{0}> binSortByKey........ Count =         40
Timings{0}> binComputeOffsets... Count =         40
Timings{0}> FFTNUFFT1........... Count =         10
Timings{0}> deconvolutionNUFFT1. Count =         10
Timings{0}> GatherPIFNUFFT...... Count =         10
Timings{0}> NativeNUFFT2........ Count =         30
Timings{0}> PrecorrectionNUFFT2. Count =         30
Timings{0}> FFTNUFFT2........... Count =         30
Timings{0}> GatherNUFFT2........ Count =         30
Timings{0}> ---------------------------------------------
Timings{0}> ---------------------------------------------
Timings{0}>      Per-occurrence statistics:
Timings{0}> ---------------------------------------------
Timings{0}> mainTimer........... n=    1  mean=   1.53612  std=         0  min=   1.53612  max=   1.53612
Timings{0}> dumpData............ n=   10  mean=0.00712523  std= 0.0006566  min=0.00613675  max=0.00813345
Timings{0}> kick................ n=   20  mean=2.30807e-05  std=1.35826e-05  min= 7.744e-06  max=3.9806e-05
Timings{0}> drift............... n=   10  mean=5.6959e-06  std=5.1998e-07  min= 5.056e-06  max=  6.72e-06
Timings{0}> particleBC.......... n=   10  mean=9.6799e-06  std=9.95808e-07  min= 8.096e-06  max=1.1584e-05
Timings{0}> updateParticle...... n=   10  mean=0.00532374  std=1.5306e-05  min=0.00530574  max=0.00534936
Timings{0}> locateParticles..... n=   10  mean=0.00337208  std=6.81945e-06  min=0.00336184  max=0.00338709
Timings{0}> sendPreprocess...... n=   10  mean=7.21637e-05  std=3.69794e-06  min=6.8317e-05  max=7.8045e-05
Timings{0}> particleSend........ n=   10  mean=0.000248014  std=5.88849e-06  min=0.000234809  max=0.000255128
Timings{0}> particleRecv........ n=   10  mean=1.25371e-05  std=3.79968e-06  min= 7.136e-06  max=1.7311e-05
Timings{0}> particleDestroy..... n=   10  mean=0.00131484  std=6.01731e-06  min=0.00130028  max=0.00132277
Timings{0}> ScatterPIFNUFFT..... n=   20  mean= 0.0201846  std=   0.02071  min=1.6191e-05  max= 0.0434494
Timings{0}> NativeNUFFT1........ n=   10  mean= 0.0363606  std=0.00205958  min= 0.0350168  max= 0.0409432
Timings{0}> scatterTimerNUFFT1.. n=   10  mean= 0.0197807  std=0.000803613  min=  0.019248  max= 0.0212919
Timings{0}> binSort............. n=   40  mean=0.00416703  std=3.12516e-05  min=0.00411394  max=0.00421567
Timings{0}> binComputeKeys...... n=   40  mean=0.000406546  std=1.19048e-05  min=0.000380371  max=0.00042021
Timings{0}> binSortByKey........ n=   40  mean= 0.0035607  std=2.14899e-05  min=0.00351307  max=0.00359758
Timings{0}> binComputeOffsets... n=   40  mean=0.000196334  std=5.58381e-06  min=0.000183418  max=0.000216665
Timings{0}> FFTNUFFT1........... n=   10  mean= 0.0154632  std=0.00151217  min= 0.0143381  max= 0.0183261
Timings{0}> deconvolutionNUFFT1. n=   10  mean=0.00111316  std=0.000165704  min=0.000969312  max=0.00132149
Timings{0}> GatherPIFNUFFT...... n=   10  mean=  0.095583  std=0.00225167  min= 0.0945832  max=  0.101955
Timings{0}> NativeNUFFT2........ n=   30  mean= 0.0302556  std=0.00142315  min= 0.0289527  max= 0.0337281
Timings{0}> PrecorrectionNUFFT2. n=   30  mean=0.00223028  std=0.00045451  min=0.00157035  max=0.00255918
Timings{0}> FFTNUFFT2........... n=   30  mean= 0.0153106  std= 0.0013121  min= 0.0144202  max=   0.01932
Timings{0}> GatherNUFFT2........ n=   30  mean=0.00629543  std=6.58189e-05  min=0.00612719  max=0.00637335
Timings{0}> ---------------------------------------------
