Hostname=nid005777   , Rank=1    ,Local=1   ,RPN=4   ,CPUs=72-143   ,GPU=1 ,NIC=cxi1 ,numa_nodes=1     ,first_numa=1  ,other_nodes=     
Hostname=nid005777   , Rank=2    ,Local=2   ,RPN=4   ,CPUs=144-215  ,GPU=2 ,NIC=cxi2 ,numa_nodes=2     ,first_numa=2  ,other_nodes=     
Slurm Job Hostlist: nid005777
Hostname=nid005777   , Rank=3    ,Local=3   ,RPN=4   ,CPUs=216-287  ,GPU=3 ,NIC=cxi3 ,numa_nodes=3     ,first_numa=3  ,other_nodes=     
Hostname=nid005777   , Rank=0    ,Local=0   ,RPN=4   ,CPUs=0-71     ,GPU=0 ,NIC=cxi0 ,numa_nodes=0     ,first_numa=0  ,other_nodes=     
LandauDampingPIF{0}> Landau damping
LandauDampingPIF{0}> nt 10 Np= 134217728 Fourier modes = ( 256 , 256 , 256 )
LandauDampingPIF{0}> particles created and initial conditions assigned 
LandauDampingPIF{0}> After init shape function 
LandauDampingPIF{0}> After init NUFFT 
LandauDampingPIF{0}> After update 
[Scatter] Auto-select: OutputFocused (tp=1350.0 Mpts/s) for w=5 rho=1.00 (was Atomic)
[Scatter] Cache hit: method=OutputFocused w=5 cx=1 rho=1.00 -> tile=(3,3,7) team=64 osub=1 zb=32 tp=1350.0 Mpts/s (rho_csv=1.25)
LandauDampingPIF{0}> After scatter 
LandauDampingPIF{0}> After gather 
LandauDampingPIF{0}> Starting iterations ...
LandauDampingPIF{0}> Finished time step: -2 time: 0.0122718
LandauDampingPIF{0}> Finished time step: -1 time: 0.0245437
LandauDampingPIF{0}> Finished time step: 0 time: 0.0368155
LandauDampingPIF{0}> Finished time step: 1 time: 0.0490874
LandauDampingPIF{0}> Finished time step: 2 time: 0.0613592
LandauDampingPIF{0}> Finished time step: 3 time: 0.0736311
LandauDampingPIF{0}> Finished time step: 4 time: 0.0859029
LandauDampingPIF{0}> Finished time step: 5 time: 0.0981748
LandauDampingPIF{0}> Finished time step: 6 time: 0.110447
LandauDampingPIF{0}> Finished time step: 7 time: 0.122718
LandauDampingPIF{0}> Finished time step: 8 time: 0.13499
LandauDampingPIF{0}> Finished time step: 9 time: 0.147262
LandauDampingPIF{0}> Finished time step: 10 time: 0.159534
LandauDampingPIF{0}> LandauDamping: End.
Timings{0}> ---------------------------------------------
Timings{0}>      Timing results for 4 rank(s):
Timings{0}> ---------------------------------------------
Timings{0}> mainTimer........... Wall tot =    1.92345
Timings{0}> 
Timings{0}> particlesCreation... Wall max =          0
Timings{0}>                      Wall avg =          0
Timings{0}>                      Wall min =          0
Timings{0}> 
Timings{0}> dumpData............ Wall max =  0.0342289
Timings{0}>                      Wall avg =  0.0324098
Timings{0}>                      Wall min =  0.0305247
Timings{0}> 
Timings{0}> kick................ Wall max = 0.000451634
Timings{0}>                      Wall avg = 0.000415697
Timings{0}>                      Wall min = 0.00040264
Timings{0}> 
Timings{0}> drift............... Wall max = 8.1919e-05
Timings{0}>                      Wall avg = 7.4895e-05
Timings{0}>                      Wall min = 6.8671e-05
Timings{0}> 
Timings{0}> initializeShapeFunc. Wall max =          0
Timings{0}>                      Wall avg =          0
Timings{0}>                      Wall min =          0
Timings{0}> 
Timings{0}> findInternal........ Wall max =          0
Timings{0}>                      Wall avg =          0
Timings{0}>                      Wall min =          0
Timings{0}> 
Timings{0}> findPeriodic........ Wall max =          0
Timings{0}>                      Wall avg =          0
Timings{0}>                      Wall min =          0
Timings{0}> 
Timings{0}> NativeNUFFT::init... Wall max =          0
Timings{0}>                      Wall avg =          0
Timings{0}>                      Wall min =          0
Timings{0}> 
Timings{0}> particleBC.......... Wall max = 8.9628e-05
Timings{0}>                      Wall avg = 8.4804e-05
Timings{0}>                      Wall min = 8.1404e-05
Timings{0}> 
Timings{0}> updateParticle...... Wall max =  0.0536189
Timings{0}>                      Wall avg =  0.0535144
Timings{0}>                      Wall min =   0.053382
Timings{0}> 
Timings{0}> locateParticles..... Wall max =  0.0339667
Timings{0}>                      Wall avg =  0.0339616
Timings{0}>                      Wall min =  0.0339574
Timings{0}> 
Timings{0}> sendPreprocess...... Wall max = 0.000791685
Timings{0}>                      Wall avg = 0.000775637
Timings{0}>                      Wall min = 0.00075751
Timings{0}> 
Timings{0}> particleSend........ Wall max =  0.0023851
Timings{0}>                      Wall avg = 0.00238075
Timings{0}>                      Wall min = 0.00236971
Timings{0}> 
Timings{0}> particleRecv........ Wall max = 8.7068e-05
Timings{0}>                      Wall avg = 8.4789e-05
Timings{0}>                      Wall min = 8.1885e-05
Timings{0}> 
Timings{0}> particleDestroy..... Wall max =  0.0135877
Timings{0}>                      Wall avg =  0.0133659
Timings{0}>                      Wall min =  0.0131589
Timings{0}> 
Timings{0}> ScatterPIFNUFFT..... Wall max =   0.509995
Timings{0}>                      Wall avg =   0.508612
Timings{0}>                      Wall min =   0.506872
Timings{0}> 
Timings{0}> NativeNUFFT1........ Wall max =   0.497477
Timings{0}>                      Wall avg =   0.496148
Timings{0}>                      Wall min =    0.49446
Timings{0}> 
Timings{0}> scatterTimerNUFFT1.. Wall max =   0.193487
Timings{0}>                      Wall avg =   0.192903
Timings{0}>                      Wall min =   0.192338
Timings{0}> 
Timings{0}> binSort............. Wall max =   0.166829
Timings{0}>                      Wall avg =    0.16615
Timings{0}>                      Wall min =   0.164686
Timings{0}> 
Timings{0}> binComputeKeys...... Wall max =  0.0161003
Timings{0}>                      Wall avg =   0.016006
Timings{0}>                      Wall min =  0.0159364
Timings{0}> 
Timings{0}> binSortByKey........ Wall max =   0.142539
Timings{0}>                      Wall avg =    0.14201
Timings{0}>                      Wall min =   0.140892
Timings{0}> 
Timings{0}> binComputeOffsets... Wall max = 0.00812123
Timings{0}>                      Wall avg = 0.00797682
Timings{0}>                      Wall min = 0.00774505
Timings{0}> 
Timings{0}> FFTNUFFT1........... Wall max =   0.301158
Timings{0}>                      Wall avg =   0.299293
Timings{0}>                      Wall min =   0.297051
Timings{0}> 
Timings{0}> TwiddleAdd.......... Wall max = 0.000511373
Timings{0}>                      Wall avg = 0.000441961
Timings{0}>                      Wall min = 0.000366034
Timings{0}> 
Timings{0}> subFFTs............. Wall max =   0.300244
Timings{0}>                      Wall avg =   0.298452
Timings{0}>                      Wall min =   0.296314
Timings{0}> 
Timings{0}> deconvolutionNUFFT1. Wall max = 0.00395251
Timings{0}>                      Wall avg = 0.00393026
Timings{0}>                      Wall min = 0.00390531
Timings{0}> 
Timings{0}> GatherPIFNUFFT...... Wall max =    1.30468
Timings{0}>                      Wall avg =    1.30256
Timings{0}>                      Wall min =    1.30119
Timings{0}> 
Timings{0}> NativeNUFFT2........ Wall max =    1.29297
Timings{0}>                      Wall avg =    1.29166
Timings{0}>                      Wall min =    1.28968
Timings{0}> 
Timings{0}> PrecorrectionNUFFT2. Wall max =  0.0365149
Timings{0}>                      Wall avg =   0.036449
Timings{0}>                      Wall min =  0.0363339
Timings{0}> 
Timings{0}> FFTNUFFT2........... Wall max =   0.887711
Timings{0}>                      Wall avg =   0.885148
Timings{0}>                      Wall min =   0.883058
Timings{0}> 
Timings{0}> subIFFTs............ Wall max =   0.879976
Timings{0}>                      Wall avg =   0.877602
Timings{0}>                      Wall min =   0.875577
Timings{0}> 
Timings{0}> StridedWrite........ Wall max = 0.00183091
Timings{0}>                      Wall avg = 0.00142102
Timings{0}>                      Wall min = 0.00111174
Timings{0}> 
Timings{0}> GatherNUFFT2........ Wall max =   0.187806
Timings{0}>                      Wall avg =   0.186028
Timings{0}>                      Wall min =   0.183511
Timings{0}> 
Timings{0}> ---------------------------------------------
Timings{0}>      Measurement counts:
Timings{0}> ---------------------------------------------
Timings{0}> mainTimer........... Count =          1
Timings{0}> particlesCreation... Count =          0
Timings{0}> dumpData............ Count =         10
Timings{0}> kick................ Count =         20
Timings{0}> drift............... Count =         10
Timings{0}> initializeShapeFunc. Count =          0
Timings{0}> findInternal........ Count =          0
Timings{0}> findPeriodic........ Count =          0
Timings{0}> NativeNUFFT::init... Count =          0
Timings{0}> particleBC.......... Count =         10
Timings{0}> updateParticle...... Count =         10
Timings{0}> locateParticles..... Count =         10
Timings{0}> sendPreprocess...... Count =         10
Timings{0}> particleSend........ Count =         10
Timings{0}> particleRecv........ Count =         10
Timings{0}> particleDestroy..... Count =         10
Timings{0}> ScatterPIFNUFFT..... Count =         20
Timings{0}> NativeNUFFT1........ Count =         10
Timings{0}> scatterTimerNUFFT1.. Count =         10
Timings{0}> binSort............. Count =         40
Timings{0}> binComputeKeys...... Count =         40
Timings{0}> binSortByKey........ Count =         40
Timings{0}> binComputeOffsets... Count =         40
Timings{0}> FFTNUFFT1........... Count =         10
Timings{0}> TwiddleAdd.......... Count =         20
Timings{0}> subFFTs............. Count =         20
Timings{0}> deconvolutionNUFFT1. Count =         10
Timings{0}> GatherPIFNUFFT...... Count =         10
Timings{0}> NativeNUFFT2........ Count =         30
Timings{0}> PrecorrectionNUFFT2. Count =         30
Timings{0}> FFTNUFFT2........... Count =         30
Timings{0}> subIFFTs............ Count =         60
Timings{0}> StridedWrite........ Count =         60
Timings{0}> GatherNUFFT2........ Count =         30
Timings{0}> ---------------------------------------------
Timings{0}> ---------------------------------------------
Timings{0}>      Per-occurrence statistics:
Timings{0}> ---------------------------------------------
Timings{0}> mainTimer........... n=    1  mean=   1.92343  std=         0  min=   1.92343  max=   1.92343
Timings{0}> dumpData............ n=   10  mean=0.00336099  std=8.51197e-05  min=0.00321957  max=0.00346593
Timings{0}> kick................ n=   20  mean=2.25817e-05  std=1.44121e-05  min= 6.112e-06  max=4.0159e-05
Timings{0}> drift............... n=   10  mean=6.8671e-06  std=8.40664e-07  min= 5.536e-06  max=  8.48e-06
Timings{0}> particleBC.......... n=   10  mean=8.6012e-06  std=8.83809e-07  min= 7.328e-06  max= 9.504e-06
Timings{0}> updateParticle...... n=   10  mean= 0.0053382  std=1.77825e-05  min=0.00532072  max=0.00537345
Timings{0}> locateParticles..... n=   10  mean=0.00339667  std=9.0599e-06  min=0.00338696  max=0.00341592
Timings{0}> sendPreprocess...... n=   10  mean=7.5751e-05  std=4.80269e-06  min=6.9917e-05  max=8.6045e-05
Timings{0}> particleSend........ n=   10  mean=0.000238411  std=7.94261e-06  min=0.000227641  max=0.000256567
Timings{0}> particleRecv........ n=   10  mean=8.7068e-06  std=1.45346e-06  min= 6.848e-06  max=1.0336e-05
Timings{0}> particleDestroy..... n=   10  mean=0.00131589  std=9.66961e-06  min=0.00130482  max=0.00133896
Timings{0}> ScatterPIFNUFFT..... n=   20  mean=  0.025409  std= 0.0260763  min= 1.136e-05  max= 0.0545077
Timings{0}> NativeNUFFT1........ n=   10  mean= 0.0495743  std=0.00178886  min= 0.0483867  max= 0.0532693
Timings{0}> scatterTimerNUFFT1.. n=   10  mean= 0.0193053  std=4.95914e-05  min= 0.0192109  max= 0.0193555
Timings{0}> binSort............. n=   40  mean=0.00416714  std=2.53203e-05  min=0.00410722  max=0.00421778
Timings{0}> binComputeKeys...... n=   40  mean=0.000399915  std=7.48067e-06  min=0.000387411  max=0.000416978
Timings{0}> binSortByKey........ n=   40  mean=0.00356073  std=1.73174e-05  min=0.00351646  max=0.00359373
Timings{0}> binComputeOffsets... n=   40  mean=0.000201818  std=3.69468e-06  min=0.000192313  max=0.000212569
Timings{0}> FFTNUFFT1........... n=   10  mean= 0.0298738  std=0.00179936  min= 0.0287544  max= 0.0336517
Timings{0}> TwiddleAdd.......... n=   20  mean=1.9793e-05  std=4.46583e-06  min=1.4464e-05  max=2.8991e-05
Timings{0}> subFFTs............. n=   20  mean= 0.0148966  std=0.00131887  min= 0.0141798  max= 0.0193944
Timings{0}> deconvolutionNUFFT1. n=   10  mean=0.000393123  std=1.95717e-06  min=0.000388179  max=0.000394515
Timings{0}> GatherPIFNUFFT...... n=   10  mean=  0.130164  std=0.000844582  min=  0.128248  max=  0.130823
Timings{0}> NativeNUFFT2........ n=   30  mean= 0.0429894  std=0.00102101  min= 0.0408051  max= 0.0456405
Timings{0}> PrecorrectionNUFFT2. n=   30  mean=0.00121489  std=  0.000453  min=0.000576461  max=0.00154388
Timings{0}> FFTNUFFT2........... n=   30  mean= 0.0294353  std=0.000816222  min= 0.0276125  max= 0.0318297
Timings{0}> subIFFTs............ n=   60  mean=  0.014593  std=0.000554729  min= 0.0133762  max= 0.0166107
Timings{0}> StridedWrite........ n=   60  mean=2.0337e-05  std=5.0893e-06  min= 1.376e-05  max=3.4687e-05
Timings{0}> GatherNUFFT2........ n=   30  mean=0.00619495  std=0.000124601  min=0.00605263  max=0.00657818
Timings{0}> ---------------------------------------------
