LandauDampingPIF{0}> Landau damping
LandauDampingPIF{0}> nt 10 Np= 8589934592 Fourier modes = ( 1024 , 1024 , 1024 )
LandauDampingPIF{0}> particles created and initial conditions assigned 
LandauDampingPIF{0}> After init shape function 
LandauDampingPIF{0}> After init NUFFT 
LandauDampingPIF{0}> After update 
[Scatter] Auto-select: OutputFocused (tp=196.1 Mpts/s) for w=9 rho=1.14 (was Atomic)
[Scatter] Cache hit: method=OutputFocused w=9 cx=1 rho=1.14 -> tile=(2,3,3) team=256 osub=1 zb=26 tp=196.1 Mpts/s (rho_csv=1.25)
LandauDampingPIF{0}> After scatter 
LandauDampingPIF{0}> After gather 
LandauDampingPIF{0}> Starting iterations ...
LandauDampingPIF{0}> Finished time step: -2 time: 0.0122718
LandauDampingPIF{0}> Finished time step: -1 time: 0.0245437
LandauDampingPIF{0}> Finished time step: 0 time: 0.0368155
LandauDampingPIF{0}> Finished time step: 1 time: 0.0490874
LandauDampingPIF{0}> Finished time step: 2 time: 0.0613592
LandauDampingPIF{0}> Finished time step: 3 time: 0.0736311
LandauDampingPIF{0}> Finished time step: 4 time: 0.0859029
LandauDampingPIF{0}> Finished time step: 5 time: 0.0981748
LandauDampingPIF{0}> Finished time step: 6 time: 0.110447
LandauDampingPIF{0}> Finished time step: 7 time: 0.122718
LandauDampingPIF{0}> Finished time step: 8 time: 0.13499
LandauDampingPIF{0}> Finished time step: 9 time: 0.147262
LandauDampingPIF{0}> Finished time step: 10 time: 0.159534
LandauDampingPIF{0}> LandauDamping: End.
Timings{0}> ---------------------------------------------
Timings{0}>      Timing results for 512 rank(s):
Timings{0}> ---------------------------------------------
Timings{0}> mainTimer........... Wall tot =    12.4277
Timings{0}> 
Timings{0}> particlesCreation... Wall max =          0
Timings{0}>                      Wall avg =          0
Timings{0}>                      Wall min =          0
Timings{0}> 
Timings{0}> dumpData............ Wall max =    0.15617
Timings{0}>                      Wall avg =   0.110774
Timings{0}>                      Wall min =  0.0634245
Timings{0}> 
Timings{0}> kick................ Wall max =  0.0207428
Timings{0}>                      Wall avg =   0.018064
Timings{0}>                      Wall min =  0.0157555
Timings{0}> 
Timings{0}> drift............... Wall max =  0.0102488
Timings{0}>                      Wall avg = 0.00897532
Timings{0}>                      Wall min = 0.00783928
Timings{0}> 
Timings{0}> particleBC.......... Wall max =  0.0224112
Timings{0}>                      Wall avg =  0.0181784
Timings{0}>                      Wall min =   0.015849
Timings{0}> 
Timings{0}> initializeShapeFunc. Wall max =          0
Timings{0}>                      Wall avg =          0
Timings{0}>                      Wall min =          0
Timings{0}> 
Timings{0}> findInternal........ Wall max =          0
Timings{0}>                      Wall avg =          0
Timings{0}>                      Wall min =          0
Timings{0}> 
Timings{0}> findPeriodic........ Wall max =          0
Timings{0}>                      Wall avg =          0
Timings{0}>                      Wall min =          0
Timings{0}> 
Timings{0}> NativeNUFFT::init... Wall max =          0
Timings{0}>                      Wall avg =          0
Timings{0}>                      Wall min =          0
Timings{0}> 
Timings{0}> updateParticle...... Wall max =   0.160996
Timings{0}>                      Wall avg =   0.130416
Timings{0}>                      Wall min =   0.106052
Timings{0}> 
Timings{0}> locateParticles..... Wall max =  0.0154672
Timings{0}>                      Wall avg =    0.01122
Timings{0}>                      Wall min =   0.010068
Timings{0}> 
Timings{0}> sendPreprocess...... Wall max =   0.022857
Timings{0}>                      Wall avg =  0.0170493
Timings{0}>                      Wall min = 0.00967493
Timings{0}> 
Timings{0}> particleSend........ Wall max =  0.0356827
Timings{0}>                      Wall avg =  0.0165449
Timings{0}>                      Wall min =   0.013806
Timings{0}> 
Timings{0}> particleRecv........ Wall max =   0.011245
Timings{0}>                      Wall avg =  0.0025776
Timings{0}>                      Wall min = 0.000867669
Timings{0}> 
Timings{0}> particleDestroy..... Wall max =  0.0424253
Timings{0}>                      Wall avg =  0.0358614
Timings{0}>                      Wall min =  0.0316972
Timings{0}> 
Timings{0}> ScatterPIFNUFFT..... Wall max =    3.38202
Timings{0}>                      Wall avg =    3.33473
Timings{0}>                      Wall min =    3.25852
Timings{0}> 
Timings{0}> NativeNUFFT1........ Wall max =      3.353
Timings{0}>                      Wall avg =     3.3074
Timings{0}>                      Wall min =    3.23195
Timings{0}> 
Timings{0}> scatterTimerNUFFT1.. Wall max =   0.864987
Timings{0}>                      Wall avg =   0.820195
Timings{0}>                      Wall min =   0.769538
Timings{0}> 
Timings{0}> binSort............. Wall max =   0.213758
Timings{0}>                      Wall avg =   0.188138
Timings{0}>                      Wall min =   0.165362
Timings{0}> 
Timings{0}> binComputeKeys...... Wall max =  0.0252857
Timings{0}>                      Wall avg =  0.0202216
Timings{0}>                      Wall min =  0.0176778
Timings{0}> 
Timings{0}> binSortByKey........ Wall max =   0.183216
Timings{0}>                      Wall avg =   0.161563
Timings{0}>                      Wall min =   0.141786
Timings{0}> 
Timings{0}> binComputeOffsets... Wall max = 0.00654476
Timings{0}>                      Wall avg = 0.00595073
Timings{0}>                      Wall min = 0.00542725
Timings{0}> 
Timings{0}> FFTNUFFT1........... Wall max =    2.54294
Timings{0}>                      Wall avg =    2.48441
Timings{0}>                      Wall min =    2.42034
Timings{0}> 
Timings{0}> deconvolutionNUFFT1. Wall max = 0.00425645
Timings{0}>                      Wall avg = 0.00266793
Timings{0}>                      Wall min =  0.0024052
Timings{0}> 
Timings{0}> GatherPIFNUFFT...... Wall max =    8.85084
Timings{0}>                      Wall avg =     8.7782
Timings{0}>                      Wall min =    8.72734
Timings{0}> 
Timings{0}> NativeNUFFT2........ Wall max =    8.77404
Timings{0}>                      Wall avg =    8.69902
Timings{0}>                      Wall min =    8.65471
Timings{0}> 
Timings{0}> PrecorrectionNUFFT2. Wall max =  0.0193083
Timings{0}>                      Wall avg =   0.014767
Timings{0}>                      Wall min =   0.014037
Timings{0}> 
Timings{0}> FFTNUFFT2........... Wall max =    7.58524
Timings{0}>                      Wall avg =    7.47155
Timings{0}>                      Wall min =    7.34102
Timings{0}> 
Timings{0}> GatherNUFFT2........ Wall max =    1.36808
Timings{0}>                      Wall avg =    1.21207
Timings{0}>                      Wall min =    1.05728
Timings{0}> 
Timings{0}> ---------------------------------------------
Timings{0}>      Measurement counts:
Timings{0}> ---------------------------------------------
Timings{0}> mainTimer........... Count =          1
Timings{0}> particlesCreation... Count =          0
Timings{0}> dumpData............ Count =         10
Timings{0}> kick................ Count =         20
Timings{0}> drift............... Count =         10
Timings{0}> particleBC.......... Count =         10
Timings{0}> initializeShapeFunc. Count =          0
Timings{0}> findInternal........ Count =          0
Timings{0}> findPeriodic........ Count =          0
Timings{0}> NativeNUFFT::init... Count =          0
Timings{0}> updateParticle...... Count =         10
Timings{0}> locateParticles..... Count =         10
Timings{0}> sendPreprocess...... Count =         10
Timings{0}> particleSend........ Count =         10
Timings{0}> particleRecv........ Count =         10
Timings{0}> particleDestroy..... Count =         10
Timings{0}> ScatterPIFNUFFT..... Count =         20
Timings{0}> NativeNUFFT1........ Count =         10
Timings{0}> scatterTimerNUFFT1.. Count =         10
Timings{0}> binSort............. Count =         40
Timings{0}> binComputeKeys...... Count =         40
Timings{0}> binSortByKey........ Count =         40
Timings{0}> binComputeOffsets... Count =         40
Timings{0}> FFTNUFFT1........... Count =         10
Timings{0}> deconvolutionNUFFT1. Count =         10
Timings{0}> GatherPIFNUFFT...... Count =         10
Timings{0}> NativeNUFFT2........ Count =         30
Timings{0}> PrecorrectionNUFFT2. Count =         30
Timings{0}> FFTNUFFT2........... Count =         30
Timings{0}> GatherNUFFT2........ Count =         30
Timings{0}> ---------------------------------------------
Timings{0}> ---------------------------------------------
Timings{0}>      Per-occurrence statistics:
Timings{0}> ---------------------------------------------
Timings{0}> mainTimer........... n=    1  mean=   12.4277  std=         0  min=   12.4277  max=   12.4277
Timings{0}> dumpData............ n=   10  mean= 0.0068675  std=0.00351147  min=0.00504133  max= 0.0166053
Timings{0}> kick................ n=   20  mean=0.00103645  std=1.60219e-05  min=0.00100756  max=0.00105999
Timings{0}> drift............... n=   10  mean=0.00102074  std=1.57805e-06  min=0.00101889  max=0.00102348
Timings{0}> particleBC.......... n=   10  mean=0.00206498  std=2.73129e-06  min=0.00206089  max=0.00206951
Timings{0}> updateParticle...... n=   10  mean= 0.0151319  std=0.00260029  min= 0.0123355  max= 0.0206263
Timings{0}> locateParticles..... n=   10  mean=0.00112716  std=1.77289e-05  min=0.00110779  max=0.00116892
Timings{0}> sendPreprocess...... n=   10  mean=0.00117681  std=0.00128725  min=0.000570324  max=0.00471804
Timings{0}> particleSend........ n=   10  mean=0.00270121  std=0.00156564  min=0.00136028  max=0.00500504
Timings{0}> particleRecv........ n=   10  mean=0.00023473  std=0.000219108  min= 8.529e-05  max=0.000614324
Timings{0}> particleDestroy..... n=   10  mean=0.00353742  std=1.0689e-05  min=0.00352289  max=0.00355173
Timings{0}> ScatterPIFNUFFT..... n=   20  mean=  0.166691  std=  0.170443  min=0.000565075  max=  0.335679
Timings{0}> NativeNUFFT1........ n=   10  mean=  0.330654  std=0.00184133  min=  0.328463  max=  0.333356
Timings{0}> scatterTimerNUFFT1.. n=   10  mean= 0.0864987  std=0.00335943  min=  0.082853  max= 0.0920509
Timings{0}> binSort............. n=   40  mean=0.00534394  std=0.000109683  min=0.00529475  max=0.00601041
Timings{0}> binComputeKeys...... n=   40  mean=0.000590394  std=0.000105224  min=0.000567454  max=0.00123881
Timings{0}> binSortByKey........ n=   40  mean= 0.0045804  std=1.74821e-05  min=0.00454725  max=0.00461722
Timings{0}> binComputeOffsets... n=   40  mean=0.00016288  std=3.91852e-06  min=0.000158921  max=0.000174181
Timings{0}> FFTNUFFT1........... n=   10  mean=   0.24372  std=0.00199991  min=  0.239308  max=  0.245963
Timings{0}> deconvolutionNUFFT1. n=   10  mean=0.000422696  std=7.55414e-06  min=0.000418463  max=0.000443973
Timings{0}> GatherPIFNUFFT...... n=   10  mean=   0.87946  std=0.00281554  min=  0.876892  max=  0.884778
Timings{0}> NativeNUFFT2........ n=   30  mean=  0.290249  std=0.00187464  min=  0.287207  max=  0.295266
Timings{0}> PrecorrectionNUFFT2. n=   30  mean=0.000639524  std=8.69294e-06  min=0.000632134  max=0.000653645
Timings{0}> FFTNUFFT2........... n=   30  mean=  0.246782  std=0.00136814  min=  0.243302  max=  0.249835
Timings{0}> GatherNUFFT2........ n=   30  mean= 0.0428067  std=0.00167195  min= 0.0407861  max= 0.0478024
Timings{0}> ---------------------------------------------
