LandauDampingPIF{0}> Landau damping
LandauDampingPIF{0}> nt 10 Np= 8589934592 Fourier modes = ( 1024 , 1024 , 1024 )
LandauDampingPIF{0}> particles created and initial conditions assigned 
LandauDampingPIF{0}> After init shape function 
LandauDampingPIF{0}> After init NUFFT 
LandauDampingPIF{0}> After update 
[Scatter] Auto-select: OutputFocused (tp=196.1 Mpts/s) for w=9 rho=1.14 (was Atomic)
[Scatter] Cache hit: method=OutputFocused w=9 cx=1 rho=1.14 -> tile=(2,3,3) team=256 osub=1 zb=26 tp=196.1 Mpts/s (rho_csv=1.25)
LandauDampingPIF{0}> After scatter 
LandauDampingPIF{0}> After gather 
LandauDampingPIF{0}> Starting iterations ...
LandauDampingPIF{0}> Finished time step: -2 time: 0.0122718
LandauDampingPIF{0}> Finished time step: -1 time: 0.0245437
LandauDampingPIF{0}> Finished time step: 0 time: 0.0368155
LandauDampingPIF{0}> Finished time step: 1 time: 0.0490874
LandauDampingPIF{0}> Finished time step: 2 time: 0.0613592
LandauDampingPIF{0}> Finished time step: 3 time: 0.0736311
LandauDampingPIF{0}> Finished time step: 4 time: 0.0859029
LandauDampingPIF{0}> Finished time step: 5 time: 0.0981748
LandauDampingPIF{0}> Finished time step: 6 time: 0.110447
LandauDampingPIF{0}> Finished time step: 7 time: 0.122718
LandauDampingPIF{0}> Finished time step: 8 time: 0.13499
LandauDampingPIF{0}> Finished time step: 9 time: 0.147262
LandauDampingPIF{0}> Finished time step: 10 time: 0.159534
LandauDampingPIF{0}> LandauDamping: End.
Timings{0}> ---------------------------------------------
Timings{0}>      Timing results for 512 rank(s):
Timings{0}> ---------------------------------------------
Timings{0}> mainTimer........... Wall tot =    28.8467
Timings{0}> 
Timings{0}> particlesCreation... Wall max =          0
Timings{0}>                      Wall avg =          0
Timings{0}>                      Wall min =          0
Timings{0}> 
Timings{0}> dumpData............ Wall max =   0.214701
Timings{0}>                      Wall avg =   0.125798
Timings{0}>                      Wall min =  0.0414091
Timings{0}> 
Timings{0}> kick................ Wall max =  0.0202345
Timings{0}>                      Wall avg =   0.017754
Timings{0}>                      Wall min =  0.0155013
Timings{0}> 
Timings{0}> drift............... Wall max =   0.010042
Timings{0}>                      Wall avg = 0.00882368
Timings{0}>                      Wall min =  0.0077043
Timings{0}> 
Timings{0}> initializeShapeFunc. Wall max =          0
Timings{0}>                      Wall avg =          0
Timings{0}>                      Wall min =          0
Timings{0}> 
Timings{0}> findInternal........ Wall max =          0
Timings{0}>                      Wall avg =          0
Timings{0}>                      Wall min =          0
Timings{0}> 
Timings{0}> findPeriodic........ Wall max =          0
Timings{0}>                      Wall avg =          0
Timings{0}>                      Wall min =          0
Timings{0}> 
Timings{0}> NativeNUFFT::init... Wall max =          0
Timings{0}>                      Wall avg =          0
Timings{0}>                      Wall min =          0
Timings{0}> 
Timings{0}> particleBC.......... Wall max =  0.0205916
Timings{0}>                      Wall avg =  0.0180828
Timings{0}>                      Wall min =  0.0157788
Timings{0}> 
Timings{0}> updateParticle...... Wall max =   0.166142
Timings{0}>                      Wall avg =   0.135798
Timings{0}>                      Wall min =   0.116782
Timings{0}> 
Timings{0}> locateParticles..... Wall max =  0.0170542
Timings{0}>                      Wall avg =  0.0138684
Timings{0}>                      Wall min =  0.0124402
Timings{0}> 
Timings{0}> sendPreprocess...... Wall max =  0.0193335
Timings{0}>                      Wall avg =  0.0133743
Timings{0}>                      Wall min = 0.00515402
Timings{0}> 
Timings{0}> particleSend........ Wall max =  0.0331763
Timings{0}>                      Wall avg =   0.017925
Timings{0}>                      Wall min =  0.0155655
Timings{0}> 
Timings{0}> particleRecv........ Wall max = 0.00839898
Timings{0}>                      Wall avg = 0.00223029
Timings{0}>                      Wall min = 0.000875595
Timings{0}> 
Timings{0}> particleDestroy..... Wall max =  0.0532252
Timings{0}>                      Wall avg =  0.0448219
Timings{0}>                      Wall min =  0.0396555
Timings{0}> 
Timings{0}> ScatterPIFNUFFT..... Wall max =    7.50133
Timings{0}>                      Wall avg =    7.43868
Timings{0}>                      Wall min =    7.36357
Timings{0}> 
Timings{0}> NativeNUFFT1........ Wall max =    7.48462
Timings{0}>                      Wall avg =    7.42152
Timings{0}>                      Wall min =    7.34592
Timings{0}> 
Timings{0}> scatterTimerNUFFT1.. Wall max =    1.05554
Timings{0}>                      Wall avg =    1.01889
Timings{0}>                      Wall min =   0.962377
Timings{0}> 
Timings{0}> binSort............. Wall max =   0.216456
Timings{0}>                      Wall avg =     0.1911
Timings{0}>                      Wall min =   0.168394
Timings{0}> 
Timings{0}> binComputeKeys...... Wall max =  0.0227435
Timings{0}>                      Wall avg =  0.0200389
Timings{0}>                      Wall min =  0.0175542
Timings{0}> 
Timings{0}> binSortByKey........ Wall max =   0.186113
Timings{0}>                      Wall avg =   0.164098
Timings{0}>                      Wall min =   0.144405
Timings{0}> 
Timings{0}> binComputeOffsets... Wall max = 0.00720771
Timings{0}>                      Wall avg = 0.00654571
Timings{0}>                      Wall min = 0.00592344
Timings{0}> 
Timings{0}> FFTNUFFT1........... Wall max =    6.49949
Timings{0}>                      Wall avg =    6.40175
Timings{0}>                      Wall min =    6.31426
Timings{0}> 
Timings{0}> TwiddleAdd.......... Wall max = 0.00727912
Timings{0}>                      Wall avg = 0.00718781
Timings{0}>                      Wall min = 0.00711121
Timings{0}> 
Timings{0}> subFFTs............. Wall max =    6.49175
Timings{0}>                      Wall avg =    6.39401
Timings{0}>                      Wall min =    6.30652
Timings{0}> 
Timings{0}> deconvolutionNUFFT1. Wall max = 0.000828645
Timings{0}>                      Wall avg = 0.000765463
Timings{0}>                      Wall min = 0.000732123
Timings{0}> 
Timings{0}> GatherPIFNUFFT...... Wall max =    21.1821
Timings{0}>                      Wall avg =    21.0888
Timings{0}>                      Wall min =    21.0041
Timings{0}> 
Timings{0}> NativeNUFFT2........ Wall max =     21.113
Timings{0}>                      Wall avg =    21.0261
Timings{0}>                      Wall min =    20.9455
Timings{0}> 
Timings{0}> PrecorrectionNUFFT2. Wall max = 0.00244206
Timings{0}>                      Wall avg = 0.00235467
Timings{0}>                      Wall min = 0.00231157
Timings{0}> 
Timings{0}> FFTNUFFT2........... Wall max =    19.5681
Timings{0}>                      Wall avg =     19.454
Timings{0}>                      Wall min =    19.3244
Timings{0}> 
Timings{0}> subIFFTs............ Wall max =    19.5292
Timings{0}>                      Wall avg =    19.4151
Timings{0}>                      Wall min =    19.2855
Timings{0}> 
Timings{0}> StridedWrite........ Wall max =  0.0322341
Timings{0}>                      Wall avg =   0.032067
Timings{0}>                      Wall min =  0.0319043
Timings{0}> 
Timings{0}> GatherNUFFT2........ Wall max =    1.78056
Timings{0}>                      Wall avg =    1.56911
Timings{0}>                      Wall min =     1.4189
Timings{0}> 
Timings{0}> ---------------------------------------------
Timings{0}>      Measurement counts:
Timings{0}> ---------------------------------------------
Timings{0}> mainTimer........... Count =          1
Timings{0}> particlesCreation... Count =          0
Timings{0}> dumpData............ Count =         10
Timings{0}> kick................ Count =         20
Timings{0}> drift............... Count =         10
Timings{0}> initializeShapeFunc. Count =          0
Timings{0}> findInternal........ Count =          0
Timings{0}> findPeriodic........ Count =          0
Timings{0}> NativeNUFFT::init... Count =          0
Timings{0}> particleBC.......... Count =         10
Timings{0}> updateParticle...... Count =         10
Timings{0}> locateParticles..... Count =         10
Timings{0}> sendPreprocess...... Count =         10
Timings{0}> particleSend........ Count =         10
Timings{0}> particleRecv........ Count =         10
Timings{0}> particleDestroy..... Count =         10
Timings{0}> ScatterPIFNUFFT..... Count =         20
Timings{0}> NativeNUFFT1........ Count =         10
Timings{0}> scatterTimerNUFFT1.. Count =         10
Timings{0}> binSort............. Count =         40
Timings{0}> binComputeKeys...... Count =         40
Timings{0}> binSortByKey........ Count =         40
Timings{0}> binComputeOffsets... Count =         40
Timings{0}> FFTNUFFT1........... Count =         10
Timings{0}> TwiddleAdd.......... Count =         20
Timings{0}> subFFTs............. Count =         20
Timings{0}> deconvolutionNUFFT1. Count =         10
Timings{0}> GatherPIFNUFFT...... Count =         10
Timings{0}> NativeNUFFT2........ Count =         30
Timings{0}> PrecorrectionNUFFT2. Count =         30
Timings{0}> FFTNUFFT2........... Count =         30
Timings{0}> subIFFTs............ Count =         60
Timings{0}> StridedWrite........ Count =         60
Timings{0}> GatherNUFFT2........ Count =         30
Timings{0}> ---------------------------------------------
Timings{0}> ---------------------------------------------
Timings{0}>      Per-occurrence statistics:
Timings{0}> ---------------------------------------------
Timings{0}> mainTimer........... n=    1  mean=   28.8467  std=         0  min=   28.8467  max=   28.8467
Timings{0}> dumpData............ n=   10  mean=0.00514046  std=0.00277675  min=0.00275925  max=0.00991796
Timings{0}> kick................ n=   20  mean=0.00101173  std=1.76135e-05  min=0.000992777  max=0.00103216
Timings{0}> drift............... n=   10  mean=0.00100398  std=2.35837e-06  min=0.00100092  max=0.00100781
Timings{0}> particleBC.......... n=   10  mean=0.00205916  std=2.64152e-06  min=0.00205544  max= 0.0020642
Timings{0}> updateParticle...... n=   10  mean= 0.0158536  std=0.00181706  min= 0.0130478  max= 0.0195704
Timings{0}> locateParticles..... n=   10  mean=0.00139073  std=1.61338e-05  min=0.00137069  max=0.00141414
Timings{0}> sendPreprocess...... n=   10  mean=0.000826652  std=0.000149975  min=0.000692565  max=0.00111828
Timings{0}> particleSend........ n=   10  mean=0.00331763  std=0.00180006  min=0.00154119  max=0.00642143
Timings{0}> particleRecv........ n=   10  mean=0.000219741  std=0.000191201  min=9.2811e-05  max=0.000548814
Timings{0}> particleDestroy..... n=   10  mean=0.00441155  std=2.15897e-05  min=0.00436401  max= 0.0044372
Timings{0}> ScatterPIFNUFFT..... n=   20  mean=  0.369833  std=  0.379409  min= 8.803e-05  max=  0.754167
Timings{0}> NativeNUFFT1........ n=   10  mean=  0.737856  std= 0.0098855  min=  0.716538  max=  0.752437
Timings{0}> scatterTimerNUFFT1.. n=   10  mean=  0.105476  std=0.00161044  min=  0.103118  max=  0.108812
Timings{0}> binSort............. n=   40  mean= 0.0054114  std=4.79319e-05  min=0.00530671  max=0.00546543
Timings{0}> binComputeKeys...... n=   40  mean=0.000567988  std=2.76512e-06  min=0.000564114  max=0.000579705
Timings{0}> binSortByKey........ n=   40  mean=0.00465284  std=3.95302e-05  min=  0.004566  max=0.00469781
Timings{0}> binComputeOffsets... n=   40  mean=0.000180154  std=1.11009e-05  min=0.000159661  max=0.000191002
Timings{0}> FFTNUFFT1........... n=   10  mean=  0.632289  std=0.00974157  min=  0.610727  max=  0.643541
Timings{0}> TwiddleAdd.......... n=   20  mean=0.00036357  std=9.91088e-06  min=0.000357002  max=0.000403483
Timings{0}> subFFTs............. n=   20  mean=  0.315753  std= 0.0134041  min=  0.298057  max=  0.339784
Timings{0}> deconvolutionNUFFT1. n=   10  mean=7.99585e-05  std=7.73703e-06  min=7.4401e-05  max= 9.423e-05
Timings{0}> GatherPIFNUFFT...... n=   10  mean=    2.1177  std=  0.014826  min=   2.09402  max=   2.14494
Timings{0}> NativeNUFFT2........ n=   30  mean=  0.703555  std= 0.0121452  min=  0.683647  max=  0.735704
Timings{0}> PrecorrectionNUFFT2. n=   30  mean=7.93098e-05  std=2.58209e-06  min=7.6161e-05  max=8.5071e-05
Timings{0}> FFTNUFFT2........... n=   30  mean=  0.644648  std= 0.0143634  min=  0.619557  max=  0.672933
Timings{0}> subIFFTs............ n=   60  mean=  0.321674  std=  0.011836  min=  0.297814  max=  0.348701
Timings{0}> StridedWrite........ n=   60  mean=0.000535419  std=3.74705e-06  min=0.000530604  max=0.000549174
Timings{0}> GatherNUFFT2........ n=   30  mean= 0.0588084  std= 0.0103043  min= 0.0444132  max= 0.0812891
Timings{0}> ---------------------------------------------
