LandauDampingPIF{0}> Landau damping
LandauDampingPIF{0}> nt 10 Np= 1073741824 Fourier modes = ( 512 , 512 , 512 )
LandauDampingPIF{0}> particles created and initial conditions assigned 
LandauDampingPIF{0}> After init shape function 
LandauDampingPIF{0}> After init NUFFT 
LandauDampingPIF{0}> After update 
[Scatter] Cache hit: method=Tiled w=5 cx=1 rho=1.03 -> tile=(5,5,2) team=64 osub=2 zb=1 tp=566.4 Mpts/s (rho_csv=10.00)
LandauDampingPIF{0}> After scatter 
LandauDampingPIF{0}> After gather 
LandauDampingPIF{0}> Starting iterations ...
LandauDampingPIF{0}> Finished time step: -2 time: 0.0122718
LandauDampingPIF{0}> Finished time step: -1 time: 0.0245437
LandauDampingPIF{0}> Finished time step: 0 time: 0.0368155
LandauDampingPIF{0}> Finished time step: 1 time: 0.0490874
LandauDampingPIF{0}> Finished time step: 2 time: 0.0613592
LandauDampingPIF{0}> Finished time step: 3 time: 0.0736311
LandauDampingPIF{0}> Finished time step: 4 time: 0.0859029
LandauDampingPIF{0}> Finished time step: 5 time: 0.0981748
LandauDampingPIF{0}> Finished time step: 6 time: 0.110447
LandauDampingPIF{0}> Finished time step: 7 time: 0.122718
LandauDampingPIF{0}> Finished time step: 8 time: 0.13499
LandauDampingPIF{0}> Finished time step: 9 time: 0.147262
LandauDampingPIF{0}> Finished time step: 10 time: 0.159534
LandauDampingPIF{0}> LandauDamping: End.
Timings{0}> ---------------------------------------------
Timings{0}>      Timing results for 16 rank(s):
Timings{0}> ---------------------------------------------
Timings{0}> mainTimer........... Wall tot =    43.3916
Timings{0}> 
Timings{0}> particlesCreation... Wall max =          0
Timings{0}>                      Wall avg =          0
Timings{0}>                      Wall min =          0
Timings{0}> 
Timings{0}> dumpData............ Wall max =   0.689388
Timings{0}>                      Wall avg =   0.397759
Timings{0}>                      Wall min =   0.123738
Timings{0}> 
Timings{0}> kick................ Wall max =  0.0922666
Timings{0}>                      Wall avg =  0.0868655
Timings{0}>                      Wall min =  0.0811915
Timings{0}> 
Timings{0}> drift............... Wall max =  0.0450305
Timings{0}>                      Wall avg =  0.0425702
Timings{0}>                      Wall min =  0.0398067
Timings{0}> 
Timings{0}> particleBC.......... Wall max =   0.130469
Timings{0}>                      Wall avg =   0.124349
Timings{0}>                      Wall min =   0.119272
Timings{0}> 
Timings{0}> initializeShapeFunc. Wall max =          0
Timings{0}>                      Wall avg =          0
Timings{0}>                      Wall min =          0
Timings{0}> 
Timings{0}> findInternal........ Wall max =          0
Timings{0}>                      Wall avg =          0
Timings{0}>                      Wall min =          0
Timings{0}> 
Timings{0}> findPeriodic........ Wall max =          0
Timings{0}>                      Wall avg =          0
Timings{0}>                      Wall min =          0
Timings{0}> 
Timings{0}> NativeNUFFT::init... Wall max =          0
Timings{0}>                      Wall avg =          0
Timings{0}>                      Wall min =          0
Timings{0}> 
Timings{0}> updateParticle...... Wall max =   0.429722
Timings{0}>                      Wall avg =   0.418591
Timings{0}>                      Wall min =   0.409564
Timings{0}> 
Timings{0}> locateParticles..... Wall max =   0.123475
Timings{0}>                      Wall avg =   0.113517
Timings{0}>                      Wall min =   0.103337
Timings{0}> 
Timings{0}> sendPreprocess...... Wall max =  0.0390873
Timings{0}>                      Wall avg =  0.0203933
Timings{0}>                      Wall min = 0.00109244
Timings{0}> 
Timings{0}> particleSend........ Wall max =   0.022408
Timings{0}>                      Wall avg =  0.0211569
Timings{0}>                      Wall min =  0.0203566
Timings{0}> 
Timings{0}> particleRecv........ Wall max = 0.000315643
Timings{0}>                      Wall avg = 0.000267295
Timings{0}>                      Wall min = 0.000227861
Timings{0}> 
Timings{0}> particleDestroy..... Wall max =   0.251235
Timings{0}>                      Wall avg =   0.230406
Timings{0}>                      Wall min =   0.210581
Timings{0}> 
Timings{0}> ScatterPIFNUFFT..... Wall max =    7.28124
Timings{0}>                      Wall avg =    7.26134
Timings{0}>                      Wall min =    7.23959
Timings{0}> 
Timings{0}> NativeNUFFT1........ Wall max =    7.16278
Timings{0}>                      Wall avg =    7.14093
Timings{0}>                      Wall min =    7.11886
Timings{0}> 
Timings{0}> scatterTimerNUFFT1.. Wall max =    3.13117
Timings{0}>                      Wall avg =    3.11555
Timings{0}>                      Wall min =    3.09957
Timings{0}> 
Timings{0}> binSort............. Wall max =   0.283328
Timings{0}>                      Wall avg =   0.271856
Timings{0}>                      Wall min =   0.256472
Timings{0}> 
Timings{0}> binComputeKeys...... Wall max =  0.0222084
Timings{0}>                      Wall avg =  0.0212292
Timings{0}>                      Wall min =  0.0193611
Timings{0}> 
Timings{0}> binSortByKey........ Wall max =   0.255231
Timings{0}>                      Wall avg =   0.244677
Timings{0}>                      Wall min =   0.231425
Timings{0}> 
Timings{0}> binComputeOffsets... Wall max = 0.00638951
Timings{0}>                      Wall avg =  0.0059152
Timings{0}>                      Wall min = 0.00562444
Timings{0}> 
Timings{0}> FFTNUFFT1........... Wall max =    4.02829
Timings{0}>                      Wall avg =    4.01221
Timings{0}>                      Wall min =    3.98557
Timings{0}> 
Timings{0}> deconvolutionNUFFT1. Wall max =  0.0145641
Timings{0}>                      Wall avg =  0.0131289
Timings{0}>                      Wall min =  0.0118324
Timings{0}> 
Timings{0}> GatherPIFNUFFT...... Wall max =    35.2921
Timings{0}>                      Wall avg =    35.0063
Timings{0}>                      Wall min =    34.7433
Timings{0}> 
Timings{0}> NativeNUFFT2........ Wall max =      34.88
Timings{0}>                      Wall avg =     34.602
Timings{0}>                      Wall min =    34.3463
Timings{0}> 
Timings{0}> PrecorrectionNUFFT2. Wall max =  0.0714492
Timings{0}>                      Wall avg =  0.0677752
Timings{0}>                      Wall min =  0.0640305
Timings{0}> 
Timings{0}> FFTNUFFT2........... Wall max =    12.7885
Timings{0}>                      Wall avg =    12.2182
Timings{0}>                      Wall min =    11.6618
Timings{0}> 
Timings{0}> GatherNUFFT2........ Wall max =    23.1471
Timings{0}>                      Wall avg =    22.3158
Timings{0}>                      Wall min =    21.4928
Timings{0}> 
Timings{0}> ---------------------------------------------
Timings{0}>      Measurement counts:
Timings{0}> ---------------------------------------------
Timings{0}> mainTimer........... Count =          1
Timings{0}> particlesCreation... Count =          0
Timings{0}> dumpData............ Count =         10
Timings{0}> kick................ Count =         20
Timings{0}> drift............... Count =         10
Timings{0}> particleBC.......... Count =         10
Timings{0}> initializeShapeFunc. Count =          0
Timings{0}> findInternal........ Count =          0
Timings{0}> findPeriodic........ Count =          0
Timings{0}> NativeNUFFT::init... Count =          0
Timings{0}> updateParticle...... Count =         10
Timings{0}> locateParticles..... Count =         10
Timings{0}> sendPreprocess...... Count =         10
Timings{0}> particleSend........ Count =         10
Timings{0}> particleRecv........ Count =         10
Timings{0}> particleDestroy..... Count =         10
Timings{0}> ScatterPIFNUFFT..... Count =         20
Timings{0}> NativeNUFFT1........ Count =         10
Timings{0}> scatterTimerNUFFT1.. Count =         10
Timings{0}> binSort............. Count =         10
Timings{0}> binComputeKeys...... Count =         10
Timings{0}> binSortByKey........ Count =         10
Timings{0}> binComputeOffsets... Count =         10
Timings{0}> FFTNUFFT1........... Count =         10
Timings{0}> deconvolutionNUFFT1. Count =         10
Timings{0}> GatherPIFNUFFT...... Count =         10
Timings{0}> NativeNUFFT2........ Count =         30
Timings{0}> PrecorrectionNUFFT2. Count =         30
Timings{0}> FFTNUFFT2........... Count =         30
Timings{0}> GatherNUFFT2........ Count =         30
Timings{0}> ---------------------------------------------
Timings{0}> ---------------------------------------------
Timings{0}>      Per-occurrence statistics:
Timings{0}> ---------------------------------------------
Timings{0}> mainTimer........... n=    1  mean=   43.3916  std=         0  min=   43.3916  max=   43.3916
Timings{0}> dumpData............ n=   10  mean= 0.0184455  std=0.000854579  min= 0.0167523  max= 0.0195666
Timings{0}> kick................ n=   20  mean=0.00458284  std=1.72516e-05  min=0.00453265  max=0.00461181
Timings{0}> drift............... n=   10  mean=  0.004455  std=1.61564e-05  min=0.00442712  max=0.00447662
Timings{0}> particleBC.......... n=   10  mean= 0.0128675  std=4.83347e-05  min= 0.0128145  max=  0.012957
Timings{0}> updateParticle...... n=   10  mean= 0.0413625  std=0.000263574  min=  0.040985  max= 0.0419639
Timings{0}> locateParticles..... n=   10  mean= 0.0106603  std=2.92623e-05  min= 0.0106265  max= 0.0107296
Timings{0}> sendPreprocess...... n=   10  mean=0.00181722  std=6.80235e-05  min=0.00173886  max=0.00196619
Timings{0}> particleSend........ n=   10  mean=0.00220674  std=0.000114694  min=0.00212701  max=0.00242948
Timings{0}> particleRecv........ n=   10  mean=2.81935e-05  std=2.39398e-06  min= 2.579e-05  max=3.2162e-05
Timings{0}> particleDestroy..... n=   10  mean= 0.0215608  std=5.27677e-05  min= 0.0214733  max= 0.0216607
Timings{0}> ScatterPIFNUFFT..... n=   20  mean=  0.363195  std=  0.367448  min=0.00507515  max=  0.733429
Timings{0}> NativeNUFFT1........ n=   10  mean=  0.714213  std=0.00760175  min=  0.706387  max=  0.726356
Timings{0}> scatterTimerNUFFT1.. n=   10  mean=  0.310948  std=0.000569625  min=   0.31047  max=  0.312252
Timings{0}> binSort............. n=   10  mean= 0.0279167  std=0.000105903  min= 0.0277346  max= 0.0280956
Timings{0}> binComputeKeys...... n=   10  mean=0.00220665  std=6.56698e-06  min=0.00219619  max=0.00221606
Timings{0}> binSortByKey........ n=   10  mean= 0.0250994  std=0.000108209  min= 0.0249207  max= 0.0252775
Timings{0}> binComputeOffsets... n=   10  mean=0.000607022  std=1.92619e-06  min=0.000603942  max=0.000609803
Timings{0}> FFTNUFFT1........... n=   10  mean=  0.401838  std=0.00764171  min=  0.394488  max=  0.414385
Timings{0}> deconvolutionNUFFT1. n=   10  mean=0.00142253  std=4.25132e-06  min=0.00141375  max=0.00142919
Timings{0}> GatherPIFNUFFT...... n=   10  mean=   3.52107  std= 0.0123601  min=   3.50285  max=   3.54074
Timings{0}> NativeNUFFT2........ n=   30  mean=   1.15996  std=0.00949745  min=   1.13862  max=    1.1778
Timings{0}> PrecorrectionNUFFT2. n=   30  mean=0.00235037  std=5.39711e-05  min=0.00229506  max= 0.0025753
Timings{0}> FFTNUFFT2........... n=   30  mean=  0.393338  std=0.00921728  min=  0.371404  max=  0.413176
Timings{0}> GatherNUFFT2........ n=   30  mean=  0.764264  std=0.00496828  min=  0.758252  max=   0.77723
Timings{0}> ---------------------------------------------

MPICH Slingshot Network Summary: 6 network timeouts

