
================================================================================
NUFFT Scaling Benchmark
================================================================================
Number of ranks: 128
Grid size:       512^3
Upsampled grid:  1024^3 (sigma=2)
Particles:       1073741824 (8 per point)
Tolerance:       0.0001
CSV output:      results/nufft_scaling_128_upsampled.csv
Component CSV:   results/nufft_components_128_upsampled.csv

=== Benchmarking NUFFT Type 1 ===
Grid size:       512^3
Upsampled grid:  1024^3 (sigma=2)
Total particles: 1073741824
Local particles: 8388608
Spread method:   output_focused
Tolerance:       0.0001
Warmup runs:     3
Benchmark runs:  10
Running warmup...
Running benchmark...

NUFFT Type 1 Results:
  Ranks:       128
  Grid:        512^3
  Particles:   1073741824
  Mean time:   346.497 ms
  Min time:    342.854 ms
  Max time:    349.954 ms
  Stddev:      2.303 ms
  Throughput:  3098.85 Mpts/s

=== Benchmarking NUFFT Type 2 ===
Grid size:       512^3
Upsampled grid:  1024^3 (sigma=2.00)
Total particles: 1073741824
Local particles: 8388608
Gather method:   atomic_sort
Tolerance:       0.00
Warmup runs:     3
Benchmark runs:  10
Running warmup...
Running benchmark...

NUFFT Type 2 Results:
  Ranks:       128
  Grid:        512^3
  Particles:   1073741824
  Mean time:   117.210 ms
  Min time:    112.936 ms
  Max time:    124.882 ms
  Stddev:      3.322 ms
  Throughput:  9160.85 Mpts/s
[CSV] Timings written to results/nufft_scaling_128_upsampled.csv

==================================================
COMPONENT TIMING BREAKDOWN
==================================================

Type-1 (spreading):
----------------------------------------
Scatter (spreading)          254.71 ms
FFT (forward)                 84.87 ms
Deconvolution                  0.27 ms

Type-2 (interpolation):
----------------------------------------
Precorrection                  0.43 ms
FFT (backward)                86.04 ms
Gather (interpolation)        29.86 ms

Total:
----------------------------------------
Complete Type-1              339.85 ms
Complete Type-2              116.34 ms
[CSV] Component timings written to results/nufft_components_128_upsampled.csv

================================================================================
SUMMARY
================================================================================
Type 1: 346.497 ms (3098.85 Mpts/s)
Type 2: 117.21 ms (9160.85 Mpts/s)
================================================================================
