LandauDampingPIF{0}> Landau damping
LandauDampingPIF{0}> nt 10 Np= 1073741824 Fourier modes = ( 512 , 512 , 512 )
LandauDampingPIF{0}> particles created and initial conditions assigned 
LandauDampingPIF{0}> After init shape function 
LandauDampingPIF{0}> After init NUFFT 
LandauDampingPIF{0}> After update 
[Scatter] Auto-select: OutputFocused (tp=33.9 Mpts/s) for w=9 rho=1.11 (was Tiled)
[Scatter] Cache hit: method=OutputFocused w=9 cx=1 rho=1.11 -> tile=(3,5,5) team=256 osub=1 zb=32 tp=33.9 Mpts/s (rho_csv=1.00)
LandauDampingPIF{0}> After scatter 
LandauDampingPIF{0}> After gather 
LandauDampingPIF{0}> Starting iterations ...
LandauDampingPIF{0}> Finished time step: -2 time: 0.0122718
LandauDampingPIF{0}> Finished time step: -1 time: 0.0245437
LandauDampingPIF{0}> Finished time step: 0 time: 0.0368155
LandauDampingPIF{0}> Finished time step: 1 time: 0.0490874
LandauDampingPIF{0}> Finished time step: 2 time: 0.0613592
LandauDampingPIF{0}> Finished time step: 3 time: 0.0736311
LandauDampingPIF{0}> Finished time step: 4 time: 0.0859029
LandauDampingPIF{0}> Finished time step: 5 time: 0.0981748
LandauDampingPIF{0}> Finished time step: 6 time: 0.110447
LandauDampingPIF{0}> Finished time step: 7 time: 0.122718
LandauDampingPIF{0}> Finished time step: 8 time: 0.13499
LandauDampingPIF{0}> Finished time step: 9 time: 0.147262
LandauDampingPIF{0}> Finished time step: 10 time: 0.159534
LandauDampingPIF{0}> LandauDamping: End.
Timings{0}> ---------------------------------------------
Timings{0}>      Timing results for 128 rank(s):
Timings{0}> ---------------------------------------------
Timings{0}> mainTimer........... Wall tot =    23.6491
Timings{0}> 
Timings{0}> particlesCreation... Wall max =          0
Timings{0}>                      Wall avg =          0
Timings{0}>                      Wall min =          0
Timings{0}> 
Timings{0}> dumpData............ Wall max =     1.4791
Timings{0}>                      Wall avg =    0.89566
Timings{0}>                      Wall min =  0.0257719
Timings{0}> 
Timings{0}> kick................ Wall max =  0.0124137
Timings{0}>                      Wall avg =  0.0108465
Timings{0}>                      Wall min = 0.00951153
Timings{0}> 
Timings{0}> drift............... Wall max =  0.0061338
Timings{0}>                      Wall avg =  0.0053599
Timings{0}>                      Wall min = 0.00471326
Timings{0}> 
Timings{0}> particleBC.......... Wall max =   0.017286
Timings{0}>                      Wall avg =   0.015531
Timings{0}>                      Wall min =  0.0137518
Timings{0}> 
Timings{0}> initializeShapeFunc. Wall max =          0
Timings{0}>                      Wall avg =          0
Timings{0}>                      Wall min =          0
Timings{0}> 
Timings{0}> findInternal........ Wall max =          0
Timings{0}>                      Wall avg =          0
Timings{0}>                      Wall min =          0
Timings{0}> 
Timings{0}> findPeriodic........ Wall max =          0
Timings{0}>                      Wall avg =          0
Timings{0}>                      Wall min =          0
Timings{0}> 
Timings{0}> NativeNUFFT::init... Wall max =          0
Timings{0}>                      Wall avg =          0
Timings{0}>                      Wall min =          0
Timings{0}> 
Timings{0}> updateParticle...... Wall max =   0.174697
Timings{0}>                      Wall avg =   0.148028
Timings{0}>                      Wall min =   0.128319
Timings{0}> 
Timings{0}> locateParticles..... Wall max =  0.0311382
Timings{0}>                      Wall avg =  0.0272205
Timings{0}>                      Wall min =  0.0246575
Timings{0}> 
Timings{0}> sendPreprocess...... Wall max =  0.0144748
Timings{0}>                      Wall avg = 0.00921676
Timings{0}>                      Wall min = 0.00240794
Timings{0}> 
Timings{0}> particleSend........ Wall max =  0.0399806
Timings{0}>                      Wall avg =  0.0204827
Timings{0}>                      Wall min =  0.0145955
Timings{0}> 
Timings{0}> particleRecv........ Wall max = 0.000717874
Timings{0}>                      Wall avg = 0.00051041
Timings{0}>                      Wall min = 0.000441279
Timings{0}> 
Timings{0}> particleDestroy..... Wall max =  0.0559224
Timings{0}>                      Wall avg =  0.0466596
Timings{0}>                      Wall min =  0.0416408
Timings{0}> 
Timings{0}> ScatterPIFNUFFT..... Wall max =    3.26063
Timings{0}>                      Wall avg =    3.23646
Timings{0}>                      Wall min =    3.20906
Timings{0}> 
Timings{0}> NativeNUFFT1........ Wall max =    3.24403
Timings{0}>                      Wall avg =    3.22027
Timings{0}>                      Wall min =    3.19272
Timings{0}> 
Timings{0}> scatterTimerNUFFT1.. Wall max =     2.3961
Timings{0}>                      Wall avg =    2.35788
Timings{0}>                      Wall min =    2.30084
Timings{0}> 
Timings{0}> binSort............. Wall max =  0.0410251
Timings{0}>                      Wall avg =  0.0376075
Timings{0}>                      Wall min =  0.0337021
Timings{0}> 
Timings{0}> binComputeKeys...... Wall max = 0.00309736
Timings{0}>                      Wall avg = 0.00276676
Timings{0}>                      Wall min = 0.00246504
Timings{0}> 
Timings{0}> binSortByKey........ Wall max =  0.0368249
Timings{0}>                      Wall avg =  0.0337636
Timings{0}>                      Wall min =  0.0301897
Timings{0}> 
Timings{0}> binComputeOffsets... Wall max = 0.00126215
Timings{0}>                      Wall avg = 0.00104281
Timings{0}>                      Wall min = 0.000946859
Timings{0}> 
Timings{0}> FFTNUFFT1........... Wall max =   0.914243
Timings{0}>                      Wall avg =   0.860423
Timings{0}>                      Wall min =   0.813197
Timings{0}> 
Timings{0}> deconvolutionNUFFT1. Wall max = 0.00271547
Timings{0}>                      Wall avg = 0.00192371
Timings{0}>                      Wall min = 0.00174616
Timings{0}> 
Timings{0}> GatherPIFNUFFT...... Wall max =    20.1933
Timings{0}>                      Wall avg =    19.3281
Timings{0}>                      Wall min =    18.7494
Timings{0}> 
Timings{0}> NativeNUFFT2........ Wall max =     20.137
Timings{0}>                      Wall avg =    19.2756
Timings{0}>                      Wall min =    18.7002
Timings{0}> 
Timings{0}> PrecorrectionNUFFT2. Wall max =   0.013075
Timings{0}>                      Wall avg =  0.0103472
Timings{0}>                      Wall min = 0.00980007
Timings{0}> 
Timings{0}> FFTNUFFT2........... Wall max =    5.10189
Timings{0}>                      Wall avg =    3.88848
Timings{0}>                      Wall min =    2.14231
Timings{0}> 
Timings{0}> GatherNUFFT2........ Wall max =    17.9818
Timings{0}>                      Wall avg =    15.3766
Timings{0}>                      Wall min =    13.6053
Timings{0}> 
Timings{0}> ---------------------------------------------
Timings{0}>      Measurement counts:
Timings{0}> ---------------------------------------------
Timings{0}> mainTimer........... Count =          1
Timings{0}> particlesCreation... Count =          0
Timings{0}> dumpData............ Count =         10
Timings{0}> kick................ Count =         20
Timings{0}> drift............... Count =         10
Timings{0}> particleBC.......... Count =         10
Timings{0}> initializeShapeFunc. Count =          0
Timings{0}> findInternal........ Count =          0
Timings{0}> findPeriodic........ Count =          0
Timings{0}> NativeNUFFT::init... Count =          0
Timings{0}> updateParticle...... Count =         10
Timings{0}> locateParticles..... Count =         10
Timings{0}> sendPreprocess...... Count =         10
Timings{0}> particleSend........ Count =         10
Timings{0}> particleRecv........ Count =         10
Timings{0}> particleDestroy..... Count =         10
Timings{0}> ScatterPIFNUFFT..... Count =         20
Timings{0}> NativeNUFFT1........ Count =         10
Timings{0}> scatterTimerNUFFT1.. Count =         10
Timings{0}> binSort............. Count =         10
Timings{0}> binComputeKeys...... Count =         10
Timings{0}> binSortByKey........ Count =         10
Timings{0}> binComputeOffsets... Count =         10
Timings{0}> FFTNUFFT1........... Count =         10
Timings{0}> deconvolutionNUFFT1. Count =         10
Timings{0}> GatherPIFNUFFT...... Count =         10
Timings{0}> NativeNUFFT2........ Count =         30
Timings{0}> PrecorrectionNUFFT2. Count =         30
Timings{0}> FFTNUFFT2........... Count =         30
Timings{0}> GatherNUFFT2........ Count =         30
Timings{0}> ---------------------------------------------
Timings{0}> ---------------------------------------------
Timings{0}>      Per-occurrence statistics:
Timings{0}> ---------------------------------------------
Timings{0}> mainTimer........... n=    1  mean=    23.649  std=         0  min=    23.649  max=    23.649
Timings{0}> dumpData............ n=   10  mean= 0.0427702  std=0.00452394  min= 0.0363048  max= 0.0492667
Timings{0}> kick................ n=   20  mean=0.000605165  std=9.27048e-06  min=0.00059238  max=0.000620685
Timings{0}> drift............... n=   10  mean=0.000588285  std=4.92956e-06  min=0.000581509  max=0.000597189
Timings{0}> particleBC.......... n=   10  mean=0.00172695  std=7.97331e-06  min= 0.0017147  max=0.00173957
Timings{0}> updateParticle...... n=   10  mean= 0.0136012  std= 0.0021183  min= 0.0118206  max= 0.0190443
Timings{0}> locateParticles..... n=   10  mean=0.00271065  std=6.3375e-05  min=0.00266341  max=0.00288643
Timings{0}> sendPreprocess...... n=   10  mean=0.000640277  std=0.000109626  min=0.00052527  max=0.000858617
Timings{0}> particleSend........ n=   10  mean=0.00204037  std=0.000614347  min=0.00165041  max=0.00341948
Timings{0}> particleRecv........ n=   10  mean=5.39821e-05  std=2.1976e-06  min=5.0368e-05  max=5.7372e-05
Timings{0}> particleDestroy..... n=   10  mean=0.00462394  std=2.16847e-05  min=0.00458783  max=0.00465099
Timings{0}> ScatterPIFNUFFT..... n=   20  mean=  0.161577  std=  0.165213  min=0.000609624  max=  0.332953
Timings{0}> NativeNUFFT1........ n=   10  mean=  0.321464  std=0.00676358  min=  0.313211  max=   0.33188
Timings{0}> scatterTimerNUFFT1.. n=   10  mean=   0.23961  std=0.00553155  min=  0.232227  max=  0.247749
Timings{0}> binSort............. n=   10  mean=0.00404687  std=2.05265e-05  min=0.00401413  max=0.00407537
Timings{0}> binComputeKeys...... n=   10  mean=0.000301976  std=2.81748e-06  min=0.000298519  max=0.000307437
Timings{0}> binSortByKey........ n=   10  mean=0.00363066  std=1.95812e-05  min=0.00360118  max=0.00366077
Timings{0}> binComputeOffsets... n=   10  mean=0.000110693  std=1.42387e-06  min=0.00010837  max=0.00011364
Timings{0}> FFTNUFFT1........... n=   10  mean=   0.08158  std=0.00335697  min= 0.0763177  max= 0.0853616
Timings{0}> deconvolutionNUFFT1. n=   10  mean=0.000269605  std=2.93652e-06  min=0.000264634  max=0.000272799
Timings{0}> GatherPIFNUFFT...... n=   10  mean=   1.98095  std= 0.0263372  min=   1.93942  max=   2.01449
Timings{0}> NativeNUFFT2........ n=   30  mean=  0.658427  std= 0.0118903  min=  0.635635  max=  0.682252
Timings{0}> PrecorrectionNUFFT2. n=   30  mean=0.000420466  std=1.41857e-05  min=0.000406789  max=0.000442249
Timings{0}> FFTNUFFT2........... n=   30  mean= 0.0991298  std=0.00972247  min= 0.0787901  max=  0.116299
Timings{0}> GatherNUFFT2........ n=   30  mean=  0.558869  std=0.00781192  min=  0.545216  max=  0.571969
Timings{0}> ---------------------------------------------
