Kokkos::OpenMP::initialize WARNING: OMP_PROC_BIND environment variable not set
  In general, for best performance with OpenMP 4.0 or better set OMP_PROC_BIND=spread and OMP_PLACES=threads
  For best performance with OpenMP 3.1 set OMP_PROC_BIND=true
  For unit testing set OMP_PROC_BIND=false

MPI detected: For OpenMP binding to work as intended, MPI ranks must be bound to exclusive CPU sets.

Kokkos::OpenMP::initialize WARNING: OMP_PROC_BIND environment variable not set
  In general, for best performance with OpenMP 4.0 or better set OMP_PROC_BIND=spread and OMP_PLACES=threads
  For best performance with OpenMP 3.1 set OMP_PROC_BIND=true
  For unit testing set OMP_PROC_BIND=false

MPI detected: For OpenMP binding to work as intended, MPI ranks must be bound to exclusive CPU sets.

Kokkos::OpenMP::initialize WARNING: OMP_PROC_BIND environment variable not set
  In general, for best performance with OpenMP 4.0 or better set OMP_PROC_BIND=spread and OMP_PLACES=threads
  For best performance with OpenMP 3.1 set OMP_PROC_BIND=true
  For unit testing set OMP_PROC_BIND=false

MPI detected: For OpenMP binding to work as intended, MPI ranks must be bound to exclusive CPU sets.

Kokkos::OpenMP::initialize WARNING: OMP_PROC_BIND environment variable not set
  In general, for best performance with OpenMP 4.0 or better set OMP_PROC_BIND=spread and OMP_PLACES=threads
  For best performance with OpenMP 3.1 set OMP_PROC_BIND=true
  For unit testing set OMP_PROC_BIND=false

MPI detected: For OpenMP binding to work as intended, MPI ranks must be bound to exclusive CPU sets.

Kokkos::OpenMP::initialize WARNING: OMP_PROC_BIND environment variable not set
  In general, for best performance with OpenMP 4.0 or better set OMP_PROC_BIND=spread and OMP_PLACES=threads
  For best performance with OpenMP 3.1 set OMP_PROC_BIND=true
  For unit testing set OMP_PROC_BIND=false

MPI detected: For OpenMP binding to work as intended, MPI ranks must be bound to exclusive CPU sets.

Kokkos::OpenMP::initialize WARNING: OMP_PROC_BIND environment variable not set
  In general, for best performance with OpenMP 4.0 or better set OMP_PROC_BIND=spread and OMP_PLACES=threads
  For best performance with OpenMP 3.1 set OMP_PROC_BIND=true
  For unit testing set OMP_PROC_BIND=false

MPI detected: For OpenMP binding to work as intended, MPI ranks must be bound to exclusive CPU sets.

Kokkos::OpenMP::initialize WARNING: OMP_PROC_BIND environment variable not set
  In general, for best performance with OpenMP 4.0 or better set OMP_PROC_BIND=spread and OMP_PLACES=threads
  For best performance with OpenMP 3.1 set OMP_PROC_BIND=true
  For unit testing set OMP_PROC_BIND=false

MPI detected: For OpenMP binding to work as intended, MPI ranks must be bound to exclusive CPU sets.

Kokkos::OpenMP::initialize WARNING: OMP_PROC_BIND environment variable not set
  In general, for best performance with OpenMP 4.0 or better set OMP_PROC_BIND=spread and OMP_PLACES=threads
  For best performance with OpenMP 3.1 set OMP_PROC_BIND=true
  For unit testing set OMP_PROC_BIND=false

MPI detected: For OpenMP binding to work as intended, MPI ranks must be bound to exclusive CPU sets.

Kokkos::OpenMP::initialize WARNING: OMP_PROC_BIND environment variable not set
  In general, for best performance with OpenMP 4.0 or better set OMP_PROC_BIND=spread and OMP_PLACES=threads
  For best performance with OpenMP 3.1 set OMP_PROC_BIND=true
  For unit testing set OMP_PROC_BIND=false

MPI detected: For OpenMP binding to work as intended, MPI ranks must be bound to exclusive CPU sets.

Kokkos::OpenMP::initialize WARNING: OMP_PROC_BIND environment variable not set
  In general, for best performance with OpenMP 4.0 or better set OMP_PROC_BIND=spread and OMP_PLACES=threads
  For best performance with OpenMP 3.1 set OMP_PROC_BIND=true
  For unit testing set OMP_PROC_BIND=false

MPI detected: For OpenMP binding to work as intended, MPI ranks must be bound to exclusive CPU sets.

Kokkos::OpenMP::initialize WARNING: OMP_PROC_BIND environment variable not set
  In general, for best performance with OpenMP 4.0 or better set OMP_PROC_BIND=spread and OMP_PLACES=threads
  For best performance with OpenMP 3.1 set OMP_PROC_BIND=true
  For unit testing set OMP_PROC_BIND=false

MPI detected: For OpenMP binding to work as intended, MPI ranks must be bound to exclusive CPU sets.

Kokkos::OpenMP::initialize WARNING: OMP_PROC_BIND environment variable not set
  In general, for best performance with OpenMP 4.0 or better set OMP_PROC_BIND=spread and OMP_PLACES=threads
  For best performance with OpenMP 3.1 set OMP_PROC_BIND=true
  For unit testing set OMP_PROC_BIND=false

MPI detected: For OpenMP binding to work as intended, MPI ranks must be bound to exclusive CPU sets.

Kokkos::OpenMP::initialize WARNING: OMP_PROC_BIND environment variable not set
  In general, for best performance with OpenMP 4.0 or better set OMP_PROC_BIND=spread and OMP_PLACES=threads
  For best performance with OpenMP 3.1 set OMP_PROC_BIND=true
  For unit testing set OMP_PROC_BIND=false

MPI detected: For OpenMP binding to work as intended, MPI ranks must be bound to exclusive CPU sets.

Kokkos::OpenMP::initialize WARNING: OMP_PROC_BIND environment variable not set
  In general, for best performance with OpenMP 4.0 or better set OMP_PROC_BIND=spread and OMP_PLACES=threads
  For best performance with OpenMP 3.1 set OMP_PROC_BIND=true
  For unit testing set OMP_PROC_BIND=false

MPI detected: For OpenMP binding to work as intended, MPI ranks must be bound to exclusive CPU sets.

Kokkos::OpenMP::initialize WARNING: OMP_PROC_BIND environment variable not set
  In general, for best performance with OpenMP 4.0 or better set OMP_PROC_BIND=spread and OMP_PLACES=threads
  For best performance with OpenMP 3.1 set OMP_PROC_BIND=true
  For unit testing set OMP_PROC_BIND=false

MPI detected: For OpenMP binding to work as intended, MPI ranks must be bound to exclusive CPU sets.

Kokkos::OpenMP::initialize WARNING: OMP_PROC_BIND environment variable not set
  In general, for best performance with OpenMP 4.0 or better set OMP_PROC_BIND=spread and OMP_PLACES=threads
  For best performance with OpenMP 3.1 set OMP_PROC_BIND=true
  For unit testing set OMP_PROC_BIND=false

MPI detected: For OpenMP binding to work as intended, MPI ranks must be bound to exclusive CPU sets.

Kokkos::OpenMP::initialize WARNING: OMP_PROC_BIND environment variable not set
  In general, for best performance with OpenMP 4.0 or better set OMP_PROC_BIND=spread and OMP_PLACES=threads
  For best performance with OpenMP 3.1 set OMP_PROC_BIND=true
  For unit testing set OMP_PROC_BIND=false

MPI detected: For OpenMP binding to work as intended, MPI ranks must be bound to exclusive CPU sets.

Kokkos::OpenMP::initialize WARNING: OMP_PROC_BIND environment variable not set
  In general, for best performance with OpenMP 4.0 or better set OMP_PROC_BIND=spread and OMP_PLACES=threads
  For best performance with OpenMP 3.1 set OMP_PROC_BIND=true
  For unit testing set OMP_PROC_BIND=false

MPI detected: For OpenMP binding to work as intended, MPI ranks must be bound to exclusive CPU sets.

Kokkos::OpenMP::initialize WARNING: OMP_PROC_BIND environment variable not set
  In general, for best performance with OpenMP 4.0 or better set OMP_PROC_BIND=spread and OMP_PLACES=threads
  For best performance with OpenMP 3.1 set OMP_PROC_BIND=true
  For unit testing set OMP_PROC_BIND=false

MPI detected: For OpenMP binding to work as intended, MPI ranks must be bound to exclusive CPU sets.

Kokkos::OpenMP::initialize WARNING: OMP_PROC_BIND environment variable not set
  In general, for best performance with OpenMP 4.0 or better set OMP_PROC_BIND=spread and OMP_PLACES=threads
  For best performance with OpenMP 3.1 set OMP_PROC_BIND=true
  For unit testing set OMP_PROC_BIND=false

MPI detected: For OpenMP binding to work as intended, MPI ranks must be bound to exclusive CPU sets.

Kokkos::OpenMP::initialize WARNING: OMP_PROC_BIND environment variable not set
  In general, for best performance with OpenMP 4.0 or better set OMP_PROC_BIND=spread and OMP_PLACES=threads
  For best performance with OpenMP 3.1 set OMP_PROC_BIND=true
  For unit testing set OMP_PROC_BIND=false

MPI detected: For OpenMP binding to work as intended, MPI ranks must be bound to exclusive CPU sets.

Kokkos::OpenMP::initialize WARNING: OMP_PROC_BIND environment variable not set
  In general, for best performance with OpenMP 4.0 or better set OMP_PROC_BIND=spread and OMP_PLACES=threads
  For best performance with OpenMP 3.1 set OMP_PROC_BIND=true
  For unit testing set OMP_PROC_BIND=false

MPI detected: For OpenMP binding to work as intended, MPI ranks must be bound to exclusive CPU sets.

Kokkos::OpenMP::initialize WARNING: OMP_PROC_BIND environment variable not set
  In general, for best performance with OpenMP 4.0 or better set OMP_PROC_BIND=spread and OMP_PLACES=threads
  For best performance with OpenMP 3.1 set OMP_PROC_BIND=true
  For unit testing set OMP_PROC_BIND=false

MPI detected: For OpenMP binding to work as intended, MPI ranks must be bound to exclusive CPU sets.

Kokkos::OpenMP::initialize WARNING: OMP_PROC_BIND environment variable not set
  In general, for best performance with OpenMP 4.0 or better set OMP_PROC_BIND=spread and OMP_PLACES=threads
  For best performance with OpenMP 3.1 set OMP_PROC_BIND=true
  For unit testing set OMP_PROC_BIND=false

MPI detected: For OpenMP binding to work as intended, MPI ranks must be bound to exclusive CPU sets.

Kokkos::OpenMP::initialize WARNING: OMP_PROC_BIND environment variable not set
  In general, for best performance with OpenMP 4.0 or better set OMP_PROC_BIND=spread and OMP_PLACES=threads
  For best performance with OpenMP 3.1 set OMP_PROC_BIND=true
  For unit testing set OMP_PROC_BIND=false

MPI detected: For OpenMP binding to work as intended, MPI ranks must be bound to exclusive CPU sets.

Kokkos::OpenMP::initialize WARNING: OMP_PROC_BIND environment variable not set
  In general, for best performance with OpenMP 4.0 or better set OMP_PROC_BIND=spread and OMP_PLACES=threads
  For best performance with OpenMP 3.1 set OMP_PROC_BIND=true
  For unit testing set OMP_PROC_BIND=false

MPI detected: For OpenMP binding to work as intended, MPI ranks must be bound to exclusive CPU sets.

Kokkos::OpenMP::initialize WARNING: OMP_PROC_BIND environment variable not set
  In general, for best performance with OpenMP 4.0 or better set OMP_PROC_BIND=spread and OMP_PLACES=threads
  For best performance with OpenMP 3.1 set OMP_PROC_BIND=true
  For unit testing set OMP_PROC_BIND=false

MPI detected: For OpenMP binding to work as intended, MPI ranks must be bound to exclusive CPU sets.

Kokkos::OpenMP::initialize WARNING: OMP_PROC_BIND environment variable not set
  In general, for best performance with OpenMP 4.0 or better set OMP_PROC_BIND=spread and OMP_PLACES=threads
  For best performance with OpenMP 3.1 set OMP_PROC_BIND=true
  For unit testing set OMP_PROC_BIND=false

MPI detected: For OpenMP binding to work as intended, MPI ranks must be bound to exclusive CPU sets.

Kokkos::OpenMP::initialize WARNING: OMP_PROC_BIND environment variable not set
  In general, for best performance with OpenMP 4.0 or better set OMP_PROC_BIND=spread and OMP_PLACES=threads
  For best performance with OpenMP 3.1 set OMP_PROC_BIND=true
  For unit testing set OMP_PROC_BIND=false

MPI detected: For OpenMP binding to work as intended, MPI ranks must be bound to exclusive CPU sets.

Kokkos::OpenMP::initialize WARNING: OMP_PROC_BIND environment variable not set
  In general, for best performance with OpenMP 4.0 or better set OMP_PROC_BIND=spread and OMP_PLACES=threads
  For best performance with OpenMP 3.1 set OMP_PROC_BIND=true
  For unit testing set OMP_PROC_BIND=false

MPI detected: For OpenMP binding to work as intended, MPI ranks must be bound to exclusive CPU sets.

Kokkos::OpenMP::initialize WARNING: OMP_PROC_BIND environment variable not set
  In general, for best performance with OpenMP 4.0 or better set OMP_PROC_BIND=spread and OMP_PLACES=threads
  For best performance with OpenMP 3.1 set OMP_PROC_BIND=true
  For unit testing set OMP_PROC_BIND=false

MPI detected: For OpenMP binding to work as intended, MPI ranks must be bound to exclusive CPU sets.

Kokkos::OpenMP::initialize WARNING: OMP_PROC_BIND environment variable not set
  In general, for best performance with OpenMP 4.0 or better set OMP_PROC_BIND=spread and OMP_PLACES=threads
  For best performance with OpenMP 3.1 set OMP_PROC_BIND=true
  For unit testing set OMP_PROC_BIND=false

MPI detected: For OpenMP binding to work as intended, MPI ranks must be bound to exclusive CPU sets.

Kokkos::OpenMP::initialize WARNING: OMP_PROC_BIND environment variable not set
  In general, for best performance with OpenMP 4.0 or better set OMP_PROC_BIND=spread and OMP_PLACES=threads
  For best performance with OpenMP 3.1 set OMP_PROC_BIND=true
  For unit testing set OMP_PROC_BIND=false

MPI detected: For OpenMP binding to work as intended, MPI ranks must be bound to exclusive CPU sets.

Kokkos::OpenMP::initialize WARNING: OMP_PROC_BIND environment variable not set
  In general, for best performance with OpenMP 4.0 or better set OMP_PROC_BIND=spread and OMP_PLACES=threads
  For best performance with OpenMP 3.1 set OMP_PROC_BIND=true
  For unit testing set OMP_PROC_BIND=false

MPI detected: For OpenMP binding to work as intended, MPI ranks must be bound to exclusive CPU sets.

Kokkos::OpenMP::initialize WARNING: OMP_PROC_BIND environment variable not set
  In general, for best performance with OpenMP 4.0 or better set OMP_PROC_BIND=spread and OMP_PLACES=threads
  For best performance with OpenMP 3.1 set OMP_PROC_BIND=true
  For unit testing set OMP_PROC_BIND=false

MPI detected: For OpenMP binding to work as intended, MPI ranks must be bound to exclusive CPU sets.

Kokkos::OpenMP::initialize WARNING: OMP_PROC_BIND environment variable not set
  In general, for best performance with OpenMP 4.0 or better set OMP_PROC_BIND=spread and OMP_PLACES=threads
  For best performance with OpenMP 3.1 set OMP_PROC_BIND=true
  For unit testing set OMP_PROC_BIND=false

MPI detected: For OpenMP binding to work as intended, MPI ranks must be bound to exclusive CPU sets.

Kokkos::OpenMP::initialize WARNING: OMP_PROC_BIND environment variable not set
  In general, for best performance with OpenMP 4.0 or better set OMP_PROC_BIND=spread and OMP_PLACES=threads
  For best performance with OpenMP 3.1 set OMP_PROC_BIND=true
  For unit testing set OMP_PROC_BIND=false

MPI detected: For OpenMP binding to work as intended, MPI ranks must be bound to exclusive CPU sets.

Kokkos::OpenMP::initialize WARNING: OMP_PROC_BIND environment variable not set
  In general, for best performance with OpenMP 4.0 or better set OMP_PROC_BIND=spread and OMP_PLACES=threads
  For best performance with OpenMP 3.1 set OMP_PROC_BIND=true
  For unit testing set OMP_PROC_BIND=false

MPI detected: For OpenMP binding to work as intended, MPI ranks must be bound to exclusive CPU sets.

Kokkos::OpenMP::initialize WARNING: OMP_PROC_BIND environment variable not set
  In general, for best performance with OpenMP 4.0 or better set OMP_PROC_BIND=spread and OMP_PLACES=threads
  For best performance with OpenMP 3.1 set OMP_PROC_BIND=true
  For unit testing set OMP_PROC_BIND=false

MPI detected: For OpenMP binding to work as intended, MPI ranks must be bound to exclusive CPU sets.

Kokkos::OpenMP::initialize WARNING: OMP_PROC_BIND environment variable not set
  In general, for best performance with OpenMP 4.0 or better set OMP_PROC_BIND=spread and OMP_PLACES=threads
  For best performance with OpenMP 3.1 set OMP_PROC_BIND=true
  For unit testing set OMP_PROC_BIND=false

MPI detected: For OpenMP binding to work as intended, MPI ranks must be bound to exclusive CPU sets.

Kokkos::OpenMP::initialize WARNING: OMP_PROC_BIND environment variable not set
  In general, for best performance with OpenMP 4.0 or better set OMP_PROC_BIND=spread and OMP_PLACES=threads
  For best performance with OpenMP 3.1 set OMP_PROC_BIND=true
  For unit testing set OMP_PROC_BIND=false

MPI detected: For OpenMP binding to work as intended, MPI ranks must be bound to exclusive CPU sets.

Kokkos::OpenMP::initialize WARNING: OMP_PROC_BIND environment variable not set
  In general, for best performance with OpenMP 4.0 or better set OMP_PROC_BIND=spread and OMP_PLACES=threads
  For best performance with OpenMP 3.1 set OMP_PROC_BIND=true
  For unit testing set OMP_PROC_BIND=false

MPI detected: For OpenMP binding to work as intended, MPI ranks must be bound to exclusive CPU sets.
Kokkos::OpenMP::initialize WARNING: OMP_PROC_BIND environment variable not set
  In general, for best performance with OpenMP 4.0 or better set OMP_PROC_BIND=spread and OMP_PLACES=threads
  For best performance with OpenMP 3.1 set OMP_PROC_BIND=true
  For unit testing set OMP_PROC_BIND=false

MPI detected: For OpenMP binding to work as intended, MPI ranks must be bound to exclusive CPU sets.

Kokkos::OpenMP::initialize WARNING: OMP_PROC_BIND environment variable not set
  In general, for best performance with OpenMP 4.0 or better set OMP_PROC_BIND=spread and OMP_PLACES=threads
  For best performance with OpenMP 3.1 set OMP_PROC_BIND=true
  For unit testing set OMP_PROC_BIND=false

MPI detected: For OpenMP binding to work as intended, MPI ranks must be bound to exclusive CPU sets.

Kokkos::OpenMP::initialize WARNING: OMP_PROC_BIND environment variable not set
  In general, for best performance with OpenMP 4.0 or better set OMP_PROC_BIND=spread and OMP_PLACES=threads
  For best performance with OpenMP 3.1 set OMP_PROC_BIND=true
  For unit testing set OMP_PROC_BIND=false

MPI detected: For OpenMP binding to work as intended, MPI ranks must be bound to exclusive CPU sets.

Kokkos::OpenMP::initialize WARNING: OMP_PROC_BIND environment variable not set
  In general, for best performance with OpenMP 4.0 or better set OMP_PROC_BIND=spread and OMP_PLACES=threads
  For best performance with OpenMP 3.1 set OMP_PROC_BIND=true
  For unit testing set OMP_PROC_BIND=false

MPI detected: For OpenMP binding to work as intended, MPI ranks must be bound to exclusive CPU sets.

Kokkos::OpenMP::initialize WARNING: OMP_PROC_BIND environment variable not set
  In general, for best performance with OpenMP 4.0 or better set OMP_PROC_BIND=spread and OMP_PLACES=threads
  For best performance with OpenMP 3.1 set OMP_PROC_BIND=true
  For unit testing set OMP_PROC_BIND=false

MPI detected: For OpenMP binding to work as intended, MPI ranks must be bound to exclusive CPU sets.

Kokkos::OpenMP::initialize WARNING: OMP_PROC_BIND environment variable not set
  In general, for best performance with OpenMP 4.0 or better set OMP_PROC_BIND=spread and OMP_PLACES=threads
  For best performance with OpenMP 3.1 set OMP_PROC_BIND=true
  For unit testing set OMP_PROC_BIND=false

MPI detected: For OpenMP binding to work as intended, MPI ranks must be bound to exclusive CPU sets.

Kokkos::OpenMP::initialize WARNING: OMP_PROC_BIND environment variable not set
  In general, for best performance with OpenMP 4.0 or better set OMP_PROC_BIND=spread and OMP_PLACES=threads
  For best performance with OpenMP 3.1 set OMP_PROC_BIND=true
  For unit testing set OMP_PROC_BIND=false

MPI detected: For OpenMP binding to work as intended, MPI ranks must be bound to exclusive CPU sets.


Kokkos::OpenMP::initialize WARNING: OMP_PROC_BIND environment variable not set
  In general, for best performance with OpenMP 4.0 or better set OMP_PROC_BIND=spread and OMP_PLACES=threads
  For best performance with OpenMP 3.1 set OMP_PROC_BIND=true
  For unit testing set OMP_PROC_BIND=false

MPI detected: For OpenMP binding to work as intended, MPI ranks must be bound to exclusive CPU sets.

Kokkos::OpenMP::initialize WARNING: OMP_PROC_BIND environment variable not set
  In general, for best performance with OpenMP 4.0 or better set OMP_PROC_BIND=spread and OMP_PLACES=threads
  For best performance with OpenMP 3.1 set OMP_PROC_BIND=true
  For unit testing set OMP_PROC_BIND=false

MPI detected: For OpenMP binding to work as intended, MPI ranks must be bound to exclusive CPU sets.

Kokkos::OpenMP::initialize WARNING: OMP_PROC_BIND environment variable not set
  In general, for best performance with OpenMP 4.0 or better set OMP_PROC_BIND=spread and OMP_PLACES=threads
  For best performance with OpenMP 3.1 set OMP_PROC_BIND=true
  For unit testing set OMP_PROC_BIND=false

MPI detected: For OpenMP binding to work as intended, MPI ranks must be bound to exclusive CPU sets.

Kokkos::OpenMP::initialize WARNING: OMP_PROC_BIND environment variable not set
  In general, for best performance with OpenMP 4.0 or better set OMP_PROC_BIND=spread and OMP_PLACES=threads
  For best performance with OpenMP 3.1 set OMP_PROC_BIND=true
  For unit testing set OMP_PROC_BIND=false

MPI detected: For OpenMP binding to work as intended, MPI ranks must be bound to exclusive CPU sets.

Kokkos::OpenMP::initialize WARNING: OMP_PROC_BIND environment variable not set
  In general, for best performance with OpenMP 4.0 or better set OMP_PROC_BIND=spread and OMP_PLACES=threads
  For best performance with OpenMP 3.1 set OMP_PROC_BIND=true
  For unit testing set OMP_PROC_BIND=false

MPI detected: For OpenMP binding to work as intended, MPI ranks must be bound to exclusive CPU sets.

Kokkos::OpenMP::initialize WARNING: OMP_PROC_BIND environment variable not set
  In general, for best performance with OpenMP 4.0 or better set OMP_PROC_BIND=spread and OMP_PLACES=threads
  For best performance with OpenMP 3.1 set OMP_PROC_BIND=true
  For unit testing set OMP_PROC_BIND=false

MPI detected: For OpenMP binding to work as intended, MPI ranks must be bound to exclusive CPU sets.

Kokkos::OpenMP::initialize WARNING: OMP_PROC_BIND environment variable not set
  In general, for best performance with OpenMP 4.0 or better set OMP_PROC_BIND=spread and OMP_PLACES=threads
  For best performance with OpenMP 3.1 set OMP_PROC_BIND=true
  For unit testing set OMP_PROC_BIND=false

Kokkos::OpenMP::initialize WARNING: OMP_PROC_BIND environment variable not set
  In general, for best performance with OpenMP 4.0 or better set OMP_PROC_BIND=spread and OMP_PLACES=threads
  For best performance with OpenMP 3.1 set OMP_PROC_BIND=true
  For unit testing set OMP_PROC_BIND=false

MPI detected: For OpenMP binding to work as intended, MPI ranks must be bound to exclusive CPU sets.

Kokkos::OpenMP::initialize WARNING: OMP_PROC_BIND environment variable not set
  In general, for best performance with OpenMP 4.0 or better set OMP_PROC_BIND=spread and OMP_PLACES=threads
  For best performance with OpenMP 3.1 set OMP_PROC_BIND=true
  For unit testing set OMP_PROC_BIND=false

MPI detected: For OpenMP binding to work as intended, MPI ranks must be bound to exclusive CPU sets.

Kokkos::OpenMP::initialize WARNING: OMP_PROC_BIND environment variable not set
  In general, for best performance with OpenMP 4.0 or better set OMP_PROC_BIND=spread and OMP_PLACES=threads
  For best performance with OpenMP 3.1 set OMP_PROC_BIND=true
  For unit testing set OMP_PROC_BIND=false

MPI detected: For OpenMP binding to work as intended, MPI ranks must be bound to exclusive CPU sets.

Kokkos::OpenMP::initialize WARNING: OMP_PROC_BIND environment variable not set
  In general, for best performance with OpenMP 4.0 or better set OMP_PROC_BIND=spread and OMP_PLACES=threads
  For best performance with OpenMP 3.1 set OMP_PROC_BIND=true
  For unit testing set OMP_PROC_BIND=false

MPI detected: For OpenMP binding to work as intended, MPI ranks must be bound to exclusive CPU sets.

Kokkos::OpenMP::initialize WARNING: OMP_PROC_BIND environment variable not set
  In general, for best performance with OpenMP 4.0 or better set OMP_PROC_BIND=spread and OMP_PLACES=threads
  For best performance with OpenMP 3.1 set OMP_PROC_BIND=true
  For unit testing set OMP_PROC_BIND=false

MPI detected: For OpenMP binding to work as intended, MPI ranks must be bound to exclusive CPU sets.

Kokkos::OpenMP::initialize WARNING: OMP_PROC_BIND environment variable not set
  In general, for best performance with OpenMP 4.0 or better set OMP_PROC_BIND=spread and OMP_PLACES=threads
  For best performance with OpenMP 3.1 set OMP_PROC_BIND=true
  For unit testing set OMP_PROC_BIND=false

MPI detected: For OpenMP binding to work as intended, MPI ranks must be bound to exclusive CPU sets.

Kokkos::OpenMP::initialize WARNING: OMP_PROC_BIND environment variable not set
  In general, for best performance with OpenMP 4.0 or better set OMP_PROC_BIND=spread and OMP_PLACES=threads
  For best performance with OpenMP 3.1 set OMP_PROC_BIND=true
  For unit testing set OMP_PROC_BIND=false

MPI detected: For OpenMP binding to work as intended, MPI ranks must be bound to exclusive CPU sets.

MPI detected: For OpenMP binding to work as intended, MPI ranks must be bound to exclusive CPU sets.

Kokkos::OpenMP::initialize WARNING: OMP_PROC_BIND environment variable not set
  In general, for best performance with OpenMP 4.0 or better set OMP_PROC_BIND=spread and OMP_PLACES=threads
  For best performance with OpenMP 3.1 set OMP_PROC_BIND=true
  For unit testing set OMP_PROC_BIND=false

MPI detected: For OpenMP binding to work as intended, MPI ranks must be bound to exclusive CPU sets.

terminate called after throwing an instance of 'std::runtime_error'
terminate called after throwing an instance of 'std::runtime_error'
terminate called after throwing an instance of 'std::runtime_error'
terminate called after throwing an instance of 'std::runtime_error'
terminate called after throwing an instance of 'std::runtime_error'
  what():  cudaMalloc() failed with message: out of memory
terminate called after throwing an instance of 'std::runtime_error'
terminate called after throwing an instance of 'std::runtime_error'
terminate called after throwing an instance of 'std::runtime_error'
  what():  cudaMalloc() failed with message: out of memory
terminate called after throwing an instance of 'std::runtime_error'
  what():  cudaMalloc() failed with message: out of memory
  what():  cudaMalloc() failed with message: out of memory
  what():  cudaMalloc() failed with message: out of memory
  what():  cudaMalloc() failed with message: out of memory
[jwb0952:731822] *** Process received signal ***
[jwb0952:731822] Signal: Aborted (6)
[jwb0952:731822] Signal code:  (-6)
  what():  cudaMalloc() failed with message: out of memory
  what():  cudaMalloc() failed with message: out of memory
[jwb0952:731823] *** Process received signal ***
[jwb0952:731823] Signal: Aborted (6)
[jwb0952:731823] Signal code:  (-6)
  what():  cudaMalloc() failed with message: out of memory
[jwb0958:3546781] *** Process received signal ***
[jwb0958:3546781] Signal: Aborted (6)
[jwb0958:3546781] Signal code:  (-6)
[jwb0952:731824] *** Process received signal ***
[jwb0952:731824] Signal: Aborted (6)
[jwb0952:731824] Signal code:  (-6)
[jwb0935:3940871] *** Process received signal ***
[jwb0935:3940871] Signal: Aborted (6)
[jwb0935:3940871] Signal code:  (-6)
[jwb0958:3546780] *** Process received signal ***
[jwb0958:3546780] Signal: Aborted (6)
[jwb0958:3546780] Signal code:  (-6)
terminate called after throwing an instance of 'std::runtime_error'
  what():  cudaMalloc() failed with message: out of memory
[jwb0935:3940870] *** Process received signal ***
[jwb0935:3940870] Signal: Aborted (6)
[jwb0935:3940870] Signal code:  (-6)
[jwb0958:3546783] *** Process received signal ***
[jwb0958:3546783] Signal: Aborted (6)
[jwb0958:3546783] Signal code:  (-6)
[jwb0952:731821] *** Process received signal ***
[jwb0952:731821] Signal: Aborted (6)
[jwb0952:731821] Signal code:  (-6)
[jwb0935:3940868] *** Process received signal ***
[jwb0935:3940868] Signal: Aborted (6)
[jwb0935:3940868] Signal code:  (-6)
terminate called after throwing an instance of 'std::runtime_error'
[jwb0952:731824] [ 0] /usr/lib64/libc.so.6(+0x3fc30)[0x14b2d0660c30]
[jwb0952:731824] [ 1] /usr/lib64/libc.so.6(+0x8d02c)[0x14b2d06ae02c]
[jwb0952:731824] [ 2] /usr/lib64/libc.so.6(raise+0x16)[0x14b2d0660b86]
[jwb0952:731824] [ 3] /usr/lib64/libc.so.6(abort+0xd3)[0x14b2d064a873]
[jwb0952:731824] [ 4] /p/software/default/stages/2026/software/GCCcore/14.3.0/lib64/libstdc++.so.6(+0xadc3d)[0x14b2d0905c3d]
[jwb0952:731824] [ 5] /p/software/default/stages/2026/software/GCCcore/14.3.0/lib64/libstdc++.so.6(+0xbf14a)[0x14b2d091714a]
[jwb0952:731824] [ 6] /p/software/default/stages/2026/software/GCCcore/14.3.0/lib64/libstdc++.so.6(_ZSt10unexpectedv+0x0)[0x14b2d09057e9]
[jwb0952:731824] [ 7] /p/software/default/stages/2026/software/GCCcore/14.3.0/lib64/libstdc++.so.6(+0xbf3c7)[0x14b2d09173c7]
[jwb0952:731824] [ 8] /p/home/jusers/fischill1/juwels/ippl/build_fin/test/FFT/PaperBenchmarks/BenchmarkNUFFT(_ZN6heffte4cuda11check_errorE9cudaErrorPKc+0xb4)[0x460ee4]
terminate called after throwing an instance of 'std::runtime_error'
  what():  cudaMalloc() failed with message: out of memory
  what():  cudaMalloc() failed with message: out of memory
[jwb0952:731824] [ 9] /p/home/jusers/fischill1/juwels/ippl/build_fin/test/FFT/PaperBenc[jwb0935:3940869] *** Process received signal ***
[jwb0958:3546782] *** Process received signal ***
[jwb0958:3546782] Signal: Aborted (6)
[jwb0958:3546782] Signal code:  (-6)
[jwb0935:3940869] Signal: Aborted (6)
[jwb0935:3940869] Signal code:  (-6)
[jwb0958:3546781] [ 0] /usr/lib64/libc.so.6(+0x3fc30)[0x154cf9b85c30]
[jwb0958:3546781] [ 1] /usr/lib64/libc.so.6(+0x8d02c)[0x154cf9bd302c]
[jwb0958:3546781] [ 2] /usr/lib64/libc.so.6(raise+0x16)[0x154cf9b85b86]
[jwb0958:3546781] [ 3] /usr/lib64/libc.so.6(abort+0xd3)[0x154cf9b6f873]
[jwb0958:3546781] [ 4] /p/software/default/stages/2026/software/GCCcore/14.3.0/lib64/libstdc++.so.6(+0xadc3d)[0x154cf9e2ac3d]
[jwb0958:3546781] [ 5] /p/software/default/stages/2026/software/GCCcore/14.3.0/lib64/libstdc++.so.6(+0xbf14a)[0x154cf9e3c14a]
[jwb0958:3546781] [ 6] /p/software/default/stages/2026/software/GCCcore/14.3.0/lib64/libstdc++.so.6(_ZSt10unexpectedv+0x0)[0x154cf9e2a7e9]
[jwb0958:3546781] [ 7] /p/software/default/stages/2026/software/GCCcore/14.3.0/lib64/libstdc++.so.6(+0xbf3c7)[0x154cf9e3c3c7]
[jwb0958:3546781] [ 8] /p/home/jusers/fischill1/juwels/ippl/build_fin/test/FFT/PaperBenchmarks/BenchmarkNUFFT(_ZN6heffte4cuda11check_errorE9cudaErrorPKc+0xb4)[0x460ee4]
[jwb0935:3940870] [ 0] /usr/lib64/libc.so.6(+0x3fc30)[0x14cdeb7efc30]
[jwb0935:3940870] [ 1] /usr/lib64/libc.so.6(+0x8d02c)[0x14cdeb83d02c]
[jwb0935:3940870] [ 2] /usr/lib64/libc.so.6(raise+0x16)[0x14cdeb7efb86]
[jwb0935:3940870] [ 3] /usr/lib64/libc.so.6(abort+0xd3)[0x14cdeb7d9873]
[jwb0935:3940870] [ 4] /p/software/default/stages/2026/software/GCCcore/14.3.0/lib64/libstdc++.so.6(+0xadc3d)[0x14cdeba94c3d]
[jwb0935:3940870] [ 5] /p/software/default/stages/2026/software/GCCcore/14.3.0/lib64/libstdc++.so.6(+0xbf14a)[0x14cdebaa614a]
[jwb0935:3940870] [ 6] /p/software/default/stages/2026/software/GCCcore/14.3.0/lib64/libstdc++.so.6(_ZSt10unexpectedv+0x0)[0x14cdeba947e9]
[jwb0935:3940870] [ 7] /p/software/default/stages/2026/software/GCCcore/14.3.0/lib64/libstdc++.so.6(+0xbf3c7)[0x14cdebaa63c7]
[jwb0935:3940870] [ 8] /p/home/jusers/fischill1/juwels/ippl/build_fin/test/FFT/PaperBenchmarks/BenchmarkNUFFT(_ZN6heffte4cuda11check_errorE9cudaErrorPKc+0xb4)[0x460ee4]
[jwb0958:3546781] [ 9] /p/home/jusers/fischill1/juwels/ippl/build_fin/test/FFT[jwb0935:3940871] [ 0] /usr/lib64/libc.so.6(+0x3fc30)[0x14dcdc736c30]
[jwb0935:3940871] [ 1] /usr/lib64/libc.so.6(+0x8d02c)[0x14dcdc78402c]
[jwb0935:3940871] [ 2] /usr/lib64/libc.so.6(raise+0x16)[0x14dcdc736b86]
[jwb0935:3940871] [ 3] /usr/lib64/libc.so.6(abort+0xd3)[0x14dcdc720873]
[jwb0935:3940871] [ 4] /p/software/default/stages/2026/software/GCCcore/14.3.0/lib64/libstdc++.so.6(+0xadc3d)[0x14dcdc9dbc3d]
[jwb0935:3940871] [ 5] /p/software/default/stages/2026/software/GCCcore/14.3.0/lib64/libstdc++.so.6(+0xbf14a)[0x14dcdc9ed14a]
[jwb0935:3940871] [ 6] /p/software/default/stages/2026/software/GCCcore/14.3.0/lib64/libstdc++.so.6(_ZSt10unexpectedv+0x0)[0x14dcdc9db7e9]
[jwb0935:3940871] [ 7] /p/software/default/stages/2026/software/GCCcore/14.3.0/lib64/libstdc++.so.6(+0xbf3c7)[0x14dcdc9ed3c7]
[jwb0935:3940871] [ 8] /p/home/jusers/fischill1/juwels/ippl/build_fin/test/FFT/PaperBenchmarks/BenchmarkNUFFT(_ZN6heffte4cuda11check_errorE9cudaErrorPKc+0xb4)[0x460ee4]
[jwb0958:3546780] [ 0] /usr/lib64/libc.so.6(+0x3fc30)[0x15051dc2bc30]
[jwb0958:3546780] [ 1] /usr/lib64/libc.so.6(+0x8d02c)[0x15051dc7902c]
[jwb0958:3546780] [ 2] /usr/lib64/libc.so.6(raise+0x16)[0x15051dc2bb86]
[jwb0958:3546780] [ 3] /usr/lib64/libc.so.6(abort+0xd3)[0x15051dc15873]
[jwb0958:3546780] [ 4] /p/software/default/stages/2026/software/GCCcore/14.3.0/lib64/libstdc++.so.6(+0xadc3d)[0x15051ded0c3d]
[jwb0958:3546780] [ 5] /p/software/default/stages/2026/software/GCCcore/14.3.0/lib64/libstdc++.so.6(+0xbf14a)[0x15051dee214a]
[jwb0958:3546780] [ 6] /p/software/default/stages/2026/software/GCCcore/14.3.0/lib64/libstdc++.so.6(_ZSt10unexpectedv+0x0)[0x15051ded07e9]
[jwb0958:3546780] [ 7] /p/software/default/stages/2026/software/GCCcore/14.3.0/lib64/libstdc++.so.6(+0xbf3c7)[0x15051dee23c7]
[jwb0958:3546780] [ 8] /p/home/jusers/fischill1/juwels/ippl/build_fin/test/FFT/PaperBenchmarks/BenchmarkNUFFT(_ZN6heffte4cuda11check_errorE9cudaErrorPKc+0xb4)[0x460ee4]
[jwb0935:3940871] [ 9] /p/home/jusers/fischill1/juwels/ippl/build_fin/test/FFT[jwb0958:3546780] [ 9] /p/home/jusers/fischill1/juwels/ippl/build_fin/test/FFT[jwb0935:3940870] [ 9] /p/home/jusers/fischill1/juwels/ippl/build_fin/test/FFT/PaperBenchmarks/BenchmarkNUFFT[0x56fb96]
[jwb0935:3940870] [10] /p/home/jusers/fischill1/juwels/ippl/build_fin/test/FFT/PaperBenchmarks/BenchmarkNUFFT[0x570c2e]
[jwb0935:3940870] [11] /p/home/jusers/fischill1/juwels/ippl/build_fin/test/FFT/PaperBenchmarks/BenchmarkNUFFT[0x57281e]
[jwb0935:3940870] [12] /p/home/jusers/fischill1/juwels/ippl/build_fin/test/FFT/PaperBenchmarks/BenchmarkNUFFT[0x5733e8]
[jwb0935:3940870] [13] /p/home/jusers/fischill1/juwels/ippl/build_fin/test/FFT/PaperBenchmarks/BenchmarkNUFFT[0x447982]
[jwb0935:3940870] [14] /p/home/jusers/fischill1/juwels/ippl/build_fin/test/FFT/PaperBenchmarks/BenchmarkNUFFT[0x42192b]
[jwb0935:3940870] [15] /usr/lib64/libc.so.6(+0x2a610)[0x14cdeb7da610]
[jwb0935:3940870] [16] /usr/lib64/libc.so.6(__libc_start_main+0x80)[0x14cdeb7da6c0]
[jwb0935:3940870] [17] /p/home/jusers/fischill1/juwels/ippl/build_fin/test/FFT/PaperBenchmarks/BenchmarkNUFFT[0x4221d5]
/PaperBenchmarks/BenchmarkNUFFT[0x56fb96]
[jwb0935:3940870] *** End of error message ***
/PaperBenchmarks/BenchmarkNUFFT[0x56fb96]
[jwb0958:3546780] [10] /p/home/jusers/fischill1/juwels/ippl/build_fin/test/FFT/PaperBenchmarks/BenchmarkNUFFT[0x570c2e]
[jwb0958:3546780] [11] /p/home/jusers/fischill1/juwels/ippl/build_fin/test/FFT/PaperBenchmarks/BenchmarkNUFFT[0x57281e]
[jwb0958:3546780] [12] /p/home/jusers/fischill1/juwels/ippl/build_fin/test/FFT/PaperBenchmarks/BenchmarkNUFFT[0x5733e8]
[jwb0952:731822] [ 0] /usr/lib64/libc.so.6(+0x3fc30)[0x145aa7c71c30]
[jwb0952:731822] [ 1] /usr/lib64/libc.so.6(+0x8d02c)[0x145aa7cbf02c]
[jwb0952:731822] [ 2] /usr/lib64/libc.so.6(raise+0x16)[0x145aa7c71b86]
[jwb0952:731822] [ 3] /usr/lib64/libc.so.6(abort+0xd3)[0x145aa7c5b873]
[jwb0952:731822] [ 4] /p/software/default/stages/2026/software/GCCcore/14.3.0/lib64/libstdc++.so.6(+0xadc3d)[0x145aa7f16c3d]
[jwb0952:731822] [ 5] /p/software/default/stages/2026/software/GCCcore/14.3.0/lib64/libstdc++.so.6(+0xbf14a)[0x145aa7f2814a]
[jwb0952:731822] [ 6] /p/software/default/stages/2026/software/GCCcore/14.3.0/lib64/libstdc++.so.6(_ZSt10unexpectedv+0x0)[0x145aa7f167e9]
[jwb0952:731822] [ 7] /p/software/default/stages/2026/software/GCCcore/14.3.0/lib64/libstdc++.so.6(+0xbf3c7)[0x145aa7f283c7]
[jwb0952:731822] [ 8] /p/home/jusers/fischill1/juwels/ippl/build_fin/test/FFT/PaperBenchmarks/BenchmarkNUFFT(_ZN6heffte4cuda11check_errorE9cudaErrorPKc+0xb4)[0x460ee4]
[jwb0935:3940868] [ 0] /usr/lib64/libc.so.6(+0x3fc30)[0x153bab829c30]
[jwb0935:3940868] [ 1] /usr/lib64/libc.so.6(+0x8d02c)[0x153bab87702c]
[jwb0935:3940868] [ 2] /usr/lib64/libc.so.6(raise+0x16)[0x153bab829b86]
[jwb0935:3940868] [ 3] /usr/lib64/libc.so.6(abort+0xd3)[0x153bab813873]
[jwb0935:3940868] [ 4] /p/software/default/stages/2026/software/GCCcore/14.3.0/lib64/libstdc++.so.6(+0xadc3d)[0x153babacec3d]
[jwb0935:3940868] [ 5] /p/software/default/stages/2026/software/GCCcore/14.3.0/lib64/libstdc++.so.6(+0xbf14a)[0x153babae014a]
[jwb0935:3940868] [ 6] /p/software/default/stages/2026/software/GCCcore/14.3.0/lib64/libstdc++.so.6(_ZSt10unexpectedv+0x0)[0x153babace7e9]
[jwb0935:3940868] [ 7] /p/software/default/stages/2026/software/GCCcore/14.3.0/lib64/libstdc++.so.6(+0xbf3c7)[0x153babae03c7]
[jwb0935:3940868] [ 8] /p/home/jusers/fischill1/juwels/ippl/build_fin/test/FFT/PaperBenchmarks/BenchmarkNUFFT(_ZN6heffte4cuda11check_errorE9cudaErrorPKc+0xb4)[0x460ee4]
[jwb0958:3546781] [10] /p/home/jusers/fischill1/juwels/ippl/build_fin/test/FFT/PaperBenchmarks/BenchmarkNUFFT[0x570c2e]
[jwb0958:3546781] [11] /p/home/jusers/fischill1/juwels/ippl/build_fin/test/FFT/PaperBenchmarks/BenchmarkNUFFT[0x57281e]
[jwb0958:3546781] [12] /p/home/jusers/fischill1/juwels/ippl/build_fin/test/FFT/PaperBenchmarks/BenchmarkNUFFT[0x5733e8]
[jwb0952:731822] [ 9] /p/home/jusers/fischill1/juwels/ippl/build_fin/test/FFT/PaperBenc[jwb0935:3940868] [ 9] /p/home/jusers/fischill1/juwels/ippl/build_fin/test/FFT[jwb0958:3546783] [ 0] /usr/lib64/libc.so.6(+0x3fc30)[0x1523f62bcc30]
[jwb0958:3546783] [ 1] /usr/lib64/libc.so.6(+0x8d02c)[0x1523f630a02c]
[jwb0958:3546783] [ 2] /usr/lib64/libc.so.6(raise+0x16)[0x1523f62bcb86]
[jwb0958:3546783] [ 3] /usr/lib64/libc.so.6(abort+0xd3)[0x1523f62a6873]
[jwb0958:3546783] [ 4] /p/software/default/stages/2026/software/GCCcore/14.3.0/lib64/libstdc++.so.6(+0xadc3d)[0x1523f6561c3d]
[jwb0958:3546783] [ 5] /p/software/default/stages/2026/software/GCCcore/14.3.0/lib64/libstdc++.so.6(+0xbf14a)[0x1523f657314a]
[jwb0958:3546783] [ 6] /p/software/default/stages/2026/software/GCCcore/14.3.0/lib64/libstdc++.so.6(_ZSt10unexpectedv+0x0)[0x1523f65617e9]
[jwb0958:3546783] [ 7] /p/software/default/stages/2026/software/GCCcore/14.3.0/lib64/libstdc++.so.6(+0xbf3c7)[0x1523f65733c7]
[jwb0958:3546783] [ 8] /p/home/jusers/fischill1/juwels/ippl/build_fin/test/FFT/PaperBenchmarks/BenchmarkNUFFT(_ZN6heffte4cuda11check_errorE9cudaErrorPKc+0xb4)[0x460ee4]
hmarks/BenchmarkNUFFT[0x56fb96]
[jwb0952:731824] [10] /p/home/jusers/fischill1/juwels/ippl/build_fin/test/FFT/PaperBenchmarks/BenchmarkNUFFT[0x570c2e]
/PaperBenchmarks/BenchmarkNUFFT[0x56fb96]
[jwb0935:3940871] [10] /p/home/jusers/fischill1/juwels/ippl/build_fin/test/FFT/PaperBenchmarks/BenchmarkNUFFT[0x570c2e]
[jwb0935:3940871] [11] /p/home/jusers/fischill1/juwels/ippl/build_fin/test/FFT/PaperBenchmarks/BenchmarkNUFFT[0x57281e]
[jwb0935:3940871] [12] /p/home/jusers/fischill1/juwels/ippl/build_fin/test/FFT/PaperBenchmarks/BenchmarkNUFFT[0x5733e8]
[jwb0935:3940871] [13] /p/home/jusers/fischill1/juwels/ippl/build_fin/test/FFT/PaperBenchmarks/BenchmarkNUFFT[0x447982]
[jwb0935:3940871] [14] /p/home/jusers/fischill1/juwels/ippl/build_fin/test/FFT/PaperBenchmarks/BenchmarkNUFFT[0x42192b]
[jwb0935:3940871] [15] /usr/lib64/libc.so.6(+0x2a610)[0x14dcdc721610]
[jwb0935:3940871] [16] /usr/lib64/libc.so.6(__libc_start_main+0x80)[0x14dcdc7216c0]
[jwb0935:3940871] [17] /p/home/jusers/fischill1/juwels/ippl/build_fin/test/FFT/PaperBenchmarks/BenchmarkNUFFT[0x4221d5]
[jwb0935:3940871] *** End of error message ***
[jwb0958:3546783] [ 9] /p/home/jusers/fischill1/juwels/ippl/build_fin/test/FFThmarks/BenchmarkNUFFT[0x56fb96]
[jwb0952:731822] [10] /p/home/jusers/fischill1/juwels/ippl/build_fin/test/FFT/PaperBenchmarks/BenchmarkNUFFT[0x570c2e]
[jwb0952:731822] [11] /p/home/jusers/fischill1/juwels/ippl/build_fin/test/FFT/PaperBenchmarks/BenchmarkNUFFT[0x57281e]
/PaperBenchmarks/BenchmarkNUFFT[0x56fb96]
[jwb0935:3940868] [10] /p/home/jusers/fischill1/juwels/ippl/build_fin/test/FFT/PaperBenchmarks/BenchmarkNUFFT[0x570c2e]
[jwb0935:3940868] [11] /p/home/jusers/fischill1/juwels/ippl/build_fin/test/FFT/PaperBenchmarks/BenchmarkNUFFT[0x57281e]
[jwb0935:3940868] [12] /p/home/jusers/fischill1/juwels/ippl/build_fin/test/FFT/PaperBenchmarks/BenchmarkNUFFT[0x5733e8]
[jwb0935:3940868] [13] /p/home/jusers/fischill1/juwels/ippl/build_fin/test/FFT/PaperBenchmarks/BenchmarkNUFFT[0x447982]
[jwb0935:3940868] [14] /p/home/jusers/fischill1/juwels/ippl/build_fin/test/FFT/PaperBenchmarks/BenchmarkNUFFT[0x42192b]
[jwb0935:3940868] [15] /usr/lib64/libc.so.6(+0x2a610)[0x153bab814610]
[jwb0935:3940868] [16] /usr/lib64/libc.so.6(__libc_start_main+0x80)[0x153bab8146c0]
[jwb0935:3940868] [17] /p/home/jusers/fischill1/juwels/ippl/build_fin/test/FFT/PaperBenchmarks/BenchmarkNUFFT[0x4221d5]
[jwb0935:3940868] *** End of error message ***
[jwb0958:3546780] [13] /p/home/jusers/fischill1/juwels/ippl/build_fin/test/FFT/PaperBenchmarks/BenchmarkNUFFT[0x447982]
[jwb0958:3546780] [14] /p/home/jusers/fischill1/juwels/ippl/build_fin/test/FFT/PaperBenchmarks/BenchmarkNUFFT[0x42192b]
[jwb0958:3546780] [15] /usr/lib64/libc.so.6(+0x2a610)[0x15051dc16610]
[jwb0958:3546780] [16] /usr/lib64/libc.so.6(__libc_start_main+0x80)[0x15051dc166c0]
[jwb0958:3546780] [17] /p/home/jusers/fischill1/juwels/ippl/build_fin/test/FFT/PaperBenchmarks/BenchmarkNUFFT[0x4221d5]
[jwb0958:3546780] *** End of error message ***
[jwb0952:731824] [11] /p/home/jusers/fischill1/juwels/ippl/build_fin/test/FFT/PaperBenchmarks/BenchmarkNUFFT[0x57281e]
[jwb0952:731824] [12] /p/home/jusers/fischill1/juwels/ippl/build_fin/test/FFT/PaperBenchmarks/BenchmarkNUFFT[0x5733e8]
[jwb0952:731824] [13] /p/home/jusers/fischill1/juwels/ippl/build_fin/test/FFT/PaperBenchmarks/BenchmarkNUFFT[0x447982]
[jwb0952:731824] [14] /p/home/jusers/fischill1/juwels/ippl/build_fin/test/FFT/PaperBenchmarks/BenchmarkNUFFT[0x42192b]
[jwb0952:731824] [15] /usr/lib64/libc.so.6(+0x2a610)[0x14b2d064b610]
[jwb0952:731824] [16] /usr/lib64/libc.so.6(__libc_start_main+0x80)[0x14b2d064b6c0]
[jwb0952:731824] [17] /p/home/jusers/fischill1/juwels/ippl/build_fin/test/FFT/PaperBenchmarks/BenchmarkNUFFT[0x4221d5]
[jwb0952:731824] *** End of error message ***
[jwb0935:3940869] [ 0] /usr/lib64/libc.so.6(+0x3fc30)[0x14b1f13a2c30]
[jwb0935:3940869] [ 1] /usr/lib64/libc.so.6(+0x8d02c)[0x14b1f13f002c]
[jwb0935:3940869] [ 2] /usr/lib64/libc.so.6(raise+0x16)[0x14b1f13a2b86]
[jwb0935:3940869] [ 3] /usr/lib64/libc.so.6(abort+0xd3)[0x14b1f138c873]
[jwb0935:3940869] [ 4] /p/software/default/stages/2026/software/GCCcore/14.3.0/lib64/libstdc++.so.6(+0xadc3d)[0x14b1f1647c3d]
[jwb0935:3940869] [ 5] /p/software/default/stages/2026/software/GCCcore/14.3.0/lib64/libstdc++.so.6(+0xbf14a)[0x14b1f165914a]
[jwb0935:3940869] [ 6] /p/software/default/stages/2026/software/GCCcore/14.3.0/lib64/libstdc++.so.6(_ZSt10unexpectedv+0x0)[0x14b1f16477e9]
[jwb0935:3940869] [ 7] /p/software/default/stages/2026/software/GCCcore/14.3.0/lib64/libstdc++.so.6(+0xbf3c7)[0x14b1f16593c7]
[jwb0935:3940869] [ 8] /p/home/jusers/fischill1/juwels/ippl/build_fin/test/FFT/PaperBenchmarks/BenchmarkNUFFT(_ZN6heffte4cuda11check_errorE9cudaErrorPKc+0xb4)[0x460ee4]
[jwb0958:3546781] [13] /p/home/jusers/fischill1/juwels/ippl/build_fin/test/FFT/PaperBenchmarks/BenchmarkNUFFT[0x447982]
[jwb0952:731822] [12] /p/home/jusers/fischill1/juwels/ippl/build_fin/test/FFT/PaperBenchmarks/BenchmarkNUFFT[0x5733e8]
[jwb0952:731822] [13] /p/home/jusers/fischill1/juwels/ippl/build_fin/test/FFT/PaperBenchmarks/BenchmarkNUFFT[0x447982]
[jwb0952:731822] [14] /p/home/jusers/fischill1/juwels/ippl/build_fin/test/FFT/PaperBenchmarks/BenchmarkNUFFT[0x42192b]
[jwb0952:731822] [15] /usr/lib64/libc.so.6(+0x2a610)[0x145aa7c5c610]
[jwb0952:731822] [16] /usr/lib64/libc.so.6(__libc_start_main+0x80)[0x145aa7c5c6c0]
[jwb0952:731822] [17] /p/home/jusers/fischill1/juwels/ippl/build_fin/test/FFT/PaperBenchmarks/BenchmarkNUFFT[0x4221d5]
[jwb0935:3940869] [ 9] /p/home/jusers/fischill1/juwels/ippl/build_fin/test/FFT/PaperBenchmarks/BenchmarkNUFFT[0x56fb96]
[jwb0958:3546783] [10] /p/home/jusers/fischill1/juwels/ippl/build_fin/test/FFT/PaperBenchmarks/BenchmarkNUFFT[0x570c2e]
[jwb0958:3546783] [11] /p/home/jusers/fischill1/juwels/ippl/build_fin/test/FFT/PaperBenchmarks/BenchmarkNUFFT[0x57281e]
[jwb0958:3546783] [12] /p/home/jusers/fischill1/juwels/ippl/build_fin/test/FFT/PaperBenchmarks/BenchmarkNUFFT[0x5733e8]
[jwb0958:3546783] [13] /p/home/jusers/fischill1/juwels/ippl/build_fin/test/FFT/PaperBenchmarks/BenchmarkNUFFT[0x447982]
[jwb0958:3546783] [14] /p/home/jusers/fischill1/juwels/ippl/build_fin/test/FFT/PaperBenchmarks/BenchmarkNUFFT[0x42192b]
[jwb0958:3546783] [15] /usr/lib64/libc.so.6(+0x2a610)[0x1523f62a7610]
[jwb0958:3546783] [16] /usr/lib64/libc.so.6(__libc_start_main+0x80)[0x1523f62a76c0]
[jwb0958:3546783] [17] /p/home/jusers/fischill1/juwels/ippl/build_fin/test/FFT/PaperBenchmarks/BenchmarkNUFFT[0x4221d5]
[jwb0958:3546783] *** End of error message ***
[jwb0952:731823] [ 0] /usr/lib64/libc.so.6(+0x3fc30)[0x145845d0cc30]
[jwb0952:731823] [ 1] /usr/lib64/libc.so.6(+0x8d02c)[0x145845d5a02c]
[jwb0952:731823] [ 2] /usr/lib64/libc.so.6(raise+0x16)[0x145845d0cb86]
[jwb0952:731823] [ 3] /usr/lib64/libc.so.6(abort+0xd3)[0x145845cf6873]
[jwb0952:731823] [ 4] /p/software/default/stages/2026/software/GCCcore/14.3.0/lib64/libstdc++.so.6(+0xadc3d)[0x145845fb1c3d]
[jwb0952:731823] [ 5] /p/software/default/stages/2026/software/GCCcore/14.3.0/lib64/libstdc++.so.6(+0xbf14a)[0x145845fc314a]
[jwb0952:731823] [ 6] /p/software/default/stages/2026/software/GCCcore/14.3.0/lib64/libstdc++.so.6(_ZSt10unexpectedv+0x0)[0x145845fb17e9]
[jwb0952:731823] [ 7] /p/software/default/stages/2026/software/GCCcore/14.3.0/lib64/libstdc++.so.6(+0xbf3c7)[0x145845fc33c7]
[jwb0952:731823] [ 8] /p/home/jusers/fischill1/juwels/ippl/build_fin/test/FFT/PaperBenchmarks/BenchmarkNUFFT(_ZN6heffte4cuda11check_errorE9cudaErrorPKc+0xb4)[0x460ee4]
/PaperBenchmarks/BenchmarkNUFFT[0x56fb96]
[jwb0935:3940869] [10] /p/home/jusers/fischill1/juwels/ippl/build_fin/test/FFT/PaperBenchmarks/BenchmarkNUFFT[0x570c2e]
[jwb0935:3940869] [11] /p/home/jusers/fischill1/juwels/ippl/build_fin/test/FFT/PaperBenchmarks/BenchmarkNUFFT[0x57281e]
[jwb0935:3940869] [12] /p/home/jusers/fischill1/juwels/ippl/build_fin/test/FFT/PaperBenchmarks/BenchmarkNUFFT[0x5733e8]
[jwb0935:3940869] [13] /p/home/jusers/fischill1/juwels/ippl/build_fin/test/FFT/PaperBenchmarks/BenchmarkNUFFT[0x447982]
[jwb0935:3940869] [14] /p/home/jusers/fischill1/juwels/ippl/build_fin/test/FFT/PaperBenchmarks/BenchmarkNUFFT[0x42192b]
[jwb0935:3940869] [15] /usr/lib64/libc.so.6(+0x2a610)[0x14b1f138d610]
[jwb0935:3940869] [16] /usr/lib64/libc.so.6(__libc_start_main+0x80)[0x14b1f138d6c0]
[jwb0935:3940869] [17] /p/home/jusers/fischill1/juwels/ippl/build_fin/test/FFT/PaperBenchmarks/BenchmarkNUFFT[0x4221d5]
[jwb0935:3940869] *** End of error message ***
[jwb0958:3546782] [ 0] /usr/lib64/libc.so.6(+0x3fc30)[0x14d1484a4c30]
[jwb0958:3546782] [ 1] /usr/lib64/libc.so.6(+0x8d02c)[0x14d1484f202c]
[jwb0958:3546782] [ 2] /usr/lib64/libc.so.6(raise+0x16)[0x14d1484a4b86]
[jwb0958:3546782] [ 3] /usr/lib64/libc.so.6(abort+0xd3)[0x14d14848e873]
[jwb0958:3546782] [ 4] /p/software/default/stages/2026/software/GCCcore/14.3.0/lib64/libstdc++.so.6(+0xadc3d)[0x14d148749c3d]
[jwb0958:3546782] [ 5] /p/software/default/stages/2026/software/GCCcore/14.3.0/lib64/libstdc++.so.6(+0xbf14a)[0x14d14875b14a]
[jwb0958:3546782] [ 6] /p/software/default/stages/2026/software/GCCcore/14.3.0/lib64/libstdc++.so.6(_ZSt10unexpectedv+0x0)[0x14d1487497e9]
[jwb0958:3546782] [ 7] /p/software/default/stages/2026/software/GCCcore/14.3.0/lib64/libstdc++.so.6(+0xbf3c7)[0x14d14875b3c7]
[jwb0958:3546782] [ 8] /p/home/jusers/fischill1/juwels/ippl/build_fin/test/FFT/PaperBenchmarks/BenchmarkNUFFT(_ZN6heffte4cuda11check_errorE9cudaErrorPKc+0xb4)[0x460ee4]
[jwb0952:731823] [ 9] /p/home/jusers/fischill1/juwels/ippl/build_fin/test/FFT/PaperBenc[jwb0958:3546782] [ 9] /p/home/jusers/fischill1/juwels/ippl/build_fin/test/FFT[jwb0952:731822] *** End of error message ***
[jwb0958:3546781] [14] /p/home/jusers/fischill1/juwels/ippl/build_fin/test/FFT/PaperBenchmarks/BenchmarkNUFFT[0x42192b]
hmarks/BenchmarkNUFFT[0x56fb96]
[jwb0952:731823] [10] /p/home/jusers/fischill1/juwels/ippl/build_fin/test/FFT/PaperBenchmarks/BenchmarkNUFFT[0x570c2e]
[jwb0952:731823] [11] /p/home/jusers/fischill1/juwels/ippl/build_fin/test/FFT/PaperBenchmarks/BenchmarkNUFFT[0x57281e]
[jwb0952:731823] [12] /p/home/jusers/fischill1/juwels/ippl/build_fin/test/FFT/PaperBenchmarks/BenchmarkNUFFT[0x5733e8]
[jwb0952:731823] [13] /p/home/jusers/fischill1/juwels/ippl/build_fin/test/FFT/PaperBenchmarks/BenchmarkNUFFT[0x447982]
[jwb0952:731823] [14] /p/home/jusers/fischill1/juwels/ippl/build_fin/test/FFT/PaperBenchmarks/BenchmarkNUFFT[0x42192b]
[jwb0952:731823] [15] /usr/lib64/libc.so.6(+0x2a610)[0x145845cf7610]
[jwb0952:731823] [16] /usr/lib64/libc.so.6(__libc_start_main+0x80)[0x145845cf76c0]
[jwb0952:731823] [17] /p/home/jusers/fischill1/juwels/ippl/build_fin/test/FFT/PaperBenchmarks/BenchmarkNUFFT[0x4221d5]
[jwb0952:731823] *** End of error message ***
/PaperBenchmarks/BenchmarkNUFFT[0x56fb96]
[jwb0958:3546782] [10] /p/home/jusers/fischill1/juwels/ippl/build_fin/test/FFT/PaperBenchmarks/BenchmarkNUFFT[0x570c2e]
[jwb0958:3546782] [11] /p/home/jusers/fischill1/juwels/ippl/build_fin/test/FFT/PaperBenchmarks/BenchmarkNUFFT[0x57281e]
[jwb0958:3546782] [12] /p/home/jusers/fischill1/juwels/ippl/build_fin/test/FFT/PaperBenchmarks/BenchmarkNUFFT[0x5733e8]
[jwb0958:3546782] [13] /p/home/jusers/fischill1/juwels/ippl/build_fin/test/FFT/PaperBenchmarks/BenchmarkNUFFT[0x447982]
[jwb0958:3546782] [14] /p/home/jusers/fischill1/juwels/ippl/build_fin/test/FFT/PaperBenchmarks/BenchmarkNUFFT[0x42192b]
[jwb0958:3546782] [15] /usr/lib64/libc.so.6(+0x2a610)[0x14d14848f610]
[jwb0958:3546782] [16] /usr/lib64/libc.so.6(__libc_start_main+0x80)[0x14d14848f6c0]
[jwb0958:3546782] [17] /p/home/jusers/fischill1/juwels/ippl/build_fin/test/FFT/PaperBenchmarks/BenchmarkNUFFT[0x4221d5]
[jwb0958:3546782] *** End of error message ***
[jwb0952:731821] [ 0] /usr/lib64/libc.so.6(+0x3fc30)[0x148c3a5e6c30]
[jwb0952:731821] [ 1] /usr/lib64/libc.so.6(+0x8d02c)[0x148c3a63402c]
[jwb0952:731821] [ 2] /usr/lib64/libc.so.6(raise+0x16)[0x148c3a5e6b86]
[jwb0952:731821] [ 3] /usr/lib64/libc.so.6(abort+0xd3)[0x148c3a5d0873]
[jwb0952:731821] [ 4] /p/software/default/stages/2026/software/GCCcore/14.3.0/lib64/libstdc++.so.6(+0xadc3d)[0x148c3a88bc3d]
[jwb0952:731821] [ 5] /p/software/default/stages/2026/software/GCCcore/14.3.0/lib64/libstdc++.so.6(+0xbf14a)[0x148c3a89d14a]
[jwb0952:731821] [ 6] /p/software/default/stages/2026/software/GCCcore/14.3.0/lib64/libstdc++.so.6(_ZSt10unexpectedv+0x0)[0x148c3a88b7e9]
[jwb0952:731821] [ 7] /p/software/default/stages/2026/software/GCCcore/14.3.0/lib64/libstdc++.so.6(+0xbf3c7)[0x148c3a89d3c7]
[jwb0952:731821] [ 8] /p/home/jusers/fischill1/juwels/ippl/build_fin/test/FFT/PaperBenchmarks/BenchmarkNUFFT(_ZN6heffte4cuda11check_errorE9cudaErrorPKc+0xb4)[0x460ee4]
[jwb0958:3546781] [15] /usr/lib64/libc.so.6(+0x2a610)[0x154cf9b70610]
[jwb0958:3546781] [16] /usr/lib64/libc.so.6(__libc_start_main+0x80)[0x154cf9b706c0]
[jwb0958:3546781] [17] /p/home/jusers/fischill1/juwels/ippl/build_fin/test/FFT/PaperBenchmarks/BenchmarkNUFFT[0x4221d5]
[jwb0952:731821] [ 9] /p/home/jusers/fischill1/juwels/ippl/build_fin/test/FFT/PaperBenc[jwb0958:3546781] *** End of error message ***
hmarks/BenchmarkNUFFT[0x56fb96]
[jwb0952:731821] [10] /p/home/jusers/fischill1/juwels/ippl/build_fin/test/FFT/PaperBenchmarks/BenchmarkNUFFT[0x570c2e]
[jwb0952:731821] [11] /p/home/jusers/fischill1/juwels/ippl/build_fin/test/FFT/PaperBenchmarks/BenchmarkNUFFT[0x57281e]
[jwb0952:731821] [12] /p/home/jusers/fischill1/juwels/ippl/build_fin/test/FFT/PaperBenchmarks/BenchmarkNUFFT[0x5733e8]
[jwb0952:731821] [13] /p/home/jusers/fischill1/juwels/ippl/build_fin/test/FFT/PaperBenchmarks/BenchmarkNUFFT[0x447982]
[jwb0952:731821] [14] /p/home/jusers/fischill1/juwels/ippl/build_fin/test/FFT/PaperBenchmarks/BenchmarkNUFFT[0x42192b]
[jwb0952:731821] [15] /usr/lib64/libc.so.6(+0x2a610)[0x148c3a5d1610]
[jwb0952:731821] [16] /usr/lib64/libc.so.6(__libc_start_main+0x80)[0x148c3a5d16c0]
[jwb0952:731821] [17] /p/home/jusers/fischill1/juwels/ippl/build_fin/test/FFT/PaperBenchmarks/BenchmarkNUFFT[0x4221d5]
[jwb0952:731821] *** End of error message ***
terminate called after throwing an instance of 'std::runtime_error'
  what():  cudaMalloc() failed with message: out of memory
terminate called after throwing an instance of 'std::runtime_error'
  what():  cudaMalloc() failed with message: out of memory
[jwb0940:4186006] *** Process received signal ***
[jwb0940:4186006] Signal: Aborted (6)
[jwb0940:4186006] Signal code:  (-6)
terminate called after throwing an instance of 'std::runtime_error'
  what():  cudaMalloc() failed with message: out of memory
[jwb0953:3440881] *** Process received signal ***
[jwb0953:3440881] Signal: Aborted (6)
[jwb0953:3440881] Signal code:  (-6)
[jwb0933:2963724] *** Process received signal ***
[jwb0933:2963724] Signal: Aborted (6)
[jwb0933:2963724] Signal code:  (-6)
[jwb0940:4186006] [ 0] /usr/lib64/libc.so.6(+0x3fc30)[0x150c2c7b5c30]
[jwb0940:4186006] [ 1] /usr/lib64/libc.so.6(+0x8d02c)[0x150c2c80302c]
[jwb0940:4186006] [ 2] /usr/lib64/libc.so.6(raise+0x16)[0x150c2c7b5b86]
[jwb0940:4186006] [ 3] /usr/lib64/libc.so.6(abort+0xd3)[0x150c2c79f873]
[jwb0940:4186006] [ 4] /p/software/default/stages/2026/software/GCCcore/14.3.0/lib64/libstdc++.so.6(+0xadc3d)[0x150c2ca5ac3d]
[jwb0940:4186006] [ 5] /p/software/default/stages/2026/software/GCCcore/14.3.0/lib64/libstdc++.so.6(+0xbf14a)[0x150c2ca6c14a]
[jwb0940:4186006] [ 6] /p/software/default/stages/2026/software/GCCcore/14.3.0/lib64/libstdc++.so.6(_ZSt10unexpectedv+0x0)[0x150c2ca5a7e9]
[jwb0940:4186006] [ 7] /p/software/default/stages/2026/software/GCCcore/14.3.0/lib64/libstdc++.so.6(+0xbf3c7)[0x150c2ca6c3c7]
[jwb0940:4186006] [ 8] /p/home/jusers/fischill1/juwels/ippl/build_fin/test/FFT/PaperBenchmarks/BenchmarkNUFFT(_ZN6heffte4cuda11check_errorE9cudaErrorPKc+0xb4)[0x460ee4]
[jwb0953:3440881] [ 0] /usr/lib64/libc.so.6(+0x3fc30)[0x14b4544e9c30]
[jwb0953:3440881] [ 1] /usr/lib64/libc.so.6(+0x8d02c)[0x14b45453702c]
[jwb0953:3440881] [ 2] /usr/lib64/libc.so.6(raise+0x16)[0x14b4544e9b86]
[jwb0953:3440881] [ 3] /usr/lib64/libc.so.6(abort+0xd3)[0x14b4544d3873]
[jwb0953:3440881] [ 4] /p/software/default/stages/2026/software/GCCcore/14.3.0/lib64/libstdc++.so.6(+0xadc3d)[0x14b45478ec3d]
[jwb0953:3440881] [ 5] /p/software/default/stages/2026/software/GCCcore/14.3.0/lib64/libstdc++.so.6(+0xbf14a)[0x14b4547a014a]
[jwb0953:3440881] [ 6] /p/software/default/stages/2026/software/GCCcore/14.3.0/lib64/libstdc++.so.6(_ZSt10unexpectedv+0x0)[0x14b45478e7e9]
[jwb0953:3440881] [ 7] /p/software/default/stages/2026/software/GCCcore/14.3.0/lib64/libstdc++.so.6(+0xbf3c7)[0x14b4547a03c7]
[jwb0953:3440881] [ 8] /p/home/jusers/fischill1/juwels/ippl/build_fin/test/FFT/PaperBenchmarks/BenchmarkNUFFT(_ZN6heffte4cuda11check_errorE9cudaErrorPKc+0xb4)[0x460ee4]
[jwb0933:2963724] [ 0] /usr/lib64/libc.so.6(+0x3fc30)[0x14c6a8a66c30]
[jwb0933:2963724] [ 1] /usr/lib64/libc.so.6(+0x8d02c)[0x14c6a8ab402c]
[jwb0933:2963724] [ 2] /usr/lib64/libc.so.6(raise+0x16)[0x14c6a8a66b86]
[jwb0933:2963724] [ 3] /usr/lib64/libc.so.6(abort+0xd3)[0x14c6a8a50873]
[jwb0933:2963724] [ 4] /p/software/default/stages/2026/software/GCCcore/14.3.0/lib64/libstdc++.so.6(+0xadc3d)[0x14c6a8d0bc3d]
[jwb0933:2963724] [ 5] /p/software/default/stages/2026/software/GCCcore/14.3.0/lib64/libstdc++.so.6(+0xbf14a)[0x14c6a8d1d14a]
[jwb0933:2963724] [ 6] /p/software/default/stages/2026/software/GCCcore/14.3.0/lib64/libstdc++.so.6(_ZSt10unexpectedv+0x0)[0x14c6a8d0b7e9]
[jwb0933:2963724] [ 7] /p/software/default/stages/2026/software/GCCcore/14.3.0/lib64/libstdc++.so.6(+0xbf3c7)[0x14c6a8d1d3c7]
[jwb0933:2963724] [ 8] /p/home/jusers/fischill1/juwels/ippl/build_fin/test/FFT/PaperBenchmarks/BenchmarkNUFFT(_ZN6heffte4cuda11check_errorE9cudaErrorPKc+0xb4)[0x460ee4]
[jwb0953:3440881] [ 9] /p/home/jusers/fischill1/juwels/ippl/build_fin/test/FFT[jwb0940:4186006] [ 9] /p/home/jusers/fischill1/juwels/ippl/build_fin/test/FFT[jwb0933:2963724] [ 9] /p/home/jusers/fischill1/juwels/ippl/build_fin/test/FFT/PaperBenchmarks/BenchmarkNUFFT[0x56fb96]
[jwb0953:3440881] [10] /p/home/jusers/fischill1/juwels/ippl/build_fin/test/FFT/PaperBenchmarks/BenchmarkNUFFT[0x570c2e]
[jwb0953:3440881] [11] /p/home/jusers/fischill1/juwels/ippl/build_fin/test/FFT/PaperBenchmarks/BenchmarkNUFFT[0x57281e]
[jwb0953:3440881] [12] /p/home/jusers/fischill1/juwels/ippl/build_fin/test/FFT/PaperBenchmarks/BenchmarkNUFFT[0x5733e8]
[jwb0953:3440881] [13] /p/home/jusers/fischill1/juwels/ippl/build_fin/test/FFT/PaperBenchmarks/BenchmarkNUFFT[0x447982]
[jwb0953:3440881] [14] /p/home/jusers/fischill1/juwels/ippl/build_fin/test/FFT/PaperBenchmarks/BenchmarkNUFFT[0x42192b]
[jwb0953:3440881] [15] /usr/lib64/libc.so.6(+0x2a610)[0x14b4544d4610]
[jwb0953:3440881] [16] /usr/lib64/libc.so.6(__libc_start_main+0x80)[0x14b4544d46c0]
[jwb0953:3440881] [17] /p/home/jusers/fischill1/juwels/ippl/build_fin/test/FFT/PaperBenchmarks/BenchmarkNUFFT[0x4221d5]
[jwb0953:3440881] *** End of error message ***
/PaperBenchmarks/BenchmarkNUFFT[0x56fb96]
[jwb0940:4186006] [10] /p/home/jusers/fischill1/juwels/ippl/build_fin/test/FFT/PaperBenchmarks/BenchmarkNUFFT[0x570c2e]
[jwb0940:4186006] [11] /p/home/jusers/fischill1/juwels/ippl/build_fin/test/FFT/PaperBenchmarks/BenchmarkNUFFT[0x57281e]
[jwb0940:4186006] [12] /p/home/jusers/fischill1/juwels/ippl/build_fin/test/FFT/PaperBenchmarks/BenchmarkNUFFT[0x5733e8]
[jwb0940:4186006] [13] /p/home/jusers/fischill1/juwels/ippl/build_fin/test/FFT/PaperBenchmarks/BenchmarkNUFFT[0x447982]
[jwb0940:4186006] [14] /p/home/jusers/fischill1/juwels/ippl/build_fin/test/FFT/PaperBenchmarks/BenchmarkNUFFT[0x42192b]
[jwb0940:4186006] [15] /usr/lib64/libc.so.6(+0x2a610)[0x150c2c7a0610]
[jwb0940:4186006] [16] /usr/lib64/libc.so.6(__libc_start_main+0x80)[0x150c2c7a06c0]
[jwb0940:4186006] [17] /p/home/jusers/fischill1/juwels/ippl/build_fin/test/FFT/PaperBenchmarks/BenchmarkNUFFT[0x4221d5]
[jwb0940:4186006] *** End of error message ***
/PaperBenchmarks/BenchmarkNUFFT[0x56fb96]
[jwb0933:2963724] [10] /p/home/jusers/fischill1/juwels/ippl/build_fin/test/FFT/PaperBenchmarks/BenchmarkNUFFT[0x570c2e]
[jwb0933:2963724] [11] /p/home/jusers/fischill1/juwels/ippl/build_fin/test/FFT/PaperBenchmarks/BenchmarkNUFFT[0x57281e]
[jwb0933:2963724] [12] /p/home/jusers/fischill1/juwels/ippl/build_fin/test/FFT/PaperBenchmarks/BenchmarkNUFFT[0x5733e8]
[jwb0933:2963724] [13] /p/home/jusers/fischill1/juwels/ippl/build_fin/test/FFT/PaperBenchmarks/BenchmarkNUFFT[0x447982]
[jwb0933:2963724] [14] /p/home/jusers/fischill1/juwels/ippl/build_fin/test/FFT/PaperBenchmarks/BenchmarkNUFFT[0x42192b]
[jwb0933:2963724] [15] /usr/lib64/libc.so.6(+0x2a610)[0x14c6a8a51610]
[jwb0933:2963724] [16] /usr/lib64/libc.so.6(__libc_start_main+0x80)[0x14c6a8a516c0]
[jwb0933:2963724] [17] /p/home/jusers/fischill1/juwels/ippl/build_fin/test/FFT/PaperBenchmarks/BenchmarkNUFFT[0x4221d5]
[jwb0933:2963724] *** End of error message ***
terminate called after throwing an instance of 'std::runtime_error'
  what():  cudaMalloc() failed with message: out of memory
terminate called after throwing an instance of 'std::runtime_error'
  what():  cudaMalloc() failed with message: out of memory
[jwb0953:3440882] *** Process received signal ***
[jwb0953:3440882] Signal: Aborted (6)
[jwb0953:3440882] Signal code:  (-6)
terminate called after throwing an instance of 'std::runtime_error'
  what():  cudaMalloc() failed with message: out of memory
[jwb0933:2963722] *** Process received signal ***
[jwb0933:2963722] Signal: Aborted (6)
[jwb0933:2963722] Signal code:  (-6)
[jwb0940:4186008] *** Process received signal ***
[jwb0940:4186008] Signal: Aborted (6)
[jwb0940:4186008] Signal code:  (-6)
[jwb0933:2963722] [ 0] /usr/lib64/libc.so.6(+0x3fc30)[0x147515897c30]
terminate called after throwing an instance of 'std::runtime_error'
  what():  cudaMalloc() failed with message: out of memory
terminate called after throwing an instance of 'std::runtime_error'
  what():  cudaMalloc() failed with message: out of memory
[jwb0953:3440883] *** Process received signal ***
[jwb0953:3440883] Signal: Aborted (6)
[jwb0953:3440883] Signal code:  (-6)
terminate called after throwing an instance of 'std::runtime_error'
  what():  cudaMalloc() failed with message: out of memory
[jwb0940:4186005] *** Process received signal ***
[jwb0940:4186005] Signal: Aborted (6)
[jwb0940:4186005] Signal code:  (-6)
[jwb0933:2963721] *** Process received signal ***
[jwb0933:2963721] Signal: Aborted (6)
[jwb0933:2963721] Signal code:  (-6)
[jwb0933:2963722] [ 1] /usr/lib64/libc.so.6(+0x8d02c)[0x1475158e502c]
[jwb0933:2963722] [ 2] /usr/lib64/libc.so.6(raise+0x16)[0x147515897b86]
[jwb0933:2963722] [ 3] /usr/lib64/libc.so.6(abort+0xd3)[0x147515881873]
[jwb0933:2963722] [ 4] /p/software/default/stages/2026/software/GCCcore/14.3.0/lib64/libstdc++.so.6(+0xadc3d)[0x147515b3cc3d]
[jwb0933:2963722] [ 5] /p/software/default/stages/2026/software/GCCcore/14.3.0/lib64/libstdc++.so.6(+0xbf14a)[0x147515b4e14a]
[jwb0933:2963722] [ 6] /p/software/default/stages/2026/software/GCCcore/14.3.0/lib64/libstdc++.so.6(_ZSt10unexpectedv+0x0)[0x147515b3c7e9]
[jwb0933:2963722] [ 7] /p/software/default/stages/2026/software/GCCcore/14.3.0/lib64/libstdc++.so.6(+0xbf3c7)[0x147515b4e3c7]
[jwb0933:2963722] [ 8] /p/home/jusers/fischill1/juwels/ippl/build_fin/test/FFT/PaperBenchmarks/BenchmarkNUFFT(_ZN6heffte4cuda11check_errorE9cudaErrorPKc+0xb4)[0x460ee4]
[jwb0933:2963722] [ 9] /p/home/jusers/fischill1/juwels/ippl/build_fin/test/FFT/PaperBenchmarks/BenchmarkNUFFT[0x56fb96]
[jwb0933:2963722] [10] /p/home/jusers/fischill1/juwels/ippl/build_fin/test/FFT/PaperBenchmarks/BenchmarkNUFFT[0x570c2e]
[jwb0933:2963722] [11] /p/home/jusers/fischill1/juwels/ippl/build_fin/test/FFT/PaperBenchmarks/BenchmarkNUFFT[0x57281e]
[jwb0933:2963722] [12] /p/home/jusers/fischill1/juwels/ippl/build_fin/test/FFT/PaperBenchmarks/BenchmarkNUFFT[0x5733e8]
[jwb0933:2963722] [13] /p/home/jusers/fischill1/juwels/ippl/build_fin/test/FFT/PaperBenchmarks/BenchmarkNUFFT[0x447982]
[jwb0933:2963722] [14] /p/home/jusers/fischill1/juwels/ippl/build_fin/test/FFT/PaperBenchmarks/BenchmarkNUFFT[0x42192b]
[jwb0933:2963722] [15] /usr/lib64/libc.so.6(+0x2a610)[0x147515882610]
[jwb0933:2963722] [16] /usr/lib64/libc.so.6(__libc_start_main+0x80)[0x1475158826c0]
[jwb0933:2963722] [17] /p/home/jusers/fischill1/juwels/ippl/build_fin/test/FFT/PaperBenchmarks/BenchmarkNUFFT[0x4221d5]
[jwb0933:2963722] *** End of error message ***
[jwb0953:3440882] [ 0] /usr/lib64/libc.so.6(+0x3fc30)[0x14f13b84bc30]
[jwb0953:3440882] [ 1] /usr/lib64/libc.so.6(+0x8d02c)[0x14f13b89902c]
[jwb0953:3440882] [ 2] /usr/lib64/libc.so.6(raise+0x16)[0x14f13b84bb86]
[jwb0953:3440882] [ 3] /usr/lib64/libc.so.6(abort+0xd3)[0x14f13b835873]
[jwb0953:3440882] [ 4] /p/software/default/stages/2026/software/GCCcore/14.3.0/lib64/libstdc++.so.6(+0xadc3d)[0x14f13baf0c3d]
[jwb0953:3440882] [ 5] /p/software/default/stages/2026/software/GCCcore/14.3.0/lib64/libstdc++.so.6(+0xbf14a)[0x14f13bb0214a]
[jwb0953:3440882] [ 6] /p/software/default/stages/2026/software/GCCcore/14.3.0/lib64/libstdc++.so.6(_ZSt10unexpectedv+0x0)[0x14f13baf07e9]
[jwb0953:3440882] [ 7] /p/software/default/stages/2026/software/GCCcore/14.3.0/lib64/libstdc++.so.6(+0xbf3c7)[0x14f13bb023c7]
[jwb0953:3440882] [ 8] /p/home/jusers/fischill1/juwels/ippl/build_fin/test/FFT/PaperBenchmarks/BenchmarkNUFFT(_ZN6heffte4cuda11check_errorE9cudaErrorPKc+0xb4)[0x460ee4]
[jwb0953:3440882] [ 9] /p/home/jusers/fischill1/juwels/ippl/build_fin/test/FFT[jwb0940:4186008] [ 0] /usr/lib64/libc.so.6(+0x3fc30)[0x147bcb3b7c30]
[jwb0940:4186008] [ 1] /usr/lib64/libc.so.6(+0x8d02c)[0x147bcb40502c]
[jwb0940:4186008] [ 2] /usr/lib64/libc.so.6(raise+0x16)[0x147bcb3b7b86]
[jwb0940:4186008] [ 3] /usr/lib64/libc.so.6(abort+0xd3)[0x147bcb3a1873]
[jwb0940:4186008] [ 4] /p/software/default/stages/2026/software/GCCcore/14.3.0/lib64/libstdc++.so.6(+0xadc3d)[0x147bcb65cc3d]
[jwb0940:4186008] [ 5] /p/software/default/stages/2026/software/GCCcore/14.3.0/lib64/libstdc++.so.6(+0xbf14a)[0x147bcb66e14a]
[jwb0940:4186008] [ 6] /p/software/default/stages/2026/software/GCCcore/14.3.0/lib64/libstdc++.so.6(_ZSt10unexpectedv+0x0)[0x147bcb65c7e9]
[jwb0940:4186008] [ 7] /p/software/default/stages/2026/software/GCCcore/14.3.0/lib64/libstdc++.so.6(+0xbf3c7)[0x147bcb66e3c7]
[jwb0940:4186008] [ 8] /p/home/jusers/fischill1/juwels/ippl/build_fin/test/FFT/PaperBenchmarks/BenchmarkNUFFT(_ZN6heffte4cuda11check_errorE9cudaErrorPKc+0xb4)[0x460ee4]
/PaperBenchmarks/BenchmarkNUFFT[0x56fb96]
[jwb0953:3440882] [10] /p/home/jusers/fischill1/juwels/ippl/build_fin/test/FFT/PaperBenchmarks/BenchmarkNUFFT[0x570c2e]
[jwb0953:3440882] [11] /p/home/jusers/fischill1/juwels/ippl/build_fin/test/FFT/PaperBenchmarks/BenchmarkNUFFT[0x57281e]
[jwb0953:3440882] [12] /p/home/jusers/fischill1/juwels/ippl/build_fin/test/FFT/PaperBenchmarks/BenchmarkNUFFT[0x5733e8]
[jwb0953:3440882] [13] /p/home/jusers/fischill1/juwels/ippl/build_fin/test/FFT/PaperBenchmarks/BenchmarkNUFFT[0x447982]
[jwb0953:3440882] [14] /p/home/jusers/fischill1/juwels/ippl/build_fin/test/FFT/PaperBenchmarks/BenchmarkNUFFT[0x42192b]
[jwb0953:3440882] [15] /usr/lib64/libc.so.6(+0x2a610)[0x14f13b836610]
[jwb0953:3440882] [16] /usr/lib64/libc.so.6(__libc_start_main+0x80)[0x14f13b8366c0]
[jwb0953:3440882] [17] /p/home/jusers/fischill1/juwels/ippl/build_fin/test/FFT/PaperBenchmarks/BenchmarkNUFFT[0x4221d5]
[jwb0953:3440882] *** End of error message ***
[jwb0940:4186008] [ 9] /p/home/jusers/fischill1/juwels/ippl/build_fin/test/FFT[jwb0953:3440883] [ 0] /usr/lib64/libc.so.6(+0x3fc30)[0x1483d0a51c30]
[jwb0953:3440883] [ 1] /usr/lib64/libc.so.6(+0x8d02c)[0x1483d0a9f02c]
[jwb0953:3440883] [ 2] /usr/lib64/libc.so.6(raise+0x16)[0x1483d0a51b86]
[jwb0953:3440883] [ 3] /usr/lib64/libc.so.6(abort+0xd3)[0x1483d0a3b873]
[jwb0953:3440883] [ 4] /p/software/default/stages/2026/software/GCCcore/14.3.0/lib64/libstdc++.so.6(+0xadc3d)[0x1483d0cf6c3d]
[jwb0953:3440883] [ 5] /p/software/default/stages/2026/software/GCCcore/14.3.0/lib64/libstdc++.so.6(+0xbf14a)[0x1483d0d0814a]
[jwb0953:3440883] [ 6] /p/software/default/stages/2026/software/GCCcore/14.3.0/lib64/libstdc++.so.6(_ZSt10unexpectedv+0x0)[0x1483d0cf67e9]
[jwb0953:3440883] [ 7] /p/software/default/stages/2026/software/GCCcore/14.3.0/lib64/libstdc++.so.6(+0xbf3c7)[0x1483d0d083c7]
[jwb0953:3440883] [ 8] /p/home/jusers/fischill1/juwels/ippl/build_fin/test/FFT/PaperBenchmarks/BenchmarkNUFFT(_ZN6heffte4cuda11check_errorE9cudaErrorPKc+0xb4)[0x460ee4]
/PaperBenchmarks/BenchmarkNUFFT[0x56fb96]
[jwb0940:4186008] [10] /p/home/jusers/fischill1/juwels/ippl/build_fin/test/FFT/PaperBenchmarks/BenchmarkNUFFT[0x570c2e]
[jwb0940:4186008] [11] /p/home/jusers/fischill1/juwels/ippl/build_fin/test/FFT/PaperBenchmarks/BenchmarkNUFFT[0x57281e]
[jwb0940:4186008] [12] /p/home/jusers/fischill1/juwels/ippl/build_fin/test/FFT/PaperBenchmarks/BenchmarkNUFFT[0x5733e8]
[jwb0940:4186008] [13] /p/home/jusers/fischill1/juwels/ippl/build_fin/test/FFT/PaperBenchmarks/BenchmarkNUFFT[0x447982]
[jwb0940:4186008] [14] /p/home/jusers/fischill1/juwels/ippl/build_fin/test/FFT/PaperBenchmarks/BenchmarkNUFFT[0x42192b]
[jwb0940:4186008] [15] /usr/lib64/libc.so.6(+0x2a610)[0x147bcb3a2610]
[jwb0940:4186008] [16] /usr/lib64/libc.so.6(__libc_start_main+0x80)[0x147bcb3a26c0]
[jwb0940:4186008] [17] /p/home/jusers/fischill1/juwels/ippl/build_fin/test/FFT/PaperBenchmarks/BenchmarkNUFFT[0x4221d5]
[jwb0940:4186008] *** End of error message ***
[jwb0953:3440883] [ 9] /p/home/jusers/fischill1/juwels/ippl/build_fin/test/FFT/PaperBenchmarks/BenchmarkNUFFT[0x56fb96]
[jwb0953:3440883] [10] /p/home/jusers/fischill1/juwels/ippl/build_fin/test/FFT/PaperBenchmarks/BenchmarkNUFFT[0x570c2e]
[jwb0953:3440883] [11] /p/home/jusers/fischill1/juwels/ippl/build_fin/test/FFT/PaperBenchmarks/BenchmarkNUFFT[0x57281e]
[jwb0953:3440883] [12] /p/home/jusers/fischill1/juwels/ippl/build_fin/test/FFT/PaperBenchmarks/BenchmarkNUFFT[0x5733e8]
[jwb0953:3440883] [13] /p/home/jusers/fischill1/juwels/ippl/build_fin/test/FFT/PaperBenchmarks/BenchmarkNUFFT[0x447982]
[jwb0953:3440883] [14] /p/home/jusers/fischill1/juwels/ippl/build_fin/test/FFT/PaperBenchmarks/BenchmarkNUFFT[0x42192b]
[jwb0953:3440883] [15] /usr/lib64/libc.so.6(+0x2a610)[0x1483d0a3c610]
[jwb0953:3440883] [16] /usr/lib64/libc.so.6(__libc_start_main+0x80)[0x1483d0a3c6c0]
[jwb0953:3440883] [17] /p/home/jusers/fischill1/juwels/ippl/build_fin/test/FFT/PaperBenchmarks/BenchmarkNUFFT[0x4221d5]
[jwb0933:2963721] [ 0] /usr/lib64/libc.so.6(+0x3fc30)[0x1518cacb4c30]
[jwb0933:2963721] [ 1] /usr/lib64/libc.so.6(+0x8d02c)[0x1518cad0202c]
[jwb0933:2963721] [ 2] /usr/lib64/libc.so.6(raise+0x16)[0x1518cacb4b86]
[jwb0933:2963721] [ 3] /usr/lib64/libc.so.6(abort+0xd3)[0x1518cac9e873]
[jwb0933:2963721] [ 4] /p/software/default/stages/2026/software/GCCcore/14.3.0/lib64/libstdc++.so.6(+0xadc3d)[0x1518caf59c3d]
[jwb0933:2963721] [ 5] /p/software/default/stages/2026/software/GCCcore/14.3.0/lib64/libstdc++.so.6(+0xbf14a)[0x1518caf6b14a]
[jwb0933:2963721] [ 6] /p/software/default/stages/2026/software/GCCcore/14.3.0/lib64/libstdc++.so.6(_ZSt10unexpectedv+0x0)[0x1518caf597e9]
[jwb0933:2963721] [ 7] /p/software/default/stages/2026/software/GCCcore/14.3.0/lib64/libstdc++.so.6(+0xbf3c7)[0x1518caf6b3c7]
[jwb0933:2963721] [ 8] /p/home/jusers/fischill1/juwels/ippl/build_fin/test/FFT/PaperBenchmarks/BenchmarkNUFFT(_ZN6heffte4cuda11check_errorE9cudaErrorPKc+0xb4)[0x460ee4]
[jwb0953:3440883] *** End of error message ***
[jwb0933:2963721] [ 9] /p/home/jusers/fischill1/juwels/ippl/build_fin/test/FFT[jwb0940:4186005] [ 0] /usr/lib64/libc.so.6(+0x3fc30)[0x149418e81c30]
[jwb0940:4186005] [ 1] /usr/lib64/libc.so.6(+0x8d02c)[0x149418ecf02c]
[jwb0940:4186005] [ 2] /usr/lib64/libc.so.6(raise+0x16)[0x149418e81b86]
[jwb0940:4186005] [ 3] /usr/lib64/libc.so.6(abort+0xd3)[0x149418e6b873]
[jwb0940:4186005] [ 4] /p/software/default/stages/2026/software/GCCcore/14.3.0/lib64/libstdc++.so.6(+0xadc3d)[0x149419126c3d]
[jwb0940:4186005] [ 5] /p/software/default/stages/2026/software/GCCcore/14.3.0/lib64/libstdc++.so.6(+0xbf14a)[0x14941913814a]
[jwb0940:4186005] [ 6] /p/software/default/stages/2026/software/GCCcore/14.3.0/lib64/libstdc++.so.6(_ZSt10unexpectedv+0x0)[0x1494191267e9]
[jwb0940:4186005] [ 7] /p/software/default/stages/2026/software/GCCcore/14.3.0/lib64/libstdc++.so.6(+0xbf3c7)[0x1494191383c7]
[jwb0940:4186005] [ 8] /p/home/jusers/fischill1/juwels/ippl/build_fin/test/FFT/PaperBenchmarks/BenchmarkNUFFT(_ZN6heffte4cuda11check_errorE9cudaErrorPKc+0xb4)[0x460ee4]
/PaperBenchmarks/BenchmarkNUFFT[0x56fb96]
[jwb0933:2963721] [10] /p/home/jusers/fischill1/juwels/ippl/build_fin/test/FFT/PaperBenchmarks/BenchmarkNUFFT[0x570c2e]
[jwb0933:2963721] [11] /p/home/jusers/fischill1/juwels/ippl/build_fin/test/FFT/PaperBenchmarks/BenchmarkNUFFT[0x57281e]
[jwb0933:2963721] [12] /p/home/jusers/fischill1/juwels/ippl/build_fin/test/FFT/PaperBenchmarks/BenchmarkNUFFT[0x5733e8]
[jwb0933:2963721] [13] /p/home/jusers/fischill1/juwels/ippl/build_fin/test/FFT/PaperBenchmarks/BenchmarkNUFFT[0x447982]
[jwb0933:2963721] [14] /p/home/jusers/fischill1/juwels/ippl/build_fin/test/FFT/PaperBenchmarks/BenchmarkNUFFT[0x42192b]
[jwb0933:2963721] [15] /usr/lib64/libc.so.6(+0x2a610)[0x1518cac9f610]
[jwb0933:2963721] [16] /usr/lib64/libc.so.6(__libc_start_main+0x80)[0x1518cac9f6c0]
[jwb0933:2963721] [17] /p/home/jusers/fischill1/juwels/ippl/build_fin/test/FFT/PaperBenchmarks/BenchmarkNUFFT[0x4221d5]
[jwb0933:2963721] *** End of error message ***
[jwb0940:4186005] [ 9] /p/home/jusers/fischill1/juwels/ippl/build_fin/test/FFT/PaperBenchmarks/BenchmarkNUFFT[0x56fb96]
[jwb0940:4186005] [10] /p/home/jusers/fischill1/juwels/ippl/build_fin/test/FFT/PaperBenchmarks/BenchmarkNUFFT[0x570c2e]
[jwb0940:4186005] [11] /p/home/jusers/fischill1/juwels/ippl/build_fin/test/FFT/PaperBenchmarks/BenchmarkNUFFT[0x57281e]
[jwb0940:4186005] [12] /p/home/jusers/fischill1/juwels/ippl/build_fin/test/FFT/PaperBenchmarks/BenchmarkNUFFT[0x5733e8]
[jwb0940:4186005] [13] /p/home/jusers/fischill1/juwels/ippl/build_fin/test/FFT/PaperBenchmarks/BenchmarkNUFFT[0x447982]
[jwb0940:4186005] [14] /p/home/jusers/fischill1/juwels/ippl/build_fin/test/FFT/PaperBenchmarks/BenchmarkNUFFT[0x42192b]
[jwb0940:4186005] [15] /usr/lib64/libc.so.6(+0x2a610)[0x149418e6c610]
[jwb0940:4186005] [16] /usr/lib64/libc.so.6(__libc_start_main+0x80)[0x149418e6c6c0]
[jwb0940:4186005] [17] /p/home/jusers/fischill1/juwels/ippl/build_fin/test/FFT/PaperBenchmarks/BenchmarkNUFFT[0x4221d5]
[jwb0940:4186005] *** End of error message ***
terminate called after throwing an instance of 'std::runtime_error'
  what():  cudaMalloc() failed with message: out of memory
[jwb0954:1169418] *** Process received signal ***
[jwb0954:1169418] Signal: Aborted (6)
[jwb0954:1169418] Signal code:  (-6)
terminate called after throwing an instance of 'std::runtime_error'
  what():  cudaMalloc() failed with message: out of memory
[jwb0954:1169420] *** Process received signal ***
[jwb0954:1169420] Signal: Aborted (6)
[jwb0954:1169420] Signal code:  (-6)
[jwb0954:1169418] [ 0] /usr/lib64/libc.so.6(+0x3fc30)[0x150ea1f7ec30]
[jwb0954:1169418] [ 1] /usr/lib64/libc.so.6(+0x8d02c)[0x150ea1fcc02c]
[jwb0954:1169418] [ 2] /usr/lib64/libc.so.6(raise+0x16)[0x150ea1f7eb86]
[jwb0954:1169418] [ 3] /usr/lib64/libc.so.6(abort+0xd3)[0x150ea1f68873]
[jwb0954:1169418] [ 4] /p/software/default/stages/2026/software/GCCcore/14.3.0/lib64/libstdc++.so.6(+0xadc3d)[0x150ea2223c3d]
[jwb0954:1169418] [ 5] /p/software/default/stages/2026/software/GCCcore/14.3.0/lib64/libstdc++.so.6(+0xbf14a)[0x150ea223514a]
[jwb0954:1169418] [ 6] /p/software/default/stages/2026/software/GCCcore/14.3.0/lib64/libstdc++.so.6(_ZSt10unexpectedv+0x0)[0x150ea22237e9]
[jwb0954:1169418] [ 7] /p/software/default/stages/2026/software/GCCcore/14.3.0/lib64/libstdc++.so.6(+0xbf3c7)[0x150ea22353c7]
[jwb0954:1169418] [ 8] /p/home/jusers/fischill1/juwels/ippl/build_fin/test/FFT/PaperBenchmarks/BenchmarkNUFFT(_ZN6heffte4cuda11check_errorE9cudaErrorPKc+0xb4)[0x460ee4]
[jwb0954:1169418] [ 9] /p/home/jusers/fischill1/juwels/ippl/build_fin/test/FFT/PaperBenchmarks/BenchmarkNUFFT[0x56fb96]
[jwb0954:1169418] [10] /p/home/jusers/fischill1/juwels/ippl/build_fin/test/FFT/PaperBenchmarks/BenchmarkNUFFT[0x570c2e]
[jwb0954:1169418] [11] /p/home/jusers/fischill1/juwels/ippl/build_fin/test/FFT/PaperBenchmarks/BenchmarkNUFFT[0x57281e]
[jwb0954:1169418] [12] /p/home/jusers/fischill1/juwels/ippl/build_fin/test/FFT/PaperBenchmarks/BenchmarkNUFFT[0x5733e8]
[jwb0954:1169418] [13] /p/home/jusers/fischill1/juwels/ippl/build_fin/test/FFT/PaperBenchmarks/BenchmarkNUFFT[0x447982]
[jwb0954:1169418] [14] /p/home/jusers/fischill1/juwels/ippl/build_fin/test/FFT/PaperBenchmarks/BenchmarkNUFFT[0x42192b]
[jwb0954:1169418] [15] /usr/lib64/libc.so.6(+0x2a610)[0x150ea1f69610]
[jwb0954:1169418] [16] /usr/lib64/libc.so.6(__libc_start_main+0x80)[0x150ea1f696c0]
[jwb0954:1169418] [17] /p/home/jusers/fischill1/juwels/ippl/build_fin/test/FFT/PaperBenchmarks/BenchmarkNUFFT[0x4221d5]
[jwb0954:1169418] *** End of error message ***
terminate called after throwing an instance of 'std::runtime_error'
terminate called after throwing an instance of 'std::runtime_error'
  what():  cudaMalloc() failed with message: out of memory
  what():  cudaMalloc() failed with message: out of memory
[jwb0939:783242] *** Process received signal ***
[jwb0939:783242] Signal: Aborted (6)
[jwb0939:783242] Signal code:  (-6)
[jwb0939:783241] *** Process received signal ***
[jwb0939:783241] Signal: Aborted (6)
[jwb0939:783241] Signal code:  (-6)
[jwb0954:1169420] [ 0] /usr/lib64/libc.so.6(+0x3fc30)[0x153795374c30]
[jwb0954:1169420] [ 1] /usr/lib64/libc.so.6(+0x8d02c)[0x1537953c202c]
[jwb0954:1169420] [ 2] /usr/lib64/libc.so.6(raise+0x16)[0x153795374b86]
[jwb0954:1169420] [ 3] /usr/lib64/libc.so.6(abort+0xd3)[0x15379535e873]
[jwb0954:1169420] [ 4] /p/software/default/stages/2026/software/GCCcore/14.3.0/lib64/libstdc++.so.6(+0xadc3d)[0x153795619c3d]
[jwb0954:1169420] [ 5] /p/software/default/stages/2026/software/GCCcore/14.3.0/lib64/libstdc++.so.6(+0xbf14a)[0x15379562b14a]
[jwb0954:1169420] [ 6] /p/software/default/stages/2026/software/GCCcore/14.3.0/lib64/libstdc++.so.6(_ZSt10unexpectedv+0x0)[0x1537956197e9]
[jwb0954:1169420] [ 7] /p/software/default/stages/2026/software/GCCcore/14.3.0/lib64/libstdc++.so.6(+0xbf3c7)[0x15379562b3c7]
[jwb0954:1169420] [ 8] /p/home/jusers/fischill1/juwels/ippl/build_fin/test/FFT/PaperBenchmarks/BenchmarkNUFFT(_ZN6heffte4cuda11check_errorE9cudaErrorPKc+0xb4)[0x460ee4]
[jwb0954:1169420] [ 9] /p/home/jusers/fischill1/juwels/ippl/build_fin/test/FFT/PaperBenchmarks/BenchmarkNUFFT[0x56fb96]
[jwb0954:1169420] [10] /p/home/jusers/fischill1/juwels/ippl/build_fin/test/FFT/PaperBenchmarks/BenchmarkNUFFT[0x570c2e]
[jwb0954:1169420] [11] /p/home/jusers/fischill1/juwels/ippl/build_fin/test/FFT/PaperBenchmarks/BenchmarkNUFFT[0x57281e]
[jwb0954:1169420] [12] /p/home/jusers/fischill1/juwels/ippl/build_fin/test/FFT/PaperBenchmarks/BenchmarkNUFFT[0x5733e8]
[jwb0954:1169420] [13] /p/home/jusers/fischill1/juwels/ippl/build_fin/test/FFT/PaperBenchmarks/BenchmarkNUFFT[0x447982]
[jwb0954:1169420] [14] /p/home/jusers/fischill1/juwels/ippl/build_fin/test/FFT/PaperBenchmarks/BenchmarkNUFFT[0x42192b]
[jwb0954:1169420] [15] /usr/lib64/libc.so.6(+0x2a610)[0x15379535f610]
[jwb0954:1169420] [16] /usr/lib64/libc.so.6(__libc_start_main+0x80)[0x15379535f6c0]
[jwb0954:1169420] [17] /p/home/jusers/fischill1/juwels/ippl/build_fin/test/FFT/PaperBenchmarks/BenchmarkNUFFT[0x4221d5]
[jwb0954:1169420] *** End of error message ***
[jwb0939:783241] [ 0] /usr/lib64/libc.so.6(+0x3fc30)[0x14715c4d2c30]
[jwb0939:783241] [ 1] /usr/lib64/libc.so.6(+0x8d02c)[0x14715c52002c]
[jwb0939:783241] [ 2] /usr/lib64/libc.so.6(raise+0x16)[0x14715c4d2b86]
[jwb0939:783241] [ 3] /usr/lib64/libc.so.6(abort+0xd3)[0x14715c4bc873]
[jwb0939:783241] [ 4] /p/software/default/stages/2026/software/GCCcore/14.3.0/lib64/libstdc++.so.6(+0xadc3d)[0x14715c777c3d]
[jwb0939:783241] [ 5] /p/software/default/stages/2026/software/GCCcore/14.3.0/lib64/libstdc++.so.6(+0xbf14a)[0x14715c78914a]
[jwb0939:783241] [ 6] /p/software/default/stages/2026/software/GCCcore/14.3.0/lib64/libstdc++.so.6(_ZSt10unexpectedv+0x0)[0x14715c7777e9]
[jwb0939:783241] [ 7] /p/software/default/stages/2026/software/GCCcore/14.3.0/lib64/libstdc++.so.6(+0xbf3c7)[0x14715c7893c7]
[jwb0939:783241] [ 8] /p/home/jusers/fischill1/juwels/ippl/build_fin/test/FFT/PaperBenchmarks/BenchmarkNUFFT(_ZN6heffte4cuda11check_errorE9cudaErrorPKc+0xb4)[0x460ee4]
[jwb0939:783242] [ 0] /usr/lib64/libc.so.6(+0x3fc30)[0x146ba8fbec30]
[jwb0939:783242] [ 1] /usr/lib64/libc.so.6(+0x8d02c)[0x146ba900c02c]
[jwb0939:783242] [ 2] /usr/lib64/libc.so.6(raise+0x16)[0x146ba8fbeb86]
[jwb0939:783242] [ 3] /usr/lib64/libc.so.6(abort+0xd3)[0x146ba8fa8873]
[jwb0939:783242] [ 4] /p/software/default/stages/2026/software/GCCcore/14.3.0/lib64/libstdc++.so.6(+0xadc3d)[0x146ba9263c3d]
[jwb0939:783242] [ 5] /p/software/default/stages/2026/software/GCCcore/14.3.0/lib64/libstdc++.so.6(+0xbf14a)[0x146ba927514a]
[jwb0939:783242] [ 6] /p/software/default/stages/2026/software/GCCcore/14.3.0/lib64/libstdc++.so.6(_ZSt10unexpectedv+0x0)[0x146ba92637e9]
[jwb0939:783242] [ 7] /p/software/default/stages/2026/software/GCCcore/14.3.0/lib64/libstdc++.so.6(+0xbf3c7)[0x146ba92753c7]
[jwb0939:783242] [ 8] /p/home/jusers/fischill1/juwels/ippl/build_fin/test/FFT/PaperBenchmarks/BenchmarkNUFFT(_ZN6heffte4cuda11check_errorE9cudaErrorPKc+0xb4)[0x460ee4]
[jwb0939:783242] [ 9] /p/home/jusers/fischill1/juwels/ippl/build_fin/test/FFT/PaperBenchmarks/BenchmarkNUFFT[0x56fb96]
[jwb0939:783242] [10] /p/home/jusers/fischill1/juwels/ippl/build_fin/test/FFT/PaperBenchmarks/BenchmarkNUFFT[0x570c2e]
[jwb0939:783242] [11] /p/home/jusers/fischill1/juwels/ippl/build_fin/test/FFT/PaperBenchmarks/BenchmarkNUFFT[0x57281e]
[jwb0939:783242] [12] /p/home/jusers/fischill1/juwels/ippl/build_fin/test/FFT/PaperBenchmarks/BenchmarkNUFFT[0x5733e8]
[jwb0939:783242] [13] /p/home/jusers/fischill1/juwels/ippl/build_fin/test/FFT/PaperBenchmarks/BenchmarkNUFFT[0x447982]
[jwb0939:783242] [14] /p/home/jusers/fischill1/juwels/ippl/build_fin/test/FFT/PaperBenchmarks/BenchmarkNUFFT[0x42192b]
[jwb0939:783242] [15] /usr/lib64/libc.so.6(+0x2a610)[0x146ba8fa9610]
[jwb0939:783242] [16] /usr/lib64/libc.so.6(__libc_start_main+0x80)[0x146ba8fa96c0]
[jwb0939:783242] [17] /p/home/jusers/fischill1/juwels/ippl/build_fin/test/FFT/PaperBenchmarks/BenchmarkNUFFT[0x4221d5]
[jwb0939:783242] *** End of error message ***
[jwb0939:783241] [ 9] /p/home/jusers/fischill1/juwels/ippl/build_fin/test/FFT/PaperBenchmarks/BenchmarkNUFFT[0x56fb96]
[jwb0939:783241] [10] /p/home/jusers/fischill1/juwels/ippl/build_fin/test/FFT/PaperBenchmarks/BenchmarkNUFFT[0x570c2e]
[jwb0939:783241] [11] /p/home/jusers/fischill1/juwels/ippl/build_fin/test/FFT/PaperBenchmarks/BenchmarkNUFFT[0x57281e]
[jwb0939:783241] [12] /p/home/jusers/fischill1/juwels/ippl/build_fin/test/FFT/PaperBenchmarks/BenchmarkNUFFT[0x5733e8]
[jwb0939:783241] [13] /p/home/jusers/fischill1/juwels/ippl/build_fin/test/FFT/PaperBenchmarks/BenchmarkNUFFT[0x447982]
[jwb0939:783241] [14] /p/home/jusers/fischill1/juwels/ippl/build_fin/test/FFT/PaperBenchmarks/BenchmarkNUFFT[0x42192b]
[jwb0939:783241] [15] /usr/lib64/libc.so.6(+0x2a610)[0x14715c4bd610]
[jwb0939:783241] [16] /usr/lib64/libc.so.6(__libc_start_main+0x80)[0x14715c4bd6c0]
[jwb0939:783241] [17] /p/home/jusers/fischill1/juwels/ippl/build_fin/test/FFT/PaperBenchmarks/BenchmarkNUFFT[0x4221d5]
[jwb0939:783241] *** End of error message ***
terminate called after throwing an instance of 'std::runtime_error'
  what():  cudaMalloc() failed with message: out of memory
[jwb0932:2119052] *** Process received signal ***
[jwb0932:2119052] Signal: Aborted (6)
[jwb0932:2119052] Signal code:  (-6)
terminate called after throwing an instance of 'std::runtime_error'
  what():  cudaMalloc() failed with message: out of memory
[jwb0950:1133007] *** Process received signal ***
[jwb0950:1133007] Signal: Aborted (6)
[jwb0950:1133007] Signal code:  (-6)
[jwb0932:2119052] [ 0] /usr/lib64/libc.so.6(+0x3fc30)[0x148c7fcbfc30]
[jwb0932:2119052] [ 1] /usr/lib64/libc.so.6(+0x8d02c)[0x148c7fd0d02c]
[jwb0932:2119052] [ 2] /usr/lib64/libc.so.6(raise+0x16)[0x148c7fcbfb86]
[jwb0932:2119052] [ 3] /usr/lib64/libc.so.6(abort+0xd3)[0x148c7fca9873]
[jwb0932:2119052] [ 4] /p/software/default/stages/2026/software/GCCcore/14.3.0/lib64/libstdc++.so.6(+0xadc3d)[0x148c7ff64c3d]
[jwb0932:2119052] [ 5] /p/software/default/stages/2026/software/GCCcore/14.3.0/lib64/libstdc++.so.6(+0xbf14a)[0x148c7ff7614a]
[jwb0932:2119052] [ 6] /p/software/default/stages/2026/software/GCCcore/14.3.0/lib64/libstdc++.so.6(_ZSt10unexpectedv+0x0)[0x148c7ff647e9]
[jwb0932:2119052] [ 7] /p/software/default/stages/2026/software/GCCcore/14.3.0/lib64/libstdc++.so.6(+0xbf3c7)[0x148c7ff763c7]
[jwb0932:2119052] [ 8] /p/home/jusers/fischill1/juwels/ippl/build_fin/test/FFT/PaperBenchmarks/BenchmarkNUFFT(_ZN6heffte4cuda11check_errorE9cudaErrorPKc+0xb4)[0x460ee4]
[jwb0932:2119052] [ 9] /p/home/jusers/fischill1/juwels/ippl/build_fin/test/FFT[jwb0950:1133007] [ 0] /usr/lib64/libc.so.6(+0x3fc30)[0x150bc781fc30]
[jwb0950:1133007] [ 1] /usr/lib64/libc.so.6(+0x8d02c)[0x150bc786d02c]
[jwb0950:1133007] [ 2] /usr/lib64/libc.so.6(raise+0x16)[0x150bc781fb86]
[jwb0950:1133007] [ 3] /usr/lib64/libc.so.6(abort+0xd3)[0x150bc7809873]
[jwb0950:1133007] [ 4] /p/software/default/stages/2026/software/GCCcore/14.3.0/lib64/libstdc++.so.6(+0xadc3d)[0x150bc7ac4c3d]
[jwb0950:1133007] [ 5] /p/software/default/stages/2026/software/GCCcore/14.3.0/lib64/libstdc++.so.6(+0xbf14a)[0x150bc7ad614a]
[jwb0950:1133007] [ 6] /p/software/default/stages/2026/software/GCCcore/14.3.0/lib64/libstdc++.so.6(_ZSt10unexpectedv+0x0)[0x150bc7ac47e9]
[jwb0950:1133007] [ 7] /p/software/default/stages/2026/software/GCCcore/14.3.0/lib64/libstdc++.so.6(+0xbf3c7)[0x150bc7ad63c7]
[jwb0950:1133007] [ 8] /p/home/jusers/fischill1/juwels/ippl/build_fin/test/FFT/PaperBenchmarks/BenchmarkNUFFT(_ZN6heffte4cuda11check_errorE9cudaErrorPKc+0xb4)[0x460ee4]
/PaperBenchmarks/BenchmarkNUFFT[0x56fb96]
[jwb0932:2119052] [10] /p/home/jusers/fischill1/juwels/ippl/build_fin/test/FFT/PaperBenchmarks/BenchmarkNUFFT[0x570c2e]
[jwb0932:2119052] [11] /p/home/jusers/fischill1/juwels/ippl/build_fin/test/FFT/PaperBenchmarks/BenchmarkNUFFT[0x57281e]
[jwb0932:2119052] [12] /p/home/jusers/fischill1/juwels/ippl/build_fin/test/FFT/PaperBenchmarks/BenchmarkNUFFT[0x5733e8]
[jwb0932:2119052] [13] /p/home/jusers/fischill1/juwels/ippl/build_fin/test/FFT/PaperBenchmarks/BenchmarkNUFFT[0x447982]
[jwb0932:2119052] [14] /p/home/jusers/fischill1/juwels/ippl/build_fin/test/FFT/PaperBenchmarks/BenchmarkNUFFT[0x42192b]
[jwb0932:2119052] [15] /usr/lib64/libc.so.6(+0x2a610)[0x148c7fcaa610]
[jwb0932:2119052] [16] /usr/lib64/libc.so.6(__libc_start_main+0x80)[0x148c7fcaa6c0]
[jwb0932:2119052] [17] /p/home/jusers/fischill1/juwels/ippl/build_fin/test/FFT/PaperBenchmarks/BenchmarkNUFFT[0x4221d5]
[jwb0932:2119052] *** End of error message ***
[jwb0950:1133007] [ 9] /p/home/jusers/fischill1/juwels/ippl/build_fin/test/FFT/PaperBenchmarks/BenchmarkNUFFT[0x56fb96]
[jwb0950:1133007] [10] /p/home/jusers/fischill1/juwels/ippl/build_fin/test/FFT/PaperBenchmarks/BenchmarkNUFFT[0x570c2e]
[jwb0950:1133007] [11] /p/home/jusers/fischill1/juwels/ippl/build_fin/test/FFT/PaperBenchmarks/BenchmarkNUFFT[0x57281e]
[jwb0950:1133007] [12] /p/home/jusers/fischill1/juwels/ippl/build_fin/test/FFT/PaperBenchmarks/BenchmarkNUFFT[0x5733e8]
[jwb0950:1133007] [13] /p/home/jusers/fischill1/juwels/ippl/build_fin/test/FFT/PaperBenchmarks/BenchmarkNUFFT[0x447982]
[jwb0950:1133007] [14] /p/home/jusers/fischill1/juwels/ippl/build_fin/test/FFT/PaperBenchmarks/BenchmarkNUFFT[0x42192b]
[jwb0950:1133007] [15] /usr/lib64/libc.so.6(+0x2a610)[0x150bc780a610]
[jwb0950:1133007] [16] /usr/lib64/libc.so.6(__libc_start_main+0x80)[0x150bc780a6c0]
[jwb0950:1133007] [17] /p/home/jusers/fischill1/juwels/ippl/build_fin/test/FFT/PaperBenchmarks/BenchmarkNUFFT[0x4221d5]
[jwb0950:1133007] *** End of error message ***
terminate called after throwing an instance of 'std::runtime_error'
  what():  cudaMalloc() failed with message: out of memory
[jwb0936:82559] *** Process received signal ***
[jwb0936:82559] Signal: Aborted (6)
[jwb0936:82559] Signal code:  (-6)
[jwb0936:82559] [ 0] /usr/lib64/libc.so.6(+0x3fc30)[0x150f42ecfc30]
[jwb0936:82559] [ 1] /usr/lib64/libc.so.6(+0x8d02c)[0x150f42f1d02c]
[jwb0936:82559] [ 2] /usr/lib64/libc.so.6(raise+0x16)[0x150f42ecfb86]
[jwb0936:82559] [ 3] /usr/lib64/libc.so.6(abort+0xd3)[0x150f42eb9873]
[jwb0936:82559] [ 4] /p/software/default/stages/2026/software/GCCcore/14.3.0/lib64/libstdc++.so.6(+0xadc3d)[0x150f43174c3d]
[jwb0936:82559] [ 5] /p/software/default/stages/2026/software/GCCcore/14.3.0/lib64/libstdc++.so.6(+0xbf14a)[0x150f4318614a]
[jwb0936:82559] [ 6] /p/software/default/stages/2026/software/GCCcore/14.3.0/lib64/libstdc++.so.6(_ZSt10unexpectedv+0x0)[0x150f431747e9]
[jwb0936:82559] [ 7] /p/software/default/stages/2026/software/GCCcore/14.3.0/lib64/libstdc++.so.6(+0xbf3c7)[0x150f431863c7]
[jwb0936:82559] [ 8] /p/home/jusers/fischill1/juwels/ippl/build_fin/test/FFT/PaperBenchmarks/BenchmarkNUFFT(_ZN6heffte4cuda11check_errorE9cudaErrorPKc+0xb4)[0x460ee4]
[jwb0936:82559] [ 9] /p/home/jusers/fischill1/juwels/ippl/build_fin/test/FFT/PaperBenchmarks/BenchmarkNUFFT[0x56fb96]
[jwb0936:82559] [10] /p/home/jusers/fischill1/juwels/ippl/build_fin/test/FFT/PaperBenchmarks/BenchmarkNUFFT[0x570c2e]
[jwb0936:82559] [11] /p/home/jusers/fischill1/juwels/ippl/build_fin/test/FFT/PaperBenchmarks/BenchmarkNUFFT[0x57281e]
[jwb0936:82559] [12] /p/home/jusers/fischill1/juwels/ippl/build_fin/test/FFT/PaperBenchmarks/BenchmarkNUFFT[0x5733e8]
[jwb0936:82559] [13] /p/home/jusers/fischill1/juwels/ippl/build_fin/test/FFT/PaperBenchmarks/BenchmarkNUFFT[0x447982]
[jwb0936:82559] [14] /p/home/jusers/fischill1/juwels/ippl/build_fin/test/FFT/PaperBenchmarks/BenchmarkNUFFT[0x42192b]
[jwb0936:82559] [15] /usr/lib64/libc.so.6(+0x2a610)[0x150f42eba610]
[jwb0936:82559] [16] /usr/lib64/libc.so.6(__libc_start_main+0x80)[0x150f42eba6c0]
[jwb0936:82559] [17] /p/home/jusers/fischill1/juwels/ippl/build_fin/test/FFT/PaperBenchmarks/BenchmarkNUFFT[0x4221d5]
[jwb0936:82559] *** End of error message ***
terminate called after throwing an instance of 'std::runtime_error'
  what():  cudaMalloc() failed with message: out of memory
[jwb0937:2208496] *** Process received signal ***
[jwb0937:2208496] Signal: Aborted (6)
[jwb0937:2208496] Signal code:  (-6)
[jwb0937:2208496] [ 0] /usr/lib64/libc.so.6(+0x3fc30)[0x153d0f65dc30]
[jwb0937:2208496] [ 1] /usr/lib64/libc.so.6(+0x8d02c)[0x153d0f6ab02c]
[jwb0937:2208496] [ 2] /usr/lib64/libc.so.6(raise+0x16)[0x153d0f65db86]
[jwb0937:2208496] [ 3] /usr/lib64/libc.so.6(abort+0xd3)[0x153d0f647873]
[jwb0937:2208496] [ 4] /p/software/default/stages/2026/software/GCCcore/14.3.0/lib64/libstdc++.so.6(+0xadc3d)[0x153d0f902c3d]
[jwb0937:2208496] [ 5] /p/software/default/stages/2026/software/GCCcore/14.3.0/lib64/libstdc++.so.6(+0xbf14a)[0x153d0f91414a]
[jwb0937:2208496] [ 6] /p/software/default/stages/2026/software/GCCcore/14.3.0/lib64/libstdc++.so.6(_ZSt10unexpectedv+0x0)[0x153d0f9027e9]
[jwb0937:2208496] [ 7] /p/software/default/stages/2026/software/GCCcore/14.3.0/lib64/libstdc++.so.6(+0xbf3c7)[0x153d0f9143c7]
[jwb0937:2208496] [ 8] /p/home/jusers/fischill1/juwels/ippl/build_fin/test/FFT/PaperBenchmarks/BenchmarkNUFFT(_ZN6heffte4cuda11check_errorE9cudaErrorPKc+0xb4)[0x460ee4]
[jwb0937:2208496] [ 9] /p/home/jusers/fischill1/juwels/ippl/build_fin/test/FFT/PaperBenchmarks/BenchmarkNUFFT[0x56fb96]
[jwb0937:2208496] [10] /p/home/jusers/fischill1/juwels/ippl/build_fin/test/FFT/PaperBenchmarks/BenchmarkNUFFT[0x570c2e]
[jwb0937:2208496] [11] /p/home/jusers/fischill1/juwels/ippl/build_fin/test/FFT/PaperBenchmarks/BenchmarkNUFFT[0x57281e]
[jwb0937:2208496] [12] /p/home/jusers/fischill1/juwels/ippl/build_fin/test/FFT/PaperBenchmarks/BenchmarkNUFFT[0x5733e8]
[jwb0937:2208496] [13] /p/home/jusers/fischill1/juwels/ippl/build_fin/test/FFT/PaperBenchmarks/BenchmarkNUFFT[0x447982]
[jwb0937:2208496] [14] /p/home/jusers/fischill1/juwels/ippl/build_fin/test/FFT/PaperBenchmarks/BenchmarkNUFFT[0x42192b]
[jwb0937:2208496] [15] /usr/lib64/libc.so.6(+0x2a610)[0x153d0f648610]
[jwb0937:2208496] [16] /usr/lib64/libc.so.6(__libc_start_main+0x80)[0x153d0f6486c0]
[jwb0937:2208496] [17] /p/home/jusers/fischill1/juwels/ippl/build_fin/test/FFT/PaperBenchmarks/BenchmarkNUFFT[0x4221d5]
[jwb0937:2208496] *** End of error message ***
terminate called after throwing an instance of 'std::runtime_error'
  what():  cudaMalloc() failed with message: out of memory
[jwb0934:2295701] *** Process received signal ***
[jwb0934:2295701] Signal: Aborted (6)
[jwb0934:2295701] Signal code:  (-6)
[jwb0934:2295701] [ 0] /usr/lib64/libc.so.6(+0x3fc30)[0x15137b662c30]
[jwb0934:2295701] [ 1] /usr/lib64/libc.so.6(+0x8d02c)[0x15137b6b002c]
[jwb0934:2295701] [ 2] /usr/lib64/libc.so.6(raise+0x16)[0x15137b662b86]
[jwb0934:2295701] [ 3] /usr/lib64/libc.so.6(abort+0xd3)[0x15137b64c873]
[jwb0934:2295701] [ 4] /p/software/default/stages/2026/software/GCCcore/14.3.0/lib64/libstdc++.so.6(+0xadc3d)[0x15137b907c3d]
[jwb0934:2295701] [ 5] /p/software/default/stages/2026/software/GCCcore/14.3.0/lib64/libstdc++.so.6(+0xbf14a)[0x15137b91914a]
[jwb0934:2295701] [ 6] /p/software/default/stages/2026/software/GCCcore/14.3.0/lib64/libstdc++.so.6(_ZSt10unexpectedv+0x0)[0x15137b9077e9]
[jwb0934:2295701] [ 7] /p/software/default/stages/2026/software/GCCcore/14.3.0/lib64/libstdc++.so.6(+0xbf3c7)[0x15137b9193c7]
[jwb0934:2295701] [ 8] /p/home/jusers/fischill1/juwels/ippl/build_fin/test/FFT/PaperBenchmarks/BenchmarkNUFFT(_ZN6heffte4cuda11check_errorE9cudaErrorPKc+0xb4)[0x460ee4]
[jwb0934:2295701] [ 9] /p/home/jusers/fischill1/juwels/ippl/build_fin/test/FFT/PaperBenchmarks/BenchmarkNUFFT[0x56fb96]
[jwb0934:2295701] [10] /p/home/jusers/fischill1/juwels/ippl/build_fin/test/FFT/PaperBenchmarks/BenchmarkNUFFT[0x570c2e]
[jwb0934:2295701] [11] /p/home/jusers/fischill1/juwels/ippl/build_fin/test/FFT/PaperBenchmarks/BenchmarkNUFFT[0x57281e]
[jwb0934:2295701] [12] /p/home/jusers/fischill1/juwels/ippl/build_fin/test/FFT/PaperBenchmarks/BenchmarkNUFFT[0x5733e8]
[jwb0934:2295701] [13] /p/home/jusers/fischill1/juwels/ippl/build_fin/test/FFT/PaperBenchmarks/BenchmarkNUFFT[0x447982]
[jwb0934:2295701] [14] /p/home/jusers/fischill1/juwels/ippl/build_fin/test/FFT/PaperBenchmarks/BenchmarkNUFFT[0x42192b]
[jwb0934:2295701] [15] /usr/lib64/libc.so.6(+0x2a610)[0x15137b64d610]
[jwb0934:2295701] [16] /usr/lib64/libc.so.6(__libc_start_main+0x80)[0x15137b64d6c0]
[jwb0934:2295701] [17] /p/home/jusers/fischill1/juwels/ippl/build_fin/test/FFT/PaperBenchmarks/BenchmarkNUFFT[0x4221d5]
[jwb0934:2295701] *** End of error message ***
srun: error: jwb0936: tasks 17-19: Terminated
srun: error: jwb0934: tasks 9-11: Terminated
srun: error: jwb0936: task 16: Aborted (core dumped)
srun: error: jwb0934: task 8: Aborted (core dumped)
srun: error: jwb0950: task 43: Aborted (core dumped)
srun: error: jwb0950: tasks 40-42: Terminated
srun: error: jwb0937: tasks 21-23: Terminated
srun: error: jwb0937: task 20: Aborted (core dumped)
srun: error: jwb0938: tasks 24-27: Terminated
srun: error: jwb0949: tasks 36-39: Terminated
srun: error: jwb0951: tasks 44-47: Terminated
srun: error: jwb0954: tasks 58-59: Aborted (core dumped)
srun: error: jwb0954: tasks 56-57: Terminated
srun: error: jwb0939: tasks 29,31: Terminated
srun: error: jwb0939: tasks 28,30: Aborted (core dumped)
srun: error: jwb0953: tasks 52,54-55: Aborted (core dumped)
srun: error: jwb0953: task 53: Terminated
srun: error: jwb0940: tasks 32-33,35: Aborted (core dumped)
srun: error: jwb0940: task 34: Terminated
srun: error: jwb0933: tasks 4-5,7: Aborted (core dumped)
srun: error: jwb0933: task 6: Terminated
srun: error: jwb0952: tasks 48-51: Aborted (core dumped)
srun: error: jwb0958: tasks 60-63: Aborted (core dumped)
srun: error: jwb0935: tasks 12-15: Aborted (core dumped)
srun: error: jwb0932: tasks 0-1,3: Terminated
srun: error: jwb0932: task 2: Aborted (core dumped)
srun: Force Terminated StepId=13466491.0
