LandauDampingPIF{0}> Landau damping
LandauDampingPIF{0}> nt 10 Np= 1073741824 Fourier modes = ( 512 , 512 , 512 )
LandauDampingPIF{0}> particles created and initial conditions assigned 
LandauDampingPIF{0}> After init shape function 
LandauDampingPIF{0}> After init NUFFT 
LandauDampingPIF{0}> After update 
[Scatter] Auto-select: OutputFocused (tp=359.0 Mpts/s) for w=9 rho=1.14 (was Atomic)
[Scatter] Cache hit: method=OutputFocused w=9 cx=1 rho=1.14 -> tile=(2,3,3) team=256 osub=1 zb=32 tp=359.0 Mpts/s (rho_csv=1.25)
LandauDampingPIF{0}> After scatter 
LandauDampingPIF{0}> After gather 
LandauDampingPIF{0}> Starting iterations ...
LandauDampingPIF{0}> Finished time step: -2 time: 0.0122718
LandauDampingPIF{0}> Finished time step: -1 time: 0.0245437
LandauDampingPIF{0}> Finished time step: 0 time: 0.0368155
LandauDampingPIF{0}> Finished time step: 1 time: 0.0490874
LandauDampingPIF{0}> Finished time step: 2 time: 0.0613592
LandauDampingPIF{0}> Finished time step: 3 time: 0.0736311
LandauDampingPIF{0}> Finished time step: 4 time: 0.0859029
LandauDampingPIF{0}> Finished time step: 5 time: 0.0981748
LandauDampingPIF{0}> Finished time step: 6 time: 0.110447
LandauDampingPIF{0}> Finished time step: 7 time: 0.122718
LandauDampingPIF{0}> Finished time step: 8 time: 0.13499
LandauDampingPIF{0}> Finished time step: 9 time: 0.147262
LandauDampingPIF{0}> Finished time step: 10 time: 0.159534
LandauDampingPIF{0}> LandauDamping: End.
Timings{0}> ---------------------------------------------
Timings{0}>      Timing results for 512 rank(s):
Timings{0}> ---------------------------------------------
Timings{0}> mainTimer........... Wall tot =    1.71476
Timings{0}> 
Timings{0}> particlesCreation... Wall max =          0
Timings{0}>                      Wall avg =          0
Timings{0}>                      Wall min =          0
Timings{0}> 
Timings{0}> dumpData............ Wall max =  0.0406689
Timings{0}>                      Wall avg =  0.0354293
Timings{0}>                      Wall min =  0.0294209
Timings{0}> 
Timings{0}> kick................ Wall max = 0.000189692
Timings{0}>                      Wall avg = 0.000124568
Timings{0}>                      Wall min = 9.0717e-05
Timings{0}> 
Timings{0}> drift............... Wall max = 7.8013e-05
Timings{0}>                      Wall avg = 5.74287e-05
Timings{0}>                      Wall min = 4.4894e-05
Timings{0}> 
Timings{0}> particleBC.......... Wall max = 0.000144219
Timings{0}>                      Wall avg = 0.000107746
Timings{0}>                      Wall min = 7.7437e-05
Timings{0}> 
Timings{0}> initializeShapeFunc. Wall max =          0
Timings{0}>                      Wall avg =          0
Timings{0}>                      Wall min =          0
Timings{0}> 
Timings{0}> findInternal........ Wall max =          0
Timings{0}>                      Wall avg =          0
Timings{0}>                      Wall min =          0
Timings{0}> 
Timings{0}> findPeriodic........ Wall max =          0
Timings{0}>                      Wall avg =          0
Timings{0}>                      Wall min =          0
Timings{0}> 
Timings{0}> NativeNUFFT::init... Wall max =          0
Timings{0}>                      Wall avg =          0
Timings{0}>                      Wall min =          0
Timings{0}> 
Timings{0}> updateParticle...... Wall max =   0.447356
Timings{0}>                      Wall avg =   0.256527
Timings{0}>                      Wall min =  0.0833003
Timings{0}> 
Timings{0}> locateParticles..... Wall max = 0.00444288
Timings{0}>                      Wall avg = 0.00400861
Timings{0}>                      Wall min = 0.00361438
Timings{0}> 
Timings{0}> sendPreprocess...... Wall max = 0.00355304
Timings{0}>                      Wall avg =  0.0031058
Timings{0}>                      Wall min = 0.00257572
Timings{0}> 
Timings{0}> particleSend........ Wall max =  0.0101313
Timings{0}>                      Wall avg = 0.00806142
Timings{0}>                      Wall min = 0.00758273
Timings{0}> 
Timings{0}> particleRecv........ Wall max = 0.000681002
Timings{0}>                      Wall avg = 0.000627831
Timings{0}>                      Wall min = 0.000576044
Timings{0}> 
Timings{0}> particleDestroy..... Wall max = 0.00578067
Timings{0}>                      Wall avg = 0.00468017
Timings{0}>                      Wall min = 0.00402794
Timings{0}> 
Timings{0}> ScatterPIFNUFFT..... Wall max =    1.09098
Timings{0}>                      Wall avg =   0.917359
Timings{0}>                      Wall min =   0.729389
Timings{0}> 
Timings{0}> NativeNUFFT1........ Wall max =      1.042
Timings{0}>                      Wall avg =   0.907486
Timings{0}>                      Wall min =   0.719334
Timings{0}> 
Timings{0}> scatterTimerNUFFT1.. Wall max =   0.875173
Timings{0}>                      Wall avg =   0.687118
Timings{0}>                      Wall min =   0.480799
Timings{0}> 
Timings{0}> binSort............. Wall max =  0.0258863
Timings{0}>                      Wall avg =  0.0173281
Timings{0}>                      Wall min =  0.0154865
Timings{0}> 
Timings{0}> binComputeKeys...... Wall max = 0.00164491
Timings{0}>                      Wall avg = 0.00147669
Timings{0}>                      Wall min = 0.00129583
Timings{0}> 
Timings{0}> binSortByKey........ Wall max =  0.0230016
Timings{0}>                      Wall avg =  0.0145381
Timings{0}>                      Wall min =   0.012871
Timings{0}> 
Timings{0}> binComputeOffsets... Wall max = 0.00141026
Timings{0}>                      Wall avg = 0.00128375
Timings{0}>                      Wall min =  0.0011678
Timings{0}> 
Timings{0}> FFTNUFFT1........... Wall max =   0.380894
Timings{0}>                      Wall avg =   0.219808
Timings{0}>                      Wall min =   0.127274
Timings{0}> 
Timings{0}> deconvolutionNUFFT1. Wall max = 0.000620301
Timings{0}>                      Wall avg = 0.000544508
Timings{0}>                      Wall min = 0.000491695
Timings{0}> 
Timings{0}> GatherPIFNUFFT...... Wall max =   0.503026
Timings{0}>                      Wall avg =   0.496606
Timings{0}>                      Wall min =   0.489557
Timings{0}> 
Timings{0}> NativeNUFFT2........ Wall max =   0.498025
Timings{0}>                      Wall avg =   0.490486
Timings{0}>                      Wall min =   0.482648
Timings{0}> 
Timings{0}> PrecorrectionNUFFT2. Wall max = 0.00562745
Timings{0}>                      Wall avg = 0.00513703
Timings{0}>                      Wall min = 0.00476739
Timings{0}> 
Timings{0}> FFTNUFFT2........... Wall max =   0.354199
Timings{0}>                      Wall avg =   0.341356
Timings{0}>                      Wall min =   0.323374
Timings{0}> 
Timings{0}> GatherNUFFT2........ Wall max =  0.0988161
Timings{0}>                      Wall avg =  0.0831911
Timings{0}>                      Wall min =  0.0700919
Timings{0}> 
Timings{0}> ---------------------------------------------
Timings{0}>      Measurement counts:
Timings{0}> ---------------------------------------------
Timings{0}> mainTimer........... Count =          1
Timings{0}> particlesCreation... Count =          0
Timings{0}> dumpData............ Count =         10
Timings{0}> kick................ Count =         20
Timings{0}> drift............... Count =         10
Timings{0}> particleBC.......... Count =         10
Timings{0}> initializeShapeFunc. Count =          0
Timings{0}> findInternal........ Count =          0
Timings{0}> findPeriodic........ Count =          0
Timings{0}> NativeNUFFT::init... Count =          0
Timings{0}> updateParticle...... Count =         10
Timings{0}> locateParticles..... Count =         10
Timings{0}> sendPreprocess...... Count =         10
Timings{0}> particleSend........ Count =         10
Timings{0}> particleRecv........ Count =         10
Timings{0}> particleDestroy..... Count =         10
Timings{0}> ScatterPIFNUFFT..... Count =         20
Timings{0}> NativeNUFFT1........ Count =         10
Timings{0}> scatterTimerNUFFT1.. Count =         10
Timings{0}> binSort............. Count =         40
Timings{0}> binComputeKeys...... Count =         40
Timings{0}> binSortByKey........ Count =         40
Timings{0}> binComputeOffsets... Count =         40
Timings{0}> FFTNUFFT1........... Count =         10
Timings{0}> deconvolutionNUFFT1. Count =         10
Timings{0}> GatherPIFNUFFT...... Count =         10
Timings{0}> NativeNUFFT2........ Count =         30
Timings{0}> PrecorrectionNUFFT2. Count =         30
Timings{0}> FFTNUFFT2........... Count =         30
Timings{0}> GatherNUFFT2........ Count =         30
Timings{0}> ---------------------------------------------
Timings{0}> ---------------------------------------------
Timings{0}>      Per-occurrence statistics:
Timings{0}> ---------------------------------------------
Timings{0}> mainTimer........... n=    1  mean=   1.71475  std=         0  min=   1.71475  max=   1.71475
Timings{0}> dumpData............ n=   10  mean=0.00335815  std=0.00368191  min=0.00155685  max= 0.0135668
Timings{0}> kick................ n=   20  mean=9.4846e-06  std=3.21484e-06  min= 5.184e-06  max=1.4048e-05
Timings{0}> drift............... n=   10  mean=5.1966e-06  std=5.12133e-07  min= 4.256e-06  max= 6.048e-06
Timings{0}> particleBC.......... n=   10  mean=9.4781e-06  std=1.12348e-06  min= 7.776e-06  max=1.1616e-05
Timings{0}> updateParticle...... n=   10  mean= 0.0282267  std= 0.0242021  min=0.00285115  max= 0.0739529
Timings{0}> locateParticles..... n=   10  mean=0.000424698  std=2.97338e-06  min=0.000420948  max=0.000431252
Timings{0}> sendPreprocess...... n=   10  mean=0.000288708  std=1.35521e-05  min=0.000273496  max=0.000307703
Timings{0}> particleSend........ n=   10  mean=0.000852487  std=0.000135571  min=0.000763594  max=0.00122409
Timings{0}> particleRecv........ n=   10  mean=5.94446e-05  std=1.88044e-06  min= 5.715e-05  max=6.3775e-05
Timings{0}> particleDestroy..... n=   10  mean=0.000511514  std=7.92387e-06  min=0.000504529  max=0.000530769
Timings{0}> ScatterPIFNUFFT..... n=   20  mean= 0.0444842  std= 0.0524962  min= 5.792e-06  max=  0.126531
Timings{0}> NativeNUFFT1........ n=   10  mean= 0.0880611  std= 0.0376951  min= 0.0174779  max=  0.125622
Timings{0}> scatterTimerNUFFT1.. n=   10  mean= 0.0596098  std= 0.0335884  min=0.00786927  max=  0.114154
Timings{0}> binSort............. n=   40  mean=0.000471114  std=9.48376e-06  min=0.000456818  max=0.000491569
Timings{0}> binComputeKeys...... n=   40  mean=4.06253e-05  std=1.28538e-06  min=3.7599e-05  max=4.4287e-05
Timings{0}> binSortByKey........ n=   40  mean=0.000395174  std=6.68032e-06  min=0.000385684  max=0.000411796
Timings{0}> binComputeOffsets... n=   40  mean=3.46254e-05  std=2.61508e-06  min=3.0015e-05  max=4.2431e-05
Timings{0}> FFTNUFFT1........... n=   10  mean= 0.0283922  std= 0.0191932  min=0.00884992  max= 0.0640152
Timings{0}> deconvolutionNUFFT1. n=   10  mean=5.75405e-05  std=2.76104e-06  min=5.3854e-05  max=6.2622e-05
Timings{0}> GatherPIFNUFFT...... n=   10  mean= 0.0500241  std=0.00290654  min= 0.0463109  max= 0.0554735
Timings{0}> NativeNUFFT2........ n=   30  mean= 0.0164887  std=0.00201113  min= 0.0141417  max= 0.0222867
Timings{0}> PrecorrectionNUFFT2. n=   30  mean=0.000184888  std=3.14335e-05  min=0.000137436  max=0.000210778
Timings{0}> FFTNUFFT2........... n=   30  mean= 0.0108142  std=0.00119159  min=0.00928875  max= 0.0148021
Timings{0}> GatherNUFFT2........ n=   30  mean=0.00329387  std=0.00175953  min=0.00228144  max=0.00923282
Timings{0}> ---------------------------------------------
