
================================================================================
NUFFT Scaling Benchmark
================================================================================
Number of ranks: 128
Grid size:       1024^3
Upsampled grid:  2048^3 (sigma=2)
Particles:       8589934592 (8 per point)
Tolerance:       0.0001
CSV output:      results/nufft_scaling_128_upsampled.csv
Component CSV:   results/nufft_components_128_upsampled.csv

=== Benchmarking NUFFT Type 1 ===
Grid size:       1024^3
Upsampled grid:  2048^3 (sigma=2)
Total particles: 8589934592
Local particles: 67108864
Spread method:   output_focused
Tolerance:       0.0001
Warmup runs:     3
Benchmark runs:  10
Running warmup...
Running benchmark...

NUFFT Type 1 Results:
  Ranks:       128
  Grid:        1024^3
  Particles:   8589934592
  Mean time:   1540.894 ms
  Min time:    1537.960 ms
  Max time:    1543.707 ms
  Stddev:      1.800 ms
  Throughput:  5574.64 Mpts/s

=== Benchmarking NUFFT Type 2 ===
Grid size:       1024^3
Upsampled grid:  2048^3 (sigma=2.00)
Total particles: 8589934592
Local particles: 67108864
Gather method:   atomic_sort
Tolerance:       0.00
Warmup runs:     3
Benchmark runs:  10
Running warmup...
Running benchmark...

NUFFT Type 2 Results:
  Ranks:       128
  Grid:        1024^3
  Particles:   8589934592
  Mean time:   1020.574 ms
  Min time:    1019.390 ms
  Max time:    1022.716 ms
  Stddev:      0.876 ms
  Throughput:  8416.77 Mpts/s
[CSV] Timings written to results/nufft_scaling_128_upsampled.csv

==================================================
COMPONENT TIMING BREAKDOWN
==================================================

Type-1 (spreading):
----------------------------------------
Scatter (spreading)          569.63 ms
FFT (forward)                909.77 ms
Deconvolution                  1.65 ms

Type-2 (interpolation):
----------------------------------------
Precorrection                  2.40 ms
FFT (backward)              1008.88 ms
Gather (interpolation)        93.63 ms

Total:
----------------------------------------
Complete Type-1             1481.06 ms
Complete Type-2             1104.93 ms
[CSV] Component timings written to results/nufft_components_128_upsampled.csv

================================================================================
SUMMARY
================================================================================
Type 1: 1540.894 ms (5574.64 Mpts/s)
Type 2: 1020.57 ms (8416.77 Mpts/s)
================================================================================
