LandauDampingPIF{0}> Landau damping
LandauDampingPIF{0}> nt 10 Np= 1073741824 Fourier modes = ( 512 , 512 , 512 )
LandauDampingPIF{0}> particles created and initial conditions assigned 
LandauDampingPIF{0}> After init shape function 
LandauDampingPIF{0}> After init NUFFT 
LandauDampingPIF{0}> After update 
[Scatter] Auto-select: OutputFocused (tp=196.1 Mpts/s) for w=9 rho=1.10 (was Atomic)
[Scatter] Cache hit: method=OutputFocused w=9 cx=1 rho=1.10 -> tile=(2,3,3) team=256 osub=1 zb=26 tp=196.1 Mpts/s (rho_csv=1.25)
LandauDampingPIF{0}> After scatter 
LandauDampingPIF{0}> After gather 
LandauDampingPIF{0}> Starting iterations ...
LandauDampingPIF{0}> Finished time step: -2 time: 0.0122718
LandauDampingPIF{0}> Finished time step: -1 time: 0.0245437
LandauDampingPIF{0}> Finished time step: 0 time: 0.0368155
LandauDampingPIF{0}> Finished time step: 1 time: 0.0490874
LandauDampingPIF{0}> Finished time step: 2 time: 0.0613592
LandauDampingPIF{0}> Finished time step: 3 time: 0.0736311
LandauDampingPIF{0}> Finished time step: 4 time: 0.0859029
LandauDampingPIF{0}> Finished time step: 5 time: 0.0981748
LandauDampingPIF{0}> Finished time step: 6 time: 0.110447
LandauDampingPIF{0}> Finished time step: 7 time: 0.122718
LandauDampingPIF{0}> Finished time step: 8 time: 0.13499
LandauDampingPIF{0}> Finished time step: 9 time: 0.147262
LandauDampingPIF{0}> Finished time step: 10 time: 0.159534
LandauDampingPIF{0}> LandauDamping: End.
Timings{0}> ---------------------------------------------
Timings{0}>      Timing results for 64 rank(s):
Timings{0}> ---------------------------------------------
Timings{0}> mainTimer........... Wall tot =    18.8481
Timings{0}> 
Timings{0}> particlesCreation... Wall max =          0
Timings{0}>                      Wall avg =          0
Timings{0}>                      Wall min =          0
Timings{0}> 
Timings{0}> dumpData............ Wall max =  0.0855148
Timings{0}>                      Wall avg =  0.0620412
Timings{0}>                      Wall min =  0.0377321
Timings{0}> 
Timings{0}> kick................ Wall max =  0.0197546
Timings{0}>                      Wall avg =  0.0180067
Timings{0}>                      Wall min =  0.0163593
Timings{0}> 
Timings{0}> drift............... Wall max = 0.00984876
Timings{0}>                      Wall avg = 0.00896965
Timings{0}>                      Wall min =  0.0081414
Timings{0}> 
Timings{0}> initializeShapeFunc. Wall max =          0
Timings{0}>                      Wall avg =          0
Timings{0}>                      Wall min =          0
Timings{0}> 
Timings{0}> findInternal........ Wall max =          0
Timings{0}>                      Wall avg =          0
Timings{0}>                      Wall min =          0
Timings{0}> 
Timings{0}> findPeriodic........ Wall max =          0
Timings{0}>                      Wall avg =          0
Timings{0}>                      Wall min =          0
Timings{0}> 
Timings{0}> NativeNUFFT::init... Wall max =          0
Timings{0}>                      Wall avg =          0
Timings{0}>                      Wall min =          0
Timings{0}> 
Timings{0}> particleBC.......... Wall max =  0.0199362
Timings{0}>                      Wall avg =  0.0181552
Timings{0}>                      Wall min =  0.0164958
Timings{0}> 
Timings{0}> updateParticle...... Wall max =  0.0842563
Timings{0}>                      Wall avg =  0.0815773
Timings{0}>                      Wall min =  0.0786789
Timings{0}> 
Timings{0}> locateParticles..... Wall max = 0.00972477
Timings{0}>                      Wall avg = 0.00889522
Timings{0}>                      Wall min = 0.00826296
Timings{0}> 
Timings{0}> sendPreprocess...... Wall max =  0.0114921
Timings{0}>                      Wall avg = 0.00752726
Timings{0}>                      Wall min =  0.0031894
Timings{0}> 
Timings{0}> particleSend........ Wall max =  0.0116657
Timings{0}>                      Wall avg =  0.0112737
Timings{0}>                      Wall min =  0.0109953
Timings{0}> 
Timings{0}> particleRecv........ Wall max = 0.000434693
Timings{0}>                      Wall avg = 0.000385974
Timings{0}>                      Wall min = 0.000362064
Timings{0}> 
Timings{0}> particleDestroy..... Wall max =  0.0313734
Timings{0}>                      Wall avg =  0.0277349
Timings{0}>                      Wall min =  0.0258857
Timings{0}> 
Timings{0}> ScatterPIFNUFFT..... Wall max =    4.97984
Timings{0}>                      Wall avg =    4.96514
Timings{0}>                      Wall min =    4.95558
Timings{0}> 
Timings{0}> NativeNUFFT1........ Wall max =    4.96109
Timings{0}>                      Wall avg =    4.94725
Timings{0}>                      Wall min =    4.93837
Timings{0}> 
Timings{0}> scatterTimerNUFFT1.. Wall max =   0.823245
Timings{0}>                      Wall avg =   0.818196
Timings{0}>                      Wall min =   0.813776
Timings{0}> 
Timings{0}> binSort............. Wall max =    0.20583
Timings{0}>                      Wall avg =   0.187847
Timings{0}>                      Wall min =    0.17219
Timings{0}> 
Timings{0}> binComputeKeys...... Wall max =   0.022177
Timings{0}>                      Wall avg =  0.0201529
Timings{0}>                      Wall min =  0.0183178
Timings{0}> 
Timings{0}> binSortByKey........ Wall max =   0.176926
Timings{0}>                      Wall avg =   0.161315
Timings{0}>                      Wall min =   0.147776
Timings{0}> 
Timings{0}> binComputeOffsets... Wall max = 0.00640112
Timings{0}>                      Wall avg = 0.00596414
Timings{0}>                      Wall min = 0.00557778
Timings{0}> 
Timings{0}> FFTNUFFT1........... Wall max =     4.1435
Timings{0}>                      Wall avg =    4.12813
Timings{0}>                      Wall min =    4.11627
Timings{0}> 
Timings{0}> TwiddleAdd.......... Wall max = 0.00725521
Timings{0}>                      Wall avg = 0.00718024
Timings{0}>                      Wall min = 0.00713429
Timings{0}> 
Timings{0}> subFFTs............. Wall max =    4.13578
Timings{0}>                      Wall avg =    4.12041
Timings{0}>                      Wall min =    4.10852
Timings{0}> 
Timings{0}> deconvolutionNUFFT1. Wall max = 0.000843834
Timings{0}>                      Wall avg = 0.000800518
Timings{0}>                      Wall min = 0.000757766
Timings{0}> 
Timings{0}> GatherPIFNUFFT...... Wall max =    13.7025
Timings{0}>                      Wall avg =    13.6817
Timings{0}>                      Wall min =     13.656
Timings{0}> 
Timings{0}> NativeNUFFT2........ Wall max =    13.6348
Timings{0}>                      Wall avg =    13.6192
Timings{0}>                      Wall min =    13.5988
Timings{0}> 
Timings{0}> PrecorrectionNUFFT2. Wall max = 0.00247148
Timings{0}>                      Wall avg = 0.00233459
Timings{0}>                      Wall min = 0.00229166
Timings{0}> 
Timings{0}> FFTNUFFT2........... Wall max =     12.462
Timings{0}>                      Wall avg =    12.3979
Timings{0}>                      Wall min =    12.3327
Timings{0}> 
Timings{0}> subIFFTs............ Wall max =    12.4231
Timings{0}>                      Wall avg =     12.359
Timings{0}>                      Wall min =    12.2937
Timings{0}> 
Timings{0}> StridedWrite........ Wall max =  0.0322683
Timings{0}>                      Wall avg =  0.0321209
Timings{0}>                      Wall min =  0.0320184
Timings{0}> 
Timings{0}> GatherNUFFT2........ Wall max =    1.29695
Timings{0}>                      Wall avg =    1.21835
Timings{0}>                      Wall min =    1.13382
Timings{0}> 
Timings{0}> ---------------------------------------------
Timings{0}>      Measurement counts:
Timings{0}> ---------------------------------------------
Timings{0}> mainTimer........... Count =          1
Timings{0}> particlesCreation... Count =          0
Timings{0}> dumpData............ Count =         10
Timings{0}> kick................ Count =         20
Timings{0}> drift............... Count =         10
Timings{0}> initializeShapeFunc. Count =          0
Timings{0}> findInternal........ Count =          0
Timings{0}> findPeriodic........ Count =          0
Timings{0}> NativeNUFFT::init... Count =          0
Timings{0}> particleBC.......... Count =         10
Timings{0}> updateParticle...... Count =         10
Timings{0}> locateParticles..... Count =         10
Timings{0}> sendPreprocess...... Count =         10
Timings{0}> particleSend........ Count =         10
Timings{0}> particleRecv........ Count =         10
Timings{0}> particleDestroy..... Count =         10
Timings{0}> ScatterPIFNUFFT..... Count =         20
Timings{0}> NativeNUFFT1........ Count =         10
Timings{0}> scatterTimerNUFFT1.. Count =         10
Timings{0}> binSort............. Count =         40
Timings{0}> binComputeKeys...... Count =         40
Timings{0}> binSortByKey........ Count =         40
Timings{0}> binComputeOffsets... Count =         40
Timings{0}> FFTNUFFT1........... Count =         10
Timings{0}> TwiddleAdd.......... Count =         20
Timings{0}> subFFTs............. Count =         20
Timings{0}> deconvolutionNUFFT1. Count =         10
Timings{0}> GatherPIFNUFFT...... Count =         10
Timings{0}> NativeNUFFT2........ Count =         30
Timings{0}> PrecorrectionNUFFT2. Count =         30
Timings{0}> FFTNUFFT2........... Count =         30
Timings{0}> subIFFTs............ Count =         60
Timings{0}> StridedWrite........ Count =         60
Timings{0}> GatherNUFFT2........ Count =         30
Timings{0}> ---------------------------------------------
Timings{0}> ---------------------------------------------
Timings{0}>      Per-occurrence statistics:
Timings{0}> ---------------------------------------------
Timings{0}> mainTimer........... n=    1  mean=    18.848  std=         0  min=    18.848  max=    18.848
Timings{0}> dumpData............ n=   10  mean=0.00417222  std=0.00219108  min=0.00283372  max= 0.0102361
Timings{0}> kick................ n=   20  mean=0.00098773  std=1.78481e-05  min=0.000968805  max=0.00101033
Timings{0}> drift............... n=   10  mean=0.000984552  std=2.53471e-06  min=0.000981124  max=0.000989774
Timings{0}> particleBC.......... n=   10  mean=0.00199113  std=1.74931e-06  min=0.00198845  max=0.00199382
Timings{0}> updateParticle...... n=   10  mean= 0.0078828  std=0.000848478  min= 0.0066931  max=0.00953071
Timings{0}> locateParticles..... n=   10  mean=0.000900688  std=8.64043e-06  min=0.000888683  max=0.000918264
Timings{0}> sendPreprocess...... n=   10  mean=0.000385104  std=0.00019299  min=0.000221551  max=0.000788303
Timings{0}> particleSend........ n=   10  mean=0.00114165  std=5.06854e-05  min=0.00108747  max=0.00123667
Timings{0}> particleRecv........ n=   10  mean=3.97981e-05  std=6.17597e-06  min= 2.994e-05  max=4.9621e-05
Timings{0}> particleDestroy..... n=   10  mean=0.00266429  std=1.12911e-05  min=0.00264625  max=0.00268344
Timings{0}> ScatterPIFNUFFT..... n=   20  mean=  0.248349  std=  0.254718  min=8.7421e-05  max=  0.501999
Timings{0}> NativeNUFFT1........ n=   10  mean=  0.494786  std=0.00301803  min=  0.490108  max=  0.500203
Timings{0}> scatterTimerNUFFT1.. n=   10  mean= 0.0820715  std=0.00126397  min=  0.080268  max= 0.0844884
Timings{0}> binSort............. n=   40  mean=0.00513044  std=1.01307e-05  min=0.00511701  max=0.00516855
Timings{0}> binComputeKeys...... n=   40  mean=0.000550618  std=3.43263e-06  min=0.000547682  max=0.000564582
Timings{0}> binSortByKey........ n=   40  mean=0.00441194  std=6.94075e-06  min= 0.0043996  max=0.00442587
Timings{0}> binComputeOffsets... n=   40  mean=0.000157844  std=3.65598e-06  min=0.00015457  max=0.000165631
Timings{0}> FFTNUFFT1........... n=   10  mean=  0.412623  std=0.00346346  min=  0.408524  max=   0.41866
Timings{0}> TwiddleAdd.......... n=   20  mean=0.000359107  std=3.31022e-06  min=0.000355182  max=0.000370091
Timings{0}> subFFTs............. n=   20  mean=  0.205926  std=0.00276029  min=  0.200479  max=  0.210159
Timings{0}> deconvolutionNUFFT1. n=   10  mean=8.06411e-05  std=7.45984e-06  min= 7.373e-05  max= 9.091e-05
Timings{0}> GatherPIFNUFFT...... n=   10  mean=   1.36989  std=0.00780216  min=   1.36066  max=   1.38471
Timings{0}> NativeNUFFT2........ n=   30  mean=  0.454361  std=0.00402744  min=  0.447104  max=   0.46261
Timings{0}> PrecorrectionNUFFT2. n=   30  mean=7.77999e-05  std=2.27163e-06  min= 7.612e-05  max=8.9131e-05
Timings{0}> FFTNUFFT2........... n=   30  mean=  0.411509  std=0.00470789  min=  0.401964  max=  0.420183
Timings{0}> subIFFTs............ n=   60  mean=  0.205107  std= 0.0038569  min=   0.19791  max=  0.216188
Timings{0}> StridedWrite........ n=   60  mean=0.000533742  std=3.29405e-06  min=0.000529042  max=0.000543523
Timings{0}> GatherNUFFT2........ n=   30  mean= 0.0427539  std=0.00194459  min= 0.0393687  max= 0.0482947
Timings{0}> ---------------------------------------------
