libfabric:128115:1773698190::cxi:core:cxip_query_if_list():548<warn> nid007355: CXI retry handler not running for device: cxi3
libfabric:128116:1773698190::cxi:core:cxip_query_if_list():548<warn> nid007355: CXI retry handler not running for device: cxi3
libfabric:128119:1773698190::cxi:core:cxip_query_if_list():548<warn> nid007355: CXI retry handler not running for device: cxi3
libfabric:128117:1773698190::cxi:core:cxip_query_if_list():548<warn> nid007355: CXI retry handler not running for device: cxi3
libfabric:128114:1773698190::cxi:core:cxip_query_if_list():548<warn> nid007355: CXI retry handler not running for device: cxi3
libfabric:128112:1773698190::cxi:core:cxip_query_if_list():548<warn> nid007355: CXI retry handler not running for device: cxi3
libfabric:128118:1773698190::cxi:core:cxip_query_if_list():548<warn> nid007355: CXI retry handler not running for device: cxi3
libfabric:128113:1773698190::cxi:core:cxip_query_if_list():548<warn> nid007355: CXI retry handler not running for device: cxi3
PE 0:  == Node nid005365 has 4 NIC(s) available
PE 0:  == Node nid005366 has 4 NIC(s) available
PE 0:  == Node nid005367 has 4 NIC(s) available
PE 0:  == Node nid005777 has 4 NIC(s) available
PE 0:  == Node nid005778 has 4 NIC(s) available
PE 0:  == Node nid005779 has 4 NIC(s) available
PE 0:  == Node nid005780 has 4 NIC(s) available
PE 0:  == Node nid005781 has 4 NIC(s) available
PE 0:  == Node nid005782 has 4 NIC(s) available
PE 0:  == Node nid005783 has 4 NIC(s) available
PE 0:  == Node nid005784 has 4 NIC(s) available
PE 0:  == Node nid005982 has 4 NIC(s) available
PE 0:  == Node nid005983 has 4 NIC(s) available
PE 0:  == Node nid005984 has 4 NIC(s) available
PE 0:  == Node nid005985 has 4 NIC(s) available
PE 0:  == Node nid005986 has 4 NIC(s) available
PE 0:  == Node nid005987 has 4 NIC(s) available
PE 0:  == Node nid005988 has 4 NIC(s) available
PE 0:  == Node nid006060 has 4 NIC(s) available
PE 0:  == Node nid006061 has 4 NIC(s) available
PE 0:  == Node nid006062 has 4 NIC(s) available
PE 0:  == Node nid006063 has 4 NIC(s) available
PE 0:  == Node nid006064 has 4 NIC(s) available
PE 0:  == Node nid006065 has 4 NIC(s) available
PE 0:  == Node nid006091 has 4 NIC(s) available
PE 0:  == Node nid006092 has 4 NIC(s) available
PE 0:  == Node nid006093 has 4 NIC(s) available
PE 0:  == Node nid006094 has 4 NIC(s) available
PE 0:  == Node nid006095 has 4 NIC(s) available
PE 0:  == Node nid006096 has 4 NIC(s) available
PE 0:  == Node nid006097 has 4 NIC(s) available
PE 0:  == Node nid006176 has 4 NIC(s) available
PE 0:  == Node nid006177 has 4 NIC(s) available
PE 0:  == Node nid006178 has 4 NIC(s) available
PE 0:  == Node nid006179 has 4 NIC(s) available
PE 0:  == Node nid006180 has 4 NIC(s) available
PE 0:  == Node nid006181 has 4 NIC(s) available
PE 0:  == Node nid006632 has 4 NIC(s) available
PE 0:  == Node nid006633 has 4 NIC(s) available
PE 0:  == Node nid006634 has 4 NIC(s) available
PE 0:  == Node nid006635 has 4 NIC(s) available
PE 0:  == Node nid006636 has 4 NIC(s) available
PE 0:  == Node nid006637 has 4 NIC(s) available
PE 0:  == Node nid006638 has 4 NIC(s) available
PE 0:  == Node nid006640 has 4 NIC(s) available
PE 0:  == Node nid006641 has 4 NIC(s) available
PE 0:  == Node nid006642 has 4 NIC(s) available
PE 0:  == Node nid006643 has 4 NIC(s) available
PE 0:  == Node nid006644 has 4 NIC(s) available
PE 0:  == Node nid006645 has 4 NIC(s) available
PE 0:  == Node nid006820 has 4 NIC(s) available
PE 0:  == Node nid006821 has 4 NIC(s) available
PE 0:  == Node nid006822 has 4 NIC(s) available
PE 0:  == Node nid006823 has 4 NIC(s) available
PE 0:  == Node nid006824 has 4 NIC(s) available
PE 0:  == Node nid006825 has 4 NIC(s) available
PE 0:  == Node nid006826 has 4 NIC(s) available
PE 0:  == Node nid007352 has 4 NIC(s) available
PE 0:  == Node nid007353 has 4 NIC(s) available
PE 0:  == Node nid007354 has 4 NIC(s) available
PE 0:  == Node nid007355 has 3 NIC(s) available
PE 0:  == Node nid007356 has 4 NIC(s) available
PE 0:  == Node nid007357 has 4 NIC(s) available
PE 0:  == Node nid007358 has 4 NIC(s) available
PE 0: 
MPICH ERROR: All nodes in this job do not contain the same number of NICs. Aborting job as performance may be affected.
Set MPICH_OFI_SKIP_NIC_SYMMETRY_TEST=1 to bypass this check.
MPICH ERROR [Rank 0] [job id 16777425.0] [Mon Mar 16 23:56:30 2026] [nid005365] - Abort(-1) (rank 0 in comm 0): Inconsistent number of NICs across the job (Other MPI error)

aborting job:
Inconsistent number of NICs across the job
srun: error: nid005365: task 0: Exited with exit code 255
srun: Terminating StepId=16777425.0
slurmstepd: error: *** STEP 16777425.0 ON nid005365 CANCELLED AT 2026-03-16T23:56:30 ***
srun: error: nid006177: tasks 256-263: Terminated
srun: error: nid006180: tasks 280-287: Terminated
srun: error: nid006634: tasks 312-319: Terminated
srun: error: nid007356: tasks 488-495: Terminated
srun: error: nid006179: tasks 272-279: Terminated
srun: error: nid005784: tasks 80-87: Terminated
srun: error: nid006826: tasks 448-455: Terminated
srun: error: nid005985: tasks 112-119: Terminated
srun: error: nid006178: tasks 264-271: Terminated
srun: error: nid005988: tasks 136-143: Terminated
srun: error: nid005982: tasks 88-95: Terminated
srun: error: nid006091: tasks 192-199: Terminated
srun: error: nid006181: tasks 288-295: Terminated
srun: error: nid006065: tasks 184-191: Terminated
srun: error: nid006820: tasks 400-407: Terminated
srun: error: nid005366: tasks 8-15: Terminated
srun: error: nid006824: tasks 432-439: Terminated
srun: error: nid006636: tasks 328-335: Terminated
srun: error: nid006097: tasks 240-247: Terminated
srun: error: nid007354: tasks 472-479: Terminated
srun: error: nid007357: tasks 496-503: Terminated
srun: error: nid005984: tasks 104-111: Terminated
srun: error: nid006632: tasks 296-303: Terminated
srun: error: nid006094: tasks 216-223: Terminated
srun: error: nid005986: tasks 120-127: Terminated
srun: error: nid005365: tasks 1-7: Terminated
srun: error: nid005983: tasks 96-103: Terminated
srun: error: nid006822: tasks 416-423: Terminated
srun: error: nid007352: tasks 456-463: Terminated
srun: error: nid006096: tasks 232-239: Terminated
srun: error: nid005782: tasks 64-71: Terminated
srun: error: nid006645: tasks 392-399: Terminated
srun: error: nid006060: tasks 144-151: Terminated
srun: error: nid006063: tasks 168-175: Terminated
srun: error: nid006633: tasks 304-311: Terminated
srun: error: nid006176: tasks 248-255: Terminated
srun: error: nid007353: tasks 464-471: Terminated
srun: error: nid006638: tasks 344-351: Terminated
srun: error: nid006644: tasks 384-391: Terminated
srun: error: nid007358: tasks 504-511: Terminated
srun: error: nid006637: tasks 336-343: Terminated
srun: error: nid006643: tasks 376-383: Terminated
srun: error: nid006062: tasks 160-167: Terminated
srun: error: nid006061: tasks 152-159: Terminated
srun: error: nid007355: tasks 480-487: Terminated
srun: error: nid005779: tasks 40-47: Terminated
srun: error: nid006635: tasks 320-327: Terminated
srun: error: nid005987: tasks 128-135: Terminated
srun: error: nid006640: tasks 352-359: Terminated
srun: error: nid006092: tasks 200-207: Terminated
srun: error: nid006093: tasks 208-215: Terminated
srun: error: nid006641: tasks 360-367: Terminated
srun: error: nid005777: tasks 24-31: Terminated
srun: error: nid005783: tasks 72-79: Terminated
srun: error: nid005367: tasks 16-23: Terminated
srun: error: nid006064: tasks 176-183: Terminated
srun: error: nid006095: tasks 224-231: Terminated
srun: error: nid005781: tasks 56-63: Terminated
srun: error: nid006821: tasks 408-415: Terminated
srun: error: nid006642: tasks 368-375: Terminated
srun: error: nid006825: tasks 440-447: Terminated
srun: error: nid005778: tasks 32-39: Terminated
srun: error: nid005780: tasks 48-55: Terminated
srun: error: nid006823: tasks 424-431: Terminated
srun: Force Terminated StepId=16777425.0
