Slurm Job Hostlist: nid[005563,005565-005567]
Hostname=nid005563   , Rank=0    ,Local=0   ,RPN=4   ,CPUs=0-71     ,GPU=0 ,NIC=cxi0 ,numa_nodes=0     ,first_numa=0  ,other_nodes=     
Hostname=nid005565   , Rank=4    ,Local=0   ,RPN=4   ,CPUs=0-71     ,GPU=0 ,NIC=cxi0 ,numa_nodes=0     ,first_numa=0  ,other_nodes=     
Hostname=nid005567   , Rank=12   ,Local=0   ,RPN=4   ,CPUs=0-71     ,GPU=0 ,NIC=cxi0 ,numa_nodes=0     ,first_numa=0  ,other_nodes=     
Hostname=nid005563   , Rank=3    ,Local=3   ,RPN=4   ,CPUs=216-287  ,GPU=3 ,NIC=cxi3 ,numa_nodes=3     ,first_numa=3  ,other_nodes=     
Hostname=nid005565   , Rank=5    ,Local=1   ,RPN=4   ,CPUs=72-143   ,GPU=1 ,NIC=cxi1 ,numa_nodes=1     ,first_numa=1  ,other_nodes=     
Hostname=nid005563   , Rank=2    ,Local=2   ,RPN=4   ,CPUs=144-215  ,GPU=2 ,NIC=cxi2 ,numa_nodes=2     ,first_numa=2  ,other_nodes=     
Hostname=nid005567   , Rank=13   ,Local=1   ,RPN=4   ,CPUs=72-143   ,GPU=1 ,NIC=cxi1 ,numa_nodes=1     ,first_numa=1  ,other_nodes=     
Hostname=nid005563   , Rank=1    ,Local=1   ,RPN=4   ,CPUs=72-143   ,GPU=1 ,NIC=cxi1 ,numa_nodes=1     ,first_numa=1  ,other_nodes=     
Hostname=nid005565   , Rank=7    ,Local=3   ,RPN=4   ,CPUs=216-287  ,GPU=3 ,NIC=cxi3 ,numa_nodes=3     ,first_numa=3  ,other_nodes=     
Hostname=nid005567   , Rank=14   ,Local=2   ,RPN=4   ,CPUs=144-215  ,GPU=2 ,NIC=cxi2 ,numa_nodes=2     ,first_numa=2  ,other_nodes=     
Hostname=nid005565   , Rank=6    ,Local=2   ,RPN=4   ,CPUs=144-215  ,GPU=2 ,NIC=cxi2 ,numa_nodes=2     ,first_numa=2  ,other_nodes=     
Hostname=nid005567   , Rank=15   ,Local=3   ,RPN=4   ,CPUs=216-287  ,GPU=3 ,NIC=cxi3 ,numa_nodes=3     ,first_numa=3  ,other_nodes=     
Hostname=nid005566   , Rank=8    ,Local=0   ,RPN=4   ,CPUs=0-71     ,GPU=0 ,NIC=cxi0 ,numa_nodes=0     ,first_numa=0  ,other_nodes=     
Hostname=nid005566   , Rank=10   ,Local=2   ,RPN=4   ,CPUs=144-215  ,GPU=2 ,NIC=cxi2 ,numa_nodes=2     ,first_numa=2  ,other_nodes=     
Hostname=nid005566   , Rank=11   ,Local=3   ,RPN=4   ,CPUs=216-287  ,GPU=3 ,NIC=cxi3 ,numa_nodes=3     ,first_numa=3  ,other_nodes=     
Hostname=nid005566   , Rank=9    ,Local=1   ,RPN=4   ,CPUs=72-143   ,GPU=1 ,NIC=cxi1 ,numa_nodes=1     ,first_numa=1  ,other_nodes=     
LandauDampingPIF{0}> Landau damping
LandauDampingPIF{0}> nt 10 Np= 536870912 Fourier modes = ( 256 , 512 , 512 )
LandauDampingPIF{0}> particles created and initial conditions assigned 
LandauDampingPIF{0}> After init shape function 
LandauDampingPIF{0}> After init NUFFT 
LandauDampingPIF{0}> After update 
[Scatter] Auto-select: OutputFocused (tp=1350.0 Mpts/s) for w=5 rho=1.03 (was Atomic)
[Scatter] Cache hit: method=OutputFocused w=5 cx=1 rho=1.03 -> tile=(3,3,7) team=64 osub=1 zb=32 tp=1350.0 Mpts/s (rho_csv=1.25)
LandauDampingPIF{0}> After scatter 
LandauDampingPIF{0}> After gather 
LandauDampingPIF{0}> Starting iterations ...
LandauDampingPIF{0}> Finished time step: -2 time: 0.0122718
LandauDampingPIF{0}> Finished time step: -1 time: 0.0245437
LandauDampingPIF{0}> Finished time step: 0 time: 0.0368155
LandauDampingPIF{0}> Finished time step: 1 time: 0.0490874
LandauDampingPIF{0}> Finished time step: 2 time: 0.0613592
LandauDampingPIF{0}> Finished time step: 3 time: 0.0736311
LandauDampingPIF{0}> Finished time step: 4 time: 0.0859029
LandauDampingPIF{0}> Finished time step: 5 time: 0.0981748
LandauDampingPIF{0}> Finished time step: 6 time: 0.110447
LandauDampingPIF{0}> Finished time step: 7 time: 0.122718
LandauDampingPIF{0}> Finished time step: 8 time: 0.13499
LandauDampingPIF{0}> Finished time step: 9 time: 0.147262
LandauDampingPIF{0}> Finished time step: 10 time: 0.159534
LandauDampingPIF{0}> LandauDamping: End.
Timings{0}> ---------------------------------------------
Timings{0}>      Timing results for 16 rank(s):
Timings{0}> ---------------------------------------------
Timings{0}> mainTimer........... Wall tot =     3.6994
Timings{0}> 
Timings{0}> particlesCreation... Wall max =          0
Timings{0}>                      Wall avg =          0
Timings{0}>                      Wall min =          0
Timings{0}> 
Timings{0}> dumpData............ Wall max =  0.0834442
Timings{0}>                      Wall avg =  0.0738566
Timings{0}>                      Wall min =  0.0652624
Timings{0}> 
Timings{0}> kick................ Wall max = 0.000629328
Timings{0}>                      Wall avg = 0.000490606
Timings{0}>                      Wall min = 0.000381266
Timings{0}> 
Timings{0}> drift............... Wall max = 9.3403e-05
Timings{0}>                      Wall avg = 7.54063e-05
Timings{0}>                      Wall min = 5.7789e-05
Timings{0}> 
Timings{0}> particleBC.......... Wall max = 0.00017532
Timings{0}>                      Wall avg = 0.000114831
Timings{0}>                      Wall min = 9.0109e-05
Timings{0}> 
Timings{0}> initializeShapeFunc. Wall max =          0
Timings{0}>                      Wall avg =          0
Timings{0}>                      Wall min =          0
Timings{0}> 
Timings{0}> findInternal........ Wall max =          0
Timings{0}>                      Wall avg =          0
Timings{0}>                      Wall min =          0
Timings{0}> 
Timings{0}> findPeriodic........ Wall max =          0
Timings{0}>                      Wall avg =          0
Timings{0}>                      Wall min =          0
Timings{0}> 
Timings{0}> NativeNUFFT::init... Wall max =          0
Timings{0}>                      Wall avg =          0
Timings{0}>                      Wall min =          0
Timings{0}> 
Timings{0}> updateParticle...... Wall max =  0.0785969
Timings{0}>                      Wall avg =  0.0771219
Timings{0}>                      Wall min =  0.0749826
Timings{0}> 
Timings{0}> locateParticles..... Wall max =   0.037204
Timings{0}>                      Wall avg =  0.0362429
Timings{0}>                      Wall min =  0.0353594
Timings{0}> 
Timings{0}> sendPreprocess...... Wall max = 0.00361972
Timings{0}>                      Wall avg = 0.00279202
Timings{0}>                      Wall min = 0.00183433
Timings{0}> 
Timings{0}> particleSend........ Wall max = 0.00638137
Timings{0}>                      Wall avg = 0.00612396
Timings{0}>                      Wall min = 0.00590019
Timings{0}> 
Timings{0}> particleRecv........ Wall max = 0.000325301
Timings{0}>                      Wall avg = 0.00025525
Timings{0}>                      Wall min = 0.000199963
Timings{0}> 
Timings{0}> particleDestroy..... Wall max =  0.0270222
Timings{0}>                      Wall avg =  0.0245075
Timings{0}>                      Wall min =  0.0225049
Timings{0}> 
Timings{0}> ScatterPIFNUFFT..... Wall max =   0.943659
Timings{0}>                      Wall avg =   0.937949
Timings{0}>                      Wall min =   0.932815
Timings{0}> 
Timings{0}> NativeNUFFT1........ Wall max =   0.901742
Timings{0}>                      Wall avg =   0.894615
Timings{0}>                      Wall min =   0.888829
Timings{0}> 
Timings{0}> scatterTimerNUFFT1.. Wall max =   0.212346
Timings{0}>                      Wall avg =   0.208696
Timings{0}>                      Wall min =    0.20482
Timings{0}> 
Timings{0}> binSort............. Wall max =   0.172216
Timings{0}>                      Wall avg =   0.166634
Timings{0}>                      Wall min =   0.161401
Timings{0}> 
Timings{0}> binComputeKeys...... Wall max =  0.0171443
Timings{0}>                      Wall avg =  0.0162062
Timings{0}>                      Wall min =  0.0152853
Timings{0}> 
Timings{0}> binSortByKey........ Wall max =   0.147498
Timings{0}>                      Wall avg =   0.142409
Timings{0}>                      Wall min =   0.137419
Timings{0}> 
Timings{0}> binComputeOffsets... Wall max = 0.00839427
Timings{0}>                      Wall avg = 0.00792198
Timings{0}>                      Wall min = 0.00754219
Timings{0}> 
Timings{0}> FFTNUFFT1........... Wall max =   0.680584
Timings{0}>                      Wall avg =   0.676121
Timings{0}>                      Wall min =   0.672445
Timings{0}> 
Timings{0}> deconvolutionNUFFT1. Wall max =  0.0120114
Timings{0}>                      Wall avg = 0.00976505
Timings{0}>                      Wall min = 0.00694375
Timings{0}> 
Timings{0}> GatherPIFNUFFT...... Wall max =    2.57162
Timings{0}>                      Wall avg =    2.55203
Timings{0}>                      Wall min =    2.53437
Timings{0}> 
Timings{0}> NativeNUFFT2........ Wall max =    2.52683
Timings{0}>                      Wall avg =    2.51321
Timings{0}>                      Wall min =     2.5053
Timings{0}> 
Timings{0}> PrecorrectionNUFFT2. Wall max =  0.0690625
Timings{0}>                      Wall avg =  0.0674073
Timings{0}>                      Wall min =  0.0662912
Timings{0}> 
Timings{0}> FFTNUFFT2........... Wall max =    2.03974
Timings{0}>                      Wall avg =    2.02883
Timings{0}>                      Wall min =    2.01999
Timings{0}> 
Timings{0}> GatherNUFFT2........ Wall max =   0.238524
Timings{0}>                      Wall avg =   0.227463
Timings{0}>                      Wall min =   0.218029
Timings{0}> 
Timings{0}> ---------------------------------------------
Timings{0}>      Measurement counts:
Timings{0}> ---------------------------------------------
Timings{0}> mainTimer........... Count =          1
Timings{0}> particlesCreation... Count =          0
Timings{0}> dumpData............ Count =         10
Timings{0}> kick................ Count =         20
Timings{0}> drift............... Count =         10
Timings{0}> particleBC.......... Count =         10
Timings{0}> initializeShapeFunc. Count =          0
Timings{0}> findInternal........ Count =          0
Timings{0}> findPeriodic........ Count =          0
Timings{0}> NativeNUFFT::init... Count =          0
Timings{0}> updateParticle...... Count =         10
Timings{0}> locateParticles..... Count =         10
Timings{0}> sendPreprocess...... Count =         10
Timings{0}> particleSend........ Count =         10
Timings{0}> particleRecv........ Count =         10
Timings{0}> particleDestroy..... Count =         10
Timings{0}> ScatterPIFNUFFT..... Count =         20
Timings{0}> NativeNUFFT1........ Count =         10
Timings{0}> scatterTimerNUFFT1.. Count =         10
Timings{0}> binSort............. Count =         40
Timings{0}> binComputeKeys...... Count =         40
Timings{0}> binSortByKey........ Count =         40
Timings{0}> binComputeOffsets... Count =         40
Timings{0}> FFTNUFFT1........... Count =         10
Timings{0}> deconvolutionNUFFT1. Count =         10
Timings{0}> GatherPIFNUFFT...... Count =         10
Timings{0}> NativeNUFFT2........ Count =         30
Timings{0}> PrecorrectionNUFFT2. Count =         30
Timings{0}> FFTNUFFT2........... Count =         30
Timings{0}> GatherNUFFT2........ Count =         30
Timings{0}> ---------------------------------------------
Timings{0}> ---------------------------------------------
Timings{0}>      Per-occurrence statistics:
Timings{0}> ---------------------------------------------
Timings{0}> mainTimer........... n=    1  mean=   3.69939  std=         0  min=   3.69939  max=   3.69939
Timings{0}> dumpData............ n=   10  mean= 0.0070282  std=0.000642047  min=0.00631552  max=0.00834576
Timings{0}> kick................ n=   20  mean=2.41784e-05  std=1.67732e-05  min= 6.496e-06  max=4.4831e-05
Timings{0}> drift............... n=   10  mean=7.7309e-06  std=1.41435e-06  min= 6.272e-06  max=1.0239e-05
Timings{0}> particleBC.......... n=   10  mean=1.18047e-05  std=1.27079e-06  min= 9.536e-06  max=1.3535e-05
Timings{0}> updateParticle...... n=   10  mean=0.00753612  std=2.1873e-05  min=0.00750208  max=0.00757062
Timings{0}> locateParticles..... n=   10  mean=0.00370703  std=1.12544e-05  min=0.00369013  max=0.00372821
Timings{0}> sendPreprocess...... n=   10  mean=0.000194023  std=1.16619e-05  min=0.000184154  max=0.000221913
Timings{0}> particleSend........ n=   10  mean=0.000598724  std=1.64091e-05  min=0.000583374  max=0.000629517
Timings{0}> particleRecv........ n=   10  mean=1.99963e-05  std=1.76001e-06  min= 1.664e-05  max=2.2208e-05
Timings{0}> particleDestroy..... n=   10  mean=0.00232443  std=1.13001e-05  min=0.00229715  max=0.00233564
Timings{0}> ScatterPIFNUFFT..... n=   20  mean=  0.046743  std= 0.0479157  min=2.7231e-05  max= 0.0935872
Timings{0}> NativeNUFFT1........ n=   10  mean=  0.089232  std=0.00043342  min= 0.0886896  max=  0.090064
Timings{0}> scatterTimerNUFFT1.. n=   10  mean= 0.0210563  std=0.00039552  min= 0.0207793  max= 0.0218984
Timings{0}> binSort............. n=   40  mean=0.00430539  std=3.19085e-05  min=0.00421354  max= 0.0043471
Timings{0}> binComputeKeys...... n=   40  mean=0.000408173  std=4.43755e-06  min=0.000397684  max=0.000419987
Timings{0}> binSortByKey........ n=   40  mean=0.00368543  std=2.5958e-05  min=0.00361084  max=0.00371525
Timings{0}> binComputeOffsets... n=   40  mean=0.000209857  std=6.8034e-06  min=0.000193242  max=0.000220058
Timings{0}> FFTNUFFT1........... n=   10  mean= 0.0673233  std=0.000104277  min=   0.06718  max= 0.0674879
Timings{0}> deconvolutionNUFFT1. n=   10  mean=0.000850784  std=0.000120916  min=0.000688683  max=0.000999202
Timings{0}> GatherPIFNUFFT...... n=   10  mean=  0.257162  std=0.000431697  min=  0.256591  max=  0.258106
Timings{0}> NativeNUFFT2........ n=   30  mean= 0.0842278  std=0.000737529  min= 0.0826509  max= 0.0864038
Timings{0}> PrecorrectionNUFFT2. n=   30  mean=0.00230208  std=0.000478932  min= 0.0016229  max=0.00265032
Timings{0}> FFTNUFFT2........... n=   30  mean=  0.067617  std=0.00098248  min= 0.0667716  max= 0.0704936
Timings{0}> GatherNUFFT2........ n=   30  mean= 0.0078561  std=0.000222184  min=0.00748665  max=0.00846195
Timings{0}> ---------------------------------------------
