Hostname=nid005565   , Rank=4    ,Local=0   ,RPN=4   ,CPUs=0-71     ,GPU=0 ,NIC=cxi0 ,numa_nodes=0     ,first_numa=0  ,other_nodes=     
Hostname=nid005565   , Rank=5    ,Local=1   ,RPN=4   ,CPUs=72-143   ,GPU=1 ,NIC=cxi1 ,numa_nodes=1     ,first_numa=1  ,other_nodes=     
Slurm Job Hostlist: nid[005563,005565-005567]
Hostname=nid005563   , Rank=0    ,Local=0   ,RPN=4   ,CPUs=0-71     ,GPU=0 ,NIC=cxi0 ,numa_nodes=0     ,first_numa=0  ,other_nodes=     
Hostname=nid005565   , Rank=7    ,Local=3   ,RPN=4   ,CPUs=216-287  ,GPU=3 ,NIC=cxi3 ,numa_nodes=3     ,first_numa=3  ,other_nodes=     
Hostname=nid005563   , Rank=3    ,Local=3   ,RPN=4   ,CPUs=216-287  ,GPU=3 ,NIC=cxi3 ,numa_nodes=3     ,first_numa=3  ,other_nodes=     
Hostname=nid005565   , Rank=6    ,Local=2   ,RPN=4   ,CPUs=144-215  ,GPU=2 ,NIC=cxi2 ,numa_nodes=2     ,first_numa=2  ,other_nodes=     
Hostname=nid005563   , Rank=2    ,Local=2   ,RPN=4   ,CPUs=144-215  ,GPU=2 ,NIC=cxi2 ,numa_nodes=2     ,first_numa=2  ,other_nodes=     
Hostname=nid005566   , Rank=8    ,Local=0   ,RPN=4   ,CPUs=0-71     ,GPU=0 ,NIC=cxi0 ,numa_nodes=0     ,first_numa=0  ,other_nodes=     
Hostname=nid005563   , Rank=1    ,Local=1   ,RPN=4   ,CPUs=72-143   ,GPU=1 ,NIC=cxi1 ,numa_nodes=1     ,first_numa=1  ,other_nodes=     
Hostname=nid005566   , Rank=10   ,Local=2   ,RPN=4   ,CPUs=144-215  ,GPU=2 ,NIC=cxi2 ,numa_nodes=2     ,first_numa=2  ,other_nodes=     
Hostname=nid005566   , Rank=11   ,Local=3   ,RPN=4   ,CPUs=216-287  ,GPU=3 ,NIC=cxi3 ,numa_nodes=3     ,first_numa=3  ,other_nodes=     
Hostname=nid005566   , Rank=9    ,Local=1   ,RPN=4   ,CPUs=72-143   ,GPU=1 ,NIC=cxi1 ,numa_nodes=1     ,first_numa=1  ,other_nodes=     
Hostname=nid005567   , Rank=12   ,Local=0   ,RPN=4   ,CPUs=0-71     ,GPU=0 ,NIC=cxi0 ,numa_nodes=0     ,first_numa=0  ,other_nodes=     
Hostname=nid005567   , Rank=13   ,Local=1   ,RPN=4   ,CPUs=72-143   ,GPU=1 ,NIC=cxi1 ,numa_nodes=1     ,first_numa=1  ,other_nodes=     
Hostname=nid005567   , Rank=14   ,Local=2   ,RPN=4   ,CPUs=144-215  ,GPU=2 ,NIC=cxi2 ,numa_nodes=2     ,first_numa=2  ,other_nodes=     
Hostname=nid005567   , Rank=15   ,Local=3   ,RPN=4   ,CPUs=216-287  ,GPU=3 ,NIC=cxi3 ,numa_nodes=3     ,first_numa=3  ,other_nodes=     
LandauDampingPIF{0}> Landau damping
LandauDampingPIF{0}> nt 10 Np= 536870912 Fourier modes = ( 256 , 512 , 512 )
LandauDampingPIF{0}> particles created and initial conditions assigned 
LandauDampingPIF{0}> After init shape function 
LandauDampingPIF{0}> After init NUFFT 
LandauDampingPIF{0}> After update 
[Scatter] Auto-select: OutputFocused (tp=1350.0 Mpts/s) for w=5 rho=1.03 (was Atomic)
[Scatter] Cache hit: method=OutputFocused w=5 cx=1 rho=1.03 -> tile=(3,3,7) team=64 osub=1 zb=32 tp=1350.0 Mpts/s (rho_csv=1.25)
LandauDampingPIF{0}> After scatter 
LandauDampingPIF{0}> After gather 
LandauDampingPIF{0}> Starting iterations ...
LandauDampingPIF{0}> Finished time step: -2 time: 0.0122718
LandauDampingPIF{0}> Finished time step: -1 time: 0.0245437
LandauDampingPIF{0}> Finished time step: 0 time: 0.0368155
LandauDampingPIF{0}> Finished time step: 1 time: 0.0490874
LandauDampingPIF{0}> Finished time step: 2 time: 0.0613592
LandauDampingPIF{0}> Finished time step: 3 time: 0.0736311
LandauDampingPIF{0}> Finished time step: 4 time: 0.0859029
LandauDampingPIF{0}> Finished time step: 5 time: 0.0981748
LandauDampingPIF{0}> Finished time step: 6 time: 0.110447
LandauDampingPIF{0}> Finished time step: 7 time: 0.122718
LandauDampingPIF{0}> Finished time step: 8 time: 0.13499
LandauDampingPIF{0}> Finished time step: 9 time: 0.147262
LandauDampingPIF{0}> Finished time step: 10 time: 0.159534
LandauDampingPIF{0}> LandauDamping: End.
Timings{0}> ---------------------------------------------
Timings{0}>      Timing results for 16 rank(s):
Timings{0}> ---------------------------------------------
Timings{0}> mainTimer........... Wall tot =    4.12464
Timings{0}> 
Timings{0}> particlesCreation... Wall max =          0
Timings{0}>                      Wall avg =          0
Timings{0}>                      Wall min =          0
Timings{0}> 
Timings{0}> dumpData............ Wall max =  0.0456971
Timings{0}>                      Wall avg =  0.0408491
Timings{0}>                      Wall min =  0.0360413
Timings{0}> 
Timings{0}> kick................ Wall max = 0.000597263
Timings{0}>                      Wall avg = 0.000516196
Timings{0}>                      Wall min = 0.000459283
Timings{0}> 
Timings{0}> drift............... Wall max = 8.2654e-05
Timings{0}>                      Wall avg = 6.21026e-05
Timings{0}>                      Wall min = 5.1071e-05
Timings{0}> 
Timings{0}> initializeShapeFunc. Wall max =          0
Timings{0}>                      Wall avg =          0
Timings{0}>                      Wall min =          0
Timings{0}> 
Timings{0}> findInternal........ Wall max =          0
Timings{0}>                      Wall avg =          0
Timings{0}>                      Wall min =          0
Timings{0}> 
Timings{0}> findPeriodic........ Wall max =          0
Timings{0}>                      Wall avg =          0
Timings{0}>                      Wall min =          0
Timings{0}> 
Timings{0}> NativeNUFFT::init... Wall max =          0
Timings{0}>                      Wall avg =          0
Timings{0}>                      Wall min =          0
Timings{0}> 
Timings{0}> particleBC.......... Wall max = 0.000139962
Timings{0}>                      Wall avg = 0.000118174
Timings{0}>                      Wall min = 0.000106362
Timings{0}> 
Timings{0}> updateParticle...... Wall max =  0.0793105
Timings{0}>                      Wall avg =  0.0779092
Timings{0}>                      Wall min =  0.0760232
Timings{0}> 
Timings{0}> locateParticles..... Wall max =  0.0374871
Timings{0}>                      Wall avg =  0.0364919
Timings{0}>                      Wall min =  0.0352683
Timings{0}> 
Timings{0}> sendPreprocess...... Wall max = 0.00410224
Timings{0}>                      Wall avg = 0.00288381
Timings{0}>                      Wall min = 0.00189798
Timings{0}> 
Timings{0}> particleSend........ Wall max = 0.00656563
Timings{0}>                      Wall avg = 0.00627801
Timings{0}>                      Wall min =  0.0060071
Timings{0}> 
Timings{0}> particleRecv........ Wall max = 0.000379734
Timings{0}>                      Wall avg = 0.00030092
Timings{0}>                      Wall min = 0.000222871
Timings{0}> 
Timings{0}> particleDestroy..... Wall max =  0.0270586
Timings{0}>                      Wall avg =  0.0246228
Timings{0}>                      Wall min =  0.0225044
Timings{0}> 
Timings{0}> ScatterPIFNUFFT..... Wall max =    1.04855
Timings{0}>                      Wall avg =    1.04319
Timings{0}>                      Wall min =    1.03645
Timings{0}> 
Timings{0}> NativeNUFFT1........ Wall max =     1.0363
Timings{0}>                      Wall avg =    1.03079
Timings{0}>                      Wall min =    1.02405
Timings{0}> 
Timings{0}> scatterTimerNUFFT1.. Wall max =   0.208979
Timings{0}>                      Wall avg =   0.206647
Timings{0}>                      Wall min =   0.202681
Timings{0}> 
Timings{0}> binSort............. Wall max =   0.171648
Timings{0}>                      Wall avg =   0.166683
Timings{0}>                      Wall min =   0.161395
Timings{0}> 
Timings{0}> binComputeKeys...... Wall max =  0.0168879
Timings{0}>                      Wall avg =  0.0161227
Timings{0}>                      Wall min =   0.015479
Timings{0}> 
Timings{0}> binSortByKey........ Wall max =   0.147004
Timings{0}>                      Wall avg =   0.142516
Timings{0}>                      Wall min =   0.137998
Timings{0}> 
Timings{0}> binComputeOffsets... Wall max = 0.00840322
Timings{0}>                      Wall avg = 0.00795451
Timings{0}>                      Wall min =  0.0076287
Timings{0}> 
Timings{0}> FFTNUFFT1........... Wall max =   0.826681
Timings{0}>                      Wall avg =   0.820179
Timings{0}>                      Wall min =   0.812555
Timings{0}> 
Timings{0}> TwiddleAdd.......... Wall max = 0.000596301
Timings{0}>                      Wall avg = 0.000501036
Timings{0}>                      Wall min = 0.000427443
Timings{0}> 
Timings{0}> subFFTs............. Wall max =   0.825742
Timings{0}>                      Wall avg =   0.819228
Timings{0}>                      Wall min =   0.811619
Timings{0}> 
Timings{0}> deconvolutionNUFFT1. Wall max = 0.00402753
Timings{0}>                      Wall avg = 0.00394724
Timings{0}>                      Wall min = 0.00388214
Timings{0}> 
Timings{0}> GatherPIFNUFFT...... Wall max =    2.94421
Timings{0}>                      Wall avg =    2.93779
Timings{0}>                      Wall min =    2.93086
Timings{0}> 
Timings{0}> NativeNUFFT2........ Wall max =    2.93428
Timings{0}>                      Wall avg =    2.92786
Timings{0}>                      Wall min =    2.92002
Timings{0}> 
Timings{0}> PrecorrectionNUFFT2. Wall max =  0.0381841
Timings{0}>                      Wall avg =  0.0368281
Timings{0}>                      Wall min =  0.0350764
Timings{0}> 
Timings{0}> FFTNUFFT2........... Wall max =    2.48153
Timings{0}>                      Wall avg =    2.47021
Timings{0}>                      Wall min =     2.4566
Timings{0}> 
Timings{0}> subIFFTs............ Wall max =    2.47303
Timings{0}>                      Wall avg =    2.46194
Timings{0}>                      Wall min =    2.44898
Timings{0}> 
Timings{0}> StridedWrite........ Wall max =  0.0022669
Timings{0}>                      Wall avg = 0.00178893
Timings{0}>                      Wall min =  0.0013637
Timings{0}> 
Timings{0}> GatherNUFFT2........ Wall max =   0.249876
Timings{0}>                      Wall avg =   0.236578
Timings{0}>                      Wall min =    0.22466
Timings{0}> 
Timings{0}> ---------------------------------------------
Timings{0}>      Measurement counts:
Timings{0}> ---------------------------------------------
Timings{0}> mainTimer........... Count =          1
Timings{0}> particlesCreation... Count =          0
Timings{0}> dumpData............ Count =         10
Timings{0}> kick................ Count =         20
Timings{0}> drift............... Count =         10
Timings{0}> initializeShapeFunc. Count =          0
Timings{0}> findInternal........ Count =          0
Timings{0}> findPeriodic........ Count =          0
Timings{0}> NativeNUFFT::init... Count =          0
Timings{0}> particleBC.......... Count =         10
Timings{0}> updateParticle...... Count =         10
Timings{0}> locateParticles..... Count =         10
Timings{0}> sendPreprocess...... Count =         10
Timings{0}> particleSend........ Count =         10
Timings{0}> particleRecv........ Count =         10
Timings{0}> particleDestroy..... Count =         10
Timings{0}> ScatterPIFNUFFT..... Count =         20
Timings{0}> NativeNUFFT1........ Count =         10
Timings{0}> scatterTimerNUFFT1.. Count =         10
Timings{0}> binSort............. Count =         40
Timings{0}> binComputeKeys...... Count =         40
Timings{0}> binSortByKey........ Count =         40
Timings{0}> binComputeOffsets... Count =         40
Timings{0}> FFTNUFFT1........... Count =         10
Timings{0}> TwiddleAdd.......... Count =         20
Timings{0}> subFFTs............. Count =         20
Timings{0}> deconvolutionNUFFT1. Count =         10
Timings{0}> GatherPIFNUFFT...... Count =         10
Timings{0}> NativeNUFFT2........ Count =         30
Timings{0}> PrecorrectionNUFFT2. Count =         30
Timings{0}> FFTNUFFT2........... Count =         30
Timings{0}> subIFFTs............ Count =         60
Timings{0}> StridedWrite........ Count =         60
Timings{0}> GatherNUFFT2........ Count =         30
Timings{0}> ---------------------------------------------
Timings{0}> ---------------------------------------------
Timings{0}>      Per-occurrence statistics:
Timings{0}> ---------------------------------------------
Timings{0}> mainTimer........... n=    1  mean=   4.12464  std=         0  min=   4.12464  max=   4.12464
Timings{0}> dumpData............ n=   10  mean=0.00405917  std=0.000245351  min= 0.0037067  max=0.00445881
Timings{0}> kick................ n=   20  mean=2.58247e-05  std=1.75679e-05  min= 6.528e-06  max=4.7294e-05
Timings{0}> drift............... n=   10  mean=6.0351e-06  std=8.59325e-07  min= 4.928e-06  max= 7.904e-06
Timings{0}> particleBC.......... n=   10  mean=1.12541e-05  std=1.08412e-06  min= 9.152e-06  max=1.2704e-05
Timings{0}> updateParticle...... n=   10  mean=0.00761546  std=3.03919e-05  min=0.00756694  max=0.00765849
Timings{0}> locateParticles..... n=   10  mean=0.00369339  std=6.08878e-06  min=0.00368632  max=0.00370305
Timings{0}> sendPreprocess...... n=   10  mean=0.000242012  std=1.32057e-05  min=0.000220793  max=0.000258873
Timings{0}> particleSend........ n=   10  mean=0.000631472  std=2.24664e-05  min=0.000610733  max=0.000687499
Timings{0}> particleRecv........ n=   10  mean=2.62648e-05  std=3.42611e-06  min=2.0096e-05  max=3.1647e-05
Timings{0}> particleDestroy..... n=   10  mean= 0.0023347  std=6.75257e-06  min=0.00232655  max=0.00234534
Timings{0}> ScatterPIFNUFFT..... n=   20  mean=  0.052036  std= 0.0533781  min=1.3375e-05  max=  0.107305
Timings{0}> NativeNUFFT1........ n=   10  mean=  0.102835  std=0.00135542  min=  0.101315  max=  0.106087
Timings{0}> scatterTimerNUFFT1.. n=   10  mean= 0.0208471  std=0.000196937  min= 0.0207467  max=  0.021399
Timings{0}> binSort............. n=   40  mean=0.00427039  std=3.02358e-05  min=0.00420928  max=0.00432355
Timings{0}> binComputeKeys...... n=   40  mean=0.000406156  std=6.08799e-06  min=0.000396212  max=0.000421235
Timings{0}> binSortByKey........ n=   40  mean= 0.0036617  std=2.5831e-05  min=0.00361391  max=0.00371054
Timings{0}> binComputeOffsets... n=   40  mean=0.00020191  std=5.62823e-06  min=0.000191034  max=0.000218938
Timings{0}> FFTNUFFT1........... n=   10  mean= 0.0815838  std=0.00119468  min= 0.0801321  max= 0.0842844
Timings{0}> TwiddleAdd.......... n=   20  mean=2.13721e-05  std=2.80383e-06  min=1.4944e-05  max=2.6879e-05
Timings{0}> subFFTs............. n=   20  mean= 0.0407474  std=0.00103118  min= 0.0393561  max= 0.0438046
Timings{0}> deconvolutionNUFFT1. n=   10  mean=0.000402753  std=1.58133e-06  min=0.000400756  max=0.000405428
Timings{0}> GatherPIFNUFFT...... n=   10  mean=  0.294263  std=0.00243864  min=  0.288532  max=  0.297577
Timings{0}> NativeNUFFT2........ n=   30  mean= 0.0977853  std=0.00149048  min= 0.0954558  max=  0.102215
Timings{0}> PrecorrectionNUFFT2. n=   30  mean=0.00127259  std=0.000474686  min=0.000610126  max=0.00161531
Timings{0}> FFTNUFFT2........... n=   30  mean= 0.0818866  std=0.00125155  min= 0.0797608  max= 0.0858721
Timings{0}> subIFFTs............ n=   60  mean= 0.0408163  std= 0.0010792  min= 0.0391542  max= 0.0459955
Timings{0}> StridedWrite........ n=   60  mean=2.27284e-05  std=3.09092e-06  min=1.8751e-05  max=3.3823e-05
Timings{0}> GatherNUFFT2........ n=   30  mean= 0.0083292  std=0.000801249  min=0.00740176  max= 0.0113162
Timings{0}> ---------------------------------------------
