
================================================================================
NUFFT Scaling Benchmark
================================================================================
Number of ranks: 256
Grid size:       1024^3
Upsampled grid:  2048^3 (sigma=2)
Particles:       8589934592 (8 per point)
Tolerance:       0.0001
CSV output:      results/nufft_scaling_256_upsampled.csv
Component CSV:   results/nufft_components_256_upsampled.csv

=== Benchmarking NUFFT Type 1 ===
Grid size:       1024^3
Upsampled grid:  2048^3 (sigma=2)
Total particles: 8589934592
Local particles: 33554432
Spread method:   output_focused
Tolerance:       0.0001
Warmup runs:     3
Benchmark runs:  10
Running warmup...
Running benchmark...

NUFFT Type 1 Results:
  Ranks:       256
  Grid:        1024^3
  Particles:   8589934592
  Mean time:   1440.759 ms
  Min time:    1405.394 ms
  Max time:    1478.951 ms
  Stddev:      27.380 ms
  Throughput:  5962.09 Mpts/s

=== Benchmarking NUFFT Type 2 ===
Grid size:       1024^3
Upsampled grid:  2048^3 (sigma=2.00)
Total particles: 8589934592
Local particles: 33554432
Gather method:   atomic_sort
Tolerance:       0.00
Warmup runs:     3
Benchmark runs:  10
Running warmup...
Running benchmark...

NUFFT Type 2 Results:
  Ranks:       256
  Grid:        1024^3
  Particles:   8589934592
  Mean time:   515.066 ms
  Min time:    478.140 ms
  Max time:    541.219 ms
  Stddev:      20.861 ms
  Throughput:  16677.34 Mpts/s
[CSV] Timings written to results/nufft_scaling_256_upsampled.csv

==================================================
COMPONENT TIMING BREAKDOWN
==================================================

Type-1 (spreading):
----------------------------------------
Scatter (spreading)         1012.33 ms
FFT (forward)                384.83 ms
Deconvolution                  0.99 ms

Type-2 (interpolation):
----------------------------------------
Precorrection                  1.47 ms
FFT (backward)               378.15 ms
Gather (interpolation)       121.31 ms

Total:
----------------------------------------
Complete Type-1             1398.15 ms
Complete Type-2              500.94 ms
[CSV] Component timings written to results/nufft_components_256_upsampled.csv

================================================================================
SUMMARY
================================================================================
Type 1: 1440.759 ms (5962.09 Mpts/s)
Type 2: 515.07 ms (16677.34 Mpts/s)
================================================================================
