LandauDampingPIF{0}> Landau damping
LandauDampingPIF{0}> nt 10 Np= 8589934592 Fourier modes = ( 1024 , 1024 , 1024 )
LandauDampingPIF{0}> particles created and initial conditions assigned 
LandauDampingPIF{0}> After init shape function 
LandauDampingPIF{0}> After init NUFFT 
LandauDampingPIF{0}> After update 
[Scatter] Auto-select: OutputFocused (tp=747.1 Mpts/s) for w=5 rho=1.13 (was Atomic)
[Scatter] Cache hit: method=OutputFocused w=5 cx=1 rho=1.13 -> tile=(5,3,5) team=128 osub=1 zb=29 tp=747.1 Mpts/s (rho_csv=1.25)
LandauDampingPIF{0}> After scatter 
LandauDampingPIF{0}> After gather 
LandauDampingPIF{0}> Starting iterations ...
LandauDampingPIF{0}> Finished time step: -2 time: 0.0122718
LandauDampingPIF{0}> Finished time step: -1 time: 0.0245437
LandauDampingPIF{0}> Finished time step: 0 time: 0.0368155
LandauDampingPIF{0}> Finished time step: 1 time: 0.0490874
LandauDampingPIF{0}> Finished time step: 2 time: 0.0613592
LandauDampingPIF{0}> Finished time step: 3 time: 0.0736311
LandauDampingPIF{0}> Finished time step: 4 time: 0.0859029
LandauDampingPIF{0}> Finished time step: 5 time: 0.0981748
LandauDampingPIF{0}> Finished time step: 6 time: 0.110447
LandauDampingPIF{0}> Finished time step: 7 time: 0.122718
LandauDampingPIF{0}> Finished time step: 8 time: 0.13499
LandauDampingPIF{0}> Finished time step: 9 time: 0.147262
LandauDampingPIF{0}> Finished time step: 10 time: 0.159534
LandauDampingPIF{0}> LandauDamping: End.
Timings{0}> ---------------------------------------------
Timings{0}>      Timing results for 256 rank(s):
Timings{0}> ---------------------------------------------
Timings{0}> mainTimer........... Wall tot =    22.2482
Timings{0}> 
Timings{0}> particlesCreation... Wall max =          0
Timings{0}>                      Wall avg =          0
Timings{0}>                      Wall min =          0
Timings{0}> 
Timings{0}> dumpData............ Wall max =   0.313494
Timings{0}>                      Wall avg =   0.182241
Timings{0}>                      Wall min =   0.088841
Timings{0}> 
Timings{0}> kick................ Wall max =   0.040988
Timings{0}>                      Wall avg =   0.035966
Timings{0}>                      Wall min =  0.0317223
Timings{0}> 
Timings{0}> drift............... Wall max =  0.0201395
Timings{0}>                      Wall avg =  0.0177819
Timings{0}>                      Wall min =  0.0157192
Timings{0}> 
Timings{0}> particleBC.......... Wall max =  0.0406326
Timings{0}>                      Wall avg =  0.0360936
Timings{0}>                      Wall min =  0.0319017
Timings{0}> 
Timings{0}> initializeShapeFunc. Wall max =          0
Timings{0}>                      Wall avg =          0
Timings{0}>                      Wall min =          0
Timings{0}> 
Timings{0}> findInternal........ Wall max =          0
Timings{0}>                      Wall avg =          0
Timings{0}>                      Wall min =          0
Timings{0}> 
Timings{0}> findPeriodic........ Wall max =          0
Timings{0}>                      Wall avg =          0
Timings{0}>                      Wall min =          0
Timings{0}> 
Timings{0}> NativeNUFFT::init... Wall max =          0
Timings{0}>                      Wall avg =          0
Timings{0}>                      Wall min =          0
Timings{0}> 
Timings{0}> updateParticle...... Wall max =   0.161596
Timings{0}>                      Wall avg =   0.155313
Timings{0}>                      Wall min =   0.149819
Timings{0}> 
Timings{0}> locateParticles..... Wall max =  0.0225454
Timings{0}>                      Wall avg =  0.0186273
Timings{0}>                      Wall min =  0.0167601
Timings{0}> 
Timings{0}> sendPreprocess...... Wall max =  0.0264849
Timings{0}>                      Wall avg =  0.0162171
Timings{0}>                      Wall min = 0.00279209
Timings{0}> 
Timings{0}> particleSend........ Wall max =  0.0179554
Timings{0}>                      Wall avg =  0.0156019
Timings{0}>                      Wall min =  0.0144935
Timings{0}> 
Timings{0}> particleRecv........ Wall max = 0.000974076
Timings{0}>                      Wall avg = 0.000471468
Timings{0}>                      Wall min = 0.000389014
Timings{0}> 
Timings{0}> particleDestroy..... Wall max =  0.0751703
Timings{0}>                      Wall avg =  0.0632063
Timings{0}>                      Wall min =  0.0563263
Timings{0}> 
Timings{0}> ScatterPIFNUFFT..... Wall max =    5.55786
Timings{0}>                      Wall avg =    5.41287
Timings{0}>                      Wall min =     5.3572
Timings{0}> 
Timings{0}> NativeNUFFT1........ Wall max =    5.50247
Timings{0}>                      Wall avg =    5.35787
Timings{0}>                      Wall min =    5.30201
Timings{0}> 
Timings{0}> scatterTimerNUFFT1.. Wall max =   0.410392
Timings{0}>                      Wall avg =   0.394826
Timings{0}>                      Wall min =   0.370568
Timings{0}> 
Timings{0}> binSort............. Wall max =   0.408848
Timings{0}>                      Wall avg =   0.364297
Timings{0}>                      Wall min =   0.323581
Timings{0}> 
Timings{0}> binComputeKeys...... Wall max =   0.044484
Timings{0}>                      Wall avg =  0.0395526
Timings{0}>                      Wall min =  0.0350096
Timings{0}> 
Timings{0}> binSortByKey........ Wall max =   0.353099
Timings{0}>                      Wall avg =   0.314447
Timings{0}>                      Wall min =   0.279183
Timings{0}> 
Timings{0}> binComputeOffsets... Wall max =  0.0109154
Timings{0}>                      Wall avg = 0.00989433
Timings{0}>                      Wall min = 0.00897946
Timings{0}> 
Timings{0}> FFTNUFFT1........... Wall max =    5.09972
Timings{0}>                      Wall avg =    4.95781
Timings{0}>                      Wall min =    4.89591
Timings{0}> 
Timings{0}> deconvolutionNUFFT1. Wall max = 0.00822315
Timings{0}>                      Wall avg = 0.00510486
Timings{0}>                      Wall min = 0.00461176
Timings{0}> 
Timings{0}> GatherPIFNUFFT...... Wall max =    16.4761
Timings{0}>                      Wall avg =    16.3608
Timings{0}>                      Wall min =    16.1856
Timings{0}> 
Timings{0}> NativeNUFFT2........ Wall max =    16.3152
Timings{0}>                      Wall avg =    16.2066
Timings{0}>                      Wall min =     16.026
Timings{0}> 
Timings{0}> PrecorrectionNUFFT2. Wall max =  0.0365698
Timings{0}>                      Wall avg =   0.027484
Timings{0}>                      Wall min =  0.0261114
Timings{0}> 
Timings{0}> FFTNUFFT2........... Wall max =    15.4348
Timings{0}>                      Wall avg =     14.988
Timings{0}>                      Wall min =    14.7548
Timings{0}> 
Timings{0}> GatherNUFFT2........ Wall max =    1.47397
Timings{0}>                      Wall avg =    1.19052
Timings{0}>                      Wall min =   0.743986
Timings{0}> 
Timings{0}> ---------------------------------------------
Timings{0}>      Measurement counts:
Timings{0}> ---------------------------------------------
Timings{0}> mainTimer........... Count =          1
Timings{0}> particlesCreation... Count =          0
Timings{0}> dumpData............ Count =         10
Timings{0}> kick................ Count =         20
Timings{0}> drift............... Count =         10
Timings{0}> particleBC.......... Count =         10
Timings{0}> initializeShapeFunc. Count =          0
Timings{0}> findInternal........ Count =          0
Timings{0}> findPeriodic........ Count =          0
Timings{0}> NativeNUFFT::init... Count =          0
Timings{0}> updateParticle...... Count =         10
Timings{0}> locateParticles..... Count =         10
Timings{0}> sendPreprocess...... Count =         10
Timings{0}> particleSend........ Count =         10
Timings{0}> particleRecv........ Count =         10
Timings{0}> particleDestroy..... Count =         10
Timings{0}> ScatterPIFNUFFT..... Count =         20
Timings{0}> NativeNUFFT1........ Count =         10
Timings{0}> scatterTimerNUFFT1.. Count =         10
Timings{0}> binSort............. Count =         40
Timings{0}> binComputeKeys...... Count =         40
Timings{0}> binSortByKey........ Count =         40
Timings{0}> binComputeOffsets... Count =         40
Timings{0}> FFTNUFFT1........... Count =         10
Timings{0}> deconvolutionNUFFT1. Count =         10
Timings{0}> GatherPIFNUFFT...... Count =         10
Timings{0}> NativeNUFFT2........ Count =         30
Timings{0}> PrecorrectionNUFFT2. Count =         30
Timings{0}> FFTNUFFT2........... Count =         30
Timings{0}> GatherNUFFT2........ Count =         30
Timings{0}> ---------------------------------------------
Timings{0}> ---------------------------------------------
Timings{0}>      Per-occurrence statistics:
Timings{0}> ---------------------------------------------
Timings{0}> mainTimer........... n=    1  mean=   22.2482  std=         0  min=   22.2482  max=   22.2482
Timings{0}> dumpData............ n=   10  mean= 0.0105445  std=0.000491787  min=0.00991959  max= 0.0113029
Timings{0}> kick................ n=   20  mean=0.00203793  std=1.77264e-05  min=0.00200775  max= 0.0020558
Timings{0}> drift............... n=   10  mean=0.00200005  std=1.56102e-06  min=0.00199834  max=0.00200295
Timings{0}> particleBC.......... n=   10  mean=0.00406215  std=2.39794e-06  min=0.00405879  max=0.00406604
Timings{0}> updateParticle...... n=   10  mean= 0.0150936  std=0.000830747  min= 0.0141045  max= 0.0168224
Timings{0}> locateParticles..... n=   10  mean=0.00187645  std=1.13624e-05  min=0.00186239  max=0.00189681
Timings{0}> sendPreprocess...... n=   10  mean=0.000664911  std=4.22949e-05  min=0.000621662  max=0.000745182
Timings{0}> particleSend........ n=   10  mean=0.00164784  std=0.00011451  min=0.00149253  max= 0.0018262
Timings{0}> particleRecv........ n=   10  mean=6.58741e-05  std=8.36521e-05  min= 3.559e-05  max=0.000303761
Timings{0}> particleDestroy..... n=   10  mean=0.00628995  std=9.45435e-06  min= 0.0062768  max=0.00631286
Timings{0}> ScatterPIFNUFFT..... n=   20  mean=  0.269771  std=  0.275641  min=0.00110518  max=  0.539986
Timings{0}> NativeNUFFT1........ n=   10  mean=  0.533815  std=0.00108139  min=  0.532166  max=  0.535511
Timings{0}> scatterTimerNUFFT1.. n=   10  mean= 0.0409975  std=0.000417452  min= 0.0403573  max= 0.0415518
Timings{0}> binSort............. n=   40  mean= 0.0102099  std=1.38697e-05  min= 0.0101821  max= 0.0102411
Timings{0}> binComputeKeys...... n=   40  mean=0.00111024  std=1.75181e-06  min=0.00110645  max=0.00111374
Timings{0}> binSortByKey........ n=   40  mean=0.00881829  std=1.25771e-05  min= 0.0087941  max=0.00884725
Timings{0}> binComputeOffsets... n=   40  mean=0.000271796  std=4.4393e-06  min=0.000267101  max=0.000296601
Timings{0}> FFTNUFFT1........... n=   10  mean=  0.491983  std=0.000853528  min=  0.490855  max=  0.493653
Timings{0}> deconvolutionNUFFT1. n=   10  mean=0.000821813  std=1.30898e-06  min=0.000818653  max=0.000823502
Timings{0}> GatherPIFNUFFT...... n=   10  mean=   1.64441  std=0.00192752  min=   1.64093  max=    1.6465
Timings{0}> NativeNUFFT2........ n=   30  mean=  0.542556  std=0.00308498  min=  0.538142  max=  0.548506
Timings{0}> PrecorrectionNUFFT2. n=   30  mean=0.00121705  std=1.72004e-05  min=0.00120237  max=0.00124341
Timings{0}> FFTNUFFT2........... n=   30  mean=   0.49464  std=0.00338078  min=    0.4891  max=  0.500771
Timings{0}> GatherNUFFT2........ n=   30  mean= 0.0466782  std=0.00207707  min= 0.0418144  max= 0.0506397
Timings{0}> ---------------------------------------------
