LandauDampingPIF{0}> Landau damping
LandauDampingPIF{0}> nt 10 Np= 8589934592 Fourier modes = ( 1024 , 1024 , 1024 )
LandauDampingPIF{0}> particles created and initial conditions assigned 
LandauDampingPIF{0}> After init shape function 
LandauDampingPIF{0}> After init NUFFT 
LandauDampingPIF{0}> After update 
[Scatter] Auto-select: OutputFocused (tp=747.1 Mpts/s) for w=5 rho=1.13 (was Atomic)
[Scatter] Cache hit: method=OutputFocused w=5 cx=1 rho=1.13 -> tile=(5,3,5) team=128 osub=1 zb=29 tp=747.1 Mpts/s (rho_csv=1.25)
LandauDampingPIF{0}> After scatter 
LandauDampingPIF{0}> After gather 
LandauDampingPIF{0}> Starting iterations ...
LandauDampingPIF{0}> Finished time step: -2 time: 0.0122718
LandauDampingPIF{0}> Finished time step: -1 time: 0.0245437
LandauDampingPIF{0}> Finished time step: 0 time: 0.0368155
LandauDampingPIF{0}> Finished time step: 1 time: 0.0490874
LandauDampingPIF{0}> Finished time step: 2 time: 0.0613592
LandauDampingPIF{0}> Finished time step: 3 time: 0.0736311
LandauDampingPIF{0}> Finished time step: 4 time: 0.0859029
LandauDampingPIF{0}> Finished time step: 5 time: 0.0981748
LandauDampingPIF{0}> Finished time step: 6 time: 0.110447
LandauDampingPIF{0}> Finished time step: 7 time: 0.122718
LandauDampingPIF{0}> Finished time step: 8 time: 0.13499
LandauDampingPIF{0}> Finished time step: 9 time: 0.147262
LandauDampingPIF{0}> Finished time step: 10 time: 0.159534
LandauDampingPIF{0}> LandauDamping: End.
Timings{0}> ---------------------------------------------
Timings{0}>      Timing results for 256 rank(s):
Timings{0}> ---------------------------------------------
Timings{0}> mainTimer........... Wall tot =     44.998
Timings{0}> 
Timings{0}> particlesCreation... Wall max =          0
Timings{0}>                      Wall avg =          0
Timings{0}>                      Wall min =          0
Timings{0}> 
Timings{0}> dumpData............ Wall max =   0.136682
Timings{0}>                      Wall avg =   0.106146
Timings{0}>                      Wall min =  0.0715005
Timings{0}> 
Timings{0}> kick................ Wall max =  0.0397678
Timings{0}>                      Wall avg =  0.0352437
Timings{0}>                      Wall min =  0.0311549
Timings{0}> 
Timings{0}> drift............... Wall max =  0.0196518
Timings{0}>                      Wall avg =  0.0174708
Timings{0}>                      Wall min =  0.0154438
Timings{0}> 
Timings{0}> initializeShapeFunc. Wall max =          0
Timings{0}>                      Wall avg =          0
Timings{0}>                      Wall min =          0
Timings{0}> 
Timings{0}> findInternal........ Wall max =          0
Timings{0}>                      Wall avg =          0
Timings{0}>                      Wall min =          0
Timings{0}> 
Timings{0}> findPeriodic........ Wall max =          0
Timings{0}>                      Wall avg =          0
Timings{0}>                      Wall min =          0
Timings{0}> 
Timings{0}> NativeNUFFT::init... Wall max =          0
Timings{0}>                      Wall avg =          0
Timings{0}>                      Wall min =          0
Timings{0}> 
Timings{0}> particleBC.......... Wall max =  0.0404462
Timings{0}>                      Wall avg =  0.0359212
Timings{0}>                      Wall min =  0.0317541
Timings{0}> 
Timings{0}> updateParticle...... Wall max =   0.188833
Timings{0}>                      Wall avg =    0.18244
Timings{0}>                      Wall min =   0.176738
Timings{0}> 
Timings{0}> locateParticles..... Wall max =  0.0285389
Timings{0}>                      Wall avg =  0.0234033
Timings{0}>                      Wall min =   0.020881
Timings{0}> 
Timings{0}> sendPreprocess...... Wall max =  0.0282925
Timings{0}>                      Wall avg =   0.017542
Timings{0}>                      Wall min =  0.0035219
Timings{0}> 
Timings{0}> particleSend........ Wall max =  0.0203019
Timings{0}>                      Wall avg =  0.0178109
Timings{0}>                      Wall min =  0.0164826
Timings{0}> 
Timings{0}> particleRecv........ Wall max = 0.00115605
Timings{0}>                      Wall avg = 0.000534745
Timings{0}>                      Wall min = 0.000407466
Timings{0}> 
Timings{0}> particleDestroy..... Wall max =  0.0947849
Timings{0}>                      Wall avg =  0.0795064
Timings{0}>                      Wall min =   0.070806
Timings{0}> 
Timings{0}> ScatterPIFNUFFT..... Wall max =    11.2074
Timings{0}>                      Wall avg =    11.1534
Timings{0}>                      Wall min =    11.1008
Timings{0}> 
Timings{0}> NativeNUFFT1........ Wall max =    11.1777
Timings{0}>                      Wall avg =    11.1224
Timings{0}>                      Wall min =    11.0696
Timings{0}> 
Timings{0}> scatterTimerNUFFT1.. Wall max =   0.495872
Timings{0}>                      Wall avg =   0.471601
Timings{0}>                      Wall min =   0.439644
Timings{0}> 
Timings{0}> binSort............. Wall max =   0.415885
Timings{0}>                      Wall avg =   0.370952
Timings{0}>                      Wall min =   0.329679
Timings{0}> 
Timings{0}> binComputeKeys...... Wall max =  0.0439846
Timings{0}>                      Wall avg =  0.0391583
Timings{0}>                      Wall min =  0.0346869
Timings{0}> 
Timings{0}> binSortByKey........ Wall max =    0.35842
Timings{0}>                      Wall avg =    0.31958
Timings{0}>                      Wall min =   0.283891
Timings{0}> 
Timings{0}> binComputeOffsets... Wall max =  0.0130999
Timings{0}>                      Wall avg =  0.0117856
Timings{0}>                      Wall min =  0.0105978
Timings{0}> 
Timings{0}> FFTNUFFT1........... Wall max =    10.7297
Timings{0}>                      Wall avg =    10.6494
Timings{0}>                      Wall min =     10.583
Timings{0}> 
Timings{0}> TwiddleAdd.......... Wall max =   0.013762
Timings{0}>                      Wall avg =  0.0135563
Timings{0}>                      Wall min =  0.0134241
Timings{0}> 
Timings{0}> subFFTs............. Wall max =    10.7155
Timings{0}>                      Wall avg =     10.635
Timings{0}>                      Wall min =    10.5687
Timings{0}> 
Timings{0}> deconvolutionNUFFT1. Wall max = 0.00147925
Timings{0}>                      Wall avg = 0.00136061
Timings{0}>                      Wall min = 0.00131678
Timings{0}> 
Timings{0}> GatherPIFNUFFT...... Wall max =    33.5041
Timings{0}>                      Wall avg =    33.4501
Timings{0}>                      Wall min =    33.3952
Timings{0}> 
Timings{0}> NativeNUFFT2........ Wall max =    33.3857
Timings{0}>                      Wall avg =    33.3282
Timings{0}>                      Wall min =    33.2686
Timings{0}> 
Timings{0}> PrecorrectionNUFFT2. Wall max = 0.00421056
Timings{0}>                      Wall avg = 0.00410048
Timings{0}>                      Wall min = 0.00405328
Timings{0}> 
Timings{0}> FFTNUFFT2........... Wall max =    32.1807
Timings{0}>                      Wall avg =    32.0376
Timings{0}>                      Wall min =    31.8962
Timings{0}> 
Timings{0}> subIFFTs............ Wall max =    32.1074
Timings{0}>                      Wall avg =    31.9642
Timings{0}>                      Wall min =    31.8228
Timings{0}> 
Timings{0}> StridedWrite........ Wall max =  0.0615473
Timings{0}>                      Wall avg =  0.0613212
Timings{0}>                      Wall min =  0.0611622
Timings{0}> 
Timings{0}> GatherNUFFT2........ Wall max =    1.41962
Timings{0}>                      Wall avg =    1.28596
Timings{0}>                      Wall min =    1.13784
Timings{0}> 
Timings{0}> ---------------------------------------------
Timings{0}>      Measurement counts:
Timings{0}> ---------------------------------------------
Timings{0}> mainTimer........... Count =          1
Timings{0}> particlesCreation... Count =          0
Timings{0}> dumpData............ Count =         10
Timings{0}> kick................ Count =         20
Timings{0}> drift............... Count =         10
Timings{0}> initializeShapeFunc. Count =          0
Timings{0}> findInternal........ Count =          0
Timings{0}> findPeriodic........ Count =          0
Timings{0}> NativeNUFFT::init... Count =          0
Timings{0}> particleBC.......... Count =         10
Timings{0}> updateParticle...... Count =         10
Timings{0}> locateParticles..... Count =         10
Timings{0}> sendPreprocess...... Count =         10
Timings{0}> particleSend........ Count =         10
Timings{0}> particleRecv........ Count =         10
Timings{0}> particleDestroy..... Count =         10
Timings{0}> ScatterPIFNUFFT..... Count =         20
Timings{0}> NativeNUFFT1........ Count =         10
Timings{0}> scatterTimerNUFFT1.. Count =         10
Timings{0}> binSort............. Count =         40
Timings{0}> binComputeKeys...... Count =         40
Timings{0}> binSortByKey........ Count =         40
Timings{0}> binComputeOffsets... Count =         40
Timings{0}> FFTNUFFT1........... Count =         10
Timings{0}> TwiddleAdd.......... Count =         20
Timings{0}> subFFTs............. Count =         20
Timings{0}> deconvolutionNUFFT1. Count =         10
Timings{0}> GatherPIFNUFFT...... Count =         10
Timings{0}> NativeNUFFT2........ Count =         30
Timings{0}> PrecorrectionNUFFT2. Count =         30
Timings{0}> FFTNUFFT2........... Count =         30
Timings{0}> subIFFTs............ Count =         60
Timings{0}> StridedWrite........ Count =         60
Timings{0}> GatherNUFFT2........ Count =         30
Timings{0}> ---------------------------------------------
Timings{0}> ---------------------------------------------
Timings{0}>      Per-occurrence statistics:
Timings{0}> ---------------------------------------------
Timings{0}> mainTimer........... n=    1  mean=    44.998  std=         0  min=    44.998  max=    44.998
Timings{0}> dumpData............ n=   10  mean= 0.0105754  std=0.00550802  min=0.00580986  max= 0.0201051
Timings{0}> kick................ n=   20  mean=0.00198339  std=2.94836e-05  min= 0.0019514  max=0.00201743
Timings{0}> drift............... n=   10  mean=0.00196485  std=2.53167e-06  min=0.00196077  max=0.00197025
Timings{0}> particleBC.......... n=   10  mean=0.00404103  std=4.51891e-06  min=0.00403421  max=0.00404956
Timings{0}> updateParticle...... n=   10  mean= 0.0179071  std=0.000881685  min= 0.0166132  max= 0.0199672
Timings{0}> locateParticles..... n=   10  mean=0.00234497  std=2.8112e-05  min=0.00230938  max=0.00241465
Timings{0}> sendPreprocess...... n=   10  mean=0.000845521  std=0.000101281  min=0.000722622  max=0.00104333
Timings{0}> particleSend........ n=   10  mean= 0.0018376  std=0.000112503  min=0.00170415  max=0.00207464
Timings{0}> particleRecv........ n=   10  mean=0.000103893  std=0.00018335  min= 4.109e-05  max=0.000625562
Timings{0}> particleDestroy..... n=   10  mean=0.00787462  std=1.03324e-05  min=0.00786272  max=0.00789838
Timings{0}> ScatterPIFNUFFT..... n=   20  mean=  0.555769  std=  0.570122  min=0.000155441  max=   1.13098
Timings{0}> NativeNUFFT1........ n=   10  mean=   1.10817  std= 0.0137891  min=   1.08525  max=   1.12775
Timings{0}> scatterTimerNUFFT1.. n=   10  mean= 0.0490216  std=0.000676692  min= 0.0483114  max= 0.0504908
Timings{0}> binSort............. n=   40  mean= 0.0103676  std=3.25084e-05  min= 0.0103238  max= 0.0105445
Timings{0}> binComputeKeys...... n=   40  mean=0.00109791  std=2.64224e-06  min=0.00109588  max=0.00111306
Timings{0}> binSortByKey........ n=   40  mean=0.00893651  std=2.59354e-05  min=0.00890046  max=0.00907424
Timings{0}> binComputeOffsets... n=   40  mean=0.000322959  std=6.39899e-06  min=0.000316011  max=0.000360571
Timings{0}> FFTNUFFT1........... n=   10  mean=     1.059  std= 0.0136537  min=   1.03659  max=   1.07864
Timings{0}> TwiddleAdd.......... n=   20  mean=0.000674764  std=1.72936e-05  min=0.000654322  max=0.000728792
Timings{0}> subFFTs............. n=   20  mean=  0.528789  std= 0.0121916  min=  0.510952  max=  0.558567
Timings{0}> deconvolutionNUFFT1. n=   10  mean=0.000136029  std=9.02423e-06  min=0.00012953  max=0.00015849
Timings{0}> GatherPIFNUFFT...... n=   10  mean=   3.34799  std= 0.0164824  min=   3.32624  max=   3.37622
Timings{0}> NativeNUFFT2........ n=   30  mean=   1.11148  std= 0.0119159  min=   1.08959  max=    1.1391
Timings{0}> PrecorrectionNUFFT2. n=   30  mean=0.000136238  std=2.08041e-06  min=0.000131761  max=0.00014158
Timings{0}> FFTNUFFT2........... n=   30  mean=     1.064  std= 0.0131271  min=   1.03643  max=    1.0893
Timings{0}> subIFFTs............ n=   60  mean=  0.530781  std= 0.0118658  min=   0.50271  max=  0.556691
Timings{0}> StridedWrite........ n=   60  mean=0.00102052  std=3.76957e-06  min=0.00101541  max=0.00103644
Timings{0}> GatherNUFFT2........ n=   30  mean= 0.0473206  std=0.00800871  min= 0.0323833  max= 0.0615538
Timings{0}> ---------------------------------------------
