
================================================================================
NUFFT Scaling Benchmark
================================================================================
Number of ranks: 1024
Grid size:       1024^3
Upsampled grid:  2048^3 (sigma=2)
Particles:       8589934592 (8 per point)
Tolerance:       0.0001
CSV output:      results/nufft_scaling_1024_upsampled.csv
Component CSV:   results/nufft_components_1024_upsampled.csv

=== Benchmarking NUFFT Type 1 ===
Grid size:       1024^3
Upsampled grid:  2048^3 (sigma=2)
Total particles: 8589934592
Local particles: 8388608
Spread method:   output_focused
Tolerance:       0.0001
Warmup runs:     3
Benchmark runs:  10
Running warmup...
Running benchmark...

NUFFT Type 1 Results:
  Ranks:       1024
  Grid:        1024^3
  Particles:   8589934592
  Mean time:   215.870 ms
  Min time:    213.091 ms
  Max time:    223.714 ms
  Stddev:      1.379 ms
  Throughput:  39792.13 Mpts/s

=== Benchmarking NUFFT Type 2 ===
Grid size:       1024^3
Upsampled grid:  2048^3 (sigma=2.00)
Total particles: 8589934592
Local particles: 8388608
Gather method:   atomic_sort
Tolerance:       0.00
Warmup runs:     3
Benchmark runs:  10
Running warmup...
Running benchmark...

NUFFT Type 2 Results:
  Ranks:       1024
  Grid:        1024^3
  Particles:   8589934592
  Mean time:   153.588 ms
  Min time:    151.510 ms
  Max time:    159.602 ms
  Stddev:      2.944 ms
  Throughput:  55928.42 Mpts/s
[CSV] Timings written to results/nufft_scaling_1024_upsampled.csv

==================================================
COMPONENT TIMING BREAKDOWN
==================================================

Type-1 (spreading):
----------------------------------------
Scatter (spreading)           74.74 ms
FFT (forward)                133.05 ms
Deconvolution                  0.23 ms

Type-2 (interpolation):
----------------------------------------
Precorrection                  0.35 ms
FFT (backward)               156.83 ms
Gather (interpolation)        14.14 ms

Total:
----------------------------------------
Complete Type-1              208.03 ms
Complete Type-2              171.34 ms
[CSV] Component timings written to results/nufft_components_1024_upsampled.csv

================================================================================
SUMMARY
================================================================================
Type 1: 215.870 ms (39792.13 Mpts/s)
Type 2: 153.59 ms (55928.42 Mpts/s)
================================================================================
