LandauDampingPIF{0}> Landau damping
LandauDampingPIF{0}> nt 10 Np= 1073741824 Fourier modes = ( 512 , 512 , 512 )
LandauDampingPIF{0}> particles created and initial conditions assigned 
LandauDampingPIF{0}> After init shape function 
LandauDampingPIF{0}> After init NUFFT 
LandauDampingPIF{0}> After update 
[Scatter] Cache hit: method=Tiled w=5 cx=1 rho=1.13 -> tile=(5,5,2) team=64 osub=2 zb=1 tp=566.4 Mpts/s (rho_csv=10.00)
LandauDampingPIF{0}> After scatter 
LandauDampingPIF{0}> After gather 
LandauDampingPIF{0}> Starting iterations ...
LandauDampingPIF{0}> Finished time step: -2 time: 0.0122718
LandauDampingPIF{0}> Finished time step: -1 time: 0.0245437
LandauDampingPIF{0}> Finished time step: 0 time: 0.0368155
LandauDampingPIF{0}> Finished time step: 1 time: 0.0490874
LandauDampingPIF{0}> Finished time step: 2 time: 0.0613592
LandauDampingPIF{0}> Finished time step: 3 time: 0.0736311
LandauDampingPIF{0}> Finished time step: 4 time: 0.0859029
LandauDampingPIF{0}> Finished time step: 5 time: 0.0981748
LandauDampingPIF{0}> Finished time step: 6 time: 0.110447
LandauDampingPIF{0}> Finished time step: 7 time: 0.122718
LandauDampingPIF{0}> Finished time step: 8 time: 0.13499
LandauDampingPIF{0}> Finished time step: 9 time: 0.147262
LandauDampingPIF{0}> Finished time step: 10 time: 0.159534
LandauDampingPIF{0}> LandauDamping: End.
Timings{0}> ---------------------------------------------
Timings{0}>      Timing results for 256 rank(s):
Timings{0}> ---------------------------------------------
Timings{0}> mainTimer........... Wall tot =    7.30709
Timings{0}> 
Timings{0}> particlesCreation... Wall max =          0
Timings{0}>                      Wall avg =          0
Timings{0}>                      Wall min =          0
Timings{0}> 
Timings{0}> dumpData............ Wall max =  0.0962693
Timings{0}>                      Wall avg =  0.0613614
Timings{0}>                      Wall min =  0.0288428
Timings{0}> 
Timings{0}> kick................ Wall max = 0.00627233
Timings{0}>                      Wall avg = 0.00552825
Timings{0}>                      Wall min = 0.00479299
Timings{0}> 
Timings{0}> drift............... Wall max = 0.00309238
Timings{0}>                      Wall avg = 0.00272006
Timings{0}>                      Wall min = 0.00238882
Timings{0}> 
Timings{0}> particleBC.......... Wall max = 0.00896268
Timings{0}>                      Wall avg = 0.00785671
Timings{0}>                      Wall min = 0.00692692
Timings{0}> 
Timings{0}> initializeShapeFunc. Wall max =          0
Timings{0}>                      Wall avg =          0
Timings{0}>                      Wall min =          0
Timings{0}> 
Timings{0}> findInternal........ Wall max =          0
Timings{0}>                      Wall avg =          0
Timings{0}>                      Wall min =          0
Timings{0}> 
Timings{0}> findPeriodic........ Wall max =          0
Timings{0}>                      Wall avg =          0
Timings{0}>                      Wall min =          0
Timings{0}> 
Timings{0}> NativeNUFFT::init... Wall max =          0
Timings{0}>                      Wall avg =          0
Timings{0}>                      Wall min =          0
Timings{0}> 
Timings{0}> updateParticle...... Wall max =   0.102294
Timings{0}>                      Wall avg =  0.0958212
Timings{0}>                      Wall min =  0.0885349
Timings{0}> 
Timings{0}> locateParticles..... Wall max =  0.0173155
Timings{0}>                      Wall avg =  0.0146158
Timings{0}>                      Wall min =  0.0130165
Timings{0}> 
Timings{0}> sendPreprocess...... Wall max =  0.0104782
Timings{0}>                      Wall avg =  0.0072596
Timings{0}>                      Wall min = 0.00273541
Timings{0}> 
Timings{0}> particleSend........ Wall max =  0.0228808
Timings{0}>                      Wall avg =  0.0172168
Timings{0}>                      Wall min =  0.0129573
Timings{0}> 
Timings{0}> particleRecv........ Wall max = 0.000689811
Timings{0}>                      Wall avg = 0.00046097
Timings{0}>                      Wall min = 0.00040745
Timings{0}> 
Timings{0}> particleDestroy..... Wall max =  0.0329473
Timings{0}>                      Wall avg =  0.0272847
Timings{0}>                      Wall min =  0.0241843
Timings{0}> 
Timings{0}> ScatterPIFNUFFT..... Wall max =    4.73203
Timings{0}>                      Wall avg =    4.70217
Timings{0}>                      Wall min =    4.68597
Timings{0}> 
Timings{0}> NativeNUFFT1........ Wall max =    4.72321
Timings{0}>                      Wall avg =     4.6934
Timings{0}>                      Wall min =    4.67701
Timings{0}> 
Timings{0}> scatterTimerNUFFT1.. Wall max =   0.242737
Timings{0}>                      Wall avg =    0.22999
Timings{0}>                      Wall min =   0.218684
Timings{0}> 
Timings{0}> binSort............. Wall max =  0.0229383
Timings{0}>                      Wall avg =  0.0207358
Timings{0}>                      Wall min =  0.0187091
Timings{0}> 
Timings{0}> binComputeKeys...... Wall max = 0.00177629
Timings{0}>                      Wall avg = 0.00147552
Timings{0}>                      Wall min = 0.00131127
Timings{0}> 
Timings{0}> binSortByKey........ Wall max =  0.0206127
Timings{0}>                      Wall avg =  0.0184726
Timings{0}>                      Wall min =  0.0166282
Timings{0}> 
Timings{0}> binComputeOffsets... Wall max = 0.000990522
Timings{0}>                      Wall avg = 0.000754724
Timings{0}>                      Wall min = 0.000687254
Timings{0}> 
Timings{0}> FFTNUFFT1........... Wall max =    4.49545
Timings{0}>                      Wall avg =    4.46236
Timings{0}>                      Wall min =    4.44381
Timings{0}> 
Timings{0}> deconvolutionNUFFT1. Wall max = 0.00141775
Timings{0}>                      Wall avg = 0.00101624
Timings{0}>                      Wall min = 0.000926339
Timings{0}> 
Timings{0}> GatherPIFNUFFT...... Wall max =     2.4694
Timings{0}>                      Wall avg =     2.4262
Timings{0}>                      Wall min =    2.38987
Timings{0}> 
Timings{0}> NativeNUFFT2........ Wall max =    2.44014
Timings{0}>                      Wall avg =    2.39897
Timings{0}>                      Wall min =    2.36418
Timings{0}> 
Timings{0}> PrecorrectionNUFFT2. Wall max = 0.00701567
Timings{0}>                      Wall avg = 0.00545327
Timings{0}>                      Wall min = 0.00511083
Timings{0}> 
Timings{0}> FFTNUFFT2........... Wall max =    1.43241
Timings{0}>                      Wall avg =    1.34452
Timings{0}>                      Wall min =     1.2577
Timings{0}> 
Timings{0}> GatherNUFFT2........ Wall max =    1.16068
Timings{0}>                      Wall avg =    1.04881
Timings{0}>                      Wall min =   0.929781
Timings{0}> 
Timings{0}> ---------------------------------------------
Timings{0}>      Measurement counts:
Timings{0}> ---------------------------------------------
Timings{0}> mainTimer........... Count =          1
Timings{0}> particlesCreation... Count =          0
Timings{0}> dumpData............ Count =         10
Timings{0}> kick................ Count =         20
Timings{0}> drift............... Count =         10
Timings{0}> particleBC.......... Count =         10
Timings{0}> initializeShapeFunc. Count =          0
Timings{0}> findInternal........ Count =          0
Timings{0}> findPeriodic........ Count =          0
Timings{0}> NativeNUFFT::init... Count =          0
Timings{0}> updateParticle...... Count =         10
Timings{0}> locateParticles..... Count =         10
Timings{0}> sendPreprocess...... Count =         10
Timings{0}> particleSend........ Count =         10
Timings{0}> particleRecv........ Count =         10
Timings{0}> particleDestroy..... Count =         10
Timings{0}> ScatterPIFNUFFT..... Count =         20
Timings{0}> NativeNUFFT1........ Count =         10
Timings{0}> scatterTimerNUFFT1.. Count =         10
Timings{0}> binSort............. Count =         10
Timings{0}> binComputeKeys...... Count =         10
Timings{0}> binSortByKey........ Count =         10
Timings{0}> binComputeOffsets... Count =         10
Timings{0}> FFTNUFFT1........... Count =         10
Timings{0}> deconvolutionNUFFT1. Count =         10
Timings{0}> GatherPIFNUFFT...... Count =         10
Timings{0}> NativeNUFFT2........ Count =         30
Timings{0}> PrecorrectionNUFFT2. Count =         30
Timings{0}> FFTNUFFT2........... Count =         30
Timings{0}> GatherNUFFT2........ Count =         30
Timings{0}> ---------------------------------------------
Timings{0}> ---------------------------------------------
Timings{0}>      Per-occurrence statistics:
Timings{0}> ---------------------------------------------
Timings{0}> mainTimer........... n=    1  mean=   7.30707  std=         0  min=   7.30707  max=   7.30707
Timings{0}> dumpData............ n=   10  mean=0.00304411  std=0.000992422  min=0.00143036  max=0.00486038
Timings{0}> kick................ n=   20  mean=0.000310647  std=5.62209e-06  min=0.00030351  max=0.000328439
Timings{0}> drift............... n=   10  mean=0.000305492  std=6.12779e-06  min=0.000300214  max=0.000321014
Timings{0}> particleBC.......... n=   10  mean=0.000887491  std=1.78555e-05  min=0.000876294  max=0.000937423
Timings{0}> updateParticle...... n=   10  mean=0.00969073  std=0.00129404  min=0.00799735  max= 0.0119721
Timings{0}> locateParticles..... n=   10  mean=0.00143035  std=1.59316e-05  min=0.00140642  max= 0.0014609
Timings{0}> sendPreprocess...... n=   10  mean=0.000581344  std=0.000103708  min=0.000443362  max=0.000749027
Timings{0}> particleSend........ n=   10  mean=0.00176852  std=0.000458856  min=0.00146942  max= 0.0025034
Timings{0}> particleRecv........ n=   10  mean=5.02045e-05  std=4.13314e-06  min=4.5107e-05  max=5.8032e-05
Timings{0}> particleDestroy..... n=   10  mean=0.00272926  std=0.000120095  min= 0.0026741  max=0.00307031
Timings{0}> ScatterPIFNUFFT..... n=   20  mean=   0.23463  std=  0.900188  min=0.000298952  max=    4.0562
Timings{0}> NativeNUFFT1........ n=   10  mean=  0.468342  std=   1.26043  min= 0.0649248  max=   4.05558
Timings{0}> scatterTimerNUFFT1.. n=   10  mean= 0.0223909  std=0.00114494  min= 0.0208518  max= 0.0247374
Timings{0}> binSort............. n=   10  mean=0.00229223  std=2.79791e-05  min=0.00226671  max=0.00236359
Timings{0}> binComputeKeys...... n=   10  mean=0.000162117  std=7.65682e-07  min=0.000160793  max=0.000162897
Timings{0}> binSortByKey........ n=   10  mean=0.00204564  std=2.97664e-05  min= 0.0020209  max=0.00212302
Timings{0}> binComputeOffsets... n=   10  mean=8.1217e-05  std=3.52027e-06  min= 7.692e-05  max= 8.756e-05
Timings{0}> FFTNUFFT1........... n=   10  mean=  0.445807  std=   1.26097  min= 0.0425941  max=   4.03459
Timings{0}> deconvolutionNUFFT1. n=   10  mean=0.000140023  std=1.42552e-06  min=0.000138469  max=0.000143138
Timings{0}> GatherPIFNUFFT...... n=   10  mean=   0.24635  std=0.00465926  min=  0.239255  max=  0.253747
Timings{0}> NativeNUFFT2........ n=   30  mean= 0.0811402  std=0.00367376  min= 0.0752318  max= 0.0894336
Timings{0}> PrecorrectionNUFFT2. n=   30  mean=0.000225928  std=7.73325e-06  min=0.000216872  max=0.000240818
Timings{0}> FFTNUFFT2........... n=   30  mean= 0.0422185  std=0.00366135  min= 0.0362694  max= 0.0527033
Timings{0}> GatherNUFFT2........ n=   30  mean= 0.0386895  std=0.00153324  min= 0.0364567  max= 0.0422747
Timings{0}> ---------------------------------------------

MPICH Slingshot Network Summary: 10 network timeouts

