Slurm Job Hostlist: nid[005600,005603-005604,005607,005609,005611-005614,005623,005625,005627-005628,005630-005632]
Hostname=nid005600   , Rank=0    ,Local=0   ,RPN=4   ,CPUs=0-71     ,GPU=0 ,NIC=cxi0 ,numa_nodes=0     ,first_numa=0  ,other_nodes=     
Hostname=nid005609   , Rank=16   ,Local=0   ,RPN=4   ,CPUs=0-71     ,GPU=0 ,NIC=cxi0 ,numa_nodes=0     ,first_numa=0  ,other_nodes=     
Hostname=nid005603   , Rank=5    ,Local=1   ,RPN=4   ,CPUs=72-143   ,GPU=1 ,NIC=cxi1 ,numa_nodes=1     ,first_numa=1  ,other_nodes=     
Hostname=nid005625   , Rank=42   ,Local=2   ,RPN=4   ,CPUs=144-215  ,GPU=2 ,NIC=cxi2 ,numa_nodes=2     ,first_numa=2  ,other_nodes=     
Hostname=nid005627   , Rank=44   ,Local=0   ,RPN=4   ,CPUs=0-71     ,GPU=0 ,NIC=cxi0 ,numa_nodes=0     ,first_numa=0  ,other_nodes=     
Hostname=nid005607   , Rank=12   ,Local=0   ,RPN=4   ,CPUs=0-71     ,GPU=0 ,NIC=cxi0 ,numa_nodes=0     ,first_numa=0  ,other_nodes=     
Hostname=nid005600   , Rank=1    ,Local=1   ,RPN=4   ,CPUs=72-143   ,GPU=1 ,NIC=cxi1 ,numa_nodes=1     ,first_numa=1  ,other_nodes=     
Hostname=nid005611   , Rank=22   ,Local=2   ,RPN=4   ,CPUs=144-215  ,GPU=2 ,NIC=cxi2 ,numa_nodes=2     ,first_numa=2  ,other_nodes=     
Hostname=nid005623   , Rank=38   ,Local=2   ,RPN=4   ,CPUs=144-215  ,GPU=2 ,NIC=cxi2 ,numa_nodes=2     ,first_numa=2  ,other_nodes=     
Hostname=nid005600   , Rank=2    ,Local=2   ,RPN=4   ,CPUs=144-215  ,GPU=2 ,NIC=cxi2 ,numa_nodes=2     ,first_numa=2  ,other_nodes=     
Hostname=nid005600   , Rank=3    ,Local=3   ,RPN=4   ,CPUs=216-287  ,GPU=3 ,NIC=cxi3 ,numa_nodes=3     ,first_numa=3  ,other_nodes=     
Hostname=nid005612   , Rank=27   ,Local=3   ,RPN=4   ,CPUs=216-287  ,GPU=3 ,NIC=cxi3 ,numa_nodes=3     ,first_numa=3  ,other_nodes=     
Hostname=nid005611   , Rank=21   ,Local=1   ,RPN=4   ,CPUs=72-143   ,GPU=1 ,NIC=cxi1 ,numa_nodes=1     ,first_numa=1  ,other_nodes=     
Hostname=nid005625   , Rank=41   ,Local=1   ,RPN=4   ,CPUs=72-143   ,GPU=1 ,NIC=cxi1 ,numa_nodes=1     ,first_numa=1  ,other_nodes=     
Hostname=nid005611   , Rank=20   ,Local=0   ,RPN=4   ,CPUs=0-71     ,GPU=0 ,NIC=cxi0 ,numa_nodes=0     ,first_numa=0  ,other_nodes=     
Hostname=nid005627   , Rank=45   ,Local=1   ,RPN=4   ,CPUs=72-143   ,GPU=1 ,NIC=cxi1 ,numa_nodes=1     ,first_numa=1  ,other_nodes=     
Hostname=nid005628   , Rank=48   ,Local=0   ,RPN=4   ,CPUs=0-71     ,GPU=0 ,NIC=cxi0 ,numa_nodes=0     ,first_numa=0  ,other_nodes=     
Hostname=nid005611   , Rank=23   ,Local=3   ,RPN=4   ,CPUs=216-287  ,GPU=3 ,NIC=cxi3 ,numa_nodes=3     ,first_numa=3  ,other_nodes=     
Hostname=nid005614   , Rank=32   ,Local=0   ,RPN=4   ,CPUs=0-71     ,GPU=0 ,NIC=cxi0 ,numa_nodes=0     ,first_numa=0  ,other_nodes=     
Hostname=nid005625   , Rank=43   ,Local=3   ,RPN=4   ,CPUs=216-287  ,GPU=3 ,NIC=cxi3 ,numa_nodes=3     ,first_numa=3  ,other_nodes=     
Hostname=nid005627   , Rank=46   ,Local=2   ,RPN=4   ,CPUs=144-215  ,GPU=2 ,NIC=cxi2 ,numa_nodes=2     ,first_numa=2  ,other_nodes=     
Hostname=nid005607   , Rank=15   ,Local=3   ,RPN=4   ,CPUs=216-287  ,GPU=3 ,NIC=cxi3 ,numa_nodes=3     ,first_numa=3  ,other_nodes=     
Hostname=nid005625   , Rank=40   ,Local=0   ,RPN=4   ,CPUs=0-71     ,GPU=0 ,NIC=cxi0 ,numa_nodes=0     ,first_numa=0  ,other_nodes=     
Hostname=nid005609   , Rank=18   ,Local=2   ,RPN=4   ,CPUs=144-215  ,GPU=2 ,NIC=cxi2 ,numa_nodes=2     ,first_numa=2  ,other_nodes=     
Hostname=nid005607   , Rank=14   ,Local=2   ,RPN=4   ,CPUs=144-215  ,GPU=2 ,NIC=cxi2 ,numa_nodes=2     ,first_numa=2  ,other_nodes=     
Hostname=nid005627   , Rank=47   ,Local=3   ,RPN=4   ,CPUs=216-287  ,GPU=3 ,NIC=cxi3 ,numa_nodes=3     ,first_numa=3  ,other_nodes=     
Hostname=nid005609   , Rank=19   ,Local=3   ,RPN=4   ,CPUs=216-287  ,GPU=3 ,NIC=cxi3 ,numa_nodes=3     ,first_numa=3  ,other_nodes=     
Hostname=nid005628   , Rank=49   ,Local=1   ,RPN=4   ,CPUs=72-143   ,GPU=1 ,NIC=cxi1 ,numa_nodes=1     ,first_numa=1  ,other_nodes=     
Hostname=nid005607   , Rank=13   ,Local=1   ,RPN=4   ,CPUs=72-143   ,GPU=1 ,NIC=cxi1 ,numa_nodes=1     ,first_numa=1  ,other_nodes=     
Hostname=nid005603   , Rank=4    ,Local=0   ,RPN=4   ,CPUs=0-71     ,GPU=0 ,NIC=cxi0 ,numa_nodes=0     ,first_numa=0  ,other_nodes=     
Hostname=nid005609   , Rank=17   ,Local=1   ,RPN=4   ,CPUs=72-143   ,GPU=1 ,NIC=cxi1 ,numa_nodes=1     ,first_numa=1  ,other_nodes=     
Hostname=nid005623   , Rank=37   ,Local=1   ,RPN=4   ,CPUs=72-143   ,GPU=1 ,NIC=cxi1 ,numa_nodes=1     ,first_numa=1  ,other_nodes=     
Hostname=nid005603   , Rank=6    ,Local=2   ,RPN=4   ,CPUs=144-215  ,GPU=2 ,NIC=cxi2 ,numa_nodes=2     ,first_numa=2  ,other_nodes=     
Hostname=nid005628   , Rank=50   ,Local=2   ,RPN=4   ,CPUs=144-215  ,GPU=2 ,NIC=cxi2 ,numa_nodes=2     ,first_numa=2  ,other_nodes=     
Hostname=nid005604   , Rank=9    ,Local=1   ,RPN=4   ,CPUs=72-143   ,GPU=1 ,NIC=cxi1 ,numa_nodes=1     ,first_numa=1  ,other_nodes=     
Hostname=nid005623   , Rank=39   ,Local=3   ,RPN=4   ,CPUs=216-287  ,GPU=3 ,NIC=cxi3 ,numa_nodes=3     ,first_numa=3  ,other_nodes=     
Hostname=nid005603   , Rank=7    ,Local=3   ,RPN=4   ,CPUs=216-287  ,GPU=3 ,NIC=cxi3 ,numa_nodes=3     ,first_numa=3  ,other_nodes=     
Hostname=nid005632   , Rank=60   ,Local=0   ,RPN=4   ,CPUs=0-71     ,GPU=0 ,NIC=cxi0 ,numa_nodes=0     ,first_numa=0  ,other_nodes=     
Hostname=nid005612   , Rank=24   ,Local=0   ,RPN=4   ,CPUs=0-71     ,GPU=0 ,NIC=cxi0 ,numa_nodes=0     ,first_numa=0  ,other_nodes=     
Hostname=nid005614   , Rank=34   ,Local=2   ,RPN=4   ,CPUs=144-215  ,GPU=2 ,NIC=cxi2 ,numa_nodes=2     ,first_numa=2  ,other_nodes=     
Hostname=nid005623   , Rank=36   ,Local=0   ,RPN=4   ,CPUs=0-71     ,GPU=0 ,NIC=cxi0 ,numa_nodes=0     ,first_numa=0  ,other_nodes=     
Hostname=nid005612   , Rank=26   ,Local=2   ,RPN=4   ,CPUs=144-215  ,GPU=2 ,NIC=cxi2 ,numa_nodes=2     ,first_numa=2  ,other_nodes=     
Hostname=nid005628   , Rank=51   ,Local=3   ,RPN=4   ,CPUs=216-287  ,GPU=3 ,NIC=cxi3 ,numa_nodes=3     ,first_numa=3  ,other_nodes=     
Hostname=nid005614   , Rank=35   ,Local=3   ,RPN=4   ,CPUs=216-287  ,GPU=3 ,NIC=cxi3 ,numa_nodes=3     ,first_numa=3  ,other_nodes=     
Hostname=nid005631   , Rank=56   ,Local=0   ,RPN=4   ,CPUs=0-71     ,GPU=0 ,NIC=cxi0 ,numa_nodes=0     ,first_numa=0  ,other_nodes=     
Hostname=nid005614   , Rank=33   ,Local=1   ,RPN=4   ,CPUs=72-143   ,GPU=1 ,NIC=cxi1 ,numa_nodes=1     ,first_numa=1  ,other_nodes=     
Hostname=nid005612   , Rank=25   ,Local=1   ,RPN=4   ,CPUs=72-143   ,GPU=1 ,NIC=cxi1 ,numa_nodes=1     ,first_numa=1  ,other_nodes=     
Hostname=nid005632   , Rank=63   ,Local=3   ,RPN=4   ,CPUs=216-287  ,GPU=3 ,NIC=cxi3 ,numa_nodes=3     ,first_numa=3  ,other_nodes=     
Hostname=nid005613   , Rank=30   ,Local=2   ,RPN=4   ,CPUs=144-215  ,GPU=2 ,NIC=cxi2 ,numa_nodes=2     ,first_numa=2  ,other_nodes=     
Hostname=nid005632   , Rank=62   ,Local=2   ,RPN=4   ,CPUs=144-215  ,GPU=2 ,NIC=cxi2 ,numa_nodes=2     ,first_numa=2  ,other_nodes=     
Hostname=nid005631   , Rank=57   ,Local=1   ,RPN=4   ,CPUs=72-143   ,GPU=1 ,NIC=cxi1 ,numa_nodes=1     ,first_numa=1  ,other_nodes=     
Hostname=nid005604   , Rank=8    ,Local=0   ,RPN=4   ,CPUs=0-71     ,GPU=0 ,NIC=cxi0 ,numa_nodes=0     ,first_numa=0  ,other_nodes=     
Hostname=nid005631   , Rank=58   ,Local=2   ,RPN=4   ,CPUs=144-215  ,GPU=2 ,NIC=cxi2 ,numa_nodes=2     ,first_numa=2  ,other_nodes=     
Hostname=nid005632   , Rank=61   ,Local=1   ,RPN=4   ,CPUs=72-143   ,GPU=1 ,NIC=cxi1 ,numa_nodes=1     ,first_numa=1  ,other_nodes=     
Hostname=nid005604   , Rank=10   ,Local=2   ,RPN=4   ,CPUs=144-215  ,GPU=2 ,NIC=cxi2 ,numa_nodes=2     ,first_numa=2  ,other_nodes=     
Hostname=nid005631   , Rank=59   ,Local=3   ,RPN=4   ,CPUs=216-287  ,GPU=3 ,NIC=cxi3 ,numa_nodes=3     ,first_numa=3  ,other_nodes=     
Hostname=nid005613   , Rank=29   ,Local=1   ,RPN=4   ,CPUs=72-143   ,GPU=1 ,NIC=cxi1 ,numa_nodes=1     ,first_numa=1  ,other_nodes=     
Hostname=nid005604   , Rank=11   ,Local=3   ,RPN=4   ,CPUs=216-287  ,GPU=3 ,NIC=cxi3 ,numa_nodes=3     ,first_numa=3  ,other_nodes=     
Hostname=nid005613   , Rank=28   ,Local=0   ,RPN=4   ,CPUs=0-71     ,GPU=0 ,NIC=cxi0 ,numa_nodes=0     ,first_numa=0  ,other_nodes=     
Hostname=nid005613   , Rank=31   ,Local=3   ,RPN=4   ,CPUs=216-287  ,GPU=3 ,NIC=cxi3 ,numa_nodes=3     ,first_numa=3  ,other_nodes=     
Hostname=nid005630   , Rank=53   ,Local=1   ,RPN=4   ,CPUs=72-143   ,GPU=1 ,NIC=cxi1 ,numa_nodes=1     ,first_numa=1  ,other_nodes=     
Hostname=nid005630   , Rank=54   ,Local=2   ,RPN=4   ,CPUs=144-215  ,GPU=2 ,NIC=cxi2 ,numa_nodes=2     ,first_numa=2  ,other_nodes=     
Hostname=nid005630   , Rank=55   ,Local=3   ,RPN=4   ,CPUs=216-287  ,GPU=3 ,NIC=cxi3 ,numa_nodes=3     ,first_numa=3  ,other_nodes=     
Hostname=nid005630   , Rank=52   ,Local=0   ,RPN=4   ,CPUs=0-71     ,GPU=0 ,NIC=cxi0 ,numa_nodes=0     ,first_numa=0  ,other_nodes=     
LandauDampingPIF{0}> Landau damping
LandauDampingPIF{0}> nt 10 Np= 8589934592 Fourier modes = ( 1024 , 1024 , 1024 )
LandauDampingPIF{0}> particles created and initial conditions assigned 
LandauDampingPIF{0}> After init shape function 
LandauDampingPIF{0}> After init NUFFT 
LandauDampingPIF{0}> After update 
[Scatter] Auto-select: OutputFocused (tp=1350.0 Mpts/s) for w=5 rho=1.10 (was Atomic)
[Scatter] Cache hit: method=OutputFocused w=5 cx=1 rho=1.10 -> tile=(3,3,7) team=64 osub=1 zb=32 tp=1350.0 Mpts/s (rho_csv=1.25)
LandauDampingPIF{0}> After scatter 
LandauDampingPIF{0}> After gather 
LandauDampingPIF{0}> Starting iterations ...
LandauDampingPIF{0}> Finished time step: -2 time: 0.0122718
LandauDampingPIF{0}> Finished time step: -1 time: 0.0245437
LandauDampingPIF{0}> Finished time step: 0 time: 0.0368155
LandauDampingPIF{0}> Finished time step: 1 time: 0.0490874
LandauDampingPIF{0}> Finished time step: 2 time: 0.0613592
LandauDampingPIF{0}> Finished time step: 3 time: 0.0736311
LandauDampingPIF{0}> Finished time step: 4 time: 0.0859029
LandauDampingPIF{0}> Finished time step: 5 time: 0.0981748
LandauDampingPIF{0}> Finished time step: 6 time: 0.110447
LandauDampingPIF{0}> Finished time step: 7 time: 0.122718
LandauDampingPIF{0}> Finished time step: 8 time: 0.13499
LandauDampingPIF{0}> Finished time step: 9 time: 0.147262
LandauDampingPIF{0}> Finished time step: 10 time: 0.159534
LandauDampingPIF{0}> LandauDamping: End.
Timings{0}> ---------------------------------------------
Timings{0}>      Timing results for 64 rank(s):
Timings{0}> ---------------------------------------------
Timings{0}> mainTimer........... Wall tot =    30.2335
Timings{0}> 
Timings{0}> particlesCreation... Wall max =          0
Timings{0}>                      Wall avg =          0
Timings{0}>                      Wall min =          0
Timings{0}> 
Timings{0}> dumpData............ Wall max =   0.316785
Timings{0}>                      Wall avg =   0.287675
Timings{0}>                      Wall min =    0.25366
Timings{0}> 
Timings{0}> kick................ Wall max = 0.00215881
Timings{0}>                      Wall avg = 0.000620267
Timings{0}>                      Wall min = 0.000406927
Timings{0}> 
Timings{0}> drift............... Wall max = 0.000108638
Timings{0}>                      Wall avg = 7.80394e-05
Timings{0}>                      Wall min = 5.6063e-05
Timings{0}> 
Timings{0}> particleBC.......... Wall max = 0.000144059
Timings{0}>                      Wall avg = 0.000108387
Timings{0}>                      Wall min = 8.0701e-05
Timings{0}> 
Timings{0}> initializeShapeFunc. Wall max =          0
Timings{0}>                      Wall avg =          0
Timings{0}>                      Wall min =          0
Timings{0}> 
Timings{0}> findInternal........ Wall max =          0
Timings{0}>                      Wall avg =          0
Timings{0}>                      Wall min =          0
Timings{0}> 
Timings{0}> findPeriodic........ Wall max =          0
Timings{0}>                      Wall avg =          0
Timings{0}>                      Wall min =          0
Timings{0}> 
Timings{0}> NativeNUFFT::init... Wall max =          0
Timings{0}>                      Wall avg =          0
Timings{0}>                      Wall min =          0
Timings{0}> 
Timings{0}> updateParticle...... Wall max =    3.79518
Timings{0}>                      Wall avg =    2.93767
Timings{0}>                      Wall min =    2.21534
Timings{0}> 
Timings{0}> locateParticles..... Wall max =   0.154729
Timings{0}>                      Wall avg =   0.140786
Timings{0}>                      Wall min =   0.127461
Timings{0}> 
Timings{0}> sendPreprocess...... Wall max =  0.0315562
Timings{0}>                      Wall avg =  0.0180711
Timings{0}>                      Wall min = 0.00404547
Timings{0}> 
Timings{0}> particleSend........ Wall max =  0.0235147
Timings{0}>                      Wall avg =  0.0199288
Timings{0}>                      Wall min =   0.018044
Timings{0}> 
Timings{0}> particleRecv........ Wall max = 0.000908896
Timings{0}>                      Wall avg = 0.000471881
Timings{0}>                      Wall min = 0.000370834
Timings{0}> 
Timings{0}> particleDestroy..... Wall max =   0.125704
Timings{0}>                      Wall avg =   0.107404
Timings{0}>                      Wall min =  0.0988269
Timings{0}> 
Timings{0}> ScatterPIFNUFFT..... Wall max =    10.0366
Timings{0}>                      Wall avg =    9.10739
Timings{0}>                      Wall min =    8.18009
Timings{0}> 
Timings{0}> NativeNUFFT1........ Wall max =    9.88164
Timings{0}>                      Wall avg =     8.9596
Timings{0}>                      Wall min =    8.03589
Timings{0}> 
Timings{0}> scatterTimerNUFFT1.. Wall max =    4.49216
Timings{0}>                      Wall avg =     3.7625
Timings{0}>                      Wall min =    2.89952
Timings{0}> 
Timings{0}> binSort............. Wall max =   0.687987
Timings{0}>                      Wall avg =   0.624402
Timings{0}>                      Wall min =   0.567086
Timings{0}> 
Timings{0}> binComputeKeys...... Wall max =  0.0677884
Timings{0}>                      Wall avg =  0.0602137
Timings{0}>                      Wall min =  0.0545054
Timings{0}> 
Timings{0}> binSortByKey........ Wall max =   0.588021
Timings{0}>                      Wall avg =   0.536488
Timings{0}>                      Wall min =   0.487424
Timings{0}> 
Timings{0}> binComputeOffsets... Wall max =  0.0329277
Timings{0}>                      Wall avg =  0.0275692
Timings{0}>                      Wall min =  0.0249456
Timings{0}> 
Timings{0}> FFTNUFFT1........... Wall max =    5.37093
Timings{0}>                      Wall avg =    5.16872
Timings{0}>                      Wall min =    4.97112
Timings{0}> 
Timings{0}> deconvolutionNUFFT1. Wall max =   0.030184
Timings{0}>                      Wall avg =  0.0283475
Timings{0}>                      Wall min =  0.0254725
Timings{0}> 
Timings{0}> GatherPIFNUFFT...... Wall max =    17.9359
Timings{0}>                      Wall avg =    17.7385
Timings{0}>                      Wall min =    17.5125
Timings{0}> 
Timings{0}> NativeNUFFT2........ Wall max =    17.8709
Timings{0}>                      Wall avg =    17.6628
Timings{0}>                      Wall min =    17.4341
Timings{0}> 
Timings{0}> PrecorrectionNUFFT2. Wall max =   0.280066
Timings{0}>                      Wall avg =   0.262192
Timings{0}>                      Wall min =   0.249635
Timings{0}> 
Timings{0}> FFTNUFFT2........... Wall max =    15.8008
Timings{0}>                      Wall avg =    15.3001
Timings{0}>                      Wall min =    14.8635
Timings{0}> 
Timings{0}> GatherNUFFT2........ Wall max =    1.90722
Timings{0}>                      Wall avg =    1.38556
Timings{0}>                      Wall min =   0.804856
Timings{0}> 
Timings{0}> ---------------------------------------------
Timings{0}>      Measurement counts:
Timings{0}> ---------------------------------------------
Timings{0}> mainTimer........... Count =          1
Timings{0}> particlesCreation... Count =          0
Timings{0}> dumpData............ Count =         10
Timings{0}> kick................ Count =         20
Timings{0}> drift............... Count =         10
Timings{0}> particleBC.......... Count =         10
Timings{0}> initializeShapeFunc. Count =          0
Timings{0}> findInternal........ Count =          0
Timings{0}> findPeriodic........ Count =          0
Timings{0}> NativeNUFFT::init... Count =          0
Timings{0}> updateParticle...... Count =         10
Timings{0}> locateParticles..... Count =         10
Timings{0}> sendPreprocess...... Count =         10
Timings{0}> particleSend........ Count =         10
Timings{0}> particleRecv........ Count =         10
Timings{0}> particleDestroy..... Count =         10
Timings{0}> ScatterPIFNUFFT..... Count =         20
Timings{0}> NativeNUFFT1........ Count =         10
Timings{0}> scatterTimerNUFFT1.. Count =         10
Timings{0}> binSort............. Count =         40
Timings{0}> binComputeKeys...... Count =         40
Timings{0}> binSortByKey........ Count =         40
Timings{0}> binComputeOffsets... Count =         40
Timings{0}> FFTNUFFT1........... Count =         10
Timings{0}> deconvolutionNUFFT1. Count =         10
Timings{0}> GatherPIFNUFFT...... Count =         10
Timings{0}> NativeNUFFT2........ Count =         30
Timings{0}> PrecorrectionNUFFT2. Count =         30
Timings{0}> FFTNUFFT2........... Count =         30
Timings{0}> GatherNUFFT2........ Count =         30
Timings{0}> ---------------------------------------------
Timings{0}> ---------------------------------------------
Timings{0}>      Per-occurrence statistics:
Timings{0}> ---------------------------------------------
Timings{0}> mainTimer........... n=    1  mean=   30.2335  std=         0  min=   30.2335  max=   30.2335
Timings{0}> dumpData............ n=   10  mean=  0.025366  std=0.00180857  min= 0.0233199  max= 0.0286147
Timings{0}> kick................ n=   20  mean=3.92741e-05  std=2.83271e-05  min=  9.28e-06  max=7.0878e-05
Timings{0}> drift............... n=   10  mean=8.6875e-06  std=9.98518e-07  min=  7.36e-06  max=1.0015e-05
Timings{0}> particleBC.......... n=   10  mean=9.0492e-06  std=6.30924e-07  min= 8.319e-06  max=1.0431e-05
Timings{0}> updateParticle...... n=   10  mean=  0.298829  std=  0.282639  min= 0.0302228  max=  0.860549
Timings{0}> locateParticles..... n=   10  mean= 0.0151112  std=2.35149e-05  min= 0.0150844  max= 0.0151488
Timings{0}> sendPreprocess...... n=   10  mean=0.00076071  std=0.000362874  min=0.000602028  max=0.00178896
Timings{0}> particleSend........ n=   10  mean=0.00213942  std=8.52662e-05  min=0.00206108  max=0.00233947
Timings{0}> particleRecv........ n=   10  mean=3.70834e-05  std=3.36041e-06  min=3.1295e-05  max=4.4671e-05
Timings{0}> particleDestroy..... n=   10  mean= 0.0105639  std=2.29227e-05  min= 0.0105283  max= 0.0106064
Timings{0}> ScatterPIFNUFFT..... n=   20  mean=  0.451081  std=  0.492422  min=1.5999e-05  max=   1.33896
Timings{0}> NativeNUFFT1........ n=   10  mean=  0.887157  std=  0.244957  min=  0.584108  max=   1.32358
Timings{0}> scatterTimerNUFFT1.. n=   10  mean=  0.372401  std=  0.235711  min= 0.0776499  max=  0.767014
Timings{0}> binSort............. n=   40  mean= 0.0171182  std=0.000268675  min= 0.0169431  max= 0.0187327
Timings{0}> binComputeKeys...... n=   40  mean=0.00169471  std=0.000259134  min=0.00161726  max=0.00328561
Timings{0}> binSortByKey........ n=   40  mean= 0.0146649  std=4.85556e-05  min= 0.0145663  max= 0.0147615
Timings{0}> binComputeOffsets... n=   40  mean=0.000756046  std=1.59591e-05  min=0.000734119  max=0.000786885
Timings{0}> FFTNUFFT1........... n=   10  mean=   0.51179  std=  0.020628  min=  0.485376  max=  0.553968
Timings{0}> deconvolutionNUFFT1. n=   10  mean=0.00296222  std=0.000129912  min=0.00259373  max=0.00301951
Timings{0}> GatherPIFNUFFT...... n=   10  mean=   1.77929  std= 0.0308946  min=   1.74097  max=   1.83482
Timings{0}> NativeNUFFT2........ n=   30  mean=   0.59081  std= 0.0159163  min=  0.552632  max=  0.620231
Timings{0}> PrecorrectionNUFFT2. n=   30  mean=0.00921449  std=0.00200611  min=0.00639552  max= 0.0106501
Timings{0}> FFTNUFFT2........... n=   30  mean=  0.512404  std= 0.0192866  min=  0.473796  max=  0.539257
Timings{0}> GatherNUFFT2........ n=   30  mean= 0.0435886  std= 0.0128737  min= 0.0256709  max= 0.0707441
Timings{0}> ---------------------------------------------
