Kokkos::OpenMP::initialize WARNING: OMP_PROC_BIND environment variable not set
  In general, for best performance with OpenMP 4.0 or better set OMP_PROC_BIND=spread and OMP_PLACES=threads
  For best performance with OpenMP 3.1 set OMP_PROC_BIND=true
  For unit testing set OMP_PROC_BIND=false

MPI detected: For OpenMP binding to work as intended, MPI ranks must be bound to exclusive CPU sets.

Kokkos::OpenMP::initialize WARNING: OMP_PROC_BIND environment variable not set
  In general, for best performance with OpenMP 4.0 or better set OMP_PROC_BIND=spread and OMP_PLACES=threads
  For best performance with OpenMP 3.1 set OMP_PROC_BIND=true
  For unit testing set OMP_PROC_BIND=false

MPI detected: For OpenMP binding to work as intended, MPI ranks must be bound to exclusive CPU sets.

Kokkos::OpenMP::initialize WARNING: OMP_PROC_BIND environment variable not set
  In general, for best performance with OpenMP 4.0 or better set OMP_PROC_BIND=spread and OMP_PLACES=threads
  For best performance with OpenMP 3.1 set OMP_PROC_BIND=true
  For unit testing set OMP_PROC_BIND=false

MPI detected: For OpenMP binding to work as intended, MPI ranks must be bound to exclusive CPU sets.

Kokkos::OpenMP::initialize WARNING: OMP_PROC_BIND environment variable not set
  In general, for best performance with OpenMP 4.0 or better set OMP_PROC_BIND=spread and OMP_PLACES=threads
  For best performance with OpenMP 3.1 set OMP_PROC_BIND=true
  For unit testing set OMP_PROC_BIND=false

MPI detected: For OpenMP binding to work as intended, MPI ranks must be bound to exclusive CPU sets.

Kokkos::OpenMP::initialize WARNING: OMP_PROC_BIND environment variable not set
  In general, for best performance with OpenMP 4.0 or better set OMP_PROC_BIND=spread and OMP_PLACES=threads
  For best performance with OpenMP 3.1 set OMP_PROC_BIND=true
  For unit testing set OMP_PROC_BIND=false

MPI detected: For OpenMP binding to work as intended, MPI ranks must be bound to exclusive CPU sets.

Kokkos::OpenMP::initialize WARNING: OMP_PROC_BIND environment variable not set
  In general, for best performance with OpenMP 4.0 or better set OMP_PROC_BIND=spread and OMP_PLACES=threads
  For best performance with OpenMP 3.1 set OMP_PROC_BIND=true
  For unit testing set OMP_PROC_BIND=false

MPI detected: For OpenMP binding to work as intended, MPI ranks must be bound to exclusive CPU sets.

Kokkos::OpenMP::initialize WARNING: OMP_PROC_BIND environment variable not set
  In general, for best performance with OpenMP 4.0 or better set OMP_PROC_BIND=spread and OMP_PLACES=threads
  For best performance with OpenMP 3.1 set OMP_PROC_BIND=true
  For unit testing set OMP_PROC_BIND=false

MPI detected: For OpenMP binding to work as intended, MPI ranks must be bound to exclusive CPU sets.

Kokkos::OpenMP::initialize WARNING: OMP_PROC_BIND environment variable not set
  In general, for best performance with OpenMP 4.0 or better set OMP_PROC_BIND=spread and OMP_PLACES=threads
  For best performance with OpenMP 3.1 set OMP_PROC_BIND=true
  For unit testing set OMP_PROC_BIND=false

MPI detected: For OpenMP binding to work as intended, MPI ranks must be bound to exclusive CPU sets.

Kokkos::OpenMP::initialize WARNING: OMP_PROC_BIND environment variable not set
  In general, for best performance with OpenMP 4.0 or better set OMP_PROC_BIND=spread and OMP_PLACES=threads
  For best performance with OpenMP 3.1 set OMP_PROC_BIND=true
  For unit testing set OMP_PROC_BIND=false

MPI detected: For OpenMP binding to work as intended, MPI ranks must be bound to exclusive CPU sets.

Kokkos::OpenMP::initialize WARNING: OMP_PROC_BIND environment variable not set
  In general, for best performance with OpenMP 4.0 or better set OMP_PROC_BIND=spread and OMP_PLACES=threads
  For best performance with OpenMP 3.1 set OMP_PROC_BIND=true
  For unit testing set OMP_PROC_BIND=false

MPI detected: For OpenMP binding to work as intended, MPI ranks must be bound to exclusive CPU sets.

Kokkos::OpenMP::initialize WARNING: OMP_PROC_BIND environment variable not set
  In general, for best performance with OpenMP 4.0 or better set OMP_PROC_BIND=spread and OMP_PLACES=threads
  For best performance with OpenMP 3.1 set OMP_PROC_BIND=true
  For unit testing set OMP_PROC_BIND=false

MPI detected: For OpenMP binding to work as intended, MPI ranks must be bound to exclusive CPU sets.

Kokkos::OpenMP::initialize WARNING: OMP_PROC_BIND environment variable not set
  In general, for best performance with OpenMP 4.0 or better set OMP_PROC_BIND=spread and OMP_PLACES=threads
  For best performance with OpenMP 3.1 set OMP_PROC_BIND=true
  For unit testing set OMP_PROC_BIND=false

MPI detected: For OpenMP binding to work as intended, MPI ranks must be bound to exclusive CPU sets.

Kokkos::OpenMP::initialize WARNING: OMP_PROC_BIND environment variable not set
  In general, for best performance with OpenMP 4.0 or better set OMP_PROC_BIND=spread and OMP_PLACES=threads
  For best performance with OpenMP 3.1 set OMP_PROC_BIND=true
  For unit testing set OMP_PROC_BIND=false

Kokkos::OpenMP::initialize WARNING: OMP_PROC_BIND environment variable not set
  In general, for best performance with OpenMP 4.0 or better set OMP_PROC_BIND=spread and OMP_PLACES=threads
  For best performance with OpenMP 3.1 set OMP_PROC_BIND=true
  For unit testing set OMP_PROC_BIND=false

MPI detected: For OpenMP binding to work as intended, MPI ranks must be bound to exclusive CPU sets.

MPI detected: For OpenMP binding to work as intended, MPI ranks must be bound to exclusive CPU sets.

Kokkos::OpenMP::initialize WARNING: OMP_PROC_BIND environment variable not set
  In general, for best performance with OpenMP 4.0 or better set OMP_PROC_BIND=spread and OMP_PLACES=threads
  For best performance with OpenMP 3.1 set OMP_PROC_BIND=true
  For unit testing set OMP_PROC_BIND=false

MPI detected: For OpenMP binding to work as intended, MPI ranks must be bound to exclusive CPU sets.

Kokkos::OpenMP::initialize WARNING: OMP_PROC_BIND environment variable not set
  In general, for best performance with OpenMP 4.0 or better set OMP_PROC_BIND=spread and OMP_PLACES=threads
  For best performance with OpenMP 3.1 set OMP_PROC_BIND=true
  For unit testing set OMP_PROC_BIND=false

Kokkos::OpenMP::initialize WARNING: OMP_PROC_BIND environment variable not set
  In general, for best performance with OpenMP 4.0 or better set OMP_PROC_BIND=spread and OMP_PLACES=threads
  For best performance with OpenMP 3.1 set OMP_PROC_BIND=true
  For unit testing set OMP_PROC_BIND=false

MPI detected: For OpenMP binding to work as intended, MPI ranks must be bound to exclusive CPU sets.

MPI detected: For OpenMP binding to work as intended, MPI ranks must be bound to exclusive CPU sets.

Kokkos::OpenMP::initialize WARNING: OMP_PROC_BIND environment variable not set
  In general, for best performance with OpenMP 4.0 or better set OMP_PROC_BIND=spread and OMP_PLACES=threads
  For best performance with OpenMP 3.1 set OMP_PROC_BIND=true
  For unit testing set OMP_PROC_BIND=false

Kokkos::OpenMP::initialize WARNING: OMP_PROC_BIND environment variable not set
  In general, for best performance with OpenMP 4.0 or better set OMP_PROC_BIND=spread and OMP_PLACES=threads
  For best performance with OpenMP 3.1 set OMP_PROC_BIND=true
  For unit testing set OMP_PROC_BIND=false

MPI detected: For OpenMP binding to work as intended, MPI ranks must be bound to exclusive CPU sets.

Kokkos::OpenMP::initialize WARNING: OMP_PROC_BIND environment variable not set
  In general, for best performance with OpenMP 4.0 or better set OMP_PROC_BIND=spread and OMP_PLACES=threads
  For best performance with OpenMP 3.1 set OMP_PROC_BIND=true
  For unit testing set OMP_PROC_BIND=false
Kokkos::OpenMP::initialize WARNING: OMP_PROC_BIND environment variable not set
  In general, for best performance with OpenMP 4.0 or better set OMP_PROC_BIND=spread and OMP_PLACES=threads
  For best performance with OpenMP 3.1 set OMP_PROC_BIND=true
  For unit testing set OMP_PROC_BIND=false

MPI detected: For OpenMP binding to work as intended, MPI ranks must be bound to exclusive CPU sets.

MPI detected: For OpenMP binding to work as intended, MPI ranks must be bound to exclusive CPU sets.

Kokkos::OpenMP::initialize WARNING: OMP_PROC_BIND environment variable not set
  In general, for best performance with OpenMP 4.0 or better set OMP_PROC_BIND=spread and OMP_PLACES=threads
  For best performance with OpenMP 3.1 set OMP_PROC_BIND=true
  For unit testing set OMP_PROC_BIND=false

MPI detected: For OpenMP binding to work as intended, MPI ranks must be bound to exclusive CPU sets.

Kokkos::OpenMP::initialize WARNING: OMP_PROC_BIND environment variable not set
  In general, for best performance with OpenMP 4.0 or better set OMP_PROC_BIND=spread and OMP_PLACES=threads
  For best performance with OpenMP 3.1 set OMP_PROC_BIND=true
  For unit testing set OMP_PROC_BIND=false

MPI detected: For OpenMP binding to work as intended, MPI ranks must be bound to exclusive CPU sets.


MPI detected: For OpenMP binding to work as intended, MPI ranks must be bound to exclusive CPU sets.

Kokkos::OpenMP::initialize WARNING: OMP_PROC_BIND environment variable not set
  In general, for best performance with OpenMP 4.0 or better set OMP_PROC_BIND=spread and OMP_PLACES=threads
  For best performance with OpenMP 3.1 set OMP_PROC_BIND=true
  For unit testing set OMP_PROC_BIND=false

MPI detected: For OpenMP binding to work as intended, MPI ranks must be bound to exclusive CPU sets.

Kokkos::OpenMP::initialize WARNING: OMP_PROC_BIND environment variable not set
  In general, for best performance with OpenMP 4.0 or better set OMP_PROC_BIND=spread and OMP_PLACES=threads
  For best performance with OpenMP 3.1 set OMP_PROC_BIND=true
  For unit testing set OMP_PROC_BIND=false

MPI detected: For OpenMP binding to work as intended, MPI ranks must be bound to exclusive CPU sets.

Kokkos::OpenMP::initialize WARNING: OMP_PROC_BIND environment variable not set
  In general, for best performance with OpenMP 4.0 or better set OMP_PROC_BIND=spread and OMP_PLACES=threads
  For best performance with OpenMP 3.1 set OMP_PROC_BIND=true
  For unit testing set OMP_PROC_BIND=false

MPI detected: For OpenMP binding to work as intended, MPI ranks must be bound to exclusive CPU sets.

Kokkos::OpenMP::initialize WARNING: OMP_PROC_BIND environment variable not set
  In general, for best performance with OpenMP 4.0 or better set OMP_PROC_BIND=spread and OMP_PLACES=threads
  For best performance with OpenMP 3.1 set OMP_PROC_BIND=true
  For unit testing set OMP_PROC_BIND=false

MPI detected: For OpenMP binding to work as intended, MPI ranks must be bound to exclusive CPU sets.

Kokkos::OpenMP::initialize WARNING: OMP_PROC_BIND environment variable not set
  In general, for best performance with OpenMP 4.0 or better set OMP_PROC_BIND=spread and OMP_PLACES=threads
  For best performance with OpenMP 3.1 set OMP_PROC_BIND=true
  For unit testing set OMP_PROC_BIND=false

MPI detected: For OpenMP binding to work as intended, MPI ranks must be bound to exclusive CPU sets.

Kokkos::OpenMP::initialize WARNING: OMP_PROC_BIND environment variable not set
  In general, for best performance with OpenMP 4.0 or better set OMP_PROC_BIND=spread and OMP_PLACES=threads
  For best performance with OpenMP 3.1 set OMP_PROC_BIND=true
  For unit testing set OMP_PROC_BIND=false

MPI detected: For OpenMP binding to work as intended, MPI ranks must be bound to exclusive CPU sets.

Kokkos::OpenMP::initialize WARNING: OMP_PROC_BIND environment variable not set
  In general, for best performance with OpenMP 4.0 or better set OMP_PROC_BIND=spread and OMP_PLACES=threads
  For best performance with OpenMP 3.1 set OMP_PROC_BIND=true
  For unit testing set OMP_PROC_BIND=false

MPI detected: For OpenMP binding to work as intended, MPI ranks must be bound to exclusive CPU sets.

Kokkos::OpenMP::initialize WARNING: OMP_PROC_BIND environment variable not set
  In general, for best performance with OpenMP 4.0 or better set OMP_PROC_BIND=spread and OMP_PLACES=threads
  For best performance with OpenMP 3.1 set OMP_PROC_BIND=true
  For unit testing set OMP_PROC_BIND=false

MPI detected: For OpenMP binding to work as intended, MPI ranks must be bound to exclusive CPU sets.

Kokkos::OpenMP::initialize WARNING: OMP_PROC_BIND environment variable not set
  In general, for best performance with OpenMP 4.0 or better set OMP_PROC_BIND=spread and OMP_PLACES=threads
  For best performance with OpenMP 3.1 set OMP_PROC_BIND=true
  For unit testing set OMP_PROC_BIND=false

Kokkos::OpenMP::initialize WARNING: OMP_PROC_BIND environment variable not set
  In general, for best performance with OpenMP 4.0 or better set OMP_PROC_BIND=spread and OMP_PLACES=threads
  For best performance with OpenMP 3.1 set OMP_PROC_BIND=true
  For unit testing set OMP_PROC_BIND=false

MPI detected: For OpenMP binding to work as intended, MPI ranks must be bound to exclusive CPU sets.

Kokkos::OpenMP::initialize WARNING: OMP_PROC_BIND environment variable not set
  In general, for best performance with OpenMP 4.0 or better set OMP_PROC_BIND=spread and OMP_PLACES=threads
  For best performance with OpenMP 3.1 set OMP_PROC_BIND=true
  For unit testing set OMP_PROC_BIND=false

MPI detected: For OpenMP binding to work as intended, MPI ranks must be bound to exclusive CPU sets.

Kokkos::OpenMP::initialize WARNING: OMP_PROC_BIND environment variable not set
  In general, for best performance with OpenMP 4.0 or better set OMP_PROC_BIND=spread and OMP_PLACES=threads
  For best performance with OpenMP 3.1 set OMP_PROC_BIND=true
  For unit testing set OMP_PROC_BIND=false

MPI detected: For OpenMP binding to work as intended, MPI ranks must be bound to exclusive CPU sets.

MPI detected: For OpenMP binding to work as intended, MPI ranks must be bound to exclusive CPU sets.

Kokkos::OpenMP::initialize WARNING: OMP_PROC_BIND environment variable not set
  In general, for best performance with OpenMP 4.0 or better set OMP_PROC_BIND=spread and OMP_PLACES=threads
  For best performance with OpenMP 3.1 set OMP_PROC_BIND=true
  For unit testing set OMP_PROC_BIND=false

MPI detected: For OpenMP binding to work as intended, MPI ranks must be bound to exclusive CPU sets.

Kokkos::OpenMP::initialize WARNING: OMP_PROC_BIND environment variable not set
  In general, for best performance with OpenMP 4.0 or better set OMP_PROC_BIND=spread and OMP_PLACES=threads
  For best performance with OpenMP 3.1 set OMP_PROC_BIND=true
  For unit testing set OMP_PROC_BIND=false

MPI detected: For OpenMP binding to work as intended, MPI ranks must be bound to exclusive CPU sets.

Kokkos::OpenMP::initialize WARNING: OMP_PROC_BIND environment variable not set
  In general, for best performance with OpenMP 4.0 or better set OMP_PROC_BIND=spread and OMP_PLACES=threads
  For best performance with OpenMP 3.1 set OMP_PROC_BIND=true
  For unit testing set OMP_PROC_BIND=false

MPI detected: For OpenMP binding to work as intended, MPI ranks must be bound to exclusive CPU sets.

Kokkos::OpenMP::initialize WARNING: OMP_PROC_BIND environment variable not set
  In general, for best performance with OpenMP 4.0 or better set OMP_PROC_BIND=spread and OMP_PLACES=threads
  For best performance with OpenMP 3.1 set OMP_PROC_BIND=true
  For unit testing set OMP_PROC_BIND=false

MPI detected: For OpenMP binding to work as intended, MPI ranks must be bound to exclusive CPU sets.

Kokkos::OpenMP::initialize WARNING: OMP_PROC_BIND environment variable not set
  In general, for best performance with OpenMP 4.0 or better set OMP_PROC_BIND=spread and OMP_PLACES=threads
  For best performance with OpenMP 3.1 set OMP_PROC_BIND=true
  For unit testing set OMP_PROC_BIND=false

MPI detected: For OpenMP binding to work as intended, MPI ranks must be bound to exclusive CPU sets.

Kokkos::OpenMP::initialize WARNING: OMP_PROC_BIND environment variable not set
  In general, for best performance with OpenMP 4.0 or better set OMP_PROC_BIND=spread and OMP_PLACES=threads
  For best performance with OpenMP 3.1 set OMP_PROC_BIND=true
  For unit testing set OMP_PROC_BIND=false
Kokkos::OpenMP::initialize WARNING: OMP_PROC_BIND environment variable not set
  In general, for best performance with OpenMP 4.0 or better set OMP_PROC_BIND=spread and OMP_PLACES=threads
  For best performance with OpenMP 3.1 set OMP_PROC_BIND=true
  For unit testing set OMP_PROC_BIND=false

MPI detected: For OpenMP binding to work as intended, MPI ranks must be bound to exclusive CPU sets.

Kokkos::OpenMP::initialize WARNING: OMP_PROC_BIND environment variable not set
  In general, for best performance with OpenMP 4.0 or better set OMP_PROC_BIND=spread and OMP_PLACES=threads
  For best performance with OpenMP 3.1 set OMP_PROC_BIND=true
  For unit testing set OMP_PROC_BIND=false

MPI detected: For OpenMP binding to work as intended, MPI ranks must be bound to exclusive CPU sets.


MPI detected: For OpenMP binding to work as intended, MPI ranks must be bound to exclusive CPU sets.

Kokkos::OpenMP::initialize WARNING: OMP_PROC_BIND environment variable not set
  In general, for best performance with OpenMP 4.0 or better set OMP_PROC_BIND=spread and OMP_PLACES=threads
  For best performance with OpenMP 3.1 set OMP_PROC_BIND=true
  For unit testing set OMP_PROC_BIND=false

MPI detected: For OpenMP binding to work as intended, MPI ranks must be bound to exclusive CPU sets.

Kokkos::OpenMP::initialize WARNING: OMP_PROC_BIND environment variable not set
  In general, for best performance with OpenMP 4.0 or better set OMP_PROC_BIND=spread and OMP_PLACES=threads
  For best performance with OpenMP 3.1 set OMP_PROC_BIND=true
  For unit testing set OMP_PROC_BIND=false

MPI detected: For OpenMP binding to work as intended, MPI ranks must be bound to exclusive CPU sets.

Kokkos::OpenMP::initialize WARNING: OMP_PROC_BIND environment variable not set
  In general, for best performance with OpenMP 4.0 or better set OMP_PROC_BIND=spread and OMP_PLACES=threads
  For best performance with OpenMP 3.1 set OMP_PROC_BIND=true
  For unit testing set OMP_PROC_BIND=false

MPI detected: For OpenMP binding to work as intended, MPI ranks must be bound to exclusive CPU sets.

Kokkos::OpenMP::initialize WARNING: OMP_PROC_BIND environment variable not set
  In general, for best performance with OpenMP 4.0 or better set OMP_PROC_BIND=spread and OMP_PLACES=threads
  For best performance with OpenMP 3.1 set OMP_PROC_BIND=true
  For unit testing set OMP_PROC_BIND=false

MPI detected: For OpenMP binding to work as intended, MPI ranks must be bound to exclusive CPU sets.

Kokkos::OpenMP::initialize WARNING: OMP_PROC_BIND environment variable not set
  In general, for best performance with OpenMP 4.0 or better set OMP_PROC_BIND=spread and OMP_PLACES=threads
  For best performance with OpenMP 3.1 set OMP_PROC_BIND=true
  For unit testing set OMP_PROC_BIND=false

MPI detected: For OpenMP binding to work as intended, MPI ranks must be bound to exclusive CPU sets.

Kokkos::OpenMP::initialize WARNING: OMP_PROC_BIND environment variable not set
  In general, for best performance with OpenMP 4.0 or better set OMP_PROC_BIND=spread and OMP_PLACES=threads
  For best performance with OpenMP 3.1 set OMP_PROC_BIND=true
  For unit testing set OMP_PROC_BIND=false

Kokkos::OpenMP::initialize WARNING: OMP_PROC_BIND environment variable not set
  In general, for best performance with OpenMP 4.0 or better set OMP_PROC_BIND=spread and OMP_PLACES=threads
  For best performance with OpenMP 3.1 set OMP_PROC_BIND=true
  For unit testing set OMP_PROC_BIND=false

MPI detected: For OpenMP binding to work as intended, MPI ranks must be bound to exclusive CPU sets.

Kokkos::OpenMP::initialize WARNING: OMP_PROC_BIND environment variable not set
  In general, for best performance with OpenMP 4.0 or better set OMP_PROC_BIND=spread and OMP_PLACES=threads
  For best performance with OpenMP 3.1 set OMP_PROC_BIND=true
  For unit testing set OMP_PROC_BIND=false

MPI detected: For OpenMP binding to work as intended, MPI ranks must be bound to exclusive CPU sets.

Kokkos::OpenMP::initialize WARNING: OMP_PROC_BIND environment variable not set
  In general, for best performance with OpenMP 4.0 or better set OMP_PROC_BIND=spread and OMP_PLACES=threads
  For best performance with OpenMP 3.1 set OMP_PROC_BIND=true
  For unit testing set OMP_PROC_BIND=false

Kokkos::OpenMP::initialize WARNING: OMP_PROC_BIND environment variable not set
  In general, for best performance with OpenMP 4.0 or better set OMP_PROC_BIND=spread and OMP_PLACES=threads
  For best performance with OpenMP 3.1 set OMP_PROC_BIND=true
  For unit testing set OMP_PROC_BIND=false

MPI detected: For OpenMP binding to work as intended, MPI ranks must be bound to exclusive CPU sets.

Kokkos::OpenMP::initialize WARNING: OMP_PROC_BIND environment variable not set
  In general, for best performance with OpenMP 4.0 or better set OMP_PROC_BIND=spread and OMP_PLACES=threads
  For best performance with OpenMP 3.1 set OMP_PROC_BIND=true
  For unit testing set OMP_PROC_BIND=false

MPI detected: For OpenMP binding to work as intended, MPI ranks must be bound to exclusive CPU sets.

MPI detected: For OpenMP binding to work as intended, MPI ranks must be bound to exclusive CPU sets.

Kokkos::OpenMP::initialize WARNING: OMP_PROC_BIND environment variable not set
  In general, for best performance with OpenMP 4.0 or better set OMP_PROC_BIND=spread and OMP_PLACES=threads
  For best performance with OpenMP 3.1 set OMP_PROC_BIND=true
  For unit testing set OMP_PROC_BIND=false

MPI detected: For OpenMP binding to work as intended, MPI ranks must be bound to exclusive CPU sets.

MPI detected: For OpenMP binding to work as intended, MPI ranks must be bound to exclusive CPU sets.

Kokkos::OpenMP::initialize WARNING: OMP_PROC_BIND environment variable not set
  In general, for best performance with OpenMP 4.0 or better set OMP_PROC_BIND=spread and OMP_PLACES=threads
  For best performance with OpenMP 3.1 set OMP_PROC_BIND=true
  For unit testing set OMP_PROC_BIND=false

MPI detected: For OpenMP binding to work as intended, MPI ranks must be bound to exclusive CPU sets.

Kokkos::OpenMP::initialize WARNING: OMP_PROC_BIND environment variable not set
  In general, for best performance with OpenMP 4.0 or better set OMP_PROC_BIND=spread and OMP_PLACES=threads
  For best performance with OpenMP 3.1 set OMP_PROC_BIND=true
  For unit testing set OMP_PROC_BIND=false

MPI detected: For OpenMP binding to work as intended, MPI ranks must be bound to exclusive CPU sets.

Kokkos::OpenMP::initialize WARNING: OMP_PROC_BIND environment variable not set
  In general, for best performance with OpenMP 4.0 or better set OMP_PROC_BIND=spread and OMP_PLACES=threads
  For best performance with OpenMP 3.1 set OMP_PROC_BIND=true
  For unit testing set OMP_PROC_BIND=false

MPI detected: For OpenMP binding to work as intended, MPI ranks must be bound to exclusive CPU sets.

Kokkos::OpenMP::initialize WARNING: OMP_PROC_BIND environment variable not set
  In general, for best performance with OpenMP 4.0 or better set OMP_PROC_BIND=spread and OMP_PLACES=threads
  For best performance with OpenMP 3.1 set OMP_PROC_BIND=true
  For unit testing set OMP_PROC_BIND=false

MPI detected: For OpenMP binding to work as intended, MPI ranks must be bound to exclusive CPU sets.

Kokkos::OpenMP::initialize WARNING: OMP_PROC_BIND environment variable not set
  In general, for best performance with OpenMP 4.0 or better set OMP_PROC_BIND=spread and OMP_PLACES=threads
  For best performance with OpenMP 3.1 set OMP_PROC_BIND=true
  For unit testing set OMP_PROC_BIND=false

MPI detected: For OpenMP binding to work as intended, MPI ranks must be bound to exclusive CPU sets.

Kokkos::OpenMP::initialize WARNING: OMP_PROC_BIND environment variable not set
  In general, for best performance with OpenMP 4.0 or better set OMP_PROC_BIND=spread and OMP_PLACES=threads
  For best performance with OpenMP 3.1 set OMP_PROC_BIND=true
  For unit testing set OMP_PROC_BIND=false

MPI detected: For OpenMP binding to work as intended, MPI ranks must be bound to exclusive CPU sets.

Kokkos::OpenMP::initialize WARNING: OMP_PROC_BIND environment variable not set
  In general, for best performance with OpenMP 4.0 or better set OMP_PROC_BIND=spread and OMP_PLACES=threads
  For best performance with OpenMP 3.1 set OMP_PROC_BIND=true
  For unit testing set OMP_PROC_BIND=false

MPI detected: For OpenMP binding to work as intended, MPI ranks must be bound to exclusive CPU sets.

Kokkos::OpenMP::initialize WARNING: OMP_PROC_BIND environment variable not set
  In general, for best performance with OpenMP 4.0 or better set OMP_PROC_BIND=spread and OMP_PLACES=threads
  For best performance with OpenMP 3.1 set OMP_PROC_BIND=true
  For unit testing set OMP_PROC_BIND=false

MPI detected: For OpenMP binding to work as intended, MPI ranks must be bound to exclusive CPU sets.

Kokkos::OpenMP::initialize WARNING: OMP_PROC_BIND environment variable not set
  In general, for best performance with OpenMP 4.0 or better set OMP_PROC_BIND=spread and OMP_PLACES=threads
  For best performance with OpenMP 3.1 set OMP_PROC_BIND=true
  For unit testing set OMP_PROC_BIND=false

MPI detected: For OpenMP binding to work as intended, MPI ranks must be bound to exclusive CPU sets.

terminate called after throwing an instance of 'std::runtime_error'
  what():  Kokkos ERROR: HIP memory space failed to allocate 503.8 MiB (label="").
terminate called after throwing an instance of 'std::runtime_error'
  what():  Kokkos ERROR: HIP memory space failed to allocate 503.8 MiB (label="").
terminate called after throwing an instance of 'std::runtime_error'
  what():  Kokkos ERROR: HIP memory space failed to allocate 503.8 MiB (label="").
terminate called after throwing an instance of 'std::runtime_error'
  what():  Kokkos ERROR: HIP memory space failed to allocate 503.8 MiB (label="").
terminate called after throwing an instance of 'std::runtime_error'
  what():  Kokkos ERROR: HIP memory space failed to allocate 503.8 MiB (label="").
terminate called after throwing an instance of 'std::runtime_error'
  what():  Kokkos ERROR: HIP memory space failed to allocate 503.8 MiB (label="").
terminate called after throwing an instance of 'std::runtime_error'
  what():  Kokkos ERROR: HIP memory space failed to allocate 503.8 MiB (label="").
terminate called after throwing an instance of 'std::runtime_error'
  what():  Kokkos ERROR: HIP memory space failed to allocate 503.8 MiB (label="").
terminate called after throwing an instance of 'std::runtime_error'
  what():  Kokkos ERROR: HIP memory space failed to allocate 503.7 MiB (label="").
terminate called after throwing an instance of 'std::runtime_error'
  what():  Kokkos ERROR: HIP memory space failed to allocate 503.8 MiB (label="").
terminate called after throwing an instance of 'std::runtime_error'
  what():  Kokkos ERROR: HIP memory space failed to allocate 503.8 MiB (label="").
terminate called after throwing an instance of 'std::runtime_error'
  what():  Kokkos ERROR: HIP memory space failed to allocate 503.7 MiB (label="").
terminate called after throwing an instance of 'std::runtime_error'
  what():  Kokkos ERROR: HIP memory space failed to allocate 503.8 MiB (label="").
terminate called after throwing an instance of 'std::runtime_error'
  what():  Kokkos ERROR: HIP memory space failed to allocate 503.7 MiB (label="").
terminate called after throwing an instance of 'std::runtime_error'
  what():  Kokkos ERROR: HIP memory space failed to allocate 503.8 MiB (label="").
terminate called after throwing an instance of 'std::runtime_error'
  what():  Kokkos ERROR: HIP memory space failed to allocate 503.8 MiB (label="").
terminate called after throwing an instance of 'std::runtime_error'
  what():  Kokkos ERROR: HIP memory space failed to allocate 503.8 MiB (label="").
terminate called after throwing an instance of 'std::runtime_error'
  what():  Kokkos ERROR: HIP memory space failed to allocate 503.7 MiB (label="").
terminate called after throwing an instance of 'std::runtime_error'
  what():  Kokkos ERROR: HIP memory space failed to allocate 503.7 MiB (label="").
terminate called after throwing an instance of 'std::runtime_error'
  what():  Kokkos ERROR: HIP memory space failed to allocate 503.8 MiB (label="").
terminate called after throwing an instance of 'std::runtime_error'
  what():  Kokkos ERROR: HIP memory space failed to allocate 503.8 MiB (label="").
terminate called after throwing an instance of 'std::runtime_error'
  what():  Kokkos ERROR: HIP memory space failed to allocate 503.8 MiB (label="").
terminate called after throwing an instance of 'std::runtime_error'
  what():  Kokkos ERROR: HIP memory space failed to allocate 503.8 MiB (label="").
terminate called after throwing an instance of 'std::runtime_error'
  what():  Kokkos ERROR: HIP memory space failed to allocate 503.7 MiB (label="").
MPICH ERROR [Rank 54] [job id 16777427.0] [Tue Mar 17 00:12:13 2026] [nid006383] - Abort(201960961) (rank 54 in comm 0): Fatal error in PMPI_Irecv: Invalid buffer pointer, error stack:
PMPI_Irecv(166): MPI_Irecv(buf=(nil), count=184298000, MPI_BYTE, src=63, tag=10001, MPI_COMM_WORLD, request=0x7fff7f4a2fd4) failed
PMPI_Irecv(120): Null buffer pointer

aborting job:
Fatal error in PMPI_Irecv: Invalid buffer pointer, error stack:
PMPI_Irecv(166): MPI_Irecv(buf=(nil), count=184298000, MPI_BYTE, src=63, tag=10001, MPI_COMM_WORLD, request=0x7fff7f4a2fd4) failed
PMPI_Irecv(120): Null buffer pointer
MPICH ERROR [Rank 63] [job id 16777427.0] [Tue Mar 17 00:12:13 2026] [nid006384] - Abort(403287553) (rank 63 in comm 0): Fatal error in PMPI_Irecv: Invalid buffer pointer, error stack:
PMPI_Irecv(166): MPI_Irecv(buf=(nil), count=184331440, MPI_BYTE, src=62, tag=10001, MPI_COMM_WORLD, request=0x7ffe36331b54) failed
PMPI_Irecv(120): Null buffer pointer

aborting job:
Fatal error in PMPI_Irecv: Invalid buffer pointer, error stack:
PMPI_Irecv(166): MPI_Irecv(buf=(nil), count=184331440, MPI_BYTE, src=62, tag=10001, MPI_COMM_WORLD, request=0x7ffe36331b54) failed
PMPI_Irecv(120): Null buffer pointer
MPICH ERROR [Rank 0] [job id 16777427.0] [Tue Mar 17 00:12:13 2026] [nid005782] - Abort(201960961) (rank 0 in comm 0): Fatal error in PMPI_Irecv: Invalid buffer pointer, error stack:
PMPI_Irecv(166): MPI_Irecv(buf=(nil), count=184308000, MPI_BYTE, src=63, tag=10001, MPI_COMM_WORLD, request=0x7ffeaa83c4c4) failed
PMPI_Irecv(120): Null buffer pointer

aborting job:
Fatal error in PMPI_Irecv: Invalid buffer pointer, error stack:
PMPI_Irecv(166): MPI_Irecv(buf=(nil), count=184308000, MPI_BYTE, src=63, tag=10001, MPI_COMM_WORLD, request=0x7ffeaa83c4c4) failed
PMPI_Irecv(120): Null buffer pointer
MPICH ERROR [Rank 18] [job id 16777427.0] [Tue Mar 17 00:12:13 2026] [nid005784] - Abort(940158465) (rank 18 in comm 0): Fatal error in PMPI_Irecv: Invalid buffer pointer, error stack:
PMPI_Irecv(166): MPI_Irecv(buf=(nil), count=184389440, MPI_BYTE, src=63, tag=10001, MPI_COMM_WORLD, request=0x7ffec8337fc4) failed
PMPI_Irecv(120): Null buffer pointer

aborting job:
Fatal error in PMPI_Irecv: Invalid buffer pointer, error stack:
PMPI_Irecv(166): MPI_Irecv(buf=(nil), count=184389440, MPI_BYTE, src=63, tag=10001, MPI_COMM_WORLD, request=0x7ffec8337fc4) failed
PMPI_Irecv(120): Null buffer pointer
MPICH ERROR [Rank 9] [job id 16777427.0] [Tue Mar 17 00:12:13 2026] [nid005783] - Abort(403287553) (rank 9 in comm 0): Fatal error in PMPI_Irecv: Invalid buffer pointer, error stack:
PMPI_Irecv(166): MPI_Irecv(buf=(nil), count=184278880, MPI_BYTE, src=63, tag=10001, MPI_COMM_WORLD, request=0x7fff0121db94) failed
PMPI_Irecv(120): Null buffer pointer

aborting job:
Fatal error in PMPI_Irecv: Invalid buffer pointer, error stack:
PMPI_Irecv(166): MPI_Irecv(buf=(nil), count=184278880, MPI_BYTE, src=63, tag=10001, MPI_COMM_WORLD, request=0x7fff0121db94) failed
PMPI_Irecv(120): Null buffer pointer
MPICH ERROR [Rank 36] [job id 16777427.0] [Tue Mar 17 00:12:13 2026] [nid006381] - Abort(940158465) (rank 36 in comm 0): Fatal error in PMPI_Irecv: Invalid buffer pointer, error stack:
PMPI_Irecv(166): MPI_Irecv(buf=(nil), count=184404320, MPI_BYTE, src=63, tag=10001, MPI_COMM_WORLD, request=0x7fff155e9424) failed
PMPI_Irecv(120): Null buffer pointer

aborting job:
Fatal error in PMPI_Irecv: Invalid buffer pointer, error stack:
PMPI_Irecv(166): MPI_Irecv(buf=(nil), count=184404320, MPI_BYTE, src=63, tag=10001, MPI_COMM_WORLD, request=0x7fff155e9424) failed
PMPI_Irecv(120): Null buffer pointer
MPICH ERROR [Rank 27] [job id 16777427.0] [Tue Mar 17 00:12:13 2026] [nid006380] - Abort(604614145) (rank 27 in comm 0): Fatal error in PMPI_Irecv: Invalid buffer pointer, error stack:
PMPI_Irecv(166): MPI_Irecv(buf=(nil), count=184313280, MPI_BYTE, src=63, tag=10001, MPI_COMM_WORLD, request=0x7ffde2be0194) failed
PMPI_Irecv(120): Null buffer pointer

aborting job:
Fatal error in PMPI_Irecv: Invalid buffer pointer, error stack:
PMPI_Irecv(166): MPI_Irecv(buf=(nil), count=184313280, MPI_BYTE, src=63, tag=10001, MPI_COMM_WORLD, request=0x7ffde2be0194) failed
PMPI_Irecv(120): Null buffer pointer
MPICH ERROR [Rank 45] [job id 16777427.0] [Tue Mar 17 00:12:13 2026] [nid006382] - Abort(403287553) (rank 45 in comm 0): Fatal error in PMPI_Irecv: Invalid buffer pointer, error stack:
PMPI_Irecv(166): MPI_Irecv(buf=(nil), count=184329520, MPI_BYTE, src=63, tag=10001, MPI_COMM_WORLD, request=0x7ffd88429204) failed
PMPI_Irecv(120): Null buffer pointer

aborting job:
Fatal error in PMPI_Irecv: Invalid buffer pointer, error stack:
PMPI_Irecv(166): MPI_Irecv(buf=(nil), count=184329520, MPI_BYTE, src=63, tag=10001, MPI_COMM_WORLD, request=0x7ffd88429204) failed
PMPI_Irecv(120): Null buffer pointer
GTL_DEBUG: [63] hsa_amd_ipc_memory_attach (in gtlt_hsa_ops.c at line 1806): HSA_STATUS_ERROR_INVALID_ARGUMENT: One of the actual arguments does not meet a precondition stated in the documentation of the corresponding formal argument.
GTL_DEBUG: [63] hsa_amd_ipc_memory_attach (in gtlt_hsa_ops.c at line 1806): HSA_STATUS_ERROR_INVALID_ARGUMENT: One of the actual arguments does not meet a precondition stated in the documentation of the corresponding formal argument.
srun: error: nid005783: tasks 8,11,13: Aborted
srun: Terminating StepId=16777427.0
srun: error: nid006381: tasks 32,37-38: Aborted
srun: error: nid005784: tasks 16,19,22: Aborted
slurmstepd: error: *** STEP 16777427.0 ON nid005782 CANCELLED AT 2026-03-17T00:12:13 ***
srun: error: nid006384: tasks 59,61-62: Aborted
srun: error: nid005782: tasks 1-2,4: Aborted
srun: error: nid006380: tasks 25-26,31: Aborted
srun: error: nid006383: tasks 52,55: Aborted
srun: error: nid006382: tasks 41,44,47: Aborted
slurmstepd: error: Failed to destroy CXI Service ID 5 (cxi0): Device or resource busy
slurmstepd: error: Failed to destroy CXI Service ID 5 (cxi0): Device or resource busy
srun: error: nid006383: tasks 48-49,51,53-54: Terminated
slurmstepd: error: Failed to destroy CXI Service ID 5 (cxi0): Device or resource busy
slurmstepd: error: Failed to destroy CXI Service ID 5 (cxi0): Device or resource busy
slurmstepd: error: Failed to destroy CXI Service ID 5 (cxi0): Device or resource busy
slurmstepd: error: Failed to destroy CXI Service ID 5 (cxi0): Device or resource busy
slurmstepd: error: Failed to destroy CXI Service ID 5 (cxi0): Device or resource busy
slurmstepd: error: Failed to destroy CXI Service ID 5 (cxi1): Device or resource busy
slurmstepd: error: Failed to destroy CXI Service ID 5 (cxi0): Device or resource busy
slurmstepd: error: Failed to destroy CXI Service ID 5 (cxi2): Device or resource busy
slurmstepd: error: Failed to destroy CXI Service ID 5 (cxi1): Device or resource busy
slurmstepd: error: Failed to destroy CXI Service ID 5 (cxi2): Device or resource busy
slurmstepd: error: Failed to destroy CXI Service ID 5 (cxi3): Device or resource busy
slurmstepd: error: Failed to destroy CXI Service ID 5 (cxi2): Device or resource busy
srun: error: nid006380: tasks 24,27-30: Terminated
srun: error: nid006382: tasks 40,42-43,45-46: Terminated
srun: error: nid005782: tasks 0,3,5-7: Terminated
srun: error: nid006384: tasks 56-58,60,63: Terminated
srun: error: nid006381: tasks 33-36,39: Terminated
srun: error: nid005784: tasks 17-18,20-21,23: Terminated
srun: error: nid005783: tasks 9-10,12,14-15: Terminated
srun: error: nid006383: task 50: Aborted (core dumped)
srun: Force Terminated StepId=16777427.0
