libfabric:3417:1773668708::cxi:core:cxip_query_if_list():548<warn> nid007828: CXI retry handler not running for device: cxi1
libfabric:3415:1773668708::cxi:core:cxip_query_if_list():548<warn> nid007828: CXI retry handler not running for device: cxi1
libfabric:3413:1773668708::cxi:core:cxip_query_if_list():548<warn> nid007828: CXI retry handler not running for device: cxi1
libfabric:3416:1773668708::cxi:core:cxip_query_if_list():548<warn> nid007828: CXI retry handler not running for device: cxi1
libfabric:3411:1773668708::cxi:core:cxip_query_if_list():548<warn> nid007828: CXI retry handler not running for device: cxi1
libfabric:3410:1773668708::cxi:core:cxip_query_if_list():548<warn> nid007828: CXI retry handler not running for device: cxi1
libfabric:3412:1773668708::cxi:core:cxip_query_if_list():548<warn> nid007828: CXI retry handler not running for device: cxi1
libfabric:3414:1773668708::cxi:core:cxip_query_if_list():548<warn> nid007828: CXI retry handler not running for device: cxi1
PE 0:  == Node nid005197 has 4 NIC(s) available
PE 0:  == Node nid005200 has 4 NIC(s) available
PE 0:  == Node nid005217 has 4 NIC(s) available
PE 0:  == Node nid005225 has 4 NIC(s) available
PE 0:  == Node nid005242 has 4 NIC(s) available
PE 0:  == Node nid005247 has 4 NIC(s) available
PE 0:  == Node nid005252 has 4 NIC(s) available
PE 0:  == Node nid005255 has 4 NIC(s) available
PE 0:  == Node nid005267 has 4 NIC(s) available
PE 0:  == Node nid005269 has 4 NIC(s) available
PE 0:  == Node nid005346 has 4 NIC(s) available
PE 0:  == Node nid005348 has 4 NIC(s) available
PE 0:  == Node nid005435 has 4 NIC(s) available
PE 0:  == Node nid005437 has 4 NIC(s) available
PE 0:  == Node nid005439 has 4 NIC(s) available
PE 0:  == Node nid005441 has 4 NIC(s) available
PE 0:  == Node nid005442 has 4 NIC(s) available
PE 0:  == Node nid005443 has 4 NIC(s) available
PE 0:  == Node nid005472 has 4 NIC(s) available
PE 0:  == Node nid005512 has 4 NIC(s) available
PE 0:  == Node nid005524 has 4 NIC(s) available
PE 0:  == Node nid005540 has 4 NIC(s) available
PE 0:  == Node nid005541 has 4 NIC(s) available
PE 0:  == Node nid005624 has 4 NIC(s) available
PE 0:  == Node nid005631 has 4 NIC(s) available
PE 0:  == Node nid005634 has 4 NIC(s) available
PE 0:  == Node nid005719 has 4 NIC(s) available
PE 0:  == Node nid005726 has 4 NIC(s) available
PE 0:  == Node nid005729 has 4 NIC(s) available
PE 0:  == Node nid005735 has 4 NIC(s) available
PE 0:  == Node nid005888 has 4 NIC(s) available
PE 0:  == Node nid005953 has 4 NIC(s) available
PE 0:  == Node nid005956 has 4 NIC(s) available
PE 0:  == Node nid005990 has 4 NIC(s) available
PE 0:  == Node nid006017 has 4 NIC(s) available
PE 0:  == Node nid006071 has 4 NIC(s) available
PE 0:  == Node nid006072 has 4 NIC(s) available
PE 0:  == Node nid006073 has 4 NIC(s) available
PE 0:  == Node nid006074 has 4 NIC(s) available
PE 0:  == Node nid006075 has 4 NIC(s) available
PE 0:  == Node nid006080 has 4 NIC(s) available
PE 0:  == Node nid006086 has 4 NIC(s) available
PE 0:  == Node nid006101 has 4 NIC(s) available
PE 0:  == Node nid006112 has 4 NIC(s) available
PE 0:  == Node nid006115 has 4 NIC(s) available
PE 0:  == Node nid006119 has 4 NIC(s) available
PE 0:  == Node nid006132 has 4 NIC(s) available
PE 0:  == Node nid006146 has 4 NIC(s) available
PE 0:  == Node nid006147 has 4 NIC(s) available
PE 0:  == Node nid006148 has 4 NIC(s) available
PE 0:  == Node nid006157 has 4 NIC(s) available
PE 0:  == Node nid006253 has 4 NIC(s) available
PE 0:  == Node nid006310 has 4 NIC(s) available
PE 0:  == Node nid006311 has 4 NIC(s) available
PE 0:  == Node nid006312 has 4 NIC(s) available
PE 0:  == Node nid006581 has 4 NIC(s) available
PE 0:  == Node nid006582 has 4 NIC(s) available
PE 0:  == Node nid006583 has 4 NIC(s) available
PE 0:  == Node nid006584 has 4 NIC(s) available
PE 0:  == Node nid006589 has 4 NIC(s) available
PE 0:  == Node nid006599 has 4 NIC(s) available
PE 0:  == Node nid006789 has 4 NIC(s) available
PE 0:  == Node nid006846 has 4 NIC(s) available
PE 0:  == Node nid006894 has 4 NIC(s) available
PE 0:  == Node nid006895 has 4 NIC(s) available
PE 0:  == Node nid006929 has 4 NIC(s) available
PE 0:  == Node nid006936 has 4 NIC(s) available
PE 0:  == Node nid006938 has 4 NIC(s) available
PE 0:  == Node nid006984 has 4 NIC(s) available
PE 0:  == Node nid006985 has 4 NIC(s) available
PE 0:  == Node nid006986 has 4 NIC(s) available
PE 0:  == Node nid006987 has 4 NIC(s) available
PE 0:  == Node nid006988 has 4 NIC(s) available
PE 0:  == Node nid006996 has 4 NIC(s) available
PE 0:  == Node nid006997 has 4 NIC(s) available
PE 0:  == Node nid007010 has 4 NIC(s) available
PE 0:  == Node nid007011 has 4 NIC(s) available
PE 0:  == Node nid007041 has 4 NIC(s) available
PE 0:  == Node nid007042 has 4 NIC(s) available
PE 0:  == Node nid007058 has 4 NIC(s) available
PE 0:  == Node nid007059 has 4 NIC(s) available
PE 0:  == Node nid007076 has 4 NIC(s) available
PE 0:  == Node nid007266 has 4 NIC(s) available
PE 0:  == Node nid007267 has 4 NIC(s) available
PE 0:  == Node nid007268 has 4 NIC(s) available
PE 0:  == Node nid007271 has 4 NIC(s) available
PE 0:  == Node nid007272 has 4 NIC(s) available
PE 0:  == Node nid007273 has 4 NIC(s) available
PE 0:  == Node nid007463 has 4 NIC(s) available
PE 0:  == Node nid007464 has 4 NIC(s) available
PE 0:  == Node nid007465 has 4 NIC(s) available
PE 0:  == Node nid007517 has 4 NIC(s) available
PE 0:  == Node nid007536 has 4 NIC(s) available
PE 0:  == Node nid007537 has 4 NIC(s) available
PE 0:  == Node nid007550 has 4 NIC(s) available
PE 0:  == Node nid007551 has 4 NIC(s) available
PE 0:  == Node nid007553 has 4 NIC(s) available
PE 0:  == Node nid007555 has 4 NIC(s) available
PE 0:  == Node nid007556 has 4 NIC(s) available
PE 0:  == Node nid007557 has 4 NIC(s) available
PE 0:  == Node nid007595 has 4 NIC(s) available
PE 0:  == Node nid007608 has 4 NIC(s) available
PE 0:  == Node nid007646 has 4 NIC(s) available
PE 0:  == Node nid007647 has 4 NIC(s) available
PE 0:  == Node nid007703 has 4 NIC(s) available
PE 0:  == Node nid007704 has 4 NIC(s) available
PE 0:  == Node nid007711 has 4 NIC(s) available
PE 0:  == Node nid007761 has 4 NIC(s) available
PE 0:  == Node nid007762 has 4 NIC(s) available
PE 0:  == Node nid007763 has 4 NIC(s) available
PE 0:  == Node nid007764 has 4 NIC(s) available
PE 0:  == Node nid007765 has 4 NIC(s) available
PE 0:  == Node nid007766 has 4 NIC(s) available
PE 0:  == Node nid007781 has 4 NIC(s) available
PE 0:  == Node nid007782 has 4 NIC(s) available
PE 0:  == Node nid007785 has 4 NIC(s) available
PE 0:  == Node nid007786 has 4 NIC(s) available
PE 0:  == Node nid007787 has 4 NIC(s) available
PE 0:  == Node nid007788 has 4 NIC(s) available
PE 0:  == Node nid007789 has 4 NIC(s) available
PE 0:  == Node nid007790 has 4 NIC(s) available
PE 0:  == Node nid007791 has 4 NIC(s) available
PE 0:  == Node nid007792 has 4 NIC(s) available
PE 0:  == Node nid007814 has 4 NIC(s) available
PE 0:  == Node nid007817 has 4 NIC(s) available
PE 0:  == Node nid007820 has 4 NIC(s) available
PE 0:  == Node nid007828 has 3 NIC(s) available
PE 0:  == Node nid007840 has 4 NIC(s) available
PE 0: 
MPICH ERROR: All nodes in this job do not contain the same number of NICs. Aborting job as performance may be affected.
Set MPICH_OFI_SKIP_NIC_SYMMETRY_TEST=1 to bypass this check.
MPICH ERROR [Rank 0] [job id 16766402.0] [Mon Mar 16 15:45:09 2026] [nid005197] - Abort(-1) (rank 0 in comm 0): Inconsistent number of NICs across the job (Other MPI error)

aborting job:
Inconsistent number of NICs across the job
srun: error: nid005197: task 0: Exited with exit code 255
srun: Terminating StepId=16766402.0
slurmstepd: error: *** STEP 16766402.0 ON nid005197 CANCELLED AT 2026-03-16T15:45:09 ***
srun: error: nid007781: tasks 904-911: Terminated
srun: error: nid007537: tasks 744-751: Terminated
srun: error: nid007464: tasks 712-719: Terminated
srun: error: nid007647: tasks 824-831: Terminated
srun: error: nid006147: tasks 384-391: Terminated
srun: error: nid006938: tasks 536-543: Terminated
srun: error: nid006589: tasks 472-479: Terminated
srun: error: nid007646: tasks 816-823: Terminated
srun: error: nid006581: tasks 440-447: Terminated
srun: error: nid005247: tasks 40-47: Terminated
srun: error: nid006988: tasks 576-583: Terminated
srun: error: nid005729: tasks 224-231: Terminated
srun: error: nid005719: tasks 208-215: Terminated
srun: error: nid006072: tasks 288-295: Terminated
srun: error: nid005953: tasks 248-255: Terminated
srun: error: nid005439: tasks 112-119: Terminated
srun: error: nid007765: tasks 888-895: Terminated
srun: error: nid005255: tasks 56-63: Terminated
srun: error: nid007792: tasks 976-983: Terminated
srun: error: nid005726: tasks 216-223: Terminated
srun: error: nid007011: tasks 608-615: Terminated
srun: error: nid007786: tasks 928-935: Terminated
srun: error: nid005888: tasks 240-247: Terminated
srun: error: nid006017: tasks 272-279: Terminated
srun: error: nid006071: tasks 280-287: Terminated
srun: error: nid005441: tasks 120-127: Terminated
srun: error: nid007788: tasks 944-951: Terminated
srun: error: nid007703: tasks 832-839: Terminated
srun: error: nid007010: tasks 600-607: Terminated
srun: error: nid006310: tasks 416-423: Terminated
srun: error: nid006115: tasks 352-359: Terminated
srun: error: nid007790: tasks 960-967: Terminated
srun: error: nid005200: tasks 8-15: Terminated
srun: error: nid005267: tasks 64-71: Terminated
srun: error: nid006894: tasks 504-511: Terminated
srun: error: nid006895: tasks 512-519: Terminated
srun: error: nid005735: tasks 232-239: Terminated
srun: error: nid006583: tasks 456-463: Terminated
srun: error: nid005242: tasks 32-39: Terminated
srun: error: nid006311: tasks 424-431: Terminated
srun: error: nid007553: tasks 768-775: Terminated
srun: error: nid007766: tasks 896-903: Terminated
srun: error: nid006987: tasks 568-575: Terminated
srun: error: nid005225: tasks 24-31: Terminated
srun: error: nid006986: tasks 560-567: Terminated
srun: error: nid007789: tasks 952-959: Terminated
srun: error: nid006936: tasks 528-535: Terminated
srun: error: nid005634: tasks 200-207: Terminated
srun: error: nid006997: tasks 592-599: Terminated
srun: error: nid005540: tasks 168-175: Terminated
srun: error: nid006080: tasks 320-327: Terminated
srun: error: nid006929: tasks 520-527: Terminated
srun: error: nid007076: tasks 648-655: Terminated
srun: error: nid007550: tasks 752-759: Terminated
srun: error: nid005624: tasks 184-191: Terminated
srun: error: nid007704: tasks 840-847: Terminated
srun: error: nid005541: tasks 176-183: Terminated
srun: error: nid005443: tasks 136-143: Terminated
srun: error: nid005990: tasks 264-271: Terminated
srun: error: nid007763: tasks 872-879: Terminated
srun: error: nid007272: tasks 688-695: Terminated
srun: error: nid006985: tasks 552-559: Terminated
srun: error: nid006112: tasks 344-351: Terminated
srun: error: nid005956: tasks 256-263: Terminated
srun: error: nid005472: tasks 144-151: Terminated
srun: error: nid005437: tasks 104-111: Terminated
srun: error: nid007761: tasks 856-863: Terminated
srun: error: nid006075: tasks 312-319: Terminated
srun: error: nid007840: tasks 1016-1023: Terminated
srun: error: nid006984: tasks 544-551: Terminated
srun: error: nid005197: tasks 1-7: Terminated
srun: error: nid006584: tasks 464-471: Terminated
srun: error: nid006157: tasks 400-407: Terminated
srun: error: nid007268: tasks 672-679: Terminated
srun: error: nid006132: tasks 368-375: Terminated
srun: error: nid006074: tasks 304-311: Terminated
srun: error: nid007828: tasks 1008-1015: Terminated
srun: error: nid007785: tasks 920-927: Terminated
srun: error: nid007551: tasks 760-767: Terminated
srun: error: nid007273: tasks 696-703: Terminated
srun: error: nid005512: tasks 152-159: Terminated
srun: error: nid007608: tasks 808-815: Terminated
srun: error: nid006599: tasks 480-487: Terminated
srun: error: nid005442: tasks 128-135: Terminated
srun: error: nid007820: tasks 1000-1007: Terminated
srun: error: nid006101: tasks 336-343: Terminated
srun: error: nid007517: tasks 728-735: Terminated
srun: error: nid005524: tasks 160-167: Terminated
srun: error: nid006119: tasks 360-367: Terminated
srun: error: nid007271: tasks 680-687: Terminated
srun: error: nid007536: tasks 736-743: Terminated
srun: error: nid007557: tasks 792-799: Terminated
srun: error: nid007791: tasks 968-975: Terminated
srun: error: nid005348: tasks 88-95: Terminated
srun: error: nid005435: tasks 96-103: Terminated
srun: error: nid006996: tasks 584-591: Terminated
srun: error: nid005217: tasks 16-23: Terminated
srun: error: nid005631: tasks 192-199: Terminated
srun: error: nid007711: tasks 848-855: Terminated
srun: error: nid007041: tasks 616-623: Terminated
srun: error: nid007814: tasks 984-991: Terminated
srun: error: nid007266: tasks 656-663: Terminated
srun: error: nid007764: tasks 880-887: Terminated
srun: error: nid007787: tasks 936-943: Terminated
srun: error: nid006073: tasks 296-303: Terminated
srun: error: nid006582: tasks 448-455: Terminated
srun: error: nid007762: tasks 864-871: Terminated
srun: error: nid006789: tasks 488-495: Terminated
srun: error: nid006146: tasks 376-383: Terminated
srun: error: nid007782: tasks 912-919: Terminated
srun: error: nid007595: tasks 800-807: Terminated
srun: error: nid007556: tasks 784-791: Terminated
srun: error: nid005252: tasks 48-55: Terminated
srun: error: nid007058: tasks 632-639: Terminated
srun: error: nid006846: tasks 496-503: Terminated
srun: error: nid007042: tasks 624-631: Terminated
srun: error: nid007555: tasks 776-783: Terminated
srun: error: nid006086: tasks 328-335: Terminated
srun: error: nid006312: tasks 432-439: Terminated
srun: error: nid007817: tasks 992-999: Terminated
srun: error: nid007059: tasks 640-647: Terminated
srun: error: nid005269: tasks 72-79: Terminated
srun: error: nid005346: tasks 80-87: Terminated
srun: error: nid007267: tasks 664-671: Terminated
srun: error: nid006253: tasks 408-415: Terminated
srun: error: nid007463: tasks 704-711: Terminated
srun: error: nid006148: tasks 392-399: Terminated
srun: error: nid007465: tasks 720-727: Terminated
srun: Force Terminated StepId=16766402.0
