
================================================================================
NUFFT Scaling Benchmark
================================================================================
Number of ranks: 512
Grid size:       512^3
Upsampled grid:  1024^3 (sigma=2)
Particles:       1073741824 (8 per point)
Tolerance:       0.0001
CSV output:      results/nufft_scaling_512_upsampled.csv
Component CSV:   results/nufft_components_512_upsampled.csv

=== Benchmarking NUFFT Type 1 ===
Grid size:       512^3
Upsampled grid:  1024^3 (sigma=2)
Total particles: 1073741824
Local particles: 2097152
Spread method:   output_focused
Tolerance:       0.0001
Warmup runs:     3
Benchmark runs:  10
Running warmup...
Running benchmark...

NUFFT Type 1 Results:
  Ranks:       512
  Grid:        512^3
  Particles:   1073741824
  Mean time:   97.439 ms
  Min time:    95.301 ms
  Max time:    102.711 ms
  Stddev:      2.173 ms
  Throughput:  11019.58 Mpts/s

=== Benchmarking NUFFT Type 2 ===
Grid size:       512^3
Upsampled grid:  1024^3 (sigma=2.00)
Total particles: 1073741824
Local particles: 2097152
Gather method:   atomic_sort
Tolerance:       0.00
Warmup runs:     3
Benchmark runs:  10
Running warmup...
Running benchmark...

NUFFT Type 2 Results:
  Ranks:       512
  Grid:        512^3
  Particles:   1073741824
  Mean time:   39.014 ms
  Min time:    35.471 ms
  Max time:    43.859 ms
  Stddev:      2.085 ms
  Throughput:  27522.02 Mpts/s
[CSV] Timings written to results/nufft_scaling_512_upsampled.csv

==================================================
COMPONENT TIMING BREAKDOWN
==================================================

Type-1 (spreading):
----------------------------------------
Scatter (spreading)           66.75 ms
FFT (forward)                 25.03 ms
Deconvolution                  0.10 ms

Type-2 (interpolation):
----------------------------------------
Precorrection                  0.14 ms
FFT (backward)                27.79 ms
Gather (interpolation)         9.68 ms

Total:
----------------------------------------
Complete Type-1               91.89 ms
Complete Type-2               37.63 ms
[CSV] Component timings written to results/nufft_components_512_upsampled.csv

================================================================================
SUMMARY
================================================================================
Type 1: 97.439 ms (11019.58 Mpts/s)
Type 2: 39.01 ms (27522.02 Mpts/s)
================================================================================
