Kokkos::OpenMP::initialize WARNING: OMP_PROC_BIND environment variable not set
  In general, for best performance with OpenMP 4.0 or better set OMP_PROC_BIND=spread and OMP_PLACES=threads
  For best performance with OpenMP 3.1 set OMP_PROC_BIND=true
  For unit testing set OMP_PROC_BIND=false

MPI detected: For OpenMP binding to work as intended, MPI ranks must be bound to exclusive CPU sets.

Kokkos::OpenMP::initialize WARNING: OMP_PROC_BIND environment variable not set
  In general, for best performance with OpenMP 4.0 or better set OMP_PROC_BIND=spread and OMP_PLACES=threads
  For best performance with OpenMP 3.1 set OMP_PROC_BIND=true
  For unit testing set OMP_PROC_BIND=false

MPI detected: For OpenMP binding to work as intended, MPI ranks must be bound to exclusive CPU sets.

Kokkos::OpenMP::initialize WARNING: OMP_PROC_BIND environment variable not set
  In general, for best performance with OpenMP 4.0 or better set OMP_PROC_BIND=spread and OMP_PLACES=threads
  For best performance with OpenMP 3.1 set OMP_PROC_BIND=true
  For unit testing set OMP_PROC_BIND=false

MPI detected: For OpenMP binding to work as intended, MPI ranks must be bound to exclusive CPU sets.

Kokkos::OpenMP::initialize WARNING: OMP_PROC_BIND environment variable not set
  In general, for best performance with OpenMP 4.0 or better set OMP_PROC_BIND=spread and OMP_PLACES=threads
  For best performance with OpenMP 3.1 set OMP_PROC_BIND=true
  For unit testing set OMP_PROC_BIND=false

MPI detected: For OpenMP binding to work as intended, MPI ranks must be bound to exclusive CPU sets.

terminate called after throwing an instance of 'std::runtime_error'
  what():  Kokkos ERROR: Cuda memory space failed to allocate 2 GiB (label="").
[jwb0443:3442959] *** Process received signal ***
[jwb0443:3442959] Signal: Aborted (6)
[jwb0443:3442959] Signal code:  (-6)
[jwb0443:3442959] [ 0] /usr/lib64/libc.so.6(+0x3fc30)[0x151861061c30]
[jwb0443:3442959] [ 1] /usr/lib64/libc.so.6(+0x8d02c)[0x1518610af02c]
[jwb0443:3442959] [ 2] /usr/lib64/libc.so.6(raise+0x16)[0x151861061b86]
[jwb0443:3442959] [ 3] /usr/lib64/libc.so.6(abort+0xd3)[0x15186104b873]
[jwb0443:3442959] [ 4] /p/software/default/stages/2026/software/GCCcore/14.3.0/lib64/libstdc++.so.6(+0xadc3d)[0x151861306c3d]
[jwb0443:3442959] [ 5] /p/software/default/stages/2026/software/GCCcore/14.3.0/lib64/libstdc++.so.6(+0xbf14a)[0x15186131814a]
[jwb0443:3442959] [ 6] /p/software/default/stages/2026/software/GCCcore/14.3.0/lib64/libstdc++.so.6(_ZSt10unexpectedv+0x0)[0x1518613067e9]
[jwb0443:3442959] [ 7] /p/software/default/stages/2026/software/GCCcore/14.3.0/lib64/libstdc++.so.6(+0xbf3c7)[0x1518613183c7]
[jwb0443:3442959] [ 8] /p/home/jusers/fischill1/juwels/ippl/build_fin/_deps/kokkos-build/core/src/libkokkoscore.so.5.0(_ZN6Kokkos4Impl15throw_bad_allocESt17basic_string_viewIcSt11char_traitsIcEEmS4_+0x115)[0x1518617a6e05]
[jwb0443:3442959] [ 9] /p/home/jusers/fischill1/juwels/ippl/build_fin/_deps/kokkos-build/core/src/libkokkoscore.so.5.0(_ZNK6Kokkos9CudaSpace13impl_allocateEPKcmm28Kokkos_Profiling_SpaceHandle+0x219)[0x1518617b9319]
[jwb0443:3442959] [10] /p/home/jusers/fischill1/juwels/ippl/build_fin/_deps/kokkos-build/core/src/libkokkoscore.so.5.0(_ZNK6Kokkos9CudaSpace8allocateEPKcmm+0x65)[0x1518617b9395]
[jwb0443:3442959] [11] /p/home/jusers/fischill1/juwels/ippl/build_fin/_deps/kokkos-build/core/src/libkokkoscore.so.5.0(_ZN6Kokkos4Impl44HostInaccessibleSharedAllocationRecordCommonINS_9CudaSpaceEEC2ERKS2_RKNSt7__cxx1112basic_stringIcSt11char_traitsIcESaIcEEEmPFvPNS0_22SharedAllocationRecordIvvEEE+0x30)[0x1518617bb260]
[jwb0443:3442959] [12] /p/home/jusers/fischill1/juwels/ippl/build_fin/alpine/ElectrostaticPIF/LandauDampingPIF[0x446dc4]
[jwb0443:3442959] [13] /p/home/jusers/fischill1/juwels/ippl/build_fin/alpine/ElectrostaticPIF/LandauDampingPIF[0x53b9fe]
[jwb0443:3442959] [14] /p/home/jusers/fischill1/juwels/ippl/build_fin/alpine/ElectrostaticPIF/LandauDampingPIF[0x5e2e52]
[jwb0443:3442959] [15] /p/home/jusers/fischill1/juwels/ippl/build_fin/alpine/ElectrostaticPIF/LandauDampingPIF[0x5e37d7]
[jwb0443:3442959] [16] /p/home/jusers/fischill1/juwels/ippl/build_fin/alpine/ElectrostaticPIF/LandauDampingPIF[0x423714]
[jwb0443:3442959] [17] /usr/lib64/libc.so.6(+0x2a610)[0x15186104c610]
[jwb0443:3442959] [18] /usr/lib64/libc.so.6(__libc_start_main+0x80)[0x15186104c6c0]
[jwb0443:3442959] [19] /p/home/jusers/fischill1/juwels/ippl/build_fin/alpine/ElectrostaticPIF/LandauDampingPIF[0x425995]
[jwb0443:3442959] *** End of error message ***
terminate called after throwing an instance of 'std::runtime_error'
  what():  Kokkos ERROR: Cuda memory space failed to allocate 2 GiB (label="").
[jwb0443:3442961] *** Process received signal ***
[jwb0443:3442961] Signal: Aborted (6)
[jwb0443:3442961] Signal code:  (-6)
terminate called after throwing an instance of 'std::runtime_error'
  what():  Kokkos ERROR: Cuda memory space failed to allocate 2 GiB (label="").
[jwb0443:3442960] *** Process received signal ***
[jwb0443:3442960] Signal: Aborted (6)
[jwb0443:3442960] Signal code:  (-6)
terminate called after throwing an instance of 'std::runtime_error'
  what():  Kokkos ERROR: Cuda memory space failed to allocate 2 GiB (label="").
[jwb0443:3442962] *** Process received signal ***
[jwb0443:3442962] Signal: Aborted (6)
[jwb0443:3442962] Signal code:  (-6)
[jwb0443:3442961] [ 0] /usr/lib64/libc.so.6(+0x3fc30)[0x14e08a3f9c30]
[jwb0443:3442961] [ 1] /usr/lib64/libc.so.6(+0x8d02c)[0x14e08a44702c]
[jwb0443:3442961] [ 2] /usr/lib64/libc.so.6(raise+0x16)[0x14e08a3f9b86]
[jwb0443:3442961] [ 3] /usr/lib64/libc.so.6(abort+0xd3)[0x14e08a3e3873]
[jwb0443:3442961] [ 4] /p/software/default/stages/2026/software/GCCcore/14.3.0/lib64/libstdc++.so.6(+0xadc3d)[0x14e08a69ec3d]
[jwb0443:3442961] [ 5] /p/software/default/stages/2026/software/GCCcore/14.3.0/lib64/libstdc++.so.6(+0xbf14a)[0x14e08a6b014a]
[jwb0443:3442961] [ 6] /p/software/default/stages/2026/software/GCCcore/14.3.0/lib64/libstdc++.so.6(_ZSt10unexpectedv+0x0)[0x14e08a69e7e9]
[jwb0443:3442961] [ 7] /p/software/default/stages/2026/software/GCCcore/14.3.0/lib64/libstdc++.so.6(+0xbf3c7)[0x14e08a6b03c7]
[jwb0443:3442961] [ 8] /p/home/jusers/fischill1/juwels/ippl/build_fin/_deps/kokkos-build/core/src/libkokkoscore.so.5.0(_ZN6Kokkos4Impl15throw_bad_allocESt17basic_string_viewIcSt11char_traitsIcEEmS4_+0x115)[0x14e08ab3ee05]
[jwb0443:3442960] [ 0] /usr/lib64/libc.so.6(+0x3fc30)[0x14d15e423c30]
[jwb0443:3442960] [ 1] /usr/lib64/libc.so.6(+0x8d02c)[0x14d15e47102c]
[jwb0443:3442960] [ 2] /usr/lib64/libc.so.6(raise+0x16)[0x14d15e423b86]
[jwb0443:3442960] [ 3] /usr/lib64/libc.so.6(abort+0xd3)[0x14d15e40d873]
[jwb0443:3442960] [ 4] /p/software/default/stages/2026/software/GCCcore/14.3.0/lib64/libstdc++.so.6(+0xadc3d)[0x14d15e6c8c3d]
[jwb0443:3442960] [ 5] /p/software/default/stages/2026/software/GCCcore/14.3.0/lib64/libstdc++.so.6(+0xbf14a)[0x14d15e6da14a]
[jwb0443:3442960] [ 6] /p/software/default/stages/2026/software/GCCcore/14.3.0/lib64/libstdc++.so.6(_ZSt10unexpectedv+0x0)[0x14d15e6c87e9]
[jwb0443:3442960] [ 7] /p/software/default/stages/2026/software/GCCcore/14.3.0/lib64/libstdc++.so.6(+0xbf3c7)[0x14d15e6da3c7]
[jwb0443:3442960] [ 8] /p/home/jusers/fischill1/juwels/ippl/build_fin/_deps/kokkos-build/core/src/libkokkoscore.so.5.0(_ZN6Kokkos4Impl15throw_bad_allocESt17basic_string_viewIcSt11char_traitsIcEEmS4_+0x115)[0x14d15eb68e05]
[jwb0443:3442960] [ 9] /p/home/jusers/fischill1/juwels/ippl/build_fin/_deps/kokkos-build/core/src/libkokkoscore.so.5.0(_ZNK6Kokkos9CudaSpace13impl_allocateEPKcmm28Kokkos_Profiling_SpaceHandle+0x219)[0x14d15eb7b319]
[jwb0443:3442960] [10] /p/home/jusers/fischill1/juwels/ippl/build_fin/_deps/kokkos-build/core/src/libkokkoscore.so.5.0(_ZNK6Kokkos9CudaSpace8allocateEPKcmm+0x65)[0x14d15eb7b395]
[jwb0443:3442960] [11] /p/home/jusers/fischill1/juwels/ippl/build_fin/_deps/kokkos-build/core/src/libkokkoscore.so.5.0(_ZN6Kokkos4Impl44HostInaccessibleSharedAllocationRecordCommonINS_9CudaSpaceEEC2ERKS2_RKNSt7__cxx1112basic_stringIcSt11char_traitsIcESaIcEEEmPFvPNS0_22SharedAllocationRecordIvvEEE+0x30)[0x14d15eb7d260]
[jwb0443:3442960] [12] /p/home/jusers/fischill1/juwels/ippl/build_fin/alpine/ElectrostaticPIF/LandauDampingPIF[0x446dc4]
[jwb0443:3442960] [13] /p/home/jusers/fischill1/juwels/ippl/build_fin/alpine/ElectrostaticPIF/LandauDampingPIF[0x53b9fe]
[jwb0443:3442960] [14] /p/home/jusers/fischill1/juwels/ippl/build_fin/alpine/ElectrostaticPIF/LandauDampingPIF[0x5e2e52]
[jwb0443:3442960] [15] /p/home/jusers/fischill1/juwels/ippl/build_fin/alpine/ElectrostaticPIF/LandauDampingPIF[0x5e37d7]
[jwb0443:3442961] [ 9] /p/home/jusers/fischill1/juwels/ippl/build_fin/_deps/kokkos-build/core/src/libkokkoscore.so.5.0(_ZNK6Kokkos9CudaSpace13impl_allocateEPKcmm28Kokkos_Profiling_SpaceHandle+0x219)[0x14e08ab51319]
[jwb0443:3442961] [10] /p/home/jusers/fischill1/juwels/ippl/build_fin/_deps/kokkos-build/core/src/libkokkoscore.so.5.0(_ZNK6Kokkos9CudaSpace8allocateEPKcmm+0x65)[0x14e08ab51395]
[jwb0443:3442961] [11] /p/home/jusers/fischill1/juwels/ippl/build_fin/_deps/kokkos-build/core/src/libkokkoscore.so.5.0(_ZN6Kokkos4Impl44HostInaccessibleSharedAllocationRecordCommonINS_9CudaSpaceEEC2ERKS2_RKNSt7__cxx1112basic_stringIcSt11char_traitsIcESaIcEEEmPFvPNS0_22SharedAllocationRecordIvvEEE+0x30)[0x14e08ab53260]
[jwb0443:3442961] [12] /p/home/jusers/fischill1/juwels/ippl/build_fin/alpine/ElectrostaticPIF/LandauDampingPIF[0x446dc4]
[jwb0443:3442961] [13] /p/home/jusers/fischill1/juwels/ippl/build_fin/alpine/ElectrostaticPIF/LandauDampingPIF[0x53b9fe]
[jwb0443:3442961] [14] /p/home/jusers/fischill1/juwels/ippl/build_fin/alpine/ElectrostaticPIF/LandauDampingPIF[0x5e2e52]
[jwb0443:3442961] [15] /p/home/jusers/fischill1/juwels/ippl/build_fin/alpine/ElectrostaticPIF/LandauDampingPIF[0x5e37d7]
[jwb0443:3442961] [16] /p/home/jusers/fischill1/juwels/ippl/build_fin/alpine/ElectrostaticPIF/LandauDampingPIF[0x423714]
[jwb0443:3442961] [17] /usr/lib64/libc.so.6(+0x2a610)[0x14e08a3e4610]
[jwb0443:3442961] [18] /usr/lib64/libc.so.6(__libc_start_main+0x80)[0x14e08a3e46c0]
[jwb0443:3442961] [19] /p/home/jusers/fischill1/juwels/ippl/build_fin/alpine/ElectrostaticPIF/LandauDampingPIF[0x425995]
[jwb0443:3442961] *** End of error message ***
[jwb0443:3442962] [ 0] /usr/lib64/libc.so.6(+0x3fc30)[0x15133c525c30]
[jwb0443:3442962] [ 1] /usr/lib64/libc.so.6(+0x8d02c)[0x15133c57302c]
[jwb0443:3442962] [ 2] /usr/lib64/libc.so.6(raise+0x16)[0x15133c525b86]
[jwb0443:3442962] [ 3] /usr/lib64/libc.so.6(abort+0xd3)[0x15133c50f873]
[jwb0443:3442962] [ 4] /p/software/default/stages/2026/software/GCCcore/14.3.0/lib64/libstdc++.so.6(+0xadc3d)[0x15133c7cac3d]
[jwb0443:3442962] [ 5] /p/software/default/stages/2026/software/GCCcore/14.3.0/lib64/libstdc++.so.6(+0xbf14a)[0x15133c7dc14a]
[jwb0443:3442962] [ 6] /p/software/default/stages/2026/software/GCCcore/14.3.0/lib64/libstdc++.so.6(_ZSt10unexpectedv+0x0)[0x15133c7ca7e9]
[jwb0443:3442962] [ 7] /p/software/default/stages/2026/software/GCCcore/14.3.0/lib64/libstdc++.so.6(+0xbf3c7)[0x15133c7dc3c7]
[jwb0443:3442962] [ 8] /p/home/jusers/fischill1/juwels/ippl/build_fin/_deps/kokkos-build/core/src/libkokkoscore.so.5.0(_ZN6Kokkos4Impl15throw_bad_allocESt17basic_string_viewIcSt11char_traitsIcEEmS4_+0x115)[0x15133cc6ae05]
[jwb0443:3442962] [ 9] /p/home/jusers/fischill1/juwels/ippl/build_fin/_deps/kokkos-build/core/src/libkokkoscore.so.5.0(_ZNK6Kokkos9CudaSpace13impl_allocateEPKcmm28Kokkos_Profiling_SpaceHandle+0x219)[0x15133cc7d319]
[jwb0443:3442962] [10] /p/home/jusers/fischill1/juwels/ippl/build_fin/_deps/kokkos-build/core/src/libkokkoscore.so.5.0(_ZNK6Kokkos9CudaSpace8allocateEPKcmm+0x65)[0x15133cc7d395]
[jwb0443:3442962] [11] /p/home/jusers/fischill1/juwels/ippl/build_fin/_deps/kokkos-build/core/src/libkokkoscore.so.5.0(_ZN6Kokkos4Impl44HostInaccessibleSharedAllocationRecordCommonINS_9CudaSpaceEEC2ERKS2_RKNSt7__cxx1112basic_stringIcSt11char_traitsIcESaIcEEEmPFvPNS0_22SharedAllocationRecordIvvEEE+0x30)[0x15133cc7f260]
[jwb0443:3442962] [12] /p/home/jusers/fischill1/juwels/ippl/build_fin/alpine/ElectrostaticPIF/LandauDampingPIF[0x446dc4]
[jwb0443:3442960] [16] /p/home/jusers/fischill1/juwels/ippl/build_fin/alpine/ElectrostaticPIF/LandauDampingPIF[0x423714]
[jwb0443:3442960] [17] /usr/lib64/libc.so.6(+0x2a610)[0x14d15e40e610]
[jwb0443:3442960] [18] /usr/lib64/libc.so.6(__libc_start_main+0x80)[0x14d15e40e6c0]
[jwb0443:3442960] [19] /p/home/jusers/fischill1/juwels/ippl/build_fin/alpine/ElectrostaticPIF/LandauDampingPIF[0x425995]
[jwb0443:3442960] *** End of error message ***
[jwb0443:3442962] [13] /p/home/jusers/fischill1/juwels/ippl/build_fin/alpine/ElectrostaticPIF/LandauDampingPIF[0x53b9fe]
[jwb0443:3442962] [14] /p/home/jusers/fischill1/juwels/ippl/build_fin/alpine/ElectrostaticPIF/LandauDampingPIF[0x5e2e52]
[jwb0443:3442962] [15] /p/home/jusers/fischill1/juwels/ippl/build_fin/alpine/ElectrostaticPIF/LandauDampingPIF[0x5e37d7]
[jwb0443:3442962] [16] /p/home/jusers/fischill1/juwels/ippl/build_fin/alpine/ElectrostaticPIF/LandauDampingPIF[0x423714]
[jwb0443:3442962] [17] /usr/lib64/libc.so.6(+0x2a610)[0x15133c510610]
[jwb0443:3442962] [18] /usr/lib64/libc.so.6(__libc_start_main+0x80)[0x15133c5106c0]
[jwb0443:3442962] [19] /p/home/jusers/fischill1/juwels/ippl/build_fin/alpine/ElectrostaticPIF/LandauDampingPIF[0x425995]
[jwb0443:3442962] *** End of error message ***
srun: error: jwb0443: tasks 0-3: Aborted (core dumped)
