Hostname=nid005576   , Rank=3    ,Local=3   ,RPN=4   ,CPUs=216-287  ,GPU=3 ,NIC=cxi3 ,numa_nodes=3     ,first_numa=3  ,other_nodes=     
Hostname=nid005603   , Rank=29   ,Local=1   ,RPN=4   ,CPUs=72-143   ,GPU=1 ,NIC=cxi1 ,numa_nodes=1     ,first_numa=1  ,other_nodes=     
Hostname=nid005577   , Rank=5    ,Local=1   ,RPN=4   ,CPUs=72-143   ,GPU=1 ,NIC=cxi1 ,numa_nodes=1     ,first_numa=1  ,other_nodes=     
Slurm Job Hostlist: nid[005576-005578,005587,005591,005594,005600,005603]
Hostname=nid005576   , Rank=0    ,Local=0   ,RPN=4   ,CPUs=0-71     ,GPU=0 ,NIC=cxi0 ,numa_nodes=0     ,first_numa=0  ,other_nodes=     
Hostname=nid005591   , Rank=18   ,Local=2   ,RPN=4   ,CPUs=144-215  ,GPU=2 ,NIC=cxi2 ,numa_nodes=2     ,first_numa=2  ,other_nodes=     
Hostname=nid005576   , Rank=2    ,Local=2   ,RPN=4   ,CPUs=144-215  ,GPU=2 ,NIC=cxi2 ,numa_nodes=2     ,first_numa=2  ,other_nodes=     
Hostname=nid005600   , Rank=24   ,Local=0   ,RPN=4   ,CPUs=0-71     ,GPU=0 ,NIC=cxi0 ,numa_nodes=0     ,first_numa=0  ,other_nodes=     
Hostname=nid005576   , Rank=1    ,Local=1   ,RPN=4   ,CPUs=72-143   ,GPU=1 ,NIC=cxi1 ,numa_nodes=1     ,first_numa=1  ,other_nodes=     
Hostname=nid005600   , Rank=25   ,Local=1   ,RPN=4   ,CPUs=72-143   ,GPU=1 ,NIC=cxi1 ,numa_nodes=1     ,first_numa=1  ,other_nodes=     
Hostname=nid005591   , Rank=19   ,Local=3   ,RPN=4   ,CPUs=216-287  ,GPU=3 ,NIC=cxi3 ,numa_nodes=3     ,first_numa=3  ,other_nodes=     
Hostname=nid005577   , Rank=6    ,Local=2   ,RPN=4   ,CPUs=144-215  ,GPU=2 ,NIC=cxi2 ,numa_nodes=2     ,first_numa=2  ,other_nodes=     
Hostname=nid005600   , Rank=26   ,Local=2   ,RPN=4   ,CPUs=144-215  ,GPU=2 ,NIC=cxi2 ,numa_nodes=2     ,first_numa=2  ,other_nodes=     
Hostname=nid005591   , Rank=17   ,Local=1   ,RPN=4   ,CPUs=72-143   ,GPU=1 ,NIC=cxi1 ,numa_nodes=1     ,first_numa=1  ,other_nodes=     
Hostname=nid005594   , Rank=21   ,Local=1   ,RPN=4   ,CPUs=72-143   ,GPU=1 ,NIC=cxi1 ,numa_nodes=1     ,first_numa=1  ,other_nodes=     
Hostname=nid005603   , Rank=30   ,Local=2   ,RPN=4   ,CPUs=144-215  ,GPU=2 ,NIC=cxi2 ,numa_nodes=2     ,first_numa=2  ,other_nodes=     
Hostname=nid005591   , Rank=16   ,Local=0   ,RPN=4   ,CPUs=0-71     ,GPU=0 ,NIC=cxi0 ,numa_nodes=0     ,first_numa=0  ,other_nodes=     
Hostname=nid005577   , Rank=7    ,Local=3   ,RPN=4   ,CPUs=216-287  ,GPU=3 ,NIC=cxi3 ,numa_nodes=3     ,first_numa=3  ,other_nodes=     
Hostname=nid005603   , Rank=28   ,Local=0   ,RPN=4   ,CPUs=0-71     ,GPU=0 ,NIC=cxi0 ,numa_nodes=0     ,first_numa=0  ,other_nodes=     
Hostname=nid005600   , Rank=27   ,Local=3   ,RPN=4   ,CPUs=216-287  ,GPU=3 ,NIC=cxi3 ,numa_nodes=3     ,first_numa=3  ,other_nodes=     
Hostname=nid005577   , Rank=4    ,Local=0   ,RPN=4   ,CPUs=0-71     ,GPU=0 ,NIC=cxi0 ,numa_nodes=0     ,first_numa=0  ,other_nodes=     
Hostname=nid005603   , Rank=31   ,Local=3   ,RPN=4   ,CPUs=216-287  ,GPU=3 ,NIC=cxi3 ,numa_nodes=3     ,first_numa=3  ,other_nodes=     
Hostname=nid005587   , Rank=13   ,Local=1   ,RPN=4   ,CPUs=72-143   ,GPU=1 ,NIC=cxi1 ,numa_nodes=1     ,first_numa=1  ,other_nodes=     
Hostname=nid005587   , Rank=12   ,Local=0   ,RPN=4   ,CPUs=0-71     ,GPU=0 ,NIC=cxi0 ,numa_nodes=0     ,first_numa=0  ,other_nodes=     
Hostname=nid005594   , Rank=22   ,Local=2   ,RPN=4   ,CPUs=144-215  ,GPU=2 ,NIC=cxi2 ,numa_nodes=2     ,first_numa=2  ,other_nodes=     
Hostname=nid005587   , Rank=15   ,Local=3   ,RPN=4   ,CPUs=216-287  ,GPU=3 ,NIC=cxi3 ,numa_nodes=3     ,first_numa=3  ,other_nodes=     
Hostname=nid005594   , Rank=20   ,Local=0   ,RPN=4   ,CPUs=0-71     ,GPU=0 ,NIC=cxi0 ,numa_nodes=0     ,first_numa=0  ,other_nodes=     
Hostname=nid005587   , Rank=14   ,Local=2   ,RPN=4   ,CPUs=144-215  ,GPU=2 ,NIC=cxi2 ,numa_nodes=2     ,first_numa=2  ,other_nodes=     
Hostname=nid005594   , Rank=23   ,Local=3   ,RPN=4   ,CPUs=216-287  ,GPU=3 ,NIC=cxi3 ,numa_nodes=3     ,first_numa=3  ,other_nodes=     
Hostname=nid005578   , Rank=8    ,Local=0   ,RPN=4   ,CPUs=0-71     ,GPU=0 ,NIC=cxi0 ,numa_nodes=0     ,first_numa=0  ,other_nodes=     
Hostname=nid005578   , Rank=9    ,Local=1   ,RPN=4   ,CPUs=72-143   ,GPU=1 ,NIC=cxi1 ,numa_nodes=1     ,first_numa=1  ,other_nodes=     
Hostname=nid005578   , Rank=10   ,Local=2   ,RPN=4   ,CPUs=144-215  ,GPU=2 ,NIC=cxi2 ,numa_nodes=2     ,first_numa=2  ,other_nodes=     
Hostname=nid005578   , Rank=11   ,Local=3   ,RPN=4   ,CPUs=216-287  ,GPU=3 ,NIC=cxi3 ,numa_nodes=3     ,first_numa=3  ,other_nodes=     
LandauDampingPIF{0}> Landau damping
LandauDampingPIF{0}> nt 10 Np= 1073741824 Fourier modes = ( 512 , 512 , 512 )
LandauDampingPIF{0}> particles created and initial conditions assigned 
LandauDampingPIF{0}> After init shape function 
LandauDampingPIF{0}> After init NUFFT 
LandauDampingPIF{0}> After update 
[Scatter] Auto-select: OutputFocused (tp=1350.0 Mpts/s) for w=5 rho=1.07 (was Atomic)
[Scatter] Cache hit: method=OutputFocused w=5 cx=1 rho=1.07 -> tile=(3,3,7) team=64 osub=1 zb=32 tp=1350.0 Mpts/s (rho_csv=1.25)
LandauDampingPIF{0}> After scatter 
LandauDampingPIF{0}> After gather 
LandauDampingPIF{0}> Starting iterations ...
LandauDampingPIF{0}> Finished time step: -2 time: 0.0122718
LandauDampingPIF{0}> Finished time step: -1 time: 0.0245437
LandauDampingPIF{0}> Finished time step: 0 time: 0.0368155
LandauDampingPIF{0}> Finished time step: 1 time: 0.0490874
LandauDampingPIF{0}> Finished time step: 2 time: 0.0613592
LandauDampingPIF{0}> Finished time step: 3 time: 0.0736311
LandauDampingPIF{0}> Finished time step: 4 time: 0.0859029
LandauDampingPIF{0}> Finished time step: 5 time: 0.0981748
LandauDampingPIF{0}> Finished time step: 6 time: 0.110447
LandauDampingPIF{0}> Finished time step: 7 time: 0.122718
LandauDampingPIF{0}> Finished time step: 8 time: 0.13499
LandauDampingPIF{0}> Finished time step: 9 time: 0.147262
LandauDampingPIF{0}> Finished time step: 10 time: 0.159534
LandauDampingPIF{0}> LandauDamping: End.
Timings{0}> ---------------------------------------------
Timings{0}>      Timing results for 32 rank(s):
Timings{0}> ---------------------------------------------
Timings{0}> mainTimer........... Wall tot =    6.05958
Timings{0}> 
Timings{0}> particlesCreation... Wall max =          0
Timings{0}>                      Wall avg =          0
Timings{0}>                      Wall min =          0
Timings{0}> 
Timings{0}> dumpData............ Wall max =  0.0880684
Timings{0}>                      Wall avg =  0.0777943
Timings{0}>                      Wall min =  0.0696591
Timings{0}> 
Timings{0}> kick................ Wall max = 0.000596203
Timings{0}>                      Wall avg = 0.000478491
Timings{0}>                      Wall min = 0.000335222
Timings{0}> 
Timings{0}> drift............... Wall max = 9.3693e-05
Timings{0}>                      Wall avg = 7.25373e-05
Timings{0}>                      Wall min = 5.1646e-05
Timings{0}> 
Timings{0}> particleBC.......... Wall max = 0.000137947
Timings{0}>                      Wall avg = 0.000113494
Timings{0}>                      Wall min = 8.7067e-05
Timings{0}> 
Timings{0}> initializeShapeFunc. Wall max =          0
Timings{0}>                      Wall avg =          0
Timings{0}>                      Wall min =          0
Timings{0}> 
Timings{0}> findInternal........ Wall max =          0
Timings{0}>                      Wall avg =          0
Timings{0}>                      Wall min =          0
Timings{0}> 
Timings{0}> findPeriodic........ Wall max =          0
Timings{0}>                      Wall avg =          0
Timings{0}>                      Wall min =          0
Timings{0}> 
Timings{0}> NativeNUFFT::init... Wall max =          0
Timings{0}>                      Wall avg =          0
Timings{0}>                      Wall min =          0
Timings{0}> 
Timings{0}> updateParticle...... Wall max =   0.521758
Timings{0}>                      Wall avg =   0.341608
Timings{0}>                      Wall min =  0.0846069
Timings{0}> 
Timings{0}> locateParticles..... Wall max =  0.0392327
Timings{0}>                      Wall avg =   0.037122
Timings{0}>                      Wall min =  0.0347548
Timings{0}> 
Timings{0}> sendPreprocess...... Wall max = 0.00703584
Timings{0}>                      Wall avg = 0.00459534
Timings{0}>                      Wall min = 0.00248494
Timings{0}> 
Timings{0}> particleSend........ Wall max = 0.00896388
Timings{0}>                      Wall avg = 0.00833313
Timings{0}>                      Wall min = 0.00772841
Timings{0}> 
Timings{0}> particleRecv........ Wall max = 0.000380342
Timings{0}>                      Wall avg = 0.000323197
Timings{0}>                      Wall min = 0.000253945
Timings{0}> 
Timings{0}> particleDestroy..... Wall max =  0.0302408
Timings{0}>                      Wall avg =  0.0271698
Timings{0}>                      Wall min =  0.0249512
Timings{0}> 
Timings{0}> ScatterPIFNUFFT..... Wall max =    2.41697
Timings{0}>                      Wall avg =    2.15819
Timings{0}>                      Wall min =    1.97239
Timings{0}> 
Timings{0}> NativeNUFFT1........ Wall max =    2.37448
Timings{0}>                      Wall avg =    2.11489
Timings{0}>                      Wall min =    1.93121
Timings{0}> 
Timings{0}> scatterTimerNUFFT1.. Wall max =    1.39969
Timings{0}>                      Wall avg =    1.14049
Timings{0}>                      Wall min =    0.95909
Timings{0}> 
Timings{0}> binSort............. Wall max =   0.175564
Timings{0}>                      Wall avg =    0.16626
Timings{0}>                      Wall min =   0.156548
Timings{0}> 
Timings{0}> binComputeKeys...... Wall max =  0.0173148
Timings{0}>                      Wall avg =  0.0159786
Timings{0}>                      Wall min =  0.0148684
Timings{0}> 
Timings{0}> binSortByKey........ Wall max =   0.150035
Timings{0}>                      Wall avg =   0.142221
Timings{0}>                      Wall min =   0.134026
Timings{0}> 
Timings{0}> binComputeOffsets... Wall max = 0.00829319
Timings{0}>                      Wall avg = 0.00794561
Timings{0}>                      Wall min = 0.00748333
Timings{0}> 
Timings{0}> FFTNUFFT1........... Wall max =   0.977079
Timings{0}>                      Wall avg =   0.966552
Timings{0}>                      Wall min =   0.956871
Timings{0}> 
Timings{0}> deconvolutionNUFFT1. Wall max = 0.00846122
Timings{0}>                      Wall avg = 0.00780906
Timings{0}>                      Wall min = 0.00713057
Timings{0}> 
Timings{0}> GatherPIFNUFFT...... Wall max =    3.44011
Timings{0}>                      Wall avg =    3.42692
Timings{0}>                      Wall min =    3.40755
Timings{0}> 
Timings{0}> NativeNUFFT2........ Wall max =    3.40805
Timings{0}>                      Wall avg =    3.39122
Timings{0}>                      Wall min =    3.37082
Timings{0}> 
Timings{0}> PrecorrectionNUFFT2. Wall max =  0.0695951
Timings{0}>                      Wall avg =  0.0672576
Timings{0}>                      Wall min =  0.0649066
Timings{0}> 
Timings{0}> FFTNUFFT2........... Wall max =     2.9339
Timings{0}>                      Wall avg =    2.90506
Timings{0}>                      Wall min =    2.88325
Timings{0}> 
Timings{0}> GatherNUFFT2........ Wall max =   0.245235
Timings{0}>                      Wall avg =   0.235812
Timings{0}>                      Wall min =   0.223901
Timings{0}> 
Timings{0}> ---------------------------------------------
Timings{0}>      Measurement counts:
Timings{0}> ---------------------------------------------
Timings{0}> mainTimer........... Count =          1
Timings{0}> particlesCreation... Count =          0
Timings{0}> dumpData............ Count =         10
Timings{0}> kick................ Count =         20
Timings{0}> drift............... Count =         10
Timings{0}> particleBC.......... Count =         10
Timings{0}> initializeShapeFunc. Count =          0
Timings{0}> findInternal........ Count =          0
Timings{0}> findPeriodic........ Count =          0
Timings{0}> NativeNUFFT::init... Count =          0
Timings{0}> updateParticle...... Count =         10
Timings{0}> locateParticles..... Count =         10
Timings{0}> sendPreprocess...... Count =         10
Timings{0}> particleSend........ Count =         10
Timings{0}> particleRecv........ Count =         10
Timings{0}> particleDestroy..... Count =         10
Timings{0}> ScatterPIFNUFFT..... Count =         20
Timings{0}> NativeNUFFT1........ Count =         10
Timings{0}> scatterTimerNUFFT1.. Count =         10
Timings{0}> binSort............. Count =         40
Timings{0}> binComputeKeys...... Count =         40
Timings{0}> binSortByKey........ Count =         40
Timings{0}> binComputeOffsets... Count =         40
Timings{0}> FFTNUFFT1........... Count =         10
Timings{0}> deconvolutionNUFFT1. Count =         10
Timings{0}> GatherPIFNUFFT...... Count =         10
Timings{0}> NativeNUFFT2........ Count =         30
Timings{0}> PrecorrectionNUFFT2. Count =         30
Timings{0}> FFTNUFFT2........... Count =         30
Timings{0}> GatherNUFFT2........ Count =         30
Timings{0}> ---------------------------------------------
Timings{0}> ---------------------------------------------
Timings{0}>      Per-occurrence statistics:
Timings{0}> ---------------------------------------------
Timings{0}> mainTimer........... n=    1  mean=   6.05958  std=         0  min=   6.05958  max=   6.05958
Timings{0}> dumpData............ n=   10  mean=0.00699627  std=0.000739544  min=0.00644678  max=0.00904331
Timings{0}> kick................ n=   20  mean=2.14459e-05  std=1.18714e-05  min= 7.552e-06  max=3.8879e-05
Timings{0}> drift............... n=   10  mean=5.3501e-06  std=5.99272e-07  min= 4.447e-06  max= 6.272e-06
Timings{0}> particleBC.......... n=   10  mean=9.1547e-06  std=1.43092e-06  min=  8.16e-06  max=1.3055e-05
Timings{0}> updateParticle...... n=   10  mean=0.00847704  std=5.0028e-05  min=0.00841981  max=0.00860092
Timings{0}> locateParticles..... n=   10  mean=0.00382258  std=6.00202e-06  min=0.00380853  max= 0.0038308
Timings{0}> sendPreprocess...... n=   10  mean=0.000357541  std=1.98775e-05  min=0.000338582  max=0.00040434
Timings{0}> particleSend........ n=   10  mean=0.000832877  std=1.50407e-05  min=0.000810951  max=0.000855334
Timings{0}> particleRecv........ n=   10  mean=2.91223e-05  std=2.12966e-06  min=2.5695e-05  max=3.2991e-05
Timings{0}> particleDestroy..... n=   10  mean=0.00262951  std=1.47723e-05  min=0.00259826  max=0.00264811
Timings{0}> ScatterPIFNUFFT..... n=   20  mean=  0.120682  std=  0.135678  min=1.3759e-05  max=  0.378599
Timings{0}> NativeNUFFT1........ n=   10  mean=  0.236866  std= 0.0806559  min=  0.116546  max=  0.374118
Timings{0}> scatterTimerNUFFT1.. n=   10  mean=  0.139847  std=  0.080493  min= 0.0213045  max=  0.278404
Timings{0}> binSort............. n=   40  mean=0.00436122  std=3.17836e-05  min=0.00430777  max=0.00443695
Timings{0}> binComputeKeys...... n=   40  mean=0.000416069  std=7.6405e-06  min=0.000402612  max=0.000431923
Timings{0}> binSortByKey........ n=   40  mean= 0.0037412  std=2.72669e-05  min=0.00369861  max=0.00379598
Timings{0}> binComputeOffsets... n=   40  mean=0.000200929  std=7.53546e-06  min=0.000192122  max=0.000226137
Timings{0}> FFTNUFFT1........... n=   10  mean=  0.096261  std=0.00140721  min= 0.0943967  max= 0.0987047
Timings{0}> deconvolutionNUFFT1. n=   10  mean=0.000752828  std=9.05248e-05  min=0.000658604  max=0.000852678
Timings{0}> GatherPIFNUFFT...... n=   10  mean=  0.343155  std=0.00297237  min=  0.338268  max=  0.347656
Timings{0}> NativeNUFFT2........ n=   30  mean=  0.113012  std= 0.0013562  min=  0.110307  max=  0.116811
Timings{0}> PrecorrectionNUFFT2. n=   30  mean=0.00228974  std=  0.000476  min=0.00160427  max=0.00264517
Timings{0}> FFTNUFFT2........... n=   30  mean= 0.0961988  std= 0.0017399  min= 0.0921165  max= 0.0999122
Timings{0}> GatherNUFFT2........ n=   30  mean=0.00816493  std=0.000814543  min=0.00729623  max=  0.010111
Timings{0}> ---------------------------------------------
