LandauDampingPIF{0}> Landau damping
LandauDampingPIF{0}> nt 10 Np= 34359738368 Fourier modes = ( 1024 , 2048 , 2048 )
LandauDampingPIF{0}> particles created and initial conditions assigned 
LandauDampingPIF{0}> After init shape function 
LandauDampingPIF{0}> After init NUFFT 
LandauDampingPIF{0}> After update 
[Scatter] Auto-select: OutputFocused (tp=747.1 Mpts/s) for w=5 rho=1.15 (was Atomic)
[Scatter] Cache hit: method=OutputFocused w=5 cx=1 rho=1.15 -> tile=(5,3,5) team=128 osub=1 zb=29 tp=747.1 Mpts/s (rho_csv=1.25)
LandauDampingPIF{0}> After scatter 
LandauDampingPIF{0}> After gather 
LandauDampingPIF{0}> Starting iterations ...
LandauDampingPIF{0}> Finished time step: -2 time: 0.0122718
LandauDampingPIF{0}> Finished time step: -1 time: 0.0245437
LandauDampingPIF{0}> Finished time step: 0 time: 0.0368155
LandauDampingPIF{0}> Finished time step: 1 time: 0.0490874
LandauDampingPIF{0}> Finished time step: 2 time: 0.0613592
LandauDampingPIF{0}> Finished time step: 3 time: 0.0736311
LandauDampingPIF{0}> Finished time step: 4 time: 0.0859029
LandauDampingPIF{0}> Finished time step: 5 time: 0.0981748
LandauDampingPIF{0}> Finished time step: 6 time: 0.110447
LandauDampingPIF{0}> Finished time step: 7 time: 0.122718
LandauDampingPIF{0}> Finished time step: 8 time: 0.13499
LandauDampingPIF{0}> Finished time step: 9 time: 0.147262
LandauDampingPIF{0}> Finished time step: 10 time: 0.159534
LandauDampingPIF{0}> LandauDamping: End.
Timings{0}> ---------------------------------------------
Timings{0}>      Timing results for 1024 rank(s):
Timings{0}> ---------------------------------------------
Timings{0}> mainTimer........... Wall tot =    70.2265
Timings{0}> 
Timings{0}> particlesCreation... Wall max =          0
Timings{0}>                      Wall avg =          0
Timings{0}>                      Wall min =          0
Timings{0}> 
Timings{0}> dumpData............ Wall max =   0.366741
Timings{0}>                      Wall avg =   0.250496
Timings{0}>                      Wall min =   0.159714
Timings{0}> 
Timings{0}> kick................ Wall max =  0.0403223
Timings{0}>                      Wall avg =  0.0352467
Timings{0}>                      Wall min =  0.0306246
Timings{0}> 
Timings{0}> drift............... Wall max =  0.0199684
Timings{0}>                      Wall avg =  0.0174651
Timings{0}>                      Wall min =  0.0151805
Timings{0}> 
Timings{0}> initializeShapeFunc. Wall max =          0
Timings{0}>                      Wall avg =          0
Timings{0}>                      Wall min =          0
Timings{0}> 
Timings{0}> findInternal........ Wall max =          0
Timings{0}>                      Wall avg =          0
Timings{0}>                      Wall min =          0
Timings{0}> 
Timings{0}> findPeriodic........ Wall max =          0
Timings{0}>                      Wall avg =          0
Timings{0}>                      Wall min =          0
Timings{0}> 
Timings{0}> NativeNUFFT::init... Wall max =          0
Timings{0}>                      Wall avg =          0
Timings{0}>                      Wall min =          0
Timings{0}> 
Timings{0}> particleBC.......... Wall max =   0.041074
Timings{0}>                      Wall avg =  0.0359178
Timings{0}>                      Wall min =  0.0311937
Timings{0}> 
Timings{0}> updateParticle...... Wall max =   0.283095
Timings{0}>                      Wall avg =   0.268043
Timings{0}>                      Wall min =   0.248836
Timings{0}> 
Timings{0}> locateParticles..... Wall max =   0.037331
Timings{0}>                      Wall avg =  0.0299572
Timings{0}>                      Wall min =  0.0261541
Timings{0}> 
Timings{0}> sendPreprocess...... Wall max =  0.0419018
Timings{0}>                      Wall avg =  0.0287962
Timings{0}>                      Wall min =  0.0112819
Timings{0}> 
Timings{0}> particleSend........ Wall max =  0.0560029
Timings{0}>                      Wall avg =  0.0352149
Timings{0}>                      Wall min =  0.0250332
Timings{0}> 
Timings{0}> particleRecv........ Wall max =  0.0111317
Timings{0}>                      Wall avg = 0.00606024
Timings{0}>                      Wall min = 0.00214311
Timings{0}> 
Timings{0}> particleDestroy..... Wall max =   0.117509
Timings{0}>                      Wall avg =  0.0955391
Timings{0}>                      Wall min =  0.0843131
Timings{0}> 
Timings{0}> ScatterPIFNUFFT..... Wall max =    17.3936
Timings{0}>                      Wall avg =    17.2173
Timings{0}>                      Wall min =    17.0579
Timings{0}> 
Timings{0}> NativeNUFFT1........ Wall max =    17.3626
Timings{0}>                      Wall avg =    17.1869
Timings{0}>                      Wall min =    17.0262
Timings{0}> 
Timings{0}> scatterTimerNUFFT1.. Wall max =   0.519216
Timings{0}>                      Wall avg =   0.474227
Timings{0}>                      Wall min =   0.428858
Timings{0}> 
Timings{0}> binSort............. Wall max =    0.42399
Timings{0}>                      Wall avg =   0.371022
Timings{0}>                      Wall min =   0.323886
Timings{0}> 
Timings{0}> binComputeKeys...... Wall max =  0.0447134
Timings{0}>                      Wall avg =    0.03915
Timings{0}>                      Wall min =  0.0340781
Timings{0}> 
Timings{0}> binSortByKey........ Wall max =   0.365574
Timings{0}>                      Wall avg =   0.319636
Timings{0}>                      Wall min =   0.278909
Timings{0}> 
Timings{0}> binComputeOffsets... Wall max =  0.0132752
Timings{0}>                      Wall avg =   0.011797
Timings{0}>                      Wall min =  0.0104381
Timings{0}> 
Timings{0}> FFTNUFFT1........... Wall max =    16.9005
Timings{0}>                      Wall avg =    16.7112
Timings{0}>                      Wall min =    16.5503
Timings{0}> 
Timings{0}> TwiddleAdd.......... Wall max =  0.0139576
Timings{0}>                      Wall avg =  0.0137445
Timings{0}>                      Wall min =  0.0135683
Timings{0}> 
Timings{0}> subFFTs............. Wall max =     16.886
Timings{0}>                      Wall avg =    16.6966
Timings{0}>                      Wall min =    16.5357
Timings{0}> 
Timings{0}> deconvolutionNUFFT1. Wall max = 0.00152778
Timings{0}>                      Wall avg = 0.00139432
Timings{0}>                      Wall min = 0.00135478
Timings{0}> 
Timings{0}> GatherPIFNUFFT...... Wall max =    52.5441
Timings{0}>                      Wall avg =     52.385
Timings{0}>                      Wall min =    52.1736
Timings{0}> 
Timings{0}> NativeNUFFT2........ Wall max =    52.4342
Timings{0}>                      Wall avg =    52.2628
Timings{0}>                      Wall min =    52.0545
Timings{0}> 
Timings{0}> PrecorrectionNUFFT2. Wall max = 0.00844541
Timings{0}>                      Wall avg = 0.00427197
Timings{0}>                      Wall min = 0.00420534
Timings{0}> 
Timings{0}> FFTNUFFT2........... Wall max =    50.8669
Timings{0}>                      Wall avg =    50.5018
Timings{0}>                      Wall min =    50.1643
Timings{0}> 
Timings{0}> subIFFTs............ Wall max =    50.7932
Timings{0}>                      Wall avg =    50.4282
Timings{0}>                      Wall min =    50.0907
Timings{0}> 
Timings{0}> StridedWrite........ Wall max =  0.0657933
Timings{0}>                      Wall avg =  0.0614389
Timings{0}>                      Wall min =  0.0611969
Timings{0}> 
Timings{0}> GatherNUFFT2........ Wall max =    2.21428
Timings{0}>                      Wall avg =    1.75611
Timings{0}>                      Wall min =    1.42487
Timings{0}> 
Timings{0}> ---------------------------------------------
Timings{0}>      Measurement counts:
Timings{0}> ---------------------------------------------
Timings{0}> mainTimer........... Count =          1
Timings{0}> particlesCreation... Count =          0
Timings{0}> dumpData............ Count =         10
Timings{0}> kick................ Count =         20
Timings{0}> drift............... Count =         10
Timings{0}> initializeShapeFunc. Count =          0
Timings{0}> findInternal........ Count =          0
Timings{0}> findPeriodic........ Count =          0
Timings{0}> NativeNUFFT::init... Count =          0
Timings{0}> particleBC.......... Count =         10
Timings{0}> updateParticle...... Count =         10
Timings{0}> locateParticles..... Count =         10
Timings{0}> sendPreprocess...... Count =         10
Timings{0}> particleSend........ Count =         10
Timings{0}> particleRecv........ Count =         10
Timings{0}> particleDestroy..... Count =         10
Timings{0}> ScatterPIFNUFFT..... Count =         20
Timings{0}> NativeNUFFT1........ Count =         10
Timings{0}> scatterTimerNUFFT1.. Count =         10
Timings{0}> binSort............. Count =         40
Timings{0}> binComputeKeys...... Count =         40
Timings{0}> binSortByKey........ Count =         40
Timings{0}> binComputeOffsets... Count =         40
Timings{0}> FFTNUFFT1........... Count =         10
Timings{0}> TwiddleAdd.......... Count =         20
Timings{0}> subFFTs............. Count =         20
Timings{0}> deconvolutionNUFFT1. Count =         10
Timings{0}> GatherPIFNUFFT...... Count =         10
Timings{0}> NativeNUFFT2........ Count =         30
Timings{0}> PrecorrectionNUFFT2. Count =         30
Timings{0}> FFTNUFFT2........... Count =         30
Timings{0}> subIFFTs............ Count =         60
Timings{0}> StridedWrite........ Count =         60
Timings{0}> GatherNUFFT2........ Count =         30
Timings{0}> ---------------------------------------------
Timings{0}> ---------------------------------------------
Timings{0}>      Per-occurrence statistics:
Timings{0}> ---------------------------------------------
Timings{0}> mainTimer........... n=    1  mean=   70.2264  std=         0  min=   70.2264  max=   70.2264
Timings{0}> dumpData............ n=   10  mean= 0.0234549  std= 0.0172568  min=0.00622118  max= 0.0578469
Timings{0}> kick................ n=   20  mean=0.00201612  std=2.98098e-05  min=0.00198423  max=0.00205079
Timings{0}> drift............... n=   10  mean=0.00199684  std=2.00398e-06  min=0.00199304  max=0.00199921
Timings{0}> particleBC.......... n=   10  mean= 0.0041074  std=4.52462e-06  min=0.00409967  max=0.00411749
Timings{0}> updateParticle...... n=   10  mean= 0.0268597  std=0.00105471  min= 0.0256767  max= 0.0292465
Timings{0}> locateParticles..... n=   10  mean=0.00299351  std=2.65115e-05  min=0.00296086  max=0.00303989
Timings{0}> sendPreprocess...... n=   10  mean= 0.0018586  std=0.000277297  min=0.00148985  max=0.00241039
Timings{0}> particleSend........ n=   10  mean=0.00350068  std=0.00138465  min= 0.0026168  max=0.00673356
Timings{0}> particleRecv........ n=   10  mean=0.000254294  std=0.000142415  min=0.000199891  max=0.000658755
Timings{0}> particleDestroy..... n=   10  mean=0.00958274  std=2.01272e-05  min=0.00955596  max=0.00961371
Timings{0}> ScatterPIFNUFFT..... n=   20  mean=  0.854554  std=  0.877076  min=0.000159411  max=   1.77494
Timings{0}> NativeNUFFT1........ n=   10  mean=    1.7057  std= 0.0427106  min=   1.64523  max=   1.77169
Timings{0}> scatterTimerNUFFT1.. n=   10  mean= 0.0505079  std=0.00069639  min= 0.0496935  max= 0.0516203
Timings{0}> binSort............. n=   40  mean= 0.0105998  std=3.34726e-05  min= 0.0105373  max= 0.0106962
Timings{0}> binComputeKeys...... n=   40  mean=0.00111783  std=2.94713e-06  min=0.00111505  max= 0.0011322
Timings{0}> binSortByKey........ n=   40  mean=0.00913936  std=3.01371e-05  min=0.00908012  max= 0.0092041
Timings{0}> binComputeOffsets... n=   40  mean=0.000331664  std=3.3959e-06  min=0.000326913  max=0.000345903
Timings{0}> FFTNUFFT1........... n=   10  mean=   1.65503  std= 0.0424182  min=   1.59504  max=   1.72142
Timings{0}> TwiddleAdd.......... n=   20  mean=0.000690484  std=1.89515e-05  min=0.000675085  max=0.000750126
Timings{0}> subFFTs............. n=   20  mean=  0.826787  std=  0.036393  min=  0.768616  max=  0.919839
Timings{0}> deconvolutionNUFFT1. n=   10  mean=0.000141806  std=6.02335e-06  min=0.000135211  max=0.000154831
Timings{0}> GatherPIFNUFFT...... n=   10  mean=   5.25138  std= 0.0475426  min=   5.18513  max=   5.33336
Timings{0}> NativeNUFFT2........ n=   30  mean=   1.74585  std= 0.0415552  min=    1.6576  max=   1.85761
Timings{0}> PrecorrectionNUFFT2. n=   30  mean=0.000142922  std=3.30312e-06  min=0.000136991  max=0.000150832
Timings{0}> FFTNUFFT2........... n=   30  mean=   1.67279  std=  0.042718  min=   1.59446  max=   1.76812
Timings{0}> subIFFTs............ n=   60  mean=  0.835166  std= 0.0328865  min=  0.756228  max=  0.895857
Timings{0}> StridedWrite........ n=   60  mean=0.00102512  std=3.55972e-06  min=0.00102015  max=0.00103909
Timings{0}> GatherNUFFT2........ n=   30  mean= 0.0729003  std= 0.0202736  min= 0.0327009  max=  0.111054
Timings{0}> ---------------------------------------------
