LandauDampingPIF{0}> Landau damping
LandauDampingPIF{0}> nt 10 Np= 17179869184 Fourier modes = ( 1024 , 1024 , 2048 )
LandauDampingPIF{0}> particles created and initial conditions assigned 
LandauDampingPIF{0}> After init shape function 
LandauDampingPIF{0}> After init NUFFT 
LandauDampingPIF{0}> After update 
[Scatter] Auto-select: OutputFocused (tp=747.1 Mpts/s) for w=5 rho=1.14 (was Atomic)
[Scatter] Cache hit: method=OutputFocused w=5 cx=1 rho=1.14 -> tile=(5,3,5) team=128 osub=1 zb=29 tp=747.1 Mpts/s (rho_csv=1.25)
LandauDampingPIF{0}> After scatter 
LandauDampingPIF{0}> After gather 
LandauDampingPIF{0}> Starting iterations ...
LandauDampingPIF{0}> Finished time step: -2 time: 0.0122718
LandauDampingPIF{0}> Finished time step: -1 time: 0.0245437
LandauDampingPIF{0}> Finished time step: 0 time: 0.0368155
LandauDampingPIF{0}> Finished time step: 1 time: 0.0490874
LandauDampingPIF{0}> Finished time step: 2 time: 0.0613592
LandauDampingPIF{0}> Finished time step: 3 time: 0.0736311
LandauDampingPIF{0}> Finished time step: 4 time: 0.0859029
LandauDampingPIF{0}> Finished time step: 5 time: 0.0981748
LandauDampingPIF{0}> Finished time step: 6 time: 0.110447
LandauDampingPIF{0}> Finished time step: 7 time: 0.122718
LandauDampingPIF{0}> Finished time step: 8 time: 0.13499
LandauDampingPIF{0}> Finished time step: 9 time: 0.147262
LandauDampingPIF{0}> Finished time step: 10 time: 0.159534
LandauDampingPIF{0}> LandauDamping: End.
Timings{0}> ---------------------------------------------
Timings{0}>      Timing results for 512 rank(s):
Timings{0}> ---------------------------------------------
Timings{0}> mainTimer........... Wall tot =    21.9299
Timings{0}> 
Timings{0}> particlesCreation... Wall max =          0
Timings{0}>                      Wall avg =          0
Timings{0}>                      Wall min =          0
Timings{0}> 
Timings{0}> dumpData............ Wall max =   0.213857
Timings{0}>                      Wall avg =   0.157953
Timings{0}>                      Wall min =  0.0907623
Timings{0}> 
Timings{0}> kick................ Wall max =  0.0412817
Timings{0}>                      Wall avg =  0.0359608
Timings{0}>                      Wall min =   0.031315
Timings{0}> 
Timings{0}> drift............... Wall max =  0.0202526
Timings{0}>                      Wall avg =  0.0177825
Timings{0}>                      Wall min =  0.0155131
Timings{0}> 
Timings{0}> particleBC.......... Wall max =  0.0411499
Timings{0}>                      Wall avg =  0.0360956
Timings{0}>                      Wall min =  0.0314603
Timings{0}> 
Timings{0}> initializeShapeFunc. Wall max =          0
Timings{0}>                      Wall avg =          0
Timings{0}>                      Wall min =          0
Timings{0}> 
Timings{0}> findInternal........ Wall max =          0
Timings{0}>                      Wall avg =          0
Timings{0}>                      Wall min =          0
Timings{0}> 
Timings{0}> findPeriodic........ Wall max =          0
Timings{0}>                      Wall avg =          0
Timings{0}>                      Wall min =          0
Timings{0}> 
Timings{0}> NativeNUFFT::init... Wall max =          0
Timings{0}>                      Wall avg =          0
Timings{0}>                      Wall min =          0
Timings{0}> 
Timings{0}> updateParticle...... Wall max =   0.261348
Timings{0}>                      Wall avg =   0.243428
Timings{0}>                      Wall min =   0.222226
Timings{0}> 
Timings{0}> locateParticles..... Wall max =  0.0245283
Timings{0}>                      Wall avg =  0.0196667
Timings{0}>                      Wall min =   0.017467
Timings{0}> 
Timings{0}> sendPreprocess...... Wall max =  0.0312618
Timings{0}>                      Wall avg =  0.0197879
Timings{0}>                      Wall min =  0.0046529
Timings{0}> 
Timings{0}> particleSend........ Wall max =  0.0670208
Timings{0}>                      Wall avg =  0.0361642
Timings{0}>                      Wall min =  0.0178102
Timings{0}> 
Timings{0}> particleRecv........ Wall max =  0.0214773
Timings{0}>                      Wall avg =    0.01124
Timings{0}>                      Wall min = 0.00303204
Timings{0}> 
Timings{0}> particleDestroy..... Wall max =  0.0798521
Timings{0}>                      Wall avg =  0.0660161
Timings{0}>                      Wall min =  0.0585497
Timings{0}> 
Timings{0}> ScatterPIFNUFFT..... Wall max =    5.49511
Timings{0}>                      Wall avg =    5.40221
Timings{0}>                      Wall min =    5.33161
Timings{0}> 
Timings{0}> NativeNUFFT1........ Wall max =     5.4436
Timings{0}>                      Wall avg =    5.35516
Timings{0}>                      Wall min =    5.28414
Timings{0}> 
Timings{0}> scatterTimerNUFFT1.. Wall max =   0.445796
Timings{0}>                      Wall avg =    0.41071
Timings{0}>                      Wall min =   0.373418
Timings{0}> 
Timings{0}> binSort............. Wall max =   0.414679
Timings{0}>                      Wall avg =   0.364342
Timings{0}>                      Wall min =    0.31901
Timings{0}> 
Timings{0}> binComputeKeys...... Wall max =  0.0450195
Timings{0}>                      Wall avg =  0.0395543
Timings{0}>                      Wall min =  0.0345644
Timings{0}> 
Timings{0}> binSortByKey........ Wall max =   0.358329
Timings{0}>                      Wall avg =   0.314482
Timings{0}>                      Wall min =   0.275168
Timings{0}> 
Timings{0}> binComputeOffsets... Wall max =  0.0110192
Timings{0}>                      Wall avg = 0.00989914
Timings{0}>                      Wall min =  0.0088854
Timings{0}> 
Timings{0}> FFTNUFFT1........... Wall max =      5.035
Timings{0}>                      Wall avg =    4.93921
Timings{0}>                      Wall min =    4.85661
Timings{0}> 
Timings{0}> deconvolutionNUFFT1. Wall max = 0.00827457
Timings{0}>                      Wall avg = 0.00511297
Timings{0}>                      Wall min = 0.00461769
Timings{0}> 
Timings{0}> GatherPIFNUFFT...... Wall max =    16.1054
Timings{0}>                      Wall avg =    15.9886
Timings{0}>                      Wall min =    15.8999
Timings{0}> 
Timings{0}> NativeNUFFT2........ Wall max =    15.9474
Timings{0}>                      Wall avg =    15.8344
Timings{0}>                      Wall min =    15.7488
Timings{0}> 
Timings{0}> PrecorrectionNUFFT2. Wall max =  0.0365608
Timings{0}>                      Wall avg =  0.0274888
Timings{0}>                      Wall min =  0.0261106
Timings{0}> 
Timings{0}> FFTNUFFT2........... Wall max =    15.1659
Timings{0}>                      Wall avg =     14.867
Timings{0}>                      Wall min =    14.6983
Timings{0}> 
Timings{0}> GatherNUFFT2........ Wall max =    1.15472
Timings{0}>                      Wall avg =   0.939312
Timings{0}>                      Wall min =   0.708521
Timings{0}> 
Timings{0}> ---------------------------------------------
Timings{0}>      Measurement counts:
Timings{0}> ---------------------------------------------
Timings{0}> mainTimer........... Count =          1
Timings{0}> particlesCreation... Count =          0
Timings{0}> dumpData............ Count =         10
Timings{0}> kick................ Count =         20
Timings{0}> drift............... Count =         10
Timings{0}> particleBC.......... Count =         10
Timings{0}> initializeShapeFunc. Count =          0
Timings{0}> findInternal........ Count =          0
Timings{0}> findPeriodic........ Count =          0
Timings{0}> NativeNUFFT::init... Count =          0
Timings{0}> updateParticle...... Count =         10
Timings{0}> locateParticles..... Count =         10
Timings{0}> sendPreprocess...... Count =         10
Timings{0}> particleSend........ Count =         10
Timings{0}> particleRecv........ Count =         10
Timings{0}> particleDestroy..... Count =         10
Timings{0}> ScatterPIFNUFFT..... Count =         20
Timings{0}> NativeNUFFT1........ Count =         10
Timings{0}> scatterTimerNUFFT1.. Count =         10
Timings{0}> binSort............. Count =         40
Timings{0}> binComputeKeys...... Count =         40
Timings{0}> binSortByKey........ Count =         40
Timings{0}> binComputeOffsets... Count =         40
Timings{0}> FFTNUFFT1........... Count =         10
Timings{0}> deconvolutionNUFFT1. Count =         10
Timings{0}> GatherPIFNUFFT...... Count =         10
Timings{0}> NativeNUFFT2........ Count =         30
Timings{0}> PrecorrectionNUFFT2. Count =         30
Timings{0}> FFTNUFFT2........... Count =         30
Timings{0}> GatherNUFFT2........ Count =         30
Timings{0}> ---------------------------------------------
Timings{0}> ---------------------------------------------
Timings{0}>      Per-occurrence statistics:
Timings{0}> ---------------------------------------------
Timings{0}> mainTimer........... n=    1  mean=   21.9297  std=         0  min=   21.9297  max=   21.9297
Timings{0}> dumpData............ n=   10  mean= 0.0153056  std=0.00222603  min= 0.0122453  max= 0.0177711
Timings{0}> kick................ n=   20  mean= 0.0020466  std=3.49696e-05  min=0.00200933  max=0.00208939
Timings{0}> drift............... n=   10  mean=0.00202526  std=1.56673e-06  min=0.00202263  max=0.00202855
Timings{0}> particleBC.......... n=   10  mean=0.00411403  std=3.22334e-06  min=0.00410902  max=0.00411877
Timings{0}> updateParticle...... n=   10  mean= 0.0255958  std=0.00296084  min= 0.0216562  max= 0.0305758
Timings{0}> locateParticles..... n=   10  mean=0.00197821  std=7.74265e-06  min=0.00196377  max=0.00199059
Timings{0}> sendPreprocess...... n=   10  mean=0.000973762  std=9.57149e-05  min=0.000896533  max=0.00120871
Timings{0}> particleSend........ n=   10  mean=0.00387914  std=0.00292425  min=0.00182658  max=0.00916388
Timings{0}> particleRecv........ n=   10  mean=0.000303204  std=0.000495737  min=8.8651e-05  max=0.00163393
Timings{0}> particleDestroy..... n=   10  mean=0.00659898  std=1.09284e-05  min=0.00658403  max=0.00661576
Timings{0}> ScatterPIFNUFFT..... n=   20  mean=  0.269032  std=   0.27488  min=0.00111111  max=   0.53981
Timings{0}> NativeNUFFT1........ n=   10  mean=  0.532737  std=0.00150878  min=  0.530674  max=  0.535518
Timings{0}> scatterTimerNUFFT1.. n=   10  mean= 0.0422937  std=0.00241301  min=  0.041006  max= 0.0489815
Timings{0}> binSort............. n=   40  mean=  0.010353  std=2.70601e-05  min= 0.0102867  max= 0.0103981
Timings{0}> binComputeKeys...... n=   40  mean=0.00112428  std=2.38926e-06  min=0.00111901  max=0.00112873
Timings{0}> binSortByKey........ n=   40  mean=0.00894499  std=2.50034e-05  min=0.00888644  max=0.00898652
Timings{0}> binComputeOffsets... n=   40  mean=0.000274102  std=2.29604e-06  min=0.000269791  max=0.000280571
Timings{0}> FFTNUFFT1........... n=   10  mean=  0.489609  std=0.00323253  min=  0.480855  max=  0.492044
Timings{0}> deconvolutionNUFFT1. n=   10  mean=0.000822913  std=4.56586e-06  min=0.000819713  max=0.000835313
Timings{0}> GatherPIFNUFFT...... n=   10  mean=   1.59881  std=0.00253193  min=   1.59409  max=   1.60153
Timings{0}> NativeNUFFT2........ n=   30  mean=  0.527243  std=0.00253131  min=  0.523228  max=  0.533186
Timings{0}> PrecorrectionNUFFT2. n=   30  mean=0.00121789  std=1.80905e-05  min=0.00120249  max=0.00124689
Timings{0}> FFTNUFFT2........... n=   30  mean=  0.491643  std= 0.0018854  min=  0.488141  max=  0.494599
Timings{0}> GatherNUFFT2........ n=   30  mean= 0.0343617  std=0.00184183  min= 0.0314574  max= 0.0392729
Timings{0}> ---------------------------------------------
