LandauDampingPIF{0}> Landau damping
LandauDampingPIF{0}> nt 10 Np= 17179869184 Fourier modes = ( 1024 , 1024 , 2048 )
LandauDampingPIF{0}> particles created and initial conditions assigned 
LandauDampingPIF{0}> After init shape function 
LandauDampingPIF{0}> After init NUFFT 
LandauDampingPIF{0}> After update 
[Scatter] Auto-select: OutputFocused (tp=747.1 Mpts/s) for w=5 rho=1.14 (was Atomic)
[Scatter] Cache hit: method=OutputFocused w=5 cx=1 rho=1.14 -> tile=(5,3,5) team=128 osub=1 zb=29 tp=747.1 Mpts/s (rho_csv=1.25)
LandauDampingPIF{0}> After scatter 
LandauDampingPIF{0}> After gather 
LandauDampingPIF{0}> Starting iterations ...
LandauDampingPIF{0}> Finished time step: -2 time: 0.0122718
LandauDampingPIF{0}> Finished time step: -1 time: 0.0245437
LandauDampingPIF{0}> Finished time step: 0 time: 0.0368155
LandauDampingPIF{0}> Finished time step: 1 time: 0.0490874
LandauDampingPIF{0}> Finished time step: 2 time: 0.0613592
LandauDampingPIF{0}> Finished time step: 3 time: 0.0736311
LandauDampingPIF{0}> Finished time step: 4 time: 0.0859029
LandauDampingPIF{0}> Finished time step: 5 time: 0.0981748
LandauDampingPIF{0}> Finished time step: 6 time: 0.110447
LandauDampingPIF{0}> Finished time step: 7 time: 0.122718
LandauDampingPIF{0}> Finished time step: 8 time: 0.13499
LandauDampingPIF{0}> Finished time step: 9 time: 0.147262
LandauDampingPIF{0}> Finished time step: 10 time: 0.159534
LandauDampingPIF{0}> LandauDamping: End.
Timings{0}> ---------------------------------------------
Timings{0}>      Timing results for 512 rank(s):
Timings{0}> ---------------------------------------------
Timings{0}> mainTimer........... Wall tot =     53.465
Timings{0}> 
Timings{0}> particlesCreation... Wall max =          0
Timings{0}>                      Wall avg =          0
Timings{0}>                      Wall min =          0
Timings{0}> 
Timings{0}> dumpData............ Wall max =   0.195025
Timings{0}>                      Wall avg =   0.148374
Timings{0}>                      Wall min =   0.107711
Timings{0}> 
Timings{0}> kick................ Wall max =  0.0401876
Timings{0}>                      Wall avg =  0.0352465
Timings{0}>                      Wall min =  0.0307542
Timings{0}> 
Timings{0}> drift............... Wall max =  0.0198996
Timings{0}>                      Wall avg =  0.0174657
Timings{0}>                      Wall min =  0.0152374
Timings{0}> 
Timings{0}> initializeShapeFunc. Wall max =          0
Timings{0}>                      Wall avg =          0
Timings{0}>                      Wall min =          0
Timings{0}> 
Timings{0}> findInternal........ Wall max =          0
Timings{0}>                      Wall avg =          0
Timings{0}>                      Wall min =          0
Timings{0}> 
Timings{0}> findPeriodic........ Wall max =          0
Timings{0}>                      Wall avg =          0
Timings{0}>                      Wall min =          0
Timings{0}> 
Timings{0}> NativeNUFFT::init... Wall max =          0
Timings{0}>                      Wall avg =          0
Timings{0}>                      Wall min =          0
Timings{0}> 
Timings{0}> particleBC.......... Wall max =  0.0409388
Timings{0}>                      Wall avg =   0.035917
Timings{0}>                      Wall min =  0.0313283
Timings{0}> 
Timings{0}> updateParticle...... Wall max =   0.259088
Timings{0}>                      Wall avg =   0.242139
Timings{0}>                      Wall min =   0.226169
Timings{0}> 
Timings{0}> locateParticles..... Wall max =  0.0311651
Timings{0}>                      Wall avg =  0.0247876
Timings{0}>                      Wall min =  0.0218695
Timings{0}> 
Timings{0}> sendPreprocess...... Wall max =  0.0352668
Timings{0}>                      Wall avg =  0.0233068
Timings{0}>                      Wall min =  0.0070505
Timings{0}> 
Timings{0}> particleSend........ Wall max =  0.0484889
Timings{0}>                      Wall avg =  0.0320534
Timings{0}>                      Wall min =   0.020962
Timings{0}> 
Timings{0}> particleRecv........ Wall max =  0.0145174
Timings{0}>                      Wall avg = 0.00777576
Timings{0}>                      Wall min = 0.00222877
Timings{0}> 
Timings{0}> particleDestroy..... Wall max =   0.100704
Timings{0}>                      Wall avg =  0.0829651
Timings{0}>                      Wall min =  0.0735527
Timings{0}> 
Timings{0}> ScatterPIFNUFFT..... Wall max =    13.2528
Timings{0}>                      Wall avg =    13.1444
Timings{0}>                      Wall min =    13.0555
Timings{0}> 
Timings{0}> NativeNUFFT1........ Wall max =    13.2209
Timings{0}>                      Wall avg =    13.1142
Timings{0}>                      Wall min =    13.0219
Timings{0}> 
Timings{0}> scatterTimerNUFFT1.. Wall max =   0.518673
Timings{0}>                      Wall avg =    0.47843
Timings{0}>                      Wall min =   0.441402
Timings{0}> 
Timings{0}> binSort............. Wall max =   0.421718
Timings{0}>                      Wall avg =   0.370965
Timings{0}>                      Wall min =   0.325175
Timings{0}> 
Timings{0}> binComputeKeys...... Wall max =  0.0445171
Timings{0}>                      Wall avg =  0.0391462
Timings{0}>                      Wall min =  0.0342206
Timings{0}> 
Timings{0}> binSortByKey........ Wall max =    0.36358
Timings{0}>                      Wall avg =     0.3196
Timings{0}>                      Wall min =   0.280051
Timings{0}> 
Timings{0}> binComputeOffsets... Wall max =  0.0132325
Timings{0}>                      Wall avg =  0.0117854
Timings{0}>                      Wall min =  0.0104799
Timings{0}> 
Timings{0}> FFTNUFFT1........... Wall max =    12.7279
Timings{0}>                      Wall avg =    12.6343
Timings{0}>                      Wall min =    12.5217
Timings{0}> 
Timings{0}> TwiddleAdd.......... Wall max =   0.013961
Timings{0}>                      Wall avg =  0.0136246
Timings{0}>                      Wall min =  0.0134072
Timings{0}> 
Timings{0}> subFFTs............. Wall max =    12.7136
Timings{0}>                      Wall avg =    12.6199
Timings{0}>                      Wall min =    12.5074
Timings{0}> 
Timings{0}> deconvolutionNUFFT1. Wall max = 0.00140778
Timings{0}>                      Wall avg = 0.00134305
Timings{0}>                      Wall min = 0.00129721
Timings{0}> 
Timings{0}> GatherPIFNUFFT...... Wall max =     39.927
Timings{0}>                      Wall avg =    39.8246
Timings{0}>                      Wall min =    39.7261
Timings{0}> 
Timings{0}> NativeNUFFT2........ Wall max =     39.798
Timings{0}>                      Wall avg =    39.7024
Timings{0}>                      Wall min =    39.5962
Timings{0}> 
Timings{0}> PrecorrectionNUFFT2. Wall max = 0.00432914
Timings{0}>                      Wall avg = 0.00410868
Timings{0}>                      Wall min = 0.00404789
Timings{0}> 
Timings{0}> FFTNUFFT2........... Wall max =    38.4609
Timings{0}>                      Wall avg =    38.2888
Timings{0}>                      Wall min =    38.0943
Timings{0}> 
Timings{0}> subIFFTs............ Wall max =    38.3875
Timings{0}>                      Wall avg =    38.2155
Timings{0}>                      Wall min =    38.0211
Timings{0}> 
Timings{0}> StridedWrite........ Wall max =  0.0623565
Timings{0}>                      Wall avg =  0.0612803
Timings{0}>                      Wall min =  0.0611296
Timings{0}> 
Timings{0}> GatherNUFFT2........ Wall max =    1.64348
Timings{0}>                      Wall avg =    1.40884
Timings{0}>                      Wall min =    1.20609
Timings{0}> 
Timings{0}> ---------------------------------------------
Timings{0}>      Measurement counts:
Timings{0}> ---------------------------------------------
Timings{0}> mainTimer........... Count =          1
Timings{0}> particlesCreation... Count =          0
Timings{0}> dumpData............ Count =         10
Timings{0}> kick................ Count =         20
Timings{0}> drift............... Count =         10
Timings{0}> initializeShapeFunc. Count =          0
Timings{0}> findInternal........ Count =          0
Timings{0}> findPeriodic........ Count =          0
Timings{0}> NativeNUFFT::init... Count =          0
Timings{0}> particleBC.......... Count =         10
Timings{0}> updateParticle...... Count =         10
Timings{0}> locateParticles..... Count =         10
Timings{0}> sendPreprocess...... Count =         10
Timings{0}> particleSend........ Count =         10
Timings{0}> particleRecv........ Count =         10
Timings{0}> particleDestroy..... Count =         10
Timings{0}> ScatterPIFNUFFT..... Count =         20
Timings{0}> NativeNUFFT1........ Count =         10
Timings{0}> scatterTimerNUFFT1.. Count =         10
Timings{0}> binSort............. Count =         40
Timings{0}> binComputeKeys...... Count =         40
Timings{0}> binSortByKey........ Count =         40
Timings{0}> binComputeOffsets... Count =         40
Timings{0}> FFTNUFFT1........... Count =         10
Timings{0}> TwiddleAdd.......... Count =         20
Timings{0}> subFFTs............. Count =         20
Timings{0}> deconvolutionNUFFT1. Count =         10
Timings{0}> GatherPIFNUFFT...... Count =         10
Timings{0}> NativeNUFFT2........ Count =         30
Timings{0}> PrecorrectionNUFFT2. Count =         30
Timings{0}> FFTNUFFT2........... Count =         30
Timings{0}> subIFFTs............ Count =         60
Timings{0}> StridedWrite........ Count =         60
Timings{0}> GatherNUFFT2........ Count =         30
Timings{0}> ---------------------------------------------
Timings{0}> ---------------------------------------------
Timings{0}>      Per-occurrence statistics:
Timings{0}> ---------------------------------------------
Timings{0}> mainTimer........... n=    1  mean=   53.4649  std=         0  min=   53.4649  max=   53.4649
Timings{0}> dumpData............ n=   10  mean= 0.0134098  std=0.00729663  min=0.00575686  max= 0.0315501
Timings{0}> kick................ n=   20  mean=0.00200938  std=2.9355e-05  min=0.00197791  max=0.00204805
Timings{0}> drift............... n=   10  mean=0.00198923  std=2.54364e-06  min=0.00198463  max=0.00199335
Timings{0}> particleBC.......... n=   10  mean=0.00409246  std=4.82739e-06  min=0.00408307  max=0.00409754
Timings{0}> updateParticle...... n=   10  mean= 0.0248698  std=0.00188355  min= 0.0223912  max=  0.027632
Timings{0}> locateParticles..... n=   10  mean=0.00249549  std=1.35183e-05  min=0.00247366  max=0.00252295
Timings{0}> sendPreprocess...... n=   10  mean=0.00131807  std=0.000639451  min=0.00101153  max= 0.0030952
Timings{0}> particleSend........ n=   10  mean= 0.0040329  std=0.00216498  min=0.00209668  max=0.00776627
Timings{0}> particleRecv........ n=   10  mean=0.000222877  std=0.000260741  min=9.2411e-05  max=0.000799232
Timings{0}> particleDestroy..... n=   10  mean= 0.0082475  std=1.76446e-05  min=0.00822921  max=0.00828881
Timings{0}> ScatterPIFNUFFT..... n=   20  mean=  0.654179  std=  0.671181  min=0.000155721  max=   1.34409
Timings{0}> NativeNUFFT1........ n=   10  mean=   1.30498  std= 0.0219479  min=   1.27496  max=   1.34095
Timings{0}> scatterTimerNUFFT1.. n=   10  mean= 0.0511641  std=0.00126046  min= 0.0485153  max= 0.0528361
Timings{0}> binSort............. n=   40  mean= 0.0105133  std=2.32602e-05  min= 0.0104707  max=  0.010596
Timings{0}> binComputeKeys...... n=   40  mean=0.00111207  std=1.89708e-06  min=0.00110979  max=0.00111898
Timings{0}> binSortByKey........ n=   40  mean= 0.0090658  std=2.02279e-05  min=0.00902713  max=0.00912516
Timings{0}> binComputeOffsets... n=   40  mean=0.00032507  std=2.38759e-06  min=0.000321641  max=0.000336661
Timings{0}> FFTNUFFT1........... n=   10  mean=   1.25367  std= 0.0225379  min=   1.22251  max=   1.28868
Timings{0}> TwiddleAdd.......... n=   20  mean=0.000674297  std=1.05205e-05  min=0.000658632  max=0.000696432
Timings{0}> subFFTs............. n=   20  mean=  0.626122  std= 0.0263597  min=  0.577175  max=  0.678857
Timings{0}> deconvolutionNUFFT1. n=   10  mean=0.000131812  std=3.40895e-06  min=0.00012924  max=0.00014114
Timings{0}> GatherPIFNUFFT...... n=   10  mean=   3.98801  std= 0.0397988  min=   3.91954  max=   4.04151
Timings{0}> NativeNUFFT2........ n=   30  mean=   1.32475  std=  0.025883  min=   1.27297  max=   1.38271
Timings{0}> PrecorrectionNUFFT2. n=   30  mean=0.000135914  std=2.55183e-06  min=0.00013197  max=0.00014318
Timings{0}> FFTNUFFT2........... n=   30  mean=   1.26981  std= 0.0266358  min=   1.21093  max=    1.3316
Timings{0}> subIFFTs............ n=   60  mean=  0.633685  std= 0.0258753  min=  0.578189  max=  0.690183
Timings{0}> StridedWrite........ n=   60  mean=0.00102031  std=4.5511e-06  min=0.00101482  max=0.00104929
Timings{0}> GatherNUFFT2........ n=   30  mean= 0.0547826  std= 0.0115391  min= 0.0338346  max= 0.0826191
Timings{0}> ---------------------------------------------
