
================================================================================
NUFFT Scaling Benchmark
================================================================================
Number of ranks: 128
Grid size:       1024^3
Upsampled grid:  2048^3 (sigma=2)
Particles:       8589934592 (8 per point)
Tolerance:       0.0001
CSV output:      results/nufft_scaling_128_upsampled.csv
Component CSV:   results/nufft_components_128_upsampled.csv

=== Benchmarking NUFFT Type 1 ===
Grid size:       1024^3
Upsampled grid:  2048^3 (sigma=2)
Total particles: 8589934592
Local particles: 67108864
Spread method:   output_focused
Tolerance:       0.0001
Warmup runs:     3
Benchmark runs:  10
Running warmup...
Running benchmark...

NUFFT Type 1 Results:
  Ranks:       128
  Grid:        1024^3
  Particles:   8589934592
  Mean time:   2771.470 ms
  Min time:    2744.416 ms
  Max time:    2804.114 ms
  Stddev:      19.045 ms
  Throughput:  3099.41 Mpts/s

=== Benchmarking NUFFT Type 2 ===
Grid size:       1024^3
Upsampled grid:  2048^3 (sigma=2.00)
Total particles: 8589934592
Local particles: 67108864
Gather method:   atomic_sort
Tolerance:       0.00
Warmup runs:     3
Benchmark runs:  10
Running warmup...
Running benchmark...

NUFFT Type 2 Results:
  Ranks:       128
  Grid:        1024^3
  Particles:   8589934592
  Mean time:   1021.368 ms
  Min time:    986.381 ms
  Max time:    1130.050 ms
  Stddev:      41.178 ms
  Throughput:  8410.22 Mpts/s
[CSV] Timings written to results/nufft_scaling_128_upsampled.csv

==================================================
COMPONENT TIMING BREAKDOWN
==================================================

Type-1 (spreading):
----------------------------------------
Scatter (spreading)         2018.71 ms
FFT (forward)                695.78 ms
Deconvolution                  1.98 ms

Type-2 (interpolation):
----------------------------------------
Precorrection                  2.84 ms
FFT (backward)               735.52 ms
Gather (interpolation)       267.06 ms

Total:
----------------------------------------
Complete Type-1             2716.47 ms
Complete Type-2             1005.43 ms
[CSV] Component timings written to results/nufft_components_128_upsampled.csv

================================================================================
SUMMARY
================================================================================
Type 1: 2771.470 ms (3099.41 Mpts/s)
Type 2: 1021.37 ms (8410.22 Mpts/s)
================================================================================
