Slurm Job Hostlist: nid005775
Hostname=nid005775   , Rank=0    ,Local=0   ,RPN=1   ,CPUs=0-71     ,GPU=0 ,NIC=cxi0 ,numa_nodes=0     ,first_numa=0  ,other_nodes=     
========================================
Single-Node NUFFT Benchmark
========================================
Mode:            all
Kernel grid:     200^3
Breakdown grids: 64,128,192,256
Rhos (kernels):  10
Tolerances:      1e-2,1e-3,1e-4,1e-5,1e-6,1e-7,1e-8
Warmup:          5
Runs:            20
Max GPU memory:  40 GB
========================================

============================================================
KERNEL THROUGHPUT vs TOLERANCE (grid=200^3)
============================================================

--- rho = 10 ---
  Np=80000000  est. memory: 4.7 GB
[Scatter] Cache hit: method=Atomic w=3 cx=1 rho=0.60 -> tile=(1,1,1) team=32 osub=4 zb=1 tp=316.9 Mpts/s (rho_csv=1.25)
  Type1          Atomic tol=1e-02  1058.5 Mpts/s  (75.576 ms)
[Scatter] Cache hit: method=Tiled w=3 cx=1 rho=0.60 -> tile=(7,8,4) team=64 osub=1 zb=1 tp=1671.9 Mpts/s (rho_csv=1.25)
  Type1           Tiled tol=1e-02  1899.9 Mpts/s  (42.108 ms)
[Scatter] Cache hit: method=OutputFocused w=3 cx=1 rho=0.60 -> tile=(6,4,3) team=32 osub=1 zb=32 tp=2224.0 Mpts/s (rho_csv=1.25)
  Type1   Grid-Parallel tol=1e-02  2297.1 Mpts/s  (34.826 ms)
  Type2          Direct tol=1e-02  1995.1 Mpts/s  (40.099 ms)
  Type2          Sorted tol=1e-02  2837.2 Mpts/s  (28.197 ms)
  Type1       cuFINUFFT tol=1e-02  1866.2 Mpts/s  (42.868 ms)
  Type2       cuFINUFFT tol=1e-02  5371.1 Mpts/s  (14.894 ms)
[Scatter] Cache hit: method=Atomic w=4 cx=1 rho=0.60 -> tile=(1,1,1) team=32 osub=4 zb=1 tp=132.9 Mpts/s (rho_csv=1.25)
  Type1          Atomic tol=1e-03  623.1 Mpts/s  (128.393 ms)
[Scatter] Cache hit: method=Tiled w=4 cx=1 rho=0.60 -> tile=(8,8,4) team=64 osub=3 zb=1 tp=917.1 Mpts/s (rho_csv=1.25)
  Type1           Tiled tol=1e-03  1234.7 Mpts/s  (64.793 ms)
[Scatter] Cache hit: method=OutputFocused w=4 cx=1 rho=0.60 -> tile=(8,4,3) team=64 osub=1 zb=32 tp=2038.8 Mpts/s (rho_csv=1.25)
  Type1   Grid-Parallel tol=1e-03  2168.6 Mpts/s  (36.890 ms)
  Type2          Direct tol=1e-03  1046.8 Mpts/s  (76.426 ms)
  Type2          Sorted tol=1e-03  2735.3 Mpts/s  (29.247 ms)
  Type1       cuFINUFFT tol=1e-03  1838.1 Mpts/s  (43.522 ms)
  Type2       cuFINUFFT tol=1e-03  4949.1 Mpts/s  (16.165 ms)
[Scatter] Cache hit: method=Atomic w=5 cx=1 rho=0.60 -> tile=(1,1,1) team=32 osub=4 zb=1 tp=62.1 Mpts/s (rho_csv=1.25)
  Type1          Atomic tol=1e-04  371.7 Mpts/s  (215.214 ms)
[Scatter] Cache hit: method=Tiled w=5 cx=1 rho=0.60 -> tile=(7,7,7) team=64 osub=2 zb=1 tp=441.7 Mpts/s (rho_csv=1.25)
  Type1           Tiled tol=1e-04  712.9 Mpts/s  (112.224 ms)
[Scatter] Cache hit: method=OutputFocused w=5 cx=1 rho=0.60 -> tile=(3,3,7) team=64 osub=1 zb=32 tp=1350.0 Mpts/s (rho_csv=1.25)
  Type1   Grid-Parallel tol=1e-04  1587.2 Mpts/s  (50.402 ms)
  Type2          Direct tol=1e-04  594.8 Mpts/s  (134.509 ms)
  Type2          Sorted tol=1e-04  2328.2 Mpts/s  (34.361 ms)
  Type1       cuFINUFFT tol=1e-04  1576.7 Mpts/s  (50.739 ms)
  Type2       cuFINUFFT tol=1e-04  3682.5 Mpts/s  (21.724 ms)
[Scatter] Cache hit: method=Atomic w=6 cx=1 rho=0.60 -> tile=(1,1,1) team=32 osub=4 zb=1 tp=35.6 Mpts/s (rho_csv=1.25)
  Type1          Atomic tol=1e-05  240.7 Mpts/s  (332.304 ms)
[Scatter] Cache hit: method=Tiled w=6 cx=1 rho=0.60 -> tile=(6,6,5) team=64 osub=6 zb=1 tp=255.9 Mpts/s (rho_csv=1.25)
  Type1           Tiled tol=1e-05  422.5 Mpts/s  (189.329 ms)
[Scatter] Cache hit: method=OutputFocused w=6 cx=1 rho=0.60 -> tile=(4,5,4) team=128 osub=1 zb=32 tp=1049.2 Mpts/s (rho_csv=1.25)
  Type1   Grid-Parallel tol=1e-05  1105.5 Mpts/s  (72.366 ms)
  Type2          Direct tol=1e-05  371.2 Mpts/s  (215.521 ms)
  Type2          Sorted tol=1e-05  1702.7 Mpts/s  (46.985 ms)
  Type1       cuFINUFFT tol=1e-05  1406.6 Mpts/s  (56.876 ms)
  Type2       cuFINUFFT tol=1e-05  2507.3 Mpts/s  (31.907 ms)
[Scatter] Cache hit: method=Atomic w=7 cx=1 rho=0.60 -> tile=(1,1,1) team=32 osub=4 zb=1 tp=23.3 Mpts/s (rho_csv=1.25)
  Type1          Atomic tol=1e-06  162.3 Mpts/s  (493.041 ms)
[Scatter] Cache hit: method=Tiled w=7 cx=1 rho=0.60 -> tile=(5,5,4) team=64 osub=6 zb=1 tp=115.4 Mpts/s (rho_csv=1.25)
  Type1           Tiled tol=1e-06  266.1 Mpts/s  (300.636 ms)
[Scatter] Cache hit: method=OutputFocused w=7 cx=1 rho=0.60 -> tile=(3,3,5) team=128 osub=1 zb=30 tp=707.2 Mpts/s (rho_csv=1.25)
  Type1   Grid-Parallel tol=1e-06  850.0 Mpts/s  (94.114 ms)
  Type2          Direct tol=1e-06  240.3 Mpts/s  (332.884 ms)
  Type2          Sorted tol=1e-06  1196.9 Mpts/s  (66.842 ms)
  Type1       cuFINUFFT tol=1e-06  758.5 Mpts/s  (105.472 ms)
  Type2       cuFINUFFT tol=1e-06  1680.2 Mpts/s  (47.614 ms)
[Scatter] Cache hit: method=Atomic w=8 cx=1 rho=0.60 -> tile=(1,1,1) team=32 osub=4 zb=1 tp=17.6 Mpts/s (rho_csv=1.25)
  Type1          Atomic tol=1e-07  116.9 Mpts/s  (684.106 ms)
[Scatter] Cache hit: method=Tiled w=8 cx=1 rho=0.60 -> tile=(4,3,4) team=64 osub=7 zb=1 tp=104.3 Mpts/s (rho_csv=1.25)
  Type1           Tiled tol=1e-07  114.3 Mpts/s  (700.062 ms)
[Scatter] Cache hit: method=OutputFocused w=8 cx=1 rho=0.60 -> tile=(5,3,5) team=128 osub=1 zb=31 tp=536.6 Mpts/s (rho_csv=1.25)
  Type1   Grid-Parallel tol=1e-07  707.7 Mpts/s  (113.041 ms)
  Type2          Direct tol=1e-07  171.8 Mpts/s  (465.558 ms)
  Type2          Sorted tol=1e-07  1025.5 Mpts/s  (78.009 ms)
  Type1       cuFINUFFT tol=1e-07  748.4 Mpts/s  (106.889 ms)
  Type2       cuFINUFFT tol=1e-07  1273.0 Mpts/s  (62.845 ms)
[Scatter] Cache hit: method=Atomic w=9 cx=1 rho=0.60 -> tile=(1,1,1) team=32 osub=4 zb=1 tp=11.9 Mpts/s (rho_csv=1.25)
  Type1          Atomic tol=1e-08  82.0 Mpts/s  (975.043 ms)
[Scatter] Cache hit: method=Tiled w=9 cx=1 rho=0.60 -> tile=(3,3,3) team=64 osub=4 zb=1 tp=49.0 Mpts/s (rho_csv=1.25)
  Type1           Tiled tol=1e-08  51.3 Mpts/s  (1560.837 ms)
[Scatter] Cache hit: method=OutputFocused w=9 cx=1 rho=0.60 -> tile=(2,3,3) team=256 osub=1 zb=32 tp=359.0 Mpts/s (rho_csv=1.25)
  Type1   Grid-Parallel tol=1e-08  284.3 Mpts/s  (281.386 ms)
  Type2          Direct tol=1e-08  114.5 Mpts/s  (698.480 ms)
  Type2          Sorted tol=1e-08  784.2 Mpts/s  (102.017 ms)
  Type1       cuFINUFFT tol=1e-08  460.9 Mpts/s  (173.563 ms)
  Type2       cuFINUFFT tol=1e-08  923.2 Mpts/s  (86.657 ms)

============================================================
NUFFT TIMING BREAKDOWN (rho=10.000, tol=1e-04)
============================================================

--- grid = 64^3 ---
  Type1        Spreading: 1.559 ms  (42.7%)
  Type1              FFT: 2.053 ms  (56.3%)
  Type1    Deconvolution: 0.037 ms  (1.0%)
  Type2    Precorrection: 0.050 ms  (1.9%)
  Type2              FFT: 2.035 ms  (77.9%)
  Type2    Interpolation: 0.526 ms  (20.1%)

--- grid = 128^3 ---
  Type1        Spreading: 10.510 ms  (79.0%)
  Type1              FFT: 2.587 ms  (19.4%)
  Type1    Deconvolution: 0.206 ms  (1.6%)
  Type2    Precorrection: 0.318 ms  (5.7%)
  Type2              FFT: 2.617 ms  (46.5%)
  Type2    Interpolation: 2.689 ms  (47.8%)

--- grid = 192^3 ---
  Type1        Spreading: 39.058 ms  (88.5%)
  Type1              FFT: 4.420 ms  (10.0%)
  Type1    Deconvolution: 0.639 ms  (1.4%)
  Type2    Precorrection: 1.043 ms  (7.0%)
  Type2              FFT: 5.372 ms  (36.1%)
  Type2    Interpolation: 8.463 ms  (56.9%)

--- grid = 256^3 ---
  Type1        Spreading: 81.079 ms  (89.3%)
  Type1              FFT: 8.184 ms  (9.0%)
  Type1    Deconvolution: 1.485 ms  (1.6%)
  Type2    Precorrection: 2.453 ms  (7.8%)
  Type2              FFT: 9.698 ms  (30.7%)
  Type2    Interpolation: 19.478 ms  (61.6%)

Kernel results written to: bench_kernels.csv
Breakdown results written to: bench_breakdown.csv
