Slurm Job Hostlist: nid005775
Hostname=nid005775   , Rank=0    ,Local=0   ,RPN=1   ,CPUs=0-71     ,GPU=0 ,NIC=cxi0 ,numa_nodes=0     ,first_numa=0  ,other_nodes=     
========================================
Single-Node NUFFT Benchmark
========================================
Mode:            density
Kernel grid:     200^3
Breakdown grids: 64,128,192,256
Rhos (kernels):  10
Tolerances:      1e-2,1e-3,1e-4,1e-5,1e-6,1e-7,1e-8
Warmup:          5
Runs:            20
Density rhos:    0.1,0.5,1,2,5,10,20,50
Density tol:     1.000000e-04
Max GPU memory:  40 GB
========================================

============================================================
DENSITY SWEEP (grid=200^3, tol=1e-04)
============================================================

--- rho = 0 ---
  Np=800000  est. memory: 2.2 GB
[Scatter] Cache hit: method=Atomic w=5 cx=1 rho=0.01 -> tile=(1,1,1) team=32 osub=4 zb=1 tp=62.1 Mpts/s (rho_csv=1.25)
  Type1          Atomic  84.8 Mpts/s  (9.432 ms)
[Scatter] Cache hit: method=Tiled w=5 cx=1 rho=0.01 -> tile=(7,7,7) team=64 osub=2 zb=1 tp=441.7 Mpts/s (rho_csv=1.25)
  Type1           Tiled  30.6 Mpts/s  (26.143 ms)
[Scatter] Cache hit: method=OutputFocused w=5 cx=1 rho=0.01 -> tile=(3,3,7) team=64 osub=1 zb=32 tp=1350.0 Mpts/s (rho_csv=1.25)
  Type1   Grid-Parallel  67.0 Mpts/s  (11.933 ms)
  Type2          Direct  90.7 Mpts/s  (8.819 ms)
  Type2          Sorted  90.6 Mpts/s  (8.833 ms)
  Type1       cuFINUFFT  94.1 Mpts/s  (8.499 ms)
  Type2       cuFINUFFT  206.3 Mpts/s  (3.878 ms)

--- rho = 0.500 ---
  Np=4000000  est. memory: 2.3 GB
  Type1          Atomic  225.1 Mpts/s  (17.769 ms)
  Type1           Tiled  119.0 Mpts/s  (33.619 ms)
  Type1   Grid-Parallel  209.6 Mpts/s  (19.084 ms)
  Type2          Direct  287.1 Mpts/s  (13.933 ms)
  Type2          Sorted  301.3 Mpts/s  (13.275 ms)
  Type1       cuFINUFFT  434.4 Mpts/s  (9.209 ms)
  Type2       cuFINUFFT  851.3 Mpts/s  (4.699 ms)

--- rho = 1.000 ---
  Np=8000000  est. memory: 2.4 GB
  Type1          Atomic  282.8 Mpts/s  (28.285 ms)
  Type1           Tiled  209.2 Mpts/s  (38.239 ms)
  Type1   Grid-Parallel  355.5 Mpts/s  (22.505 ms)
  Type2          Direct  390.6 Mpts/s  (20.481 ms)
  Type2          Sorted  459.6 Mpts/s  (17.406 ms)
  Type1       cuFINUFFT  735.3 Mpts/s  (10.880 ms)
  Type2       cuFINUFFT  1401.1 Mpts/s  (5.710 ms)

--- rho = 2.000 ---
  Np=16000000  est. memory: 2.7 GB
  Type1          Atomic  326.6 Mpts/s  (48.983 ms)
  Type1           Tiled  383.0 Mpts/s  (41.777 ms)
  Type1   Grid-Parallel  612.3 Mpts/s  (26.129 ms)
  Type2          Direct  481.7 Mpts/s  (33.216 ms)
  Type2          Sorted  703.6 Mpts/s  (22.740 ms)
  Type1       cuFINUFFT  1068.3 Mpts/s  (14.977 ms)
  Type2       cuFINUFFT  2165.3 Mpts/s  (7.389 ms)

--- rho = 5.000 ---
  Np=40000000  est. memory: 3.4 GB
  Type1          Atomic  359.5 Mpts/s  (111.260 ms)
  Type1           Tiled  581.7 Mpts/s  (68.766 ms)
  Type1   Grid-Parallel  1138.2 Mpts/s  (35.142 ms)
  Type2          Direct  561.3 Mpts/s  (71.267 ms)
  Type2          Sorted  1509.4 Mpts/s  (26.500 ms)
  Type1       cuFINUFFT  1419.8 Mpts/s  (28.173 ms)
  Type2       cuFINUFFT  3145.3 Mpts/s  (12.717 ms)

--- rho = 10.000 ---
  Np=80000000  est. memory: 4.7 GB
  Type1          Atomic  371.9 Mpts/s  (215.126 ms)
  Type1           Tiled  710.1 Mpts/s  (112.661 ms)
  Type1   Grid-Parallel  1519.8 Mpts/s  (52.638 ms)
  Type2          Direct  595.1 Mpts/s  (134.442 ms)
  Type2          Sorted  2333.4 Mpts/s  (34.285 ms)
  Type1       cuFINUFFT  1576.8 Mpts/s  (50.736 ms)
  Type2       cuFINUFFT  3682.7 Mpts/s  (21.723 ms)

--- rho = 20.000 ---
  Np=160000000  est. memory: 7.3 GB
  Type1          Atomic  378.4 Mpts/s  (422.857 ms)
  Type1           Tiled  811.9 Mpts/s  (197.059 ms)
  Type1   Grid-Parallel  1871.9 Mpts/s  (85.474 ms)
  Type2          Direct  613.6 Mpts/s  (260.772 ms)
  Type2          Sorted  2885.9 Mpts/s  (55.442 ms)
  Type1       cuFINUFFT  1615.2 Mpts/s  (99.058 ms)
  Type2       cuFINUFFT  4067.4 Mpts/s  (39.338 ms)

--- rho = 50.000 ---
  Np=400000000  est. memory: 14.9 GB
  Type1          Atomic  382.4 Mpts/s  (1045.930 ms)
  Type1           Tiled  890.5 Mpts/s  (449.174 ms)
  Type1   Grid-Parallel  2138.3 Mpts/s  (187.062 ms)
  Type2          Direct  626.2 Mpts/s  (638.793 ms)
  Type2          Sorted  3156.6 Mpts/s  (126.718 ms)
  Type1       cuFINUFFT  1669.5 Mpts/s  (239.597 ms)
  Type2       cuFINUFFT  4382.9 Mpts/s  (91.264 ms)

Density results written to: bench_density.csv
