LandauDampingPIF{0}> Landau damping
LandauDampingPIF{0}> nt 10 Np= 1073741824 Fourier modes = ( 512 , 512 , 512 )
LandauDampingPIF{0}> particles created and initial conditions assigned 
LandauDampingPIF{0}> After init shape function 
LandauDampingPIF{0}> After init NUFFT 
LandauDampingPIF{0}> After update 
[Scatter] Auto-select: OutputFocused (tp=196.1 Mpts/s) for w=9 rho=1.13 (was Atomic)
[Scatter] Cache hit: method=OutputFocused w=9 cx=1 rho=1.13 -> tile=(2,3,3) team=256 osub=1 zb=26 tp=196.1 Mpts/s (rho_csv=1.25)
LandauDampingPIF{0}> After scatter 
LandauDampingPIF{0}> After gather 
LandauDampingPIF{0}> Starting iterations ...
LandauDampingPIF{0}> Finished time step: -2 time: 0.0122718
LandauDampingPIF{0}> Finished time step: -1 time: 0.0245437
LandauDampingPIF{0}> Finished time step: 0 time: 0.0368155
LandauDampingPIF{0}> Finished time step: 1 time: 0.0490874
LandauDampingPIF{0}> Finished time step: 2 time: 0.0613592
LandauDampingPIF{0}> Finished time step: 3 time: 0.0736311
LandauDampingPIF{0}> Finished time step: 4 time: 0.0859029
LandauDampingPIF{0}> Finished time step: 5 time: 0.0981748
LandauDampingPIF{0}> Finished time step: 6 time: 0.110447
LandauDampingPIF{0}> Finished time step: 7 time: 0.122718
LandauDampingPIF{0}> Finished time step: 8 time: 0.13499
LandauDampingPIF{0}> Finished time step: 9 time: 0.147262
LandauDampingPIF{0}> Finished time step: 10 time: 0.159534
LandauDampingPIF{0}> LandauDamping: End.
Timings{0}> ---------------------------------------------
Timings{0}>      Timing results for 256 rank(s):
Timings{0}> ---------------------------------------------
Timings{0}> mainTimer........... Wall tot =    3.38867
Timings{0}> 
Timings{0}> particlesCreation... Wall max =          0
Timings{0}>                      Wall avg =          0
Timings{0}>                      Wall min =          0
Timings{0}> 
Timings{0}> dumpData............ Wall max =  0.0606243
Timings{0}>                      Wall avg =  0.0481468
Timings{0}>                      Wall min =  0.0353483
Timings{0}> 
Timings{0}> kick................ Wall max = 0.00522572
Timings{0}>                      Wall avg = 0.00465276
Timings{0}>                      Wall min = 0.00411712
Timings{0}> 
Timings{0}> drift............... Wall max = 0.00264218
Timings{0}>                      Wall avg = 0.00236118
Timings{0}>                      Wall min = 0.00210046
Timings{0}> 
Timings{0}> particleBC.......... Wall max = 0.00528255
Timings{0}>                      Wall avg = 0.00469244
Timings{0}>                      Wall min = 0.00416501
Timings{0}> 
Timings{0}> initializeShapeFunc. Wall max =          0
Timings{0}>                      Wall avg =          0
Timings{0}>                      Wall min =          0
Timings{0}> 
Timings{0}> findInternal........ Wall max =          0
Timings{0}>                      Wall avg =          0
Timings{0}>                      Wall min =          0
Timings{0}> 
Timings{0}> findPeriodic........ Wall max =          0
Timings{0}>                      Wall avg =          0
Timings{0}>                      Wall min =          0
Timings{0}> 
Timings{0}> NativeNUFFT::init... Wall max =          0
Timings{0}>                      Wall avg =          0
Timings{0}>                      Wall min =          0
Timings{0}> 
Timings{0}> updateParticle...... Wall max =  0.0553519
Timings{0}>                      Wall avg =    0.05336
Timings{0}>                      Wall min =  0.0515289
Timings{0}> 
Timings{0}> locateParticles..... Wall max = 0.00499951
Timings{0}>                      Wall avg = 0.00450861
Timings{0}>                      Wall min = 0.00421234
Timings{0}> 
Timings{0}> sendPreprocess...... Wall max = 0.00831749
Timings{0}>                      Wall avg = 0.00687286
Timings{0}>                      Wall min = 0.00517987
Timings{0}> 
Timings{0}> particleSend........ Wall max =  0.0106389
Timings{0}>                      Wall avg =  0.0101969
Timings{0}>                      Wall min = 0.00982172
Timings{0}> 
Timings{0}> particleRecv........ Wall max = 0.000856801
Timings{0}>                      Wall avg = 0.000401553
Timings{0}>                      Wall min = 0.000357412
Timings{0}> 
Timings{0}> particleDestroy..... Wall max =  0.0136177
Timings{0}>                      Wall avg =  0.0115392
Timings{0}>                      Wall min =  0.0105279
Timings{0}> 
Timings{0}> ScatterPIFNUFFT..... Wall max =   0.904677
Timings{0}>                      Wall avg =   0.883448
Timings{0}>                      Wall min =   0.872065
Timings{0}> 
Timings{0}> NativeNUFFT1........ Wall max =   0.892821
Timings{0}>                      Wall avg =   0.871557
Timings{0}>                      Wall min =   0.860805
Timings{0}> 
Timings{0}> scatterTimerNUFFT1.. Wall max =   0.227721
Timings{0}>                      Wall avg =   0.215294
Timings{0}>                      Wall min =   0.200257
Timings{0}> 
Timings{0}> binSort............. Wall max =  0.0619743
Timings{0}>                      Wall avg =  0.0552055
Timings{0}>                      Wall min =  0.0496918
Timings{0}> 
Timings{0}> binComputeKeys...... Wall max = 0.00675382
Timings{0}>                      Wall avg = 0.00567624
Timings{0}>                      Wall min = 0.00508688
Timings{0}> 
Timings{0}> binSortByKey........ Wall max =  0.0522858
Timings{0}>                      Wall avg =  0.0463338
Timings{0}>                      Wall min =  0.0415769
Timings{0}> 
Timings{0}> binComputeOffsets... Wall max = 0.00306859
Timings{0}>                      Wall avg = 0.00279638
Timings{0}>                      Wall min = 0.00263182
Timings{0}> 
Timings{0}> FFTNUFFT1........... Wall max =   0.677931
Timings{0}>                      Wall avg =    0.65528
Timings{0}>                      Wall min =   0.639965
Timings{0}> 
Timings{0}> deconvolutionNUFFT1. Wall max =  0.0012585
Timings{0}>                      Wall avg = 0.000860931
Timings{0}>                      Wall min = 0.000774348
Timings{0}> 
Timings{0}> GatherPIFNUFFT...... Wall max =    2.38832
Timings{0}>                      Wall avg =    2.37437
Timings{0}>                      Wall min =    2.35062
Timings{0}> 
Timings{0}> NativeNUFFT2........ Wall max =    2.36335
Timings{0}>                      Wall avg =     2.3502
Timings{0}>                      Wall min =    2.32802
Timings{0}> 
Timings{0}> PrecorrectionNUFFT2. Wall max = 0.00591253
Timings{0}>                      Wall avg = 0.00474423
Timings{0}>                      Wall min = 0.00452421
Timings{0}> 
Timings{0}> FFTNUFFT2........... Wall max =    1.99495
Timings{0}>                      Wall avg =    1.96932
Timings{0}>                      Wall min =    1.93926
Timings{0}> 
Timings{0}> GatherNUFFT2........ Wall max =    0.41034
Timings{0}>                      Wall avg =   0.375548
Timings{0}>                      Wall min =   0.346235
Timings{0}> 
Timings{0}> ---------------------------------------------
Timings{0}>      Measurement counts:
Timings{0}> ---------------------------------------------
Timings{0}> mainTimer........... Count =          1
Timings{0}> particlesCreation... Count =          0
Timings{0}> dumpData............ Count =         10
Timings{0}> kick................ Count =         20
Timings{0}> drift............... Count =         10
Timings{0}> particleBC.......... Count =         10
Timings{0}> initializeShapeFunc. Count =          0
Timings{0}> findInternal........ Count =          0
Timings{0}> findPeriodic........ Count =          0
Timings{0}> NativeNUFFT::init... Count =          0
Timings{0}> updateParticle...... Count =         10
Timings{0}> locateParticles..... Count =         10
Timings{0}> sendPreprocess...... Count =         10
Timings{0}> particleSend........ Count =         10
Timings{0}> particleRecv........ Count =         10
Timings{0}> particleDestroy..... Count =         10
Timings{0}> ScatterPIFNUFFT..... Count =         20
Timings{0}> NativeNUFFT1........ Count =         10
Timings{0}> scatterTimerNUFFT1.. Count =         10
Timings{0}> binSort............. Count =         40
Timings{0}> binComputeKeys...... Count =         40
Timings{0}> binSortByKey........ Count =         40
Timings{0}> binComputeOffsets... Count =         40
Timings{0}> FFTNUFFT1........... Count =         10
Timings{0}> deconvolutionNUFFT1. Count =         10
Timings{0}> GatherPIFNUFFT...... Count =         10
Timings{0}> NativeNUFFT2........ Count =         30
Timings{0}> PrecorrectionNUFFT2. Count =         30
Timings{0}> FFTNUFFT2........... Count =         30
Timings{0}> GatherNUFFT2........ Count =         30
Timings{0}> ---------------------------------------------
Timings{0}> ---------------------------------------------
Timings{0}>      Per-occurrence statistics:
Timings{0}> ---------------------------------------------
Timings{0}> mainTimer........... n=    1  mean=   3.38867  std=         0  min=   3.38867  max=   3.38867
Timings{0}> dumpData............ n=   10  mean=0.00361964  std=0.00139643  min=0.00230518  max=0.00685156
Timings{0}> kick................ n=   20  mean=0.000261286  std=1.20466e-05  min=0.00024906  max=0.000283691
Timings{0}> drift............... n=   10  mean=0.000263079  std=1.52203e-06  min=0.00026167  max=0.00026628
Timings{0}> particleBC.......... n=   10  mean=0.00052696  std=2.62622e-06  min=0.000524231  max= 0.0005329
Timings{0}> updateParticle...... n=   10  mean=0.00534195  std=0.000334264  min=0.00486898  max=0.00573974
Timings{0}> locateParticles..... n=   10  mean=0.000456141  std=1.36203e-05  min=0.00044516  max=0.000492411
Timings{0}> sendPreprocess...... n=   10  mean=0.000549688  std=8.62863e-05  min=0.000477711  max=0.00074598
Timings{0}> particleSend........ n=   10  mean=0.00102589  std=2.13254e-05  min=0.00100514  max=0.00105914
Timings{0}> particleRecv........ n=   10  mean=3.82861e-05  std=4.97646e-06  min= 3.078e-05  max= 4.772e-05
Timings{0}> particleDestroy..... n=   10  mean=0.00118714  std=1.15258e-05  min=0.00117653  max=0.00121307
Timings{0}> ScatterPIFNUFFT..... n=   20  mean= 0.0440188  std=     0.045  min=0.00015669  max= 0.0883468
Timings{0}> NativeNUFFT1........ n=   10  mean= 0.0868918  std=0.000387388  min= 0.0862828  max= 0.0873407
Timings{0}> scatterTimerNUFFT1.. n=   10  mean= 0.0227586  std=0.000641104  min= 0.0220152  max= 0.0238834
Timings{0}> binSort............. n=   40  mean=0.00151965  std=1.79759e-05  min=0.00148659  max=0.00157277
Timings{0}> binComputeKeys...... n=   40  mean=0.000158159  std=2.80412e-06  min=0.00015555  max=0.00017169
Timings{0}> binSortByKey........ n=   40  mean=0.00127836  std=1.41477e-05  min=0.00124984  max=0.00130447
Timings{0}> binComputeOffsets... n=   40  mean=7.35746e-05  std=2.63948e-06  min= 7.031e-05  max= 8.694e-05
Timings{0}> FFTNUFFT1........... n=   10  mean= 0.0639965  std=0.000473091  min= 0.0633218  max= 0.0647161
Timings{0}> deconvolutionNUFFT1. n=   10  mean=0.000124693  std=3.71718e-06  min=0.00012178  max=0.00013308
Timings{0}> GatherPIFNUFFT...... n=   10  mean=  0.238649  std=  0.001499  min=  0.236358  max=  0.241227
Timings{0}> NativeNUFFT2........ n=   30  mean= 0.0786725  std=0.00123032  min= 0.0767488  max= 0.0818014
Timings{0}> PrecorrectionNUFFT2. n=   30  mean=0.000197079  std=4.05692e-06  min=0.00019244  max=0.00021023
Timings{0}> FFTNUFFT2........... n=   30  mean= 0.0650174  std=0.000823902  min= 0.0632035  max= 0.0665481
Timings{0}> GatherNUFFT2........ n=   30  mean= 0.0134387  std= 0.0011178  min= 0.0119532  max=  0.016111
Timings{0}> ---------------------------------------------
