LandauDampingPIF{0}> Landau damping
LandauDampingPIF{0}> nt 10 Np= 1073741824 Fourier modes = ( 512 , 512 , 512 )
LandauDampingPIF{0}> particles created and initial conditions assigned 
LandauDampingPIF{0}> After init shape function 
LandauDampingPIF{0}> After init NUFFT 
LandauDampingPIF{0}> After update 
[Scatter] Auto-select: OutputFocused (tp=196.1 Mpts/s) for w=9 rho=1.13 (was Atomic)
[Scatter] Cache hit: method=OutputFocused w=9 cx=1 rho=1.13 -> tile=(2,3,3) team=256 osub=1 zb=26 tp=196.1 Mpts/s (rho_csv=1.25)
LandauDampingPIF{0}> After scatter 
LandauDampingPIF{0}> After gather 
LandauDampingPIF{0}> Starting iterations ...
LandauDampingPIF{0}> Finished time step: -2 time: 0.0122718
LandauDampingPIF{0}> Finished time step: -1 time: 0.0245437
LandauDampingPIF{0}> Finished time step: 0 time: 0.0368155
LandauDampingPIF{0}> Finished time step: 1 time: 0.0490874
LandauDampingPIF{0}> Finished time step: 2 time: 0.0613592
LandauDampingPIF{0}> Finished time step: 3 time: 0.0736311
LandauDampingPIF{0}> Finished time step: 4 time: 0.0859029
LandauDampingPIF{0}> Finished time step: 5 time: 0.0981748
LandauDampingPIF{0}> Finished time step: 6 time: 0.110447
LandauDampingPIF{0}> Finished time step: 7 time: 0.122718
LandauDampingPIF{0}> Finished time step: 8 time: 0.13499
LandauDampingPIF{0}> Finished time step: 9 time: 0.147262
LandauDampingPIF{0}> Finished time step: 10 time: 0.159534
LandauDampingPIF{0}> LandauDamping: End.
Timings{0}> ---------------------------------------------
Timings{0}>      Timing results for 256 rank(s):
Timings{0}> ---------------------------------------------
Timings{0}> mainTimer........... Wall tot =      7.236
Timings{0}> 
Timings{0}> particlesCreation... Wall max =          0
Timings{0}>                      Wall avg =          0
Timings{0}>                      Wall min =          0
Timings{0}> 
Timings{0}> dumpData............ Wall max =  0.0420253
Timings{0}>                      Wall avg =  0.0343067
Timings{0}>                      Wall min =  0.0254862
Timings{0}> 
Timings{0}> kick................ Wall max = 0.00697993
Timings{0}>                      Wall avg = 0.00465261
Timings{0}>                      Wall min = 0.00411884
Timings{0}> 
Timings{0}> drift............... Wall max = 0.00262263
Timings{0}>                      Wall avg =  0.0023483
Timings{0}>                      Wall min = 0.00209071
Timings{0}> 
Timings{0}> initializeShapeFunc. Wall max =          0
Timings{0}>                      Wall avg =          0
Timings{0}>                      Wall min =          0
Timings{0}> 
Timings{0}> findInternal........ Wall max =          0
Timings{0}>                      Wall avg =          0
Timings{0}>                      Wall min =          0
Timings{0}> 
Timings{0}> findPeriodic........ Wall max =          0
Timings{0}>                      Wall avg =          0
Timings{0}>                      Wall min =          0
Timings{0}> 
Timings{0}> NativeNUFFT::init... Wall max =          0
Timings{0}>                      Wall avg =          0
Timings{0}>                      Wall min =          0
Timings{0}> 
Timings{0}> particleBC.......... Wall max =  0.0052823
Timings{0}>                      Wall avg = 0.00470402
Timings{0}>                      Wall min =  0.0041932
Timings{0}> 
Timings{0}> updateParticle...... Wall max =  0.0648342
Timings{0}>                      Wall avg =  0.0624362
Timings{0}>                      Wall min =  0.0598788
Timings{0}> 
Timings{0}> locateParticles..... Wall max = 0.00600404
Timings{0}>                      Wall avg = 0.00533681
Timings{0}>                      Wall min = 0.00497271
Timings{0}> 
Timings{0}> sendPreprocess...... Wall max =  0.0107457
Timings{0}>                      Wall avg = 0.00936404
Timings{0}>                      Wall min = 0.00753732
Timings{0}> 
Timings{0}> particleSend........ Wall max =  0.0121517
Timings{0}>                      Wall avg =   0.011466
Timings{0}>                      Wall min =  0.0110245
Timings{0}> 
Timings{0}> particleRecv........ Wall max = 0.000467978
Timings{0}>                      Wall avg = 0.000409785
Timings{0}>                      Wall min = 0.000371932
Timings{0}> 
Timings{0}> particleDestroy..... Wall max =  0.0170009
Timings{0}>                      Wall avg =  0.0144038
Timings{0}>                      Wall min =  0.0130784
Timings{0}> 
Timings{0}> ScatterPIFNUFFT..... Wall max =    1.87423
Timings{0}>                      Wall avg =    1.86346
Timings{0}>                      Wall min =    1.85401
Timings{0}> 
Timings{0}> NativeNUFFT1........ Wall max =    1.86552
Timings{0}>                      Wall avg =    1.85506
Timings{0}>                      Wall min =    1.84592
Timings{0}> 
Timings{0}> scatterTimerNUFFT1.. Wall max =   0.279116
Timings{0}>                      Wall avg =   0.265282
Timings{0}>                      Wall min =   0.250179
Timings{0}> 
Timings{0}> binSort............. Wall max =  0.0641734
Timings{0}>                      Wall avg =  0.0582152
Timings{0}>                      Wall min =    0.05281
Timings{0}> 
Timings{0}> binComputeKeys...... Wall max = 0.00638664
Timings{0}>                      Wall avg = 0.00575567
Timings{0}>                      Wall min = 0.00518409
Timings{0}> 
Timings{0}> binSortByKey........ Wall max =  0.0543179
Timings{0}>                      Wall avg =  0.0491247
Timings{0}>                      Wall min =  0.0443802
Timings{0}> 
Timings{0}> binComputeOffsets... Wall max =  0.0031018
Timings{0}>                      Wall avg = 0.00291401
Timings{0}>                      Wall min = 0.00273427
Timings{0}> 
Timings{0}> FFTNUFFT1........... Wall max =     1.6089
Timings{0}>                      Wall avg =    1.58931
Timings{0}>                      Wall min =    1.56975
Timings{0}> 
Timings{0}> TwiddleAdd.......... Wall max = 0.00255736
Timings{0}>                      Wall avg = 0.00249822
Timings{0}>                      Wall min = 0.00242219
Timings{0}> 
Timings{0}> subFFTs............. Wall max =    1.60604
Timings{0}>                      Wall avg =    1.58643
Timings{0}>                      Wall min =    1.56688
Timings{0}> 
Timings{0}> deconvolutionNUFFT1. Wall max = 0.000417201
Timings{0}>                      Wall avg = 0.000348154
Timings{0}>                      Wall min = 0.000314421
Timings{0}> 
Timings{0}> GatherPIFNUFFT...... Wall max =     5.2644
Timings{0}>                      Wall avg =    5.25089
Timings{0}>                      Wall min =    5.23596
Timings{0}> 
Timings{0}> NativeNUFFT2........ Wall max =    5.24393
Timings{0}>                      Wall avg =    5.23084
Timings{0}>                      Wall min =     5.2179
Timings{0}> 
Timings{0}> PrecorrectionNUFFT2. Wall max = 0.00120784
Timings{0}>                      Wall avg = 0.00113729
Timings{0}>                      Wall min = 0.00108785
Timings{0}> 
Timings{0}> FFTNUFFT2........... Wall max =    4.81047
Timings{0}>                      Wall avg =    4.77288
Timings{0}>                      Wall min =    4.74183
Timings{0}> 
Timings{0}> subIFFTs............ Wall max =    4.79967
Timings{0}>                      Wall avg =    4.76203
Timings{0}>                      Wall min =    4.73097
Timings{0}> 
Timings{0}> StridedWrite........ Wall max =   0.010469
Timings{0}>                      Wall avg = 0.00823315
Timings{0}>                      Wall min = 0.00803649
Timings{0}> 
Timings{0}> GatherNUFFT2........ Wall max =   0.487763
Timings{0}>                      Wall avg =   0.456236
Timings{0}>                      Wall min =   0.421182
Timings{0}> 
Timings{0}> ---------------------------------------------
Timings{0}>      Measurement counts:
Timings{0}> ---------------------------------------------
Timings{0}> mainTimer........... Count =          1
Timings{0}> particlesCreation... Count =          0
Timings{0}> dumpData............ Count =         10
Timings{0}> kick................ Count =         20
Timings{0}> drift............... Count =         10
Timings{0}> initializeShapeFunc. Count =          0
Timings{0}> findInternal........ Count =          0
Timings{0}> findPeriodic........ Count =          0
Timings{0}> NativeNUFFT::init... Count =          0
Timings{0}> particleBC.......... Count =         10
Timings{0}> updateParticle...... Count =         10
Timings{0}> locateParticles..... Count =         10
Timings{0}> sendPreprocess...... Count =         10
Timings{0}> particleSend........ Count =         10
Timings{0}> particleRecv........ Count =         10
Timings{0}> particleDestroy..... Count =         10
Timings{0}> ScatterPIFNUFFT..... Count =         20
Timings{0}> NativeNUFFT1........ Count =         10
Timings{0}> scatterTimerNUFFT1.. Count =         10
Timings{0}> binSort............. Count =         40
Timings{0}> binComputeKeys...... Count =         40
Timings{0}> binSortByKey........ Count =         40
Timings{0}> binComputeOffsets... Count =         40
Timings{0}> FFTNUFFT1........... Count =         10
Timings{0}> TwiddleAdd.......... Count =         20
Timings{0}> subFFTs............. Count =         20
Timings{0}> deconvolutionNUFFT1. Count =         10
Timings{0}> GatherPIFNUFFT...... Count =         10
Timings{0}> NativeNUFFT2........ Count =         30
Timings{0}> PrecorrectionNUFFT2. Count =         30
Timings{0}> FFTNUFFT2........... Count =         30
Timings{0}> subIFFTs............ Count =         60
Timings{0}> StridedWrite........ Count =         60
Timings{0}> GatherNUFFT2........ Count =         30
Timings{0}> ---------------------------------------------
Timings{0}> ---------------------------------------------
Timings{0}>      Per-occurrence statistics:
Timings{0}> ---------------------------------------------
Timings{0}> mainTimer........... n=    1  mean=   7.23596  std=         0  min=   7.23596  max=   7.23596
Timings{0}> dumpData............ n=   10  mean=0.00275504  std=0.00153946  min=0.00144968  max=0.00629051
Timings{0}> kick................ n=   20  mean=0.000260877  std=1.06585e-05  min=0.000250051  max=0.000284111
Timings{0}> drift............... n=   10  mean=0.000260304  std=1.55255e-06  min=0.00025898  max=0.00026427
Timings{0}> particleBC.......... n=   10  mean=0.000525869  std=1.39744e-06  min=0.00052324  max=0.00052763
Timings{0}> updateParticle...... n=   10  mean=0.00624951  std=0.000859315  min=0.00538207  max=0.00839162
Timings{0}> locateParticles..... n=   10  mean=0.000540143  std=8.92691e-06  min= 0.0005312  max=0.000561931
Timings{0}> sendPreprocess...... n=   10  mean=0.000813646  std=0.000686724  min=0.00044833  max=0.00269802
Timings{0}> particleSend........ n=   10  mean= 0.0011554  std=2.99095e-05  min=0.00112299  max=0.00120031
Timings{0}> particleRecv........ n=   10  mean=3.86961e-05  std=3.18252e-06  min=3.3621e-05  max= 4.265e-05
Timings{0}> particleDestroy..... n=   10  mean=0.00147738  std=7.36982e-06  min=0.00146793  max=0.00149326
Timings{0}> ScatterPIFNUFFT..... n=   20  mean= 0.0933016  std= 0.0957411  min=  3.34e-05  max=  0.194052
Timings{0}> NativeNUFFT1........ n=   10  mean=  0.185735  std=0.00458183  min=  0.180513  max=  0.193181
Timings{0}> scatterTimerNUFFT1.. n=   10  mean=  0.027642  std=0.000252812  min= 0.0273883  max= 0.0281752
Timings{0}> binSort............. n=   40  mean=0.00159289  std=1.67361e-05  min= 0.0015616  max=0.00165016
Timings{0}> binComputeKeys...... n=   40  mean=0.000159666  std=3.44336e-06  min=0.00015577  max=0.000171481
Timings{0}> binSortByKey........ n=   40  mean=0.00134655  std=1.27245e-05  min=0.00132094  max=0.00137961
Timings{0}> binComputeOffsets... n=   40  mean=7.63271e-05  std=2.04203e-06  min= 7.431e-05  max= 8.615e-05
Timings{0}> FFTNUFFT1........... n=   10  mean=  0.158046  std=  0.004607  min=  0.153027  max=  0.165749
Timings{0}> TwiddleAdd.......... n=   20  mean=0.000126732  std=7.76658e-06  min=0.00011531  max= 0.0001354
Timings{0}> subFFTs............. n=   20  mean= 0.0788771  std=0.00326178  min= 0.0739633  max= 0.0866852
Timings{0}> deconvolutionNUFFT1. n=   10  mean=3.6272e-05  std=5.81404e-06  min= 3.106e-05  max= 4.785e-05
Timings{0}> GatherPIFNUFFT...... n=   10  mean=  0.525274  std=0.00973422  min=  0.510904  max=  0.545075
Timings{0}> NativeNUFFT2........ n=   30  mean=   0.17434  std=0.00437558  min=  0.163522  max=  0.183055
Timings{0}> PrecorrectionNUFFT2. n=   30  mean=3.8286e-05  std=1.12049e-06  min= 3.681e-05  max= 4.178e-05
Timings{0}> FFTNUFFT2........... n=   30  mean=  0.158434  std= 0.0042407  min=  0.147979  max=   0.16642
Timings{0}> subIFFTs............ n=   60  mean= 0.0790363  std=0.00284709  min=  0.071851  max= 0.0877011
Timings{0}> StridedWrite........ n=   60  mean=0.000136324  std=3.77339e-06  min=0.00013173  max=0.00015102
Timings{0}> GatherNUFFT2........ n=   30  mean= 0.0158492  std=0.00100782  min= 0.0142577  max= 0.0186514
Timings{0}> ---------------------------------------------
