LandauDampingPIF{0}> Landau damping
LandauDampingPIF{0}> nt 6 Np= 1073741824 Fourier modes = ( 512 , 512 , 512 )
LandauDampingPIF{0}> particles created and initial conditions assigned 
LandauDampingPIF{0}> After init shape function 
LandauDampingPIF{0}> After init NUFFT 
LandauDampingPIF{0}> After update 
[Scatter] Cache hit: method=Tiled w=5 cx=1 rho=1.03 -> tile=(4,5,5) team=64 osub=8 zb=1 tp=277.5 Mpts/s (rho_csv=1.00)
LandauDampingPIF{0}> After scatter 
LandauDampingPIF{0}> After gather 
LandauDampingPIF{0}> Starting iterations ...
LandauDampingPIF{0}> Finished time step: -2 time: 0.0122718
LandauDampingPIF{0}> Finished time step: -1 time: 0.0245437
LandauDampingPIF{0}> Finished time step: 0 time: 0.0368155
LandauDampingPIF{0}> Finished time step: 1 time: 0.0490874
LandauDampingPIF{0}> Finished time step: 2 time: 0.0613592
LandauDampingPIF{0}> Finished time step: 3 time: 0.0736311
LandauDampingPIF{0}> Finished time step: 4 time: 0.0859029
LandauDampingPIF{0}> Finished time step: 5 time: 0.0981748
LandauDampingPIF{0}> Finished time step: 6 time: 0.110447
LandauDampingPIF{0}> LandauDamping: End.
Timings{0}> ---------------------------------------------
Timings{0}>      Timing results for 16 rank(s):
Timings{0}> ---------------------------------------------
Timings{0}> mainTimer........... Wall tot =    25.4901
Timings{0}> 
Timings{0}> particlesCreation... Wall max =          0
Timings{0}>                      Wall avg =          0
Timings{0}>                      Wall min =          0
Timings{0}> 
Timings{0}> dumpData............ Wall max =    0.39333
Timings{0}>                      Wall avg =   0.240861
Timings{0}>                      Wall min =   0.074573
Timings{0}> 
Timings{0}> kick................ Wall max =  0.0556538
Timings{0}>                      Wall avg =  0.0520933
Timings{0}>                      Wall min =  0.0488696
Timings{0}> 
Timings{0}> drift............... Wall max =  0.0273454
Timings{0}>                      Wall avg =  0.0254611
Timings{0}>                      Wall min =  0.0238838
Timings{0}> 
Timings{0}> particleBC.......... Wall max =  0.0780085
Timings{0}>                      Wall avg =  0.0744859
Timings{0}>                      Wall min =  0.0715952
Timings{0}> 
Timings{0}> initializeShapeFunc. Wall max =          0
Timings{0}>                      Wall avg =          0
Timings{0}>                      Wall min =          0
Timings{0}> 
Timings{0}> findInternal........ Wall max =          0
Timings{0}>                      Wall avg =          0
Timings{0}>                      Wall min =          0
Timings{0}> 
Timings{0}> findPeriodic........ Wall max =          0
Timings{0}>                      Wall avg =          0
Timings{0}>                      Wall min =          0
Timings{0}> 
Timings{0}> NativeNUFFT::init... Wall max =          0
Timings{0}>                      Wall avg =          0
Timings{0}>                      Wall min =          0
Timings{0}> 
Timings{0}> updateParticle...... Wall max =   0.257661
Timings{0}>                      Wall avg =   0.250978
Timings{0}>                      Wall min =   0.243831
Timings{0}> 
Timings{0}> locateParticles..... Wall max =  0.0740991
Timings{0}>                      Wall avg =  0.0679224
Timings{0}>                      Wall min =  0.0616458
Timings{0}> 
Timings{0}> sendPreprocess...... Wall max =  0.0243499
Timings{0}>                      Wall avg =  0.0129485
Timings{0}>                      Wall min = 0.000563701
Timings{0}> 
Timings{0}> particleSend........ Wall max =  0.0130134
Timings{0}>                      Wall avg =  0.0126271
Timings{0}>                      Wall min =  0.0120072
Timings{0}> 
Timings{0}> particleRecv........ Wall max = 0.000207933
Timings{0}>                      Wall avg = 0.000155908
Timings{0}>                      Wall min = 0.000132796
Timings{0}> 
Timings{0}> particleDestroy..... Wall max =   0.151057
Timings{0}>                      Wall avg =   0.138056
Timings{0}>                      Wall min =   0.126115
Timings{0}> 
Timings{0}> ScatterPIFNUFFT..... Wall max =    3.80893
Timings{0}>                      Wall avg =    3.77999
Timings{0}>                      Wall min =    3.75895
Timings{0}> 
Timings{0}> NativeNUFFT1........ Wall max =    3.73635
Timings{0}>                      Wall avg =    3.70788
Timings{0}>                      Wall min =    3.68587
Timings{0}> 
Timings{0}> scatterTimerNUFFT1.. Wall max =    1.32588
Timings{0}>                      Wall avg =    1.31775
Timings{0}>                      Wall min =     1.3131
Timings{0}> 
Timings{0}> binSort............. Wall max =   0.169226
Timings{0}>                      Wall avg =   0.163127
Timings{0}>                      Wall min =    0.15641
Timings{0}> 
Timings{0}> binComputeKeys...... Wall max =  0.0133888
Timings{0}>                      Wall avg =  0.0127768
Timings{0}>                      Wall min =  0.0123226
Timings{0}> 
Timings{0}> binSortByKey........ Wall max =    0.15275
Timings{0}>                      Wall avg =   0.147004
Timings{0}>                      Wall min =   0.140843
Timings{0}> 
Timings{0}> binComputeOffsets... Wall max = 0.00345524
Timings{0}>                      Wall avg = 0.00332571
Timings{0}>                      Wall min = 0.00316307
Timings{0}> 
Timings{0}> FFTNUFFT1........... Wall max =    2.41247
Timings{0}>                      Wall avg =     2.3822
Timings{0}>                      Wall min =     2.3582
Timings{0}> 
Timings{0}> deconvolutionNUFFT1. Wall max = 0.00876053
Timings{0}>                      Wall avg = 0.00790532
Timings{0}>                      Wall min = 0.00710886
Timings{0}> 
Timings{0}> GatherPIFNUFFT...... Wall max =    21.1979
Timings{0}>                      Wall avg =    21.0339
Timings{0}>                      Wall min =     20.877
Timings{0}> 
Timings{0}> NativeNUFFT2........ Wall max =    20.9504
Timings{0}>                      Wall avg =    20.7914
Timings{0}>                      Wall min =    20.6399
Timings{0}> 
Timings{0}> PrecorrectionNUFFT2. Wall max =  0.0430516
Timings{0}>                      Wall avg =   0.040603
Timings{0}>                      Wall min =  0.0382822
Timings{0}> 
Timings{0}> FFTNUFFT2........... Wall max =    7.72143
Timings{0}>                      Wall avg =    7.40507
Timings{0}>                      Wall min =     7.0711
Timings{0}> 
Timings{0}> GatherNUFFT2........ Wall max =    13.8331
Timings{0}>                      Wall avg =    13.3456
Timings{0}>                      Wall min =    12.8972
Timings{0}> 
Timings{0}> ---------------------------------------------
Timings{0}>      Measurement counts:
Timings{0}> ---------------------------------------------
Timings{0}> mainTimer........... Count =          1
Timings{0}> particlesCreation... Count =          0
Timings{0}> dumpData............ Count =          6
Timings{0}> kick................ Count =         12
Timings{0}> drift............... Count =          6
Timings{0}> particleBC.......... Count =          6
Timings{0}> initializeShapeFunc. Count =          0
Timings{0}> findInternal........ Count =          0
Timings{0}> findPeriodic........ Count =          0
Timings{0}> NativeNUFFT::init... Count =          0
Timings{0}> updateParticle...... Count =          6
Timings{0}> locateParticles..... Count =          6
Timings{0}> sendPreprocess...... Count =          6
Timings{0}> particleSend........ Count =          6
Timings{0}> particleRecv........ Count =          6
Timings{0}> particleDestroy..... Count =          6
Timings{0}> ScatterPIFNUFFT..... Count =         12
Timings{0}> NativeNUFFT1........ Count =          6
Timings{0}> scatterTimerNUFFT1.. Count =          6
Timings{0}> binSort............. Count =          6
Timings{0}> binComputeKeys...... Count =          6
Timings{0}> binSortByKey........ Count =          6
Timings{0}> binComputeOffsets... Count =          6
Timings{0}> FFTNUFFT1........... Count =          6
Timings{0}> deconvolutionNUFFT1. Count =          6
Timings{0}> GatherPIFNUFFT...... Count =          6
Timings{0}> NativeNUFFT2........ Count =         18
Timings{0}> PrecorrectionNUFFT2. Count =         18
Timings{0}> FFTNUFFT2........... Count =         18
Timings{0}> GatherNUFFT2........ Count =         18
Timings{0}> ---------------------------------------------
Timings{0}> ---------------------------------------------
Timings{0}>      Per-occurrence statistics:
Timings{0}> ---------------------------------------------
Timings{0}> mainTimer........... n=    1  mean=   25.4901  std=         0  min=   25.4901  max=   25.4901
Timings{0}> dumpData............ n=    6  mean= 0.0153674  std=0.00115857  min= 0.0135896  max= 0.0164744
Timings{0}> kick................ n=   12  mean=0.00444779  std=2.09807e-05  min=  0.004407  max= 0.0044868
Timings{0}> drift............... n=    6  mean=0.00441855  std=2.34907e-05  min=0.00438991  max=0.00445935
Timings{0}> particleBC.......... n=    6  mean= 0.0128213  std=6.80367e-05  min= 0.0127094  max=   0.01288
Timings{0}> updateParticle...... n=    6  mean= 0.0415837  std=0.000196887  min= 0.0412706  max= 0.0418791
Timings{0}> locateParticles..... n=    6  mean= 0.0107058  std=4.4312e-05  min= 0.0106684  max= 0.0107705
Timings{0}> sendPreprocess...... n=    6  mean=0.00202937  std=8.34503e-05  min= 0.0019453  max= 0.0021734
Timings{0}> particleSend........ n=    6  mean=0.00216276  std=3.14975e-05  min=0.00213543  max=0.00221211
Timings{0}> particleRecv........ n=    6  mean=3.04705e-05  std=6.80408e-06  min=2.2423e-05  max=4.2853e-05
Timings{0}> particleDestroy..... n=    6  mean= 0.0216615  std=3.47931e-05  min= 0.0216135  max=  0.021696
Timings{0}> ScatterPIFNUFFT..... n=   12  mean=   0.31552  std=  0.324291  min=0.00507522  max=   0.64134
Timings{0}> NativeNUFFT1........ n=    6  mean=   0.61887  std=0.00843573  min=  0.611081  max=  0.634242
Timings{0}> scatterTimerNUFFT1.. n=    6  mean=  0.220037  std=0.000201285  min=  0.219714  max=   0.22033
Timings{0}> binSort............. n=    6  mean= 0.0280998  std=6.66171e-05  min= 0.0279964  max=  0.028188
Timings{0}> binComputeKeys...... n=    6  mean=0.00217615  std=1.13288e-05  min=0.00215463  max=0.00218652
Timings{0}> binSortByKey........ n=    6  mean= 0.0253459  std=7.28695e-05  min= 0.0252358  max= 0.0254341
Timings{0}> binComputeOffsets... n=    6  mean=0.000574577  std=1.91698e-06  min=0.000572799  max=0.000577428
Timings{0}> FFTNUFFT1........... n=    6  mean=  0.397386  std=0.00844388  min=  0.389922  max=  0.412832
Timings{0}> deconvolutionNUFFT1. n=    6  mean=0.00144325  std=2.08381e-06  min=0.00144082  max=0.00144568
Timings{0}> GatherPIFNUFFT...... n=    6  mean=   3.52887  std= 0.0165736  min=   3.50246  max=   3.55005
Timings{0}> NativeNUFFT2........ n=   18  mean=   1.16253  std= 0.0102875  min=   1.13724  max=   1.18364
Timings{0}> PrecorrectionNUFFT2. n=   18  mean= 0.0023608  std=4.31105e-05  min=0.00230756  max= 0.0024885
Timings{0}> FFTNUFFT2........... n=   18  mean=  0.394699  std=0.00868706  min=  0.370984  max=  0.411048
Timings{0}> GatherNUFFT2........ n=   18  mean=  0.765465  std= 0.0041723  min=   0.76065  max=  0.773386
Timings{0}> ---------------------------------------------
