LandauDampingPIF{0}> Landau damping
LandauDampingPIF{0}> nt 10 Np= 8589934592 Fourier modes = ( 1024 , 1024 , 1024 )
LandauDampingPIF{0}> particles created and initial conditions assigned 
LandauDampingPIF{0}> After init shape function 
LandauDampingPIF{0}> After init NUFFT 
LandauDampingPIF{0}> After update 
[Scatter] Auto-select: OutputFocused (tp=196.1 Mpts/s) for w=9 rho=1.13 (was Atomic)
[Scatter] Cache hit: method=OutputFocused w=9 cx=1 rho=1.13 -> tile=(2,3,3) team=256 osub=1 zb=26 tp=196.1 Mpts/s (rho_csv=1.25)
LandauDampingPIF{0}> After scatter 
LandauDampingPIF{0}> After gather 
LandauDampingPIF{0}> Starting iterations ...
LandauDampingPIF{0}> Finished time step: -2 time: 0.0122718
LandauDampingPIF{0}> Finished time step: -1 time: 0.0245437
LandauDampingPIF{0}> Finished time step: 0 time: 0.0368155
LandauDampingPIF{0}> Finished time step: 1 time: 0.0490874
LandauDampingPIF{0}> Finished time step: 2 time: 0.0613592
LandauDampingPIF{0}> Finished time step: 3 time: 0.0736311
LandauDampingPIF{0}> Finished time step: 4 time: 0.0859029
LandauDampingPIF{0}> Finished time step: 5 time: 0.0981748
LandauDampingPIF{0}> Finished time step: 6 time: 0.110447
LandauDampingPIF{0}> Finished time step: 7 time: 0.122718
LandauDampingPIF{0}> Finished time step: 8 time: 0.13499
LandauDampingPIF{0}> Finished time step: 9 time: 0.147262
LandauDampingPIF{0}> Finished time step: 10 time: 0.159534
LandauDampingPIF{0}> LandauDamping: End.
Timings{0}> ---------------------------------------------
Timings{0}>      Timing results for 256 rank(s):
Timings{0}> ---------------------------------------------
Timings{0}> mainTimer........... Wall tot =    24.6937
Timings{0}> 
Timings{0}> particlesCreation... Wall max =          0
Timings{0}>                      Wall avg =          0
Timings{0}>                      Wall min =          0
Timings{0}> 
Timings{0}> dumpData............ Wall max =   0.338792
Timings{0}>                      Wall avg =   0.201969
Timings{0}>                      Wall min =   0.088633
Timings{0}> 
Timings{0}> kick................ Wall max =  0.0409799
Timings{0}>                      Wall avg =  0.0359322
Timings{0}>                      Wall min =  0.0317318
Timings{0}> 
Timings{0}> drift............... Wall max =   0.020225
Timings{0}>                      Wall avg =    0.01778
Timings{0}>                      Wall min =  0.0157188
Timings{0}> 
Timings{0}> particleBC.......... Wall max =  0.0406336
Timings{0}>                      Wall avg =  0.0360943
Timings{0}>                      Wall min =  0.0319091
Timings{0}> 
Timings{0}> initializeShapeFunc. Wall max =          0
Timings{0}>                      Wall avg =          0
Timings{0}>                      Wall min =          0
Timings{0}> 
Timings{0}> findInternal........ Wall max =          0
Timings{0}>                      Wall avg =          0
Timings{0}>                      Wall min =          0
Timings{0}> 
Timings{0}> findPeriodic........ Wall max =          0
Timings{0}>                      Wall avg =          0
Timings{0}>                      Wall min =          0
Timings{0}> 
Timings{0}> NativeNUFFT::init... Wall max =          0
Timings{0}>                      Wall avg =          0
Timings{0}>                      Wall min =          0
Timings{0}> 
Timings{0}> updateParticle...... Wall max =   0.161242
Timings{0}>                      Wall avg =   0.155066
Timings{0}>                      Wall min =   0.148749
Timings{0}> 
Timings{0}> locateParticles..... Wall max =  0.0224618
Timings{0}>                      Wall avg =  0.0186271
Timings{0}>                      Wall min =  0.0167197
Timings{0}> 
Timings{0}> sendPreprocess...... Wall max =  0.0266415
Timings{0}>                      Wall avg =  0.0163779
Timings{0}>                      Wall min = 0.00309501
Timings{0}> 
Timings{0}> particleSend........ Wall max =  0.0166311
Timings{0}>                      Wall avg =  0.0155867
Timings{0}>                      Wall min =  0.0145035
Timings{0}> 
Timings{0}> particleRecv........ Wall max = 0.000962868
Timings{0}>                      Wall avg = 0.000467031
Timings{0}>                      Wall min = 0.000391082
Timings{0}> 
Timings{0}> particleDestroy..... Wall max =  0.0751381
Timings{0}>                      Wall avg =   0.063199
Timings{0}>                      Wall min =  0.0562823
Timings{0}> 
Timings{0}> ScatterPIFNUFFT..... Wall max =    6.72226
Timings{0}>                      Wall avg =     6.5818
Timings{0}>                      Wall min =    6.50636
Timings{0}> 
Timings{0}> NativeNUFFT1........ Wall max =     6.6653
Timings{0}>                      Wall avg =    6.52694
Timings{0}>                      Wall min =    6.45151
Timings{0}> 
Timings{0}> scatterTimerNUFFT1.. Wall max =    1.59609
Timings{0}>                      Wall avg =    1.56358
Timings{0}>                      Wall min =    1.50423
Timings{0}> 
Timings{0}> binSort............. Wall max =   0.409382
Timings{0}>                      Wall avg =   0.364738
Timings{0}>                      Wall min =   0.324392
Timings{0}> 
Timings{0}> binComputeKeys...... Wall max =  0.0450345
Timings{0}>                      Wall avg =  0.0395463
Timings{0}>                      Wall min =  0.0349959
Timings{0}> 
Timings{0}> binSortByKey........ Wall max =   0.353072
Timings{0}>                      Wall avg =   0.314677
Timings{0}>                      Wall min =   0.279663
Timings{0}> 
Timings{0}> binComputeOffsets... Wall max =  0.0111524
Timings{0}>                      Wall avg =  0.0101166
Timings{0}>                      Wall min = 0.00916958
Timings{0}> 
Timings{0}> FFTNUFFT1........... Wall max =    5.07673
Timings{0}>                      Wall avg =    4.95811
Timings{0}>                      Wall min =    4.89174
Timings{0}> 
Timings{0}> deconvolutionNUFFT1. Wall max =  0.0082373
Timings{0}>                      Wall avg = 0.00511463
Timings{0}>                      Wall min = 0.00462937
Timings{0}> 
Timings{0}> GatherPIFNUFFT...... Wall max =    17.7301
Timings{0}>                      Wall avg =    17.6217
Timings{0}>                      Wall min =    17.4595
Timings{0}> 
Timings{0}> NativeNUFFT2........ Wall max =    17.5691
Timings{0}>                      Wall avg =    17.4675
Timings{0}>                      Wall min =    17.3127
Timings{0}> 
Timings{0}> PrecorrectionNUFFT2. Wall max =  0.0370233
Timings{0}>                      Wall avg =  0.0281958
Timings{0}>                      Wall min =  0.0268602
Timings{0}> 
Timings{0}> FFTNUFFT2........... Wall max =    15.2398
Timings{0}>                      Wall avg =    14.9591
Timings{0}>                      Wall min =    14.6987
Timings{0}> 
Timings{0}> GatherNUFFT2........ Wall max =    2.80943
Timings{0}>                      Wall avg =    2.47957
Timings{0}>                      Wall min =    2.16686
Timings{0}> 
Timings{0}> ---------------------------------------------
Timings{0}>      Measurement counts:
Timings{0}> ---------------------------------------------
Timings{0}> mainTimer........... Count =          1
Timings{0}> particlesCreation... Count =          0
Timings{0}> dumpData............ Count =         10
Timings{0}> kick................ Count =         20
Timings{0}> drift............... Count =         10
Timings{0}> particleBC.......... Count =         10
Timings{0}> initializeShapeFunc. Count =          0
Timings{0}> findInternal........ Count =          0
Timings{0}> findPeriodic........ Count =          0
Timings{0}> NativeNUFFT::init... Count =          0
Timings{0}> updateParticle...... Count =         10
Timings{0}> locateParticles..... Count =         10
Timings{0}> sendPreprocess...... Count =         10
Timings{0}> particleSend........ Count =         10
Timings{0}> particleRecv........ Count =         10
Timings{0}> particleDestroy..... Count =         10
Timings{0}> ScatterPIFNUFFT..... Count =         20
Timings{0}> NativeNUFFT1........ Count =         10
Timings{0}> scatterTimerNUFFT1.. Count =         10
Timings{0}> binSort............. Count =         40
Timings{0}> binComputeKeys...... Count =         40
Timings{0}> binSortByKey........ Count =         40
Timings{0}> binComputeOffsets... Count =         40
Timings{0}> FFTNUFFT1........... Count =         10
Timings{0}> deconvolutionNUFFT1. Count =         10
Timings{0}> GatherPIFNUFFT...... Count =         10
Timings{0}> NativeNUFFT2........ Count =         30
Timings{0}> PrecorrectionNUFFT2. Count =         30
Timings{0}> FFTNUFFT2........... Count =         30
Timings{0}> GatherNUFFT2........ Count =         30
Timings{0}> ---------------------------------------------
Timings{0}> ---------------------------------------------
Timings{0}>      Per-occurrence statistics:
Timings{0}> ---------------------------------------------
Timings{0}> mainTimer........... n=    1  mean=   24.6936  std=         0  min=   24.6936  max=   24.6936
Timings{0}> dumpData............ n=   10  mean=  0.010199  std=0.000913093  min=0.00924048  max= 0.0122533
Timings{0}> kick................ n=   20  mean=0.00204198  std=1.74724e-05  min=0.00198586  max=0.00205585
Timings{0}> drift............... n=   10  mean=0.00200146  std=5.88969e-06  min=0.00199716  max=0.00201656
Timings{0}> particleBC.......... n=   10  mean=0.00406235  std=5.95964e-06  min=0.00405292  max=0.00407194
Timings{0}> updateParticle...... n=   10  mean= 0.0151234  std=0.000837398  min= 0.0139951  max= 0.0166072
Timings{0}> locateParticles..... n=   10  mean=0.00187132  std=1.1703e-05  min=0.00185872  max= 0.0018986
Timings{0}> sendPreprocess...... n=   10  mean=0.000675424  std=0.000171391  min=0.000584106  max=0.00115333
Timings{0}> particleSend........ n=   10  mean=0.00163751  std=0.000107986  min=0.00150097  max=0.00185374
Timings{0}> particleRecv........ n=   10  mean=7.64028e-05  std=0.000116315  min=3.5671e-05  max=0.000407304
Timings{0}> particleDestroy..... n=   10  mean=0.00628777  std=9.28137e-06  min=0.00627201  max=0.00629872
Timings{0}> ScatterPIFNUFFT..... n=   20  mean=  0.330017  std=  0.337455  min=0.00110491  max=   0.66154
Timings{0}> NativeNUFFT1........ n=   10  mean=  0.654319  std=0.00186368  min=  0.651765  max=  0.657517
Timings{0}> scatterTimerNUFFT1.. n=   10  mean=   0.15948  std=0.000521223  min=  0.158911  max=  0.160435
Timings{0}> binSort............. n=   40  mean= 0.0102188  std=9.95419e-06  min= 0.0101999  max= 0.0102423
Timings{0}> binComputeKeys...... n=   40  mean=0.00111056  std=2.8049e-06  min=0.00110585  max=0.00112128
Timings{0}> binSortByKey........ n=   40  mean=0.00882135  std=1.29974e-05  min=0.00879261  max=0.00884487
Timings{0}> binComputeOffsets... n=   40  mean=0.000277124  std=8.30318e-06  min=0.000270512  max=0.000292793
Timings{0}> FFTNUFFT1........... n=   10  mean=  0.494005  std=0.00174303  min=  0.491166  max=  0.496247
Timings{0}> deconvolutionNUFFT1. n=   10  mean=0.000821684  std=1.97088e-06  min=0.000818568  max=0.000824358
Timings{0}> GatherPIFNUFFT...... n=   10  mean=   1.76954  std=0.00613964  min=   1.75778  max=   1.77856
Timings{0}> NativeNUFFT2........ n=   30  mean=  0.584245  std=0.00468199  min=  0.576375  max=  0.597385
Timings{0}> PrecorrectionNUFFT2. n=   30  mean=0.00123352  std=1.72175e-05  min= 0.0012171  max=0.00126188
Timings{0}> FFTNUFFT2........... n=   30  mean=  0.491771  std=0.00410576  min=  0.487477  max=  0.499346
Timings{0}> GatherNUFFT2........ n=   30  mean= 0.0912195  std=0.00299835  min= 0.0853121  max= 0.0991944
Timings{0}> ---------------------------------------------
