cudaDeviceSynchronize() error( cudaErrorIllegalAddress): an illegal memory access was encountered /capstor/scratch/cscs/pfischil/ippl_singlenode/ippl/build/_deps/kokkos-src/core/src/Cuda/Kokkos_Cuda_Instance.cpp:146
Backtrace:
[0x40002ef719c8] Kokkos::Impl::save_stacktrace()
[0x40002ef45fe8] Kokkos::Impl::host_abort(char const*)
[0x40002ef78b38] Kokkos::Impl::cuda_internal_error_abort(cudaError, char const*, char const*, int)
[0x40002ef78c44] Kokkos::Impl::cuda_device_synchronize(std::__cxx11::basic_string<char, std::char_traits<char>, std::allocator<char> > const&)
[0x40002ef5d07c] Kokkos::Impl::ExecSpaceManager::static_fence(std::__cxx11::basic_string<char, std::char_traits<char>, std::allocator<char> > const&)
[0x5d4fb8] 
[0x4d07a0] 
[0x41bb20] 
[0x40002f473fa0] __libc_start_main
[0x41d7d8] 
cudaDeviceSynchronize() error( cudaErrorIllegalAddress): an illegal memory access was encountered /capstor/scratch/cscs/pfischil/ippl_singlenode/ippl/build/_deps/kokkos-src/core/src/Cuda/Kokkos_Cuda_Instance.cpp:146
Backtrace:
[0x4000233219c8] Kokkos::Impl::save_stacktrace()
[0x4000232f5fe8] Kokkos::Impl::host_abort(char const*)
[0x400023328b38] Kokkos::Impl::cuda_internal_error_abort(cudaError, char const*, char const*, int)
[0x400023328c44] Kokkos::Impl::cuda_device_synchronize(std::__cxx11::basic_string<char, std::char_traits<char>, std::allocator<char> > const&)
[0x40002330d07c] Kokkos::Impl::ExecSpaceManager::static_fence(std::__cxx11::basic_string<char, std::char_traits<char>, std::allocator<char> > const&)
[0x5d4fb8] 
[0x4d07a0] 
[0x41bb20] 
[0x400023823fa0] __libc_start_main
[0x41d7d8] 
cudaDeviceSynchronize() error( cudaErrorIllegalAddress): an illegal memory access was encountered /capstor/scratch/cscs/pfischil/ippl_singlenode/ippl/build/_deps/kokkos-src/core/src/Cuda/Kokkos_Cuda_Instance.cpp:146
Backtrace:
[0x400040ce19c8] Kokkos::Impl::save_stacktrace()
[0x400040cb5fe8] Kokkos::Impl::host_abort(char const*)
[0x400040ce8b38] Kokkos::Impl::cuda_internal_error_abort(cudaError, char const*, char const*, int)
[0x400040ce8c44] Kokkos::Impl::cuda_device_synchronize(std::__cxx11::basic_string<char, std::char_traits<char>, std::allocator<char> > const&)
[0x400040ccd07c] Kokkos::Impl::ExecSpaceManager::static_fence(std::__cxx11::basic_string<char, std::char_traits<char>, std::allocator<char> > const&)
[0x5d4fb8] 
[0x4d07a0] 
[0x41bb20] 
[0x4000411e3fa0] __libc_start_main
[0x41d7d8] 
cudaDeviceSynchronize() error( cudaErrorIllegalAddress): an illegal memory access was encountered /capstor/scratch/cscs/pfischil/ippl_singlenode/ippl/build/_deps/kokkos-src/core/src/Cuda/Kokkos_Cuda_Instance.cpp:146
Backtrace:
[0x40003ce419c8] Kokkos::Impl::save_stacktrace()
[0x40003ce15fe8] Kokkos::Impl::host_abort(char const*)
[0x40003ce48b38] Kokkos::Impl::cuda_internal_error_abort(cudaError, char const*, char const*, int)
[0x40003ce48c44] Kokkos::Impl::cuda_device_synchronize(std::__cxx11::basic_string<char, std::char_traits<char>, std::allocator<char> > const&)
[0x40003ce2d07c] Kokkos::Impl::ExecSpaceManager::static_fence(std::__cxx11::basic_string<char, std::char_traits<char>, std::allocator<char> > const&)
[0x5d4fb8] 
[0x4d07a0] 
[0x41bb20] 
[0x40003d343fa0] __libc_start_main
[0x41d7d8] 
srun: error: nid005455: tasks 0-3: Aborted (core dumped)
srun: Terminating StepId=2934107.0
