LandauDampingPIF{0}> Landau damping
LandauDampingPIF{0}> nt 6 Np= 1073741824 Fourier modes = ( 512 , 512 , 512 )
LandauDampingPIF{0}> particles created and initial conditions assigned 
LandauDampingPIF{0}> After init shape function 
LandauDampingPIF{0}> After init NUFFT 
LandauDampingPIF{0}> After update 
[Scatter] Cache hit: method=Tiled w=5 cx=1 rho=1.06 -> tile=(4,5,5) team=64 osub=8 zb=1 tp=277.5 Mpts/s (rho_csv=1.00)
LandauDampingPIF{0}> After scatter 
LandauDampingPIF{0}> After gather 
LandauDampingPIF{0}> Starting iterations ...
LandauDampingPIF{0}> Finished time step: -2 time: 0.0122718
LandauDampingPIF{0}> Finished time step: -1 time: 0.0245437
LandauDampingPIF{0}> Finished time step: 0 time: 0.0368155
LandauDampingPIF{0}> Finished time step: 1 time: 0.0490874
LandauDampingPIF{0}> Finished time step: 2 time: 0.0613592
LandauDampingPIF{0}> Finished time step: 3 time: 0.0736311
LandauDampingPIF{0}> Finished time step: 4 time: 0.0859029
LandauDampingPIF{0}> Finished time step: 5 time: 0.0981748
LandauDampingPIF{0}> Finished time step: 6 time: 0.110447
LandauDampingPIF{0}> LandauDamping: End.
Timings{0}> ---------------------------------------------
Timings{0}>      Timing results for 32 rank(s):
Timings{0}> ---------------------------------------------
Timings{0}> mainTimer........... Wall tot =    14.1872
Timings{0}> 
Timings{0}> particlesCreation... Wall max =          0
Timings{0}>                      Wall avg =          0
Timings{0}>                      Wall min =          0
Timings{0}> 
Timings{0}> dumpData............ Wall max =   0.377886
Timings{0}>                      Wall avg =   0.210547
Timings{0}>                      Wall min =  0.0418234
Timings{0}> 
Timings{0}> kick................ Wall max =  0.0282224
Timings{0}>                      Wall avg =  0.0257467
Timings{0}>                      Wall min =  0.0236251
Timings{0}> 
Timings{0}> drift............... Wall max =  0.0141149
Timings{0}>                      Wall avg =  0.0126416
Timings{0}>                      Wall min =  0.0115435
Timings{0}> 
Timings{0}> particleBC.......... Wall max =  0.0401161
Timings{0}>                      Wall avg =  0.0371338
Timings{0}>                      Wall min =  0.0347108
Timings{0}> 
Timings{0}> initializeShapeFunc. Wall max =          0
Timings{0}>                      Wall avg =          0
Timings{0}>                      Wall min =          0
Timings{0}> 
Timings{0}> findInternal........ Wall max =          0
Timings{0}>                      Wall avg =          0
Timings{0}>                      Wall min =          0
Timings{0}> 
Timings{0}> findPeriodic........ Wall max =          0
Timings{0}>                      Wall avg =          0
Timings{0}>                      Wall min =          0
Timings{0}> 
Timings{0}> NativeNUFFT::init... Wall max =          0
Timings{0}>                      Wall avg =          0
Timings{0}>                      Wall min =          0
Timings{0}> 
Timings{0}> updateParticle...... Wall max =   0.165332
Timings{0}>                      Wall avg =   0.157492
Timings{0}>                      Wall min =   0.147105
Timings{0}> 
Timings{0}> locateParticles..... Wall max =  0.0446823
Timings{0}>                      Wall avg =  0.0398922
Timings{0}>                      Wall min =  0.0372226
Timings{0}> 
Timings{0}> sendPreprocess...... Wall max =   0.017393
Timings{0}>                      Wall avg =  0.0104439
Timings{0}>                      Wall min = 0.000719356
Timings{0}> 
Timings{0}> particleSend........ Wall max =    0.01334
Timings{0}>                      Wall avg =  0.0110514
Timings{0}>                      Wall min = 0.00948945
Timings{0}> 
Timings{0}> particleRecv........ Wall max = 0.000264992
Timings{0}>                      Wall avg = 0.000209089
Timings{0}>                      Wall min = 0.000178837
Timings{0}> 
Timings{0}> particleDestroy..... Wall max =  0.0896058
Timings{0}>                      Wall avg =  0.0800699
Timings{0}>                      Wall min =  0.0748506
Timings{0}> 
Timings{0}> ScatterPIFNUFFT..... Wall max =    2.18169
Timings{0}>                      Wall avg =    2.13303
Timings{0}>                      Wall min =    2.08412
Timings{0}> 
Timings{0}> NativeNUFFT1........ Wall max =    2.14543
Timings{0}>                      Wall avg =    2.09671
Timings{0}>                      Wall min =    2.04876
Timings{0}> 
Timings{0}> scatterTimerNUFFT1.. Wall max =   0.690646
Timings{0}>                      Wall avg =   0.680874
Timings{0}>                      Wall min =    0.67358
Timings{0}> 
Timings{0}> binSort............. Wall max =  0.0887221
Timings{0}>                      Wall avg =  0.0826886
Timings{0}>                      Wall min =  0.0773356
Timings{0}> 
Timings{0}> binComputeKeys...... Wall max = 0.00692253
Timings{0}>                      Wall avg = 0.00639447
Timings{0}>                      Wall min = 0.00594005
Timings{0}> 
Timings{0}> binSortByKey........ Wall max =  0.0799329
Timings{0}>                      Wall avg =  0.0744907
Timings{0}>                      Wall min =  0.0696313
Timings{0}> 
Timings{0}> binComputeOffsets... Wall max = 0.00202176
Timings{0}>                      Wall avg = 0.00178431
Timings{0}>                      Wall min = 0.00164506
Timings{0}> 
Timings{0}> FFTNUFFT1........... Wall max =    1.45493
Timings{0}>                      Wall avg =    1.41188
Timings{0}>                      Wall min =    1.36877
Timings{0}> 
Timings{0}> deconvolutionNUFFT1. Wall max = 0.00502016
Timings{0}>                      Wall avg = 0.00392754
Timings{0}>                      Wall min = 0.00359326
Timings{0}> 
Timings{0}> GatherPIFNUFFT...... Wall max =    11.7731
Timings{0}>                      Wall avg =    11.5939
Timings{0}>                      Wall min =    11.4172
Timings{0}> 
Timings{0}> NativeNUFFT2........ Wall max =    11.6466
Timings{0}>                      Wall avg =    11.4721
Timings{0}>                      Wall min =       11.3
Timings{0}> 
Timings{0}> PrecorrectionNUFFT2. Wall max =  0.0231389
Timings{0}>                      Wall avg =  0.0201968
Timings{0}>                      Wall min =  0.0190573
Timings{0}> 
Timings{0}> FFTNUFFT2........... Wall max =    4.75762
Timings{0}>                      Wall avg =    4.35962
Timings{0}>                      Wall min =    3.90544
Timings{0}> 
Timings{0}> GatherNUFFT2........ Wall max =     7.6805
Timings{0}>                      Wall avg =    7.09219
Timings{0}>                      Wall min =    6.52311
Timings{0}> 
Timings{0}> ---------------------------------------------
Timings{0}>      Measurement counts:
Timings{0}> ---------------------------------------------
Timings{0}> mainTimer........... Count =          1
Timings{0}> particlesCreation... Count =          0
Timings{0}> dumpData............ Count =          6
Timings{0}> kick................ Count =         12
Timings{0}> drift............... Count =          6
Timings{0}> particleBC.......... Count =          6
Timings{0}> initializeShapeFunc. Count =          0
Timings{0}> findInternal........ Count =          0
Timings{0}> findPeriodic........ Count =          0
Timings{0}> NativeNUFFT::init... Count =          0
Timings{0}> updateParticle...... Count =          6
Timings{0}> locateParticles..... Count =          6
Timings{0}> sendPreprocess...... Count =          6
Timings{0}> particleSend........ Count =          6
Timings{0}> particleRecv........ Count =          6
Timings{0}> particleDestroy..... Count =          6
Timings{0}> ScatterPIFNUFFT..... Count =         12
Timings{0}> NativeNUFFT1........ Count =          6
Timings{0}> scatterTimerNUFFT1.. Count =          6
Timings{0}> binSort............. Count =          6
Timings{0}> binComputeKeys...... Count =          6
Timings{0}> binSortByKey........ Count =          6
Timings{0}> binComputeOffsets... Count =          6
Timings{0}> FFTNUFFT1........... Count =          6
Timings{0}> deconvolutionNUFFT1. Count =          6
Timings{0}> GatherPIFNUFFT...... Count =          6
Timings{0}> NativeNUFFT2........ Count =         18
Timings{0}> PrecorrectionNUFFT2. Count =         18
Timings{0}> FFTNUFFT2........... Count =         18
Timings{0}> GatherNUFFT2........ Count =         18
Timings{0}> ---------------------------------------------
Timings{0}> ---------------------------------------------
Timings{0}>      Per-occurrence statistics:
Timings{0}> ---------------------------------------------
Timings{0}> mainTimer........... n=    1  mean=   14.1872  std=         0  min=   14.1872  max=   14.1872
Timings{0}> dumpData............ n=    6  mean= 0.0172157  std=0.00110689  min= 0.0160267  max=  0.019084
Timings{0}> kick................ n=   12  mean=0.00232686  std=5.18836e-05  min=0.00226409  max=0.00239637
Timings{0}> drift............... n=    6  mean=0.00224238  std=6.33775e-05  min=0.00220441  max=0.00237049
Timings{0}> particleBC.......... n=    6  mean=0.00657509  std=1.08111e-05  min=0.00656092  max=0.00658366
Timings{0}> updateParticle...... n=    6  mean= 0.0245175  std=0.000295319  min= 0.0240603  max= 0.0248363
Timings{0}> locateParticles..... n=    6  mean=0.00629775  std=2.03011e-05  min=0.00627061  max=0.00632922
Timings{0}> sendPreprocess...... n=    6  mean=0.00140382  std=8.57437e-05  min=0.00126361  max=0.00150045
Timings{0}> particleSend........ n=    6  mean=0.00192412  std=0.000377574  min=0.00176332  max=0.00269478
Timings{0}> particleRecv........ n=    6  mean=3.46388e-05  std=2.52102e-06  min=3.1792e-05  max=3.8084e-05
Timings{0}> particleDestroy..... n=    6  mean= 0.0126043  std=2.67778e-05  min= 0.0125797  max= 0.0126487
Timings{0}> ScatterPIFNUFFT..... n=   12  mean=  0.178822  std=  0.184186  min=0.00249694  max=  0.359489
Timings{0}> NativeNUFFT1........ n=    6  mean=  0.351419  std=0.00488663  min=  0.341797  max=  0.355805
Timings{0}> scatterTimerNUFFT1.. n=    6  mean=  0.115108  std=0.00103537  min=  0.114129  max=  0.116638
Timings{0}> binSort............. n=    6  mean= 0.0145761  std=2.46262e-05  min= 0.0145367  max= 0.0146036
Timings{0}> binComputeKeys...... n=    6  mean=0.00114858  std=4.17794e-06  min=0.00114252  max=0.00115361
Timings{0}> binSortByKey........ n=    6  mean= 0.0131088  std=2.35479e-05  min= 0.0130746  max=  0.013136
Timings{0}> binComputeOffsets... n=    6  mean=0.000315638  std=1.35289e-06  min=0.000314471  max=0.000317987
Timings{0}> FFTNUFFT1........... n=    6  mean=  0.235502  std=0.00460838  min=  0.226402  max=  0.238357
Timings{0}> deconvolutionNUFFT1. n=    6  mean=0.00080622  std=6.42092e-06  min=0.000795063  max=0.000814441
Timings{0}> GatherPIFNUFFT...... n=    6  mean=   1.94888  std=0.00608619  min=   1.94352  max=   1.95929
Timings{0}> NativeNUFFT2........ n=   18  mean=  0.642579  std= 0.0065008  min=   0.63258  max=  0.658821
Timings{0}> PrecorrectionNUFFT2. n=   18  mean=0.00126717  std=2.76273e-05  min=0.00123748  max=0.00131793
Timings{0}> FFTNUFFT2........... n=   18  mean=   0.22438  std= 0.0088555  min=  0.216197  max=  0.249382
Timings{0}> GatherNUFFT2........ n=   18  mean=  0.416924  std=0.00763939  min=  0.401281  max=  0.427474
Timings{0}> ---------------------------------------------
