
================================================================================
NUFFT Scaling Benchmark
================================================================================
Number of ranks: 8
Grid size:       512^3
Particles:       1073741824 (8 per point)
Tolerance:       0.0001
CSV output:      results/nufft_scaling_8.csv
Component CSV:   results/nufft_components_8.csv

=== Benchmarking NUFFT Type 1 ===
Grid size:       512^3
Total particles: 1073741824
Local particles: 134217728
Spread method:   output_focused
Tolerance:       0.0001
Warmup runs:     3
Benchmark runs:  10
Running warmup...
Running benchmark...

NUFFT Type 1 Results:
  Ranks:       8
  Grid:        512^3
  Particles:   1073741824
  Mean time:   3257.548 ms
  Min time:    3226.011 ms
  Max time:    3273.916 ms
  Stddev:      12.817 ms
  Throughput:  329.62 Mpts/s

=== Benchmarking NUFFT Type 2 ===
Grid size:       512^3
Total particles: 1073741824
Local particles: 134217728
Gather method:   atomic_sort
Tolerance:       0.00
Warmup runs:     3
Benchmark runs:  10
Running warmup...
Running benchmark...

NUFFT Type 2 Results:
  Ranks:       8
  Grid:        512^3
  Particles:   1073741824
  Mean time:   2166.454 ms
  Min time:    2152.264 ms
  Max time:    2182.928 ms
  Stddev:      8.628 ms
  Throughput:  495.62 Mpts/s
[CSV] Timings written to results/nufft_scaling_8.csv

==================================================
COMPONENT TIMING BREAKDOWN
==================================================

Type-1 (spreading):
----------------------------------------
Scatter (spreading)         1168.34 ms
FFT (forward)               2065.74 ms
Deconvolution                  0.50 ms

Type-2 (interpolation):
----------------------------------------
Precorrection                  0.49 ms
FFT (backward)              2118.17 ms
Gather (interpolation)       108.53 ms

Total:
----------------------------------------
Complete Type-1             3234.59 ms
Complete Type-2             2227.22 ms
[CSV] Component timings written to results/nufft_components_8.csv

================================================================================
SUMMARY
================================================================================
Type 1: 3257.548 ms (329.62 Mpts/s)
Type 2: 2166.45 ms (495.62 Mpts/s)
================================================================================
