
================================================================================
NUFFT Scaling Benchmark
================================================================================
Number of ranks: 16
Grid size:       512^3
Particles:       1073741824 (8 per point)
Tolerance:       0.0001
CSV output:      nufft_scaling_16.csv
Component CSV:   nufft_components_16.csv

=== Benchmarking NUFFT Type 1 ===
Grid size:       512^3
Total particles: 1073741824
Local particles: 67108864
Spread method:   output_focused
Tolerance:       0.0001
Warmup runs:     3
Benchmark runs:  10
Running warmup...
Running benchmark...

NUFFT Type 1 Results:
  Ranks:       16
  Grid:        512^3
  Particles:   1073741824
  Mean time:   2401.785 ms
  Min time:    2399.130 ms
  Max time:    2405.702 ms
  Stddev:      2.413 ms
  Throughput:  447.06 Mpts/s

=== Benchmarking NUFFT Type 2 ===
Grid size:       512^3
Total particles: 1073741824
Local particles: 67108864
Gather method:   atomic_sort
Tolerance:       0.00
Warmup runs:     3
Benchmark runs:  10
