LandauDampingPIF{0}> Landau damping
LandauDampingPIF{0}> nt 10 Np= 1073741824 Fourier modes = ( 512 , 512 , 512 )
LandauDampingPIF{0}> particles created and initial conditions assigned 
LandauDampingPIF{0}> After init shape function 
LandauDampingPIF{0}> After init NUFFT 
LandauDampingPIF{0}> After update 
LandauDampingPIF{0}> After scatter 
LandauDampingPIF{0}> After gather 
LandauDampingPIF{0}> Starting iterations ...
LandauDampingPIF{0}> Finished time step: -2 time: 0.0122718
LandauDampingPIF{0}> Finished time step: -1 time: 0.0245437
LandauDampingPIF{0}> Finished time step: 0 time: 0.0368155
LandauDampingPIF{0}> Finished time step: 1 time: 0.0490874
LandauDampingPIF{0}> Finished time step: 2 time: 0.0613592
LandauDampingPIF{0}> Finished time step: 3 time: 0.0736311
LandauDampingPIF{0}> Finished time step: 4 time: 0.0859029
LandauDampingPIF{0}> Finished time step: 5 time: 0.0981748
LandauDampingPIF{0}> Finished time step: 6 time: 0.110447
LandauDampingPIF{0}> Finished time step: 7 time: 0.122718
LandauDampingPIF{0}> Finished time step: 8 time: 0.13499
LandauDampingPIF{0}> Finished time step: 9 time: 0.147262
LandauDampingPIF{0}> Finished time step: 10 time: 0.159534
LandauDampingPIF{0}> LandauDamping: End.
Timings{0}> ---------------------------------------------
Timings{0}>      Timing results for 16 rank(s):
Timings{0}> ---------------------------------------------
Timings{0}> mainTimer........... Wall tot =    223.439
Timings{0}> 
Timings{0}> particlesCreation... Wall max =          0
Timings{0}>                      Wall avg =          0
Timings{0}>                      Wall min =          0
Timings{0}> 
Timings{0}> dumpData............ Wall max =     3.0867
Timings{0}>                      Wall avg =    1.60202
Timings{0}>                      Wall min =   0.123944
Timings{0}> 
Timings{0}> kick................ Wall max =  0.0901815
Timings{0}>                      Wall avg =  0.0860715
Timings{0}>                      Wall min =  0.0802482
Timings{0}> 
Timings{0}> drift............... Wall max =  0.0439699
Timings{0}>                      Wall avg =  0.0417754
Timings{0}>                      Wall min =    0.03916
Timings{0}> 
Timings{0}> particleBC.......... Wall max =   0.128631
Timings{0}>                      Wall avg =   0.123738
Timings{0}>                      Wall min =   0.117669
Timings{0}> 
Timings{0}> initializeShapeFunc. Wall max =          0
Timings{0}>                      Wall avg =          0
Timings{0}>                      Wall min =          0
Timings{0}> 
Timings{0}> findInternal........ Wall max =          0
Timings{0}>                      Wall avg =          0
Timings{0}>                      Wall min =          0
Timings{0}> 
Timings{0}> findPeriodic........ Wall max =          0
Timings{0}>                      Wall avg =          0
Timings{0}>                      Wall min =          0
Timings{0}> 
Timings{0}> NativeNUFFT::init... Wall max =          0
Timings{0}>                      Wall avg =          0
Timings{0}>                      Wall min =          0
Timings{0}> 
Timings{0}> updateParticle...... Wall max =   0.452073
Timings{0}>                      Wall avg =   0.438621
Timings{0}>                      Wall min =   0.420054
Timings{0}> 
Timings{0}> locateParticles..... Wall max =   0.126989
Timings{0}>                      Wall avg =   0.116663
Timings{0}>                      Wall min =   0.107136
Timings{0}> 
Timings{0}> sendPreprocess...... Wall max =  0.0396235
Timings{0}>                      Wall avg =  0.0201549
Timings{0}>                      Wall min = 0.00191879
Timings{0}> 
Timings{0}> particleSend........ Wall max =  0.0360061
Timings{0}>                      Wall avg =   0.023935
Timings{0}>                      Wall min =  0.0206281
Timings{0}> 
Timings{0}> particleRecv........ Wall max = 0.000348385
Timings{0}>                      Wall avg = 0.000308388
Timings{0}>                      Wall min = 0.000266138
Timings{0}> 
Timings{0}> particleDestroy..... Wall max =   0.252077
Timings{0}>                      Wall avg =   0.230328
Timings{0}>                      Wall min =   0.211726
Timings{0}> 
Timings{0}> ScatterPIFNUFFT..... Wall max =     80.274
Timings{0}>                      Wall avg =    80.2473
Timings{0}>                      Wall min =    80.2213
Timings{0}> 
Timings{0}> NativeNUFFT1........ Wall max =    80.1552
Timings{0}>                      Wall avg =    80.1272
Timings{0}>                      Wall min =    80.1019
Timings{0}> 
Timings{0}> scatterTimerNUFFT1.. Wall max =    76.1581
Timings{0}>                      Wall avg =    76.1337
Timings{0}>                      Wall min =    76.1101
Timings{0}> 
Timings{0}> binSort............. Wall max =   0.286007
Timings{0}>                      Wall avg =   0.274827
Timings{0}>                      Wall min =   0.265291
Timings{0}> 
Timings{0}> binComputeKeys...... Wall max =   0.022317
Timings{0}>                      Wall avg =  0.0213781
Timings{0}>                      Wall min =  0.0202388
Timings{0}> 
Timings{0}> binSortByKey........ Wall max =   0.256342
Timings{0}>                      Wall avg =    0.24631
Timings{0}>                      Wall min =    0.23774
Timings{0}> 
Timings{0}> binComputeOffsets... Wall max =   0.007507
Timings{0}>                      Wall avg = 0.00710355
Timings{0}>                      Wall min = 0.00679721
Timings{0}> 
Timings{0}> FFTNUFFT1........... Wall max =    4.00018
Timings{0}>                      Wall avg =    3.98029
Timings{0}>                      Wall min =    3.95732
Timings{0}> 
Timings{0}> deconvolutionNUFFT1. Wall max =  0.0146144
Timings{0}>                      Wall avg =  0.0131551
Timings{0}>                      Wall min =  0.0115975
Timings{0}> 
Timings{0}> GatherPIFNUFFT...... Wall max =    142.331
Timings{0}>                      Wall avg =    140.846
Timings{0}>                      Wall min =    139.357
Timings{0}> 
Timings{0}> NativeNUFFT2........ Wall max =    141.925
Timings{0}>                      Wall avg =    140.441
Timings{0}>                      Wall min =     138.96
Timings{0}> 
Timings{0}> PrecorrectionNUFFT2. Wall max =  0.0708242
Timings{0}>                      Wall avg =  0.0672975
Timings{0}>                      Wall min =  0.0627725
Timings{0}> 
Timings{0}> FFTNUFFT2........... Wall max =    16.9845
Timings{0}>                      Wall avg =    13.9595
Timings{0}>                      Wall min =    10.9946
Timings{0}> 
Timings{0}> GatherNUFFT2........ Wall max =     130.86
Timings{0}>                      Wall avg =    126.414
Timings{0}>                      Wall min =    121.912
Timings{0}> 
Timings{0}> ---------------------------------------------
Timings{0}>      Measurement counts:
Timings{0}> ---------------------------------------------
Timings{0}> mainTimer........... Count =          1
Timings{0}> particlesCreation... Count =          0
Timings{0}> dumpData............ Count =         10
Timings{0}> kick................ Count =         20
Timings{0}> drift............... Count =         10
Timings{0}> particleBC.......... Count =         10
Timings{0}> initializeShapeFunc. Count =          0
Timings{0}> findInternal........ Count =          0
Timings{0}> findPeriodic........ Count =          0
Timings{0}> NativeNUFFT::init... Count =          0
Timings{0}> updateParticle...... Count =         10
Timings{0}> locateParticles..... Count =         10
Timings{0}> sendPreprocess...... Count =         10
Timings{0}> particleSend........ Count =         10
Timings{0}> particleRecv........ Count =         10
Timings{0}> particleDestroy..... Count =         10
Timings{0}> ScatterPIFNUFFT..... Count =         20
Timings{0}> NativeNUFFT1........ Count =         10
Timings{0}> scatterTimerNUFFT1.. Count =         10
Timings{0}> binSort............. Count =         10
Timings{0}> binComputeKeys...... Count =         10
Timings{0}> binSortByKey........ Count =         10
Timings{0}> binComputeOffsets... Count =         10
Timings{0}> FFTNUFFT1........... Count =         10
Timings{0}> deconvolutionNUFFT1. Count =         10
Timings{0}> GatherPIFNUFFT...... Count =         10
Timings{0}> NativeNUFFT2........ Count =         30
Timings{0}> PrecorrectionNUFFT2. Count =         30
Timings{0}> FFTNUFFT2........... Count =         30
Timings{0}> GatherNUFFT2........ Count =         30
Timings{0}> ---------------------------------------------
Timings{0}> ---------------------------------------------
Timings{0}>      Per-occurrence statistics:
Timings{0}> ---------------------------------------------
Timings{0}> mainTimer........... n=    1  mean=   223.439  std=         0  min=   223.439  max=   223.439
Timings{0}> dumpData............ n=   10  mean= 0.0431506  std=0.00168021  min= 0.0409211  max= 0.0456673
Timings{0}> kick................ n=   20  mean=0.00450908  std=9.17205e-05  min=0.00439382  max=0.00464436
Timings{0}> drift............... n=   10  mean=0.00426537  std=1.8752e-05  min=0.00423052  max=0.00429264
Timings{0}> particleBC.......... n=   10  mean= 0.0127362  std=5.01229e-05  min= 0.0126662  max= 0.0128043
Timings{0}> updateParticle...... n=   10  mean= 0.0441882  std=0.00418515  min= 0.0415082  max=  0.054989
Timings{0}> locateParticles..... n=   10  mean= 0.0109661  std=3.68759e-05  min= 0.0109204  max= 0.0110364
Timings{0}> sendPreprocess...... n=   10  mean=0.00207498  std=0.000148741  min=0.00175501  max=0.00226723
Timings{0}> particleSend........ n=   10  mean=0.00283028  std= 0.0020811  min=0.00212835  max=0.00875129
Timings{0}> particleRecv........ n=   10  mean=2.90072e-05  std=2.73834e-06  min= 2.578e-05  max=3.3765e-05
Timings{0}> particleDestroy..... n=   10  mean=  0.021595  std=6.57714e-05  min= 0.0215138  max= 0.0216933
Timings{0}> ScatterPIFNUFFT..... n=   20  mean=   4.01268  std=   4.11171  min=0.00507745  max=   8.02741
Timings{0}> NativeNUFFT1........ n=   10  mean=   8.01317  std=0.00726423  min=   7.99758  max=   8.02033
Timings{0}> scatterTimerNUFFT1.. n=   10  mean=   7.61189  std=0.00522579  min=   7.60111  max=    7.6197
Timings{0}> binSort............. n=   10  mean= 0.0282544  std=0.000137388  min= 0.0281198  max= 0.0284861
Timings{0}> binComputeKeys...... n=   10  mean=0.00222403  std=6.54901e-05  min=0.00219819  max=0.00241004
Timings{0}> binSortByKey........ n=   10  mean= 0.0253069  std=0.000111675  min=  0.025194  max= 0.0255161
Timings{0}> binComputeOffsets... n=   10  mean=0.00071994  std=1.66645e-06  min=0.000717942  max=0.000723262
Timings{0}> FFTNUFFT1........... n=   10  mean=  0.399829  std=0.00653427  min=  0.391321  max=  0.412769
Timings{0}> deconvolutionNUFFT1. n=   10  mean=0.00144143  std=5.62543e-06  min=0.00142735  max=0.00144769
Timings{0}> GatherPIFNUFFT...... n=   10  mean=   14.1997  std= 0.0254155  min=   14.1609  max=   14.2305
Timings{0}> NativeNUFFT2........ n=   30  mean=   4.71947  std= 0.0134568  min=   4.69679  max=   4.74229
Timings{0}> PrecorrectionNUFFT2. n=   30  mean=0.00235075  std=3.10998e-05  min=0.00230715  max=0.00241518
Timings{0}> FFTNUFFT2........... n=   30  mean=  0.384525  std= 0.0113583  min=  0.368485  max=  0.403497
Timings{0}> GatherNUFFT2........ n=   30  mean=   4.33258  std=0.00594854  min=   4.32238  max=   4.34782
Timings{0}> ---------------------------------------------
