LandauDampingPIF{0}> Landau damping
LandauDampingPIF{0}> nt 10 Np= 1073741824 Fourier modes = ( 512 , 512 , 512 )
LandauDampingPIF{0}> particles created and initial conditions assigned 
LandauDampingPIF{0}> After init shape function 
LandauDampingPIF{0}> After init NUFFT 
LandauDampingPIF{0}> After update 
LandauDampingPIF{0}> After scatter 
LandauDampingPIF{0}> After gather 
LandauDampingPIF{0}> Starting iterations ...
LandauDampingPIF{0}> Finished time step: -2 time: 0.0122718
LandauDampingPIF{0}> Finished time step: -1 time: 0.0245437
LandauDampingPIF{0}> Finished time step: 0 time: 0.0368155
LandauDampingPIF{0}> Finished time step: 1 time: 0.0490874
LandauDampingPIF{0}> Finished time step: 2 time: 0.0613592
LandauDampingPIF{0}> Finished time step: 3 time: 0.0736311
LandauDampingPIF{0}> Finished time step: 4 time: 0.0859029
LandauDampingPIF{0}> Finished time step: 5 time: 0.0981748
LandauDampingPIF{0}> Finished time step: 6 time: 0.110447
LandauDampingPIF{0}> Finished time step: 7 time: 0.122718
LandauDampingPIF{0}> Finished time step: 8 time: 0.13499
LandauDampingPIF{0}> Finished time step: 9 time: 0.147262
LandauDampingPIF{0}> Finished time step: 10 time: 0.159534
LandauDampingPIF{0}> LandauDamping: End.
Timings{0}> ---------------------------------------------
Timings{0}>      Timing results for 16 rank(s):
Timings{0}> ---------------------------------------------
Timings{0}> mainTimer........... Wall tot =    224.624
Timings{0}> 
Timings{0}> particlesCreation... Wall max =          0
Timings{0}>                      Wall avg =          0
Timings{0}>                      Wall min =          0
Timings{0}> 
Timings{0}> dumpData............ Wall max =    3.69186
Timings{0}>                      Wall avg =    2.07385
Timings{0}>                      Wall min =   0.317448
Timings{0}> 
Timings{0}> kick................ Wall max =  0.0894686
Timings{0}>                      Wall avg =  0.0846718
Timings{0}>                      Wall min =  0.0801248
Timings{0}> 
Timings{0}> drift............... Wall max =  0.0430604
Timings{0}>                      Wall avg =  0.0413651
Timings{0}>                      Wall min =  0.0397417
Timings{0}> 
Timings{0}> initializeShapeFunc. Wall max =          0
Timings{0}>                      Wall avg =          0
Timings{0}>                      Wall min =          0
Timings{0}> 
Timings{0}> findInternal........ Wall max =          0
Timings{0}>                      Wall avg =          0
Timings{0}>                      Wall min =          0
Timings{0}> 
Timings{0}> findPeriodic........ Wall max =          0
Timings{0}>                      Wall avg =          0
Timings{0}>                      Wall min =          0
Timings{0}> 
Timings{0}> NativeNUFFT::init... Wall max =          0
Timings{0}>                      Wall avg =          0
Timings{0}>                      Wall min =          0
Timings{0}> 
Timings{0}> particleBC.......... Wall max =   0.127588
Timings{0}>                      Wall avg =   0.123272
Timings{0}>                      Wall min =    0.11765
Timings{0}> 
Timings{0}> updateParticle...... Wall max =   0.462473
Timings{0}>                      Wall avg =   0.447621
Timings{0}>                      Wall min =   0.428929
Timings{0}> 
Timings{0}> locateParticles..... Wall max =   0.126783
Timings{0}>                      Wall avg =   0.116897
Timings{0}>                      Wall min =   0.107572
Timings{0}> 
Timings{0}> sendPreprocess...... Wall max =  0.0360023
Timings{0}>                      Wall avg =  0.0188464
Timings{0}>                      Wall min = 0.00104554
Timings{0}> 
Timings{0}> particleSend........ Wall max =  0.0363156
Timings{0}>                      Wall avg =  0.0240546
Timings{0}>                      Wall min =  0.0202639
Timings{0}> 
Timings{0}> particleRecv........ Wall max = 0.000409585
Timings{0}>                      Wall avg = 0.000329813
Timings{0}>                      Wall min = 0.000287458
Timings{0}> 
Timings{0}> particleDestroy..... Wall max =    0.25145
Timings{0}>                      Wall avg =    0.23004
Timings{0}>                      Wall min =   0.211519
Timings{0}> 
Timings{0}> ScatterPIFNUFFT..... Wall max =    79.7244
Timings{0}>                      Wall avg =    79.7128
Timings{0}>                      Wall min =    79.6995
Timings{0}> 
Timings{0}> NativeNUFFT1........ Wall max =    79.6645
Timings{0}>                      Wall avg =    79.6515
Timings{0}>                      Wall min =    79.6395
Timings{0}> 
Timings{0}> scatterTimerNUFFT1.. Wall max =    75.8057
Timings{0}>                      Wall avg =    75.7883
Timings{0}>                      Wall min =    75.7683
Timings{0}> 
Timings{0}> binSort............. Wall max =   0.285978
Timings{0}>                      Wall avg =   0.275507
Timings{0}>                      Wall min =   0.266045
Timings{0}> 
Timings{0}> binComputeKeys...... Wall max =  0.0220041
Timings{0}>                      Wall avg =  0.0212647
Timings{0}>                      Wall min =  0.0202281
Timings{0}> 
Timings{0}> binSortByKey........ Wall max =    0.25662
Timings{0}>                      Wall avg =   0.247065
Timings{0}>                      Wall min =   0.238628
Timings{0}> 
Timings{0}> binComputeOffsets... Wall max = 0.00735084
Timings{0}>                      Wall avg = 0.00712461
Timings{0}>                      Wall min = 0.00691124
Timings{0}> 
Timings{0}> FFTNUFFT1........... Wall max =    3.87524
Timings{0}>                      Wall avg =    3.86037
Timings{0}>                      Wall min =    3.84698
Timings{0}> 
Timings{0}> TwiddleAdd.......... Wall max =  0.0457199
Timings{0}>                      Wall avg =  0.0454764
Timings{0}>                      Wall min =  0.0451822
Timings{0}> 
Timings{0}> subFFTs............. Wall max =    3.82803
Timings{0}>                      Wall avg =    3.81357
Timings{0}>                      Wall min =    3.80005
Timings{0}> 
Timings{0}> deconvolutionNUFFT1. Wall max = 0.00288799
Timings{0}>                      Wall avg = 0.00279383
Timings{0}>                      Wall min = 0.00273229
Timings{0}> 
Timings{0}> GatherPIFNUFFT...... Wall max =    143.883
Timings{0}>                      Wall avg =    142.128
Timings{0}>                      Wall min =    140.506
Timings{0}> 
Timings{0}> NativeNUFFT2........ Wall max =     143.59
Timings{0}>                      Wall avg =    141.843
Timings{0}>                      Wall min =    140.231
Timings{0}> 
Timings{0}> PrecorrectionNUFFT2. Wall max = 0.00886487
Timings{0}>                      Wall avg = 0.00870239
Timings{0}>                      Wall min = 0.00855027
Timings{0}> 
Timings{0}> FFTNUFFT2........... Wall max =    18.3574
Timings{0}>                      Wall avg =    15.1322
Timings{0}>                      Wall min =    11.7081
Timings{0}> 
Timings{0}> subIFFTs............ Wall max =    18.1297
Timings{0}>                      Wall avg =    14.9031
Timings{0}>                      Wall min =    11.4766
Timings{0}> 
Timings{0}> StridedWrite........ Wall max =    0.20567
Timings{0}>                      Wall avg =     0.2027
Timings{0}>                      Wall min =   0.196949
Timings{0}> 
Timings{0}> GatherNUFFT2........ Wall max =    131.873
Timings{0}>                      Wall avg =    126.701
Timings{0}>                      Wall min =    121.864
Timings{0}> 
Timings{0}> ---------------------------------------------
Timings{0}>      Measurement counts:
Timings{0}> ---------------------------------------------
Timings{0}> mainTimer........... Count =          1
Timings{0}> particlesCreation... Count =          0
Timings{0}> dumpData............ Count =         10
Timings{0}> kick................ Count =         20
Timings{0}> drift............... Count =         10
Timings{0}> initializeShapeFunc. Count =          0
Timings{0}> findInternal........ Count =          0
Timings{0}> findPeriodic........ Count =          0
Timings{0}> NativeNUFFT::init... Count =          0
Timings{0}> particleBC.......... Count =         10
Timings{0}> updateParticle...... Count =         10
Timings{0}> locateParticles..... Count =         10
Timings{0}> sendPreprocess...... Count =         10
Timings{0}> particleSend........ Count =         10
Timings{0}> particleRecv........ Count =         10
Timings{0}> particleDestroy..... Count =         10
Timings{0}> ScatterPIFNUFFT..... Count =         20
Timings{0}> NativeNUFFT1........ Count =         10
Timings{0}> scatterTimerNUFFT1.. Count =         10
Timings{0}> binSort............. Count =         10
Timings{0}> binComputeKeys...... Count =         10
Timings{0}> binSortByKey........ Count =         10
Timings{0}> binComputeOffsets... Count =         10
Timings{0}> FFTNUFFT1........... Count =         10
Timings{0}> TwiddleAdd.......... Count =         20
Timings{0}> subFFTs............. Count =         20
Timings{0}> deconvolutionNUFFT1. Count =         10
Timings{0}> GatherPIFNUFFT...... Count =         10
Timings{0}> NativeNUFFT2........ Count =         30
Timings{0}> PrecorrectionNUFFT2. Count =         30
Timings{0}> FFTNUFFT2........... Count =         30
Timings{0}> subIFFTs............ Count =         60
Timings{0}> StridedWrite........ Count =         60
Timings{0}> GatherNUFFT2........ Count =         30
Timings{0}> ---------------------------------------------
Timings{0}> ---------------------------------------------
Timings{0}>      Per-occurrence statistics:
Timings{0}> ---------------------------------------------
Timings{0}> mainTimer........... n=    1  mean=   224.624  std=         0  min=   224.624  max=   224.624
Timings{0}> dumpData............ n=   10  mean= 0.0662338  std= 0.0335812  min=0.00846312  max=  0.111911
Timings{0}> kick................ n=   20  mean=0.00431714  std=7.35534e-05  min= 0.0042261  max=0.00440314
Timings{0}> drift............... n=   10  mean=0.00425505  std=1.38004e-05  min=0.00424147  max=0.00428235
Timings{0}> particleBC.......... n=   10  mean= 0.0127221  std=3.49868e-05  min= 0.0126822  max= 0.0127995
Timings{0}> updateParticle...... n=   10  mean= 0.0448539  std=0.00405266  min= 0.0425451  max= 0.0552077
Timings{0}> locateParticles..... n=   10  mean= 0.0109867  std=2.86495e-05  min= 0.0109518  max= 0.0110271
Timings{0}> sendPreprocess...... n=   10  mean=0.00197745  std=0.000142004  min=0.00176342  max=0.00222716
Timings{0}> particleSend........ n=   10  mean=0.00287142  std=0.00214765  min=0.00215338  max=0.00898283
Timings{0}> particleRecv........ n=   10  mean=3.30001e-05  std=2.63906e-06  min=2.7553e-05  max=3.5979e-05
Timings{0}> particleDestroy..... n=   10  mean= 0.0215265  std=5.93802e-05  min= 0.0214306  max=  0.021622
Timings{0}> ScatterPIFNUFFT..... n=   20  mean=   3.98529  std=   4.08819  min=0.000612118  max=   7.97587
Timings{0}> NativeNUFFT1........ n=   10  mean=   7.96426  std=0.00367621  min=   7.95929  max=   7.97017
Timings{0}> scatterTimerNUFFT1.. n=   10  mean=   7.57843  std=0.00329235  min=   7.57206  max=   7.58501
Timings{0}> binSort............. n=   10  mean= 0.0285978  std=0.000148092  min= 0.0284531  max= 0.0288885
Timings{0}> binComputeKeys...... n=   10  mean=0.00219867  std=8.76482e-06  min=0.00218319  max=0.00221165
Timings{0}> binSortByKey........ n=   10  mean=  0.025662  std=0.000145741  min=  0.025511  max= 0.0259471
Timings{0}> binComputeOffsets... n=   10  mean=0.00073201  std=1.78733e-06  min=0.000728604  max=0.000734334
Timings{0}> FFTNUFFT1........... n=   10  mean=  0.385543  std=0.00349985  min=  0.379913  max=  0.393453
Timings{0}> TwiddleAdd.......... n=   20  mean=0.00226786  std=2.38114e-06  min=0.00226456  max=0.00227246
Timings{0}> subFFTs............. n=   20  mean=  0.190437  std=0.00493262  min=  0.183816  max=  0.198729
Timings{0}> deconvolutionNUFFT1. n=   10  mean=0.000281313  std=3.20034e-06  min=0.000276978  max=0.000289251
Timings{0}> GatherPIFNUFFT...... n=   10  mean=   14.3538  std= 0.0495361  min=   14.2668  max=   14.4255
Timings{0}> NativeNUFFT2........ n=   30  mean=   4.77487  std= 0.0403393  min=   4.70749  max=   4.86272
Timings{0}> PrecorrectionNUFFT2. n=   30  mean=0.000292058  std=1.36884e-05  min=0.000279823  max=0.000313107
Timings{0}> FFTNUFFT2........... n=   30  mean=   0.41412  std= 0.0317283  min=  0.366535  max=  0.469173
Timings{0}> subIFFTs............ n=   60  mean=  0.203206  std= 0.0283239  min=  0.174099  max=  0.273278
Timings{0}> StridedWrite........ n=   60  mean=0.00341576  std=3.42946e-05  min=0.00337519  max=0.00361365
Timings{0}> GatherNUFFT2........ n=   30  mean=   4.36044  std= 0.0288659  min=   4.32896  max=   4.42988
Timings{0}> ---------------------------------------------
