LandauDampingPIF{0}> Landau damping
LandauDampingPIF{0}> nt 10 Np= 8589934592 Fourier modes = ( 1024 , 1024 , 1024 )
LandauDampingPIF{0}> particles created and initial conditions assigned 
LandauDampingPIF{0}> After init shape function 
LandauDampingPIF{0}> After init NUFFT 
LandauDampingPIF{0}> After update 
[Scatter] Auto-select: OutputFocused (tp=359.0 Mpts/s) for w=9 rho=1.15 (was Atomic)
[Scatter] Cache hit: method=OutputFocused w=9 cx=1 rho=1.15 -> tile=(2,3,3) team=256 osub=1 zb=32 tp=359.0 Mpts/s (rho_csv=1.25)
LandauDampingPIF{0}> After scatter 
LandauDampingPIF{0}> After gather 
LandauDampingPIF{0}> Starting iterations ...
LandauDampingPIF{0}> Finished time step: -2 time: 0.0122718
LandauDampingPIF{0}> Finished time step: -1 time: 0.0245437
LandauDampingPIF{0}> Finished time step: 0 time: 0.0368155
LandauDampingPIF{0}> Finished time step: 1 time: 0.0490874
LandauDampingPIF{0}> Finished time step: 2 time: 0.0613592
LandauDampingPIF{0}> Finished time step: 3 time: 0.0736311
LandauDampingPIF{0}> Finished time step: 4 time: 0.0859029
LandauDampingPIF{0}> Finished time step: 5 time: 0.0981748
LandauDampingPIF{0}> Finished time step: 6 time: 0.110447
LandauDampingPIF{0}> Finished time step: 7 time: 0.122718
LandauDampingPIF{0}> Finished time step: 8 time: 0.13499
LandauDampingPIF{0}> Finished time step: 9 time: 0.147262
LandauDampingPIF{0}> Finished time step: 10 time: 0.159534
LandauDampingPIF{0}> LandauDamping: End.
Timings{0}> ---------------------------------------------
Timings{0}>      Timing results for 1024 rank(s):
Timings{0}> ---------------------------------------------
Timings{0}> mainTimer........... Wall tot =    4.26304
Timings{0}> 
Timings{0}> particlesCreation... Wall max =          0
Timings{0}>                      Wall avg =          0
Timings{0}>                      Wall min =          0
Timings{0}> 
Timings{0}> dumpData............ Wall max =   0.111084
Timings{0}>                      Wall avg =  0.0882618
Timings{0}>                      Wall min =   0.067093
Timings{0}> 
Timings{0}> kick................ Wall max = 0.000284793
Timings{0}>                      Wall avg = 0.000171676
Timings{0}>                      Wall min = 0.000105531
Timings{0}> 
Timings{0}> drift............... Wall max = 8.8701e-05
Timings{0}>                      Wall avg = 6.30395e-05
Timings{0}>                      Wall min = 4.6624e-05
Timings{0}> 
Timings{0}> particleBC.......... Wall max = 0.00020988
Timings{0}>                      Wall avg = 0.000116166
Timings{0}>                      Wall min = 8.1854e-05
Timings{0}> 
Timings{0}> initializeShapeFunc. Wall max =          0
Timings{0}>                      Wall avg =          0
Timings{0}>                      Wall min =          0
Timings{0}> 
Timings{0}> findInternal........ Wall max =          0
Timings{0}>                      Wall avg =          0
Timings{0}>                      Wall min =          0
Timings{0}> 
Timings{0}> findPeriodic........ Wall max =          0
Timings{0}>                      Wall avg =          0
Timings{0}>                      Wall min =          0
Timings{0}> 
Timings{0}> NativeNUFFT::init... Wall max =          0
Timings{0}>                      Wall avg =          0
Timings{0}>                      Wall min =          0
Timings{0}> 
Timings{0}> updateParticle...... Wall max =   0.868839
Timings{0}>                      Wall avg =   0.383296
Timings{0}>                      Wall min =   0.148032
Timings{0}> 
Timings{0}> locateParticles..... Wall max =  0.0140157
Timings{0}>                      Wall avg =  0.0122937
Timings{0}>                      Wall min =  0.0109464
Timings{0}> 
Timings{0}> sendPreprocess...... Wall max = 0.00987586
Timings{0}>                      Wall avg = 0.00843009
Timings{0}>                      Wall min = 0.00658353
Timings{0}> 
Timings{0}> particleSend........ Wall max =  0.0166156
Timings{0}>                      Wall avg =  0.0116312
Timings{0}>                      Wall min =  0.0105807
Timings{0}> 
Timings{0}> particleRecv........ Wall max =   0.122791
Timings{0}>                      Wall avg = 0.00290498
Timings{0}>                      Wall min = 0.000911973
Timings{0}> 
Timings{0}> particleDestroy..... Wall max =  0.0224835
Timings{0}>                      Wall avg =  0.0136256
Timings{0}>                      Wall min =   0.012306
Timings{0}> 
Timings{0}> ScatterPIFNUFFT..... Wall max =    2.04311
Timings{0}>                      Wall avg =    1.81246
Timings{0}>                      Wall min =    1.31825
Timings{0}> 
Timings{0}> NativeNUFFT1........ Wall max =    2.02689
Timings{0}>                      Wall avg =      1.795
Timings{0}>                      Wall min =    1.29922
Timings{0}> 
Timings{0}> scatterTimerNUFFT1.. Wall max =    1.38093
Timings{0}>                      Wall avg =   0.878171
Timings{0}>                      Wall min =   0.570982
Timings{0}> 
Timings{0}> binSort............. Wall max =  0.0573213
Timings{0}>                      Wall avg =  0.0487414
Timings{0}>                      Wall min =  0.0430578
Timings{0}> 
Timings{0}> binComputeKeys...... Wall max =  0.0049835
Timings{0}>                      Wall avg = 0.00434846
Timings{0}>                      Wall min = 0.00376136
Timings{0}> 
Timings{0}> binSortByKey........ Wall max =  0.0502315
Timings{0}>                      Wall avg =  0.0416106
Timings{0}>                      Wall min =  0.0368611
Timings{0}> 
Timings{0}> binComputeOffsets... Wall max = 0.00324058
Timings{0}>                      Wall avg = 0.00273371
Timings{0}>                      Wall min = 0.00236889
Timings{0}> 
Timings{0}> FFTNUFFT1........... Wall max =    1.27243
Timings{0}>                      Wall avg =   0.914945
Timings{0}>                      Wall min =    0.48136
Timings{0}> 
Timings{0}> deconvolutionNUFFT1. Wall max = 0.00207747
Timings{0}>                      Wall avg = 0.00185273
Timings{0}>                      Wall min = 0.00176635
Timings{0}> 
Timings{0}> GatherPIFNUFFT...... Wall max =     1.9934
Timings{0}>                      Wall avg =    1.96303
Timings{0}>                      Wall min =    1.93229
Timings{0}> 
Timings{0}> NativeNUFFT2........ Wall max =     1.9843
Timings{0}>                      Wall avg =    1.95354
Timings{0}>                      Wall min =    1.92249
Timings{0}> 
Timings{0}> PrecorrectionNUFFT2. Wall max =  0.0196386
Timings{0}>                      Wall avg =  0.0178063
Timings{0}>                      Wall min =  0.0164987
Timings{0}> 
Timings{0}> FFTNUFFT2........... Wall max =    1.55809
Timings{0}>                      Wall avg =    1.48857
Timings{0}>                      Wall min =    1.42061
Timings{0}> 
Timings{0}> GatherNUFFT2........ Wall max =   0.270327
Timings{0}>                      Wall avg =   0.210966
Timings{0}>                      Wall min =   0.148876
Timings{0}> 
Timings{0}> ---------------------------------------------
Timings{0}>      Measurement counts:
Timings{0}> ---------------------------------------------
Timings{0}> mainTimer........... Count =          1
Timings{0}> particlesCreation... Count =          0
Timings{0}> dumpData............ Count =         10
Timings{0}> kick................ Count =         20
Timings{0}> drift............... Count =         10
Timings{0}> particleBC.......... Count =         10
Timings{0}> initializeShapeFunc. Count =          0
Timings{0}> findInternal........ Count =          0
Timings{0}> findPeriodic........ Count =          0
Timings{0}> NativeNUFFT::init... Count =          0
Timings{0}> updateParticle...... Count =         10
Timings{0}> locateParticles..... Count =         10
Timings{0}> sendPreprocess...... Count =         10
Timings{0}> particleSend........ Count =         10
Timings{0}> particleRecv........ Count =         10
Timings{0}> particleDestroy..... Count =         10
Timings{0}> ScatterPIFNUFFT..... Count =         20
Timings{0}> NativeNUFFT1........ Count =         10
Timings{0}> scatterTimerNUFFT1.. Count =         10
Timings{0}> binSort............. Count =         40
Timings{0}> binComputeKeys...... Count =         40
Timings{0}> binSortByKey........ Count =         40
Timings{0}> binComputeOffsets... Count =         40
Timings{0}> FFTNUFFT1........... Count =         10
Timings{0}> deconvolutionNUFFT1. Count =         10
Timings{0}> GatherPIFNUFFT...... Count =         10
Timings{0}> NativeNUFFT2........ Count =         30
Timings{0}> PrecorrectionNUFFT2. Count =         30
Timings{0}> FFTNUFFT2........... Count =         30
Timings{0}> GatherNUFFT2........ Count =         30
Timings{0}> ---------------------------------------------
Timings{0}> ---------------------------------------------
Timings{0}>      Per-occurrence statistics:
Timings{0}> ---------------------------------------------
Timings{0}> mainTimer........... n=    1  mean=   4.26302  std=         0  min=   4.26302  max=   4.26302
Timings{0}> dumpData............ n=   10  mean=0.00793609  std=0.00396029  min= 0.0038737  max= 0.0147842
Timings{0}> kick................ n=   20  mean=1.13932e-05  std=4.64243e-06  min= 5.824e-06  max=1.7919e-05
Timings{0}> drift............... n=   10  mean=5.4943e-06  std=6.23306e-07  min= 4.416e-06  max= 6.368e-06
Timings{0}> particleBC.......... n=   10  mean=1.01758e-05  std=1.25762e-06  min=  8.64e-06  max=1.1808e-05
Timings{0}> updateParticle...... n=   10  mean= 0.0555826  std= 0.0350779  min=0.00653493  max=  0.132825
Timings{0}> locateParticles..... n=   10  mean=0.00130466  std=5.81266e-06  min=0.00129833  max=0.00131548
Timings{0}> sendPreprocess...... n=   10  mean=0.000770296  std=0.000560313  min=0.000430194  max=0.00195476
Timings{0}> particleSend........ n=   10  mean=0.00127067  std=0.000129938  min=0.00113414  max=0.00146264
Timings{0}> particleRecv........ n=   10  mean=0.000253918  std=0.000273429  min=8.8957e-05  max=0.000867429
Timings{0}> particleDestroy..... n=   10  mean=0.00138376  std=8.7775e-06  min=0.00137589  max= 0.0013988
Timings{0}> ScatterPIFNUFFT..... n=   20  mean= 0.0820022  std= 0.0869348  min= 7.808e-06  max=  0.215097
Timings{0}> NativeNUFFT1........ n=   10  mean=  0.162415  std= 0.0318499  min=  0.106945  max=  0.213475
Timings{0}> scatterTimerNUFFT1.. n=   10  mean=   0.10638  std= 0.0273778  min= 0.0633326  max=  0.144893
Timings{0}> binSort............. n=   40  mean=0.00133879  std=2.17164e-05  min=0.00131439  max= 0.0013878
Timings{0}> binComputeKeys...... n=   40  mean= 0.0001206  std=2.80596e-06  min=0.000117084  max=0.000128316
Timings{0}> binSortByKey........ n=   40  mean=0.00114545  std=1.70628e-05  min=0.00112822  max=0.00118531
Timings{0}> binComputeOffsets... n=   40  mean=7.16657e-05  std=5.05222e-06  min=6.6174e-05  max=8.4125e-05
Timings{0}> FFTNUFFT1........... n=   10  mean= 0.0558341  std= 0.0167295  min= 0.0407059  max= 0.0848524
Timings{0}> deconvolutionNUFFT1. n=   10  mean=0.000198877  std=9.77487e-06  min=0.000189498  max=0.000224601
Timings{0}> GatherPIFNUFFT...... n=   10  mean=  0.197086  std=0.00661526  min=  0.189354  max=  0.208562
Timings{0}> NativeNUFFT2........ n=   30  mean= 0.0653488  std=0.00408092  min=  0.060722  max= 0.0752629
Timings{0}> PrecorrectionNUFFT2. n=   30  mean=0.000646992  std=0.000133959  min=0.00045189  max=0.000776424
Timings{0}> FFTNUFFT2........... n=   30  mean= 0.0482572  std=0.00450256  min= 0.0422695  max= 0.0605845
Timings{0}> GatherNUFFT2........ n=   30  mean=0.00783585  std= 0.0027806  min=0.00390359  max= 0.0183993
Timings{0}> ---------------------------------------------
