libfabric:25718:1773699004::cxi:core:cxip_query_if_list():548<warn> nid007355: CXI retry handler not running for device: cxi3
libfabric:25717:1773699004::cxi:core:cxip_query_if_list():548<warn> nid007355: CXI retry handler not running for device: cxi3
libfabric:25716:1773699004::cxi:core:cxip_query_if_list():548<warn> nid007355: CXI retry handler not running for device: cxi3
libfabric:25720:1773699004::cxi:core:cxip_query_if_list():548<warn> nid007355: CXI retry handler not running for device: cxi3
libfabric:25715:1773699004::cxi:core:cxip_query_if_list():548<warn> nid007355: CXI retry handler not running for device: cxi3
libfabric:25722:1773699004::cxi:core:cxip_query_if_list():548<warn> nid007355: CXI retry handler not running for device: cxi3
libfabric:25721:1773699004::cxi:core:cxip_query_if_list():548<warn> nid007355: CXI retry handler not running for device: cxi3
libfabric:25719:1773699004::cxi:core:cxip_query_if_list():548<warn> nid007355: CXI retry handler not running for device: cxi3
PE 0:  == Node nid005153 has 4 NIC(s) available
PE 0:  == Node nid005365 has 4 NIC(s) available
PE 0:  == Node nid005366 has 4 NIC(s) available
PE 0:  == Node nid005367 has 4 NIC(s) available
PE 0:  == Node nid005368 has 4 NIC(s) available
PE 0:  == Node nid005459 has 4 NIC(s) available
PE 0:  == Node nid005460 has 4 NIC(s) available
PE 0:  == Node nid005461 has 4 NIC(s) available
PE 0:  == Node nid005462 has 4 NIC(s) available
PE 0:  == Node nid005463 has 4 NIC(s) available
PE 0:  == Node nid005464 has 4 NIC(s) available
PE 0:  == Node nid005465 has 4 NIC(s) available
PE 0:  == Node nid005777 has 4 NIC(s) available
PE 0:  == Node nid005778 has 4 NIC(s) available
PE 0:  == Node nid005779 has 4 NIC(s) available
PE 0:  == Node nid005780 has 4 NIC(s) available
PE 0:  == Node nid005781 has 4 NIC(s) available
PE 0:  == Node nid005782 has 4 NIC(s) available
PE 0:  == Node nid005783 has 4 NIC(s) available
PE 0:  == Node nid005784 has 4 NIC(s) available
PE 0:  == Node nid005809 has 4 NIC(s) available
PE 0:  == Node nid005810 has 4 NIC(s) available
PE 0:  == Node nid005811 has 4 NIC(s) available
PE 0:  == Node nid005812 has 4 NIC(s) available
PE 0:  == Node nid005907 has 4 NIC(s) available
PE 0:  == Node nid005908 has 4 NIC(s) available
PE 0:  == Node nid005909 has 4 NIC(s) available
PE 0:  == Node nid005910 has 4 NIC(s) available
PE 0:  == Node nid005911 has 4 NIC(s) available
PE 0:  == Node nid005912 has 4 NIC(s) available
PE 0:  == Node nid005913 has 4 NIC(s) available
PE 0:  == Node nid005982 has 4 NIC(s) available
PE 0:  == Node nid005983 has 4 NIC(s) available
PE 0:  == Node nid005984 has 4 NIC(s) available
PE 0:  == Node nid005985 has 4 NIC(s) available
PE 0:  == Node nid005986 has 4 NIC(s) available
PE 0:  == Node nid005987 has 4 NIC(s) available
PE 0:  == Node nid005988 has 4 NIC(s) available
PE 0:  == Node nid006061 has 4 NIC(s) available
PE 0:  == Node nid006062 has 4 NIC(s) available
PE 0:  == Node nid006063 has 4 NIC(s) available
PE 0:  == Node nid006064 has 4 NIC(s) available
PE 0:  == Node nid006065 has 4 NIC(s) available
PE 0:  == Node nid006091 has 4 NIC(s) available
PE 0:  == Node nid006092 has 4 NIC(s) available
PE 0:  == Node nid006093 has 4 NIC(s) available
PE 0:  == Node nid006094 has 4 NIC(s) available
PE 0:  == Node nid006095 has 4 NIC(s) available
PE 0:  == Node nid006096 has 4 NIC(s) available
PE 0:  == Node nid006097 has 4 NIC(s) available
PE 0:  == Node nid006176 has 4 NIC(s) available
PE 0:  == Node nid006177 has 4 NIC(s) available
PE 0:  == Node nid006178 has 4 NIC(s) available
PE 0:  == Node nid006179 has 4 NIC(s) available
PE 0:  == Node nid006180 has 4 NIC(s) available
PE 0:  == Node nid006181 has 4 NIC(s) available
PE 0:  == Node nid006239 has 4 NIC(s) available
PE 0:  == Node nid006240 has 4 NIC(s) available
PE 0:  == Node nid006241 has 4 NIC(s) available
PE 0:  == Node nid006242 has 4 NIC(s) available
PE 0:  == Node nid006243 has 4 NIC(s) available
PE 0:  == Node nid006380 has 4 NIC(s) available
PE 0:  == Node nid006381 has 4 NIC(s) available
PE 0:  == Node nid006382 has 4 NIC(s) available
PE 0:  == Node nid006383 has 4 NIC(s) available
PE 0:  == Node nid006384 has 4 NIC(s) available
PE 0:  == Node nid006452 has 4 NIC(s) available
PE 0:  == Node nid006453 has 4 NIC(s) available
PE 0:  == Node nid006454 has 4 NIC(s) available
PE 0:  == Node nid006455 has 4 NIC(s) available
PE 0:  == Node nid006456 has 4 NIC(s) available
PE 0:  == Node nid006459 has 4 NIC(s) available
PE 0:  == Node nid006460 has 4 NIC(s) available
PE 0:  == Node nid006461 has 4 NIC(s) available
PE 0:  == Node nid006551 has 4 NIC(s) available
PE 0:  == Node nid006552 has 4 NIC(s) available
PE 0:  == Node nid006553 has 4 NIC(s) available
PE 0:  == Node nid006554 has 4 NIC(s) available
PE 0:  == Node nid006632 has 4 NIC(s) available
PE 0:  == Node nid006633 has 4 NIC(s) available
PE 0:  == Node nid006634 has 4 NIC(s) available
PE 0:  == Node nid006635 has 4 NIC(s) available
PE 0:  == Node nid006636 has 4 NIC(s) available
PE 0:  == Node nid006637 has 4 NIC(s) available
PE 0:  == Node nid006638 has 4 NIC(s) available
PE 0:  == Node nid006640 has 4 NIC(s) available
PE 0:  == Node nid006641 has 4 NIC(s) available
PE 0:  == Node nid006642 has 4 NIC(s) available
PE 0:  == Node nid006643 has 4 NIC(s) available
PE 0:  == Node nid006644 has 4 NIC(s) available
PE 0:  == Node nid006645 has 4 NIC(s) available
PE 0:  == Node nid006682 has 4 NIC(s) available
PE 0:  == Node nid006683 has 4 NIC(s) available
PE 0:  == Node nid006684 has 4 NIC(s) available
PE 0:  == Node nid006685 has 4 NIC(s) available
PE 0:  == Node nid006797 has 4 NIC(s) available
PE 0:  == Node nid006798 has 4 NIC(s) available
PE 0:  == Node nid006799 has 4 NIC(s) available
PE 0:  == Node nid006800 has 4 NIC(s) available
PE 0:  == Node nid006801 has 4 NIC(s) available
PE 0:  == Node nid006803 has 4 NIC(s) available
PE 0:  == Node nid006804 has 4 NIC(s) available
PE 0:  == Node nid006805 has 4 NIC(s) available
PE 0:  == Node nid006806 has 4 NIC(s) available
PE 0:  == Node nid006820 has 4 NIC(s) available
PE 0:  == Node nid006821 has 4 NIC(s) available
PE 0:  == Node nid006822 has 4 NIC(s) available
PE 0:  == Node nid006823 has 4 NIC(s) available
PE 0:  == Node nid006824 has 4 NIC(s) available
PE 0:  == Node nid006825 has 4 NIC(s) available
PE 0:  == Node nid006826 has 4 NIC(s) available
PE 0:  == Node nid007084 has 4 NIC(s) available
PE 0:  == Node nid007085 has 4 NIC(s) available
PE 0:  == Node nid007086 has 4 NIC(s) available
PE 0:  == Node nid007087 has 4 NIC(s) available
PE 0:  == Node nid007088 has 4 NIC(s) available
PE 0:  == Node nid007089 has 4 NIC(s) available
PE 0:  == Node nid007182 has 4 NIC(s) available
PE 0:  == Node nid007183 has 4 NIC(s) available
PE 0:  == Node nid007184 has 4 NIC(s) available
PE 0:  == Node nid007185 has 4 NIC(s) available
PE 0:  == Node nid007352 has 4 NIC(s) available
PE 0:  == Node nid007353 has 4 NIC(s) available
PE 0:  == Node nid007354 has 4 NIC(s) available
PE 0:  == Node nid007355 has 3 NIC(s) available
PE 0:  == Node nid007356 has 4 NIC(s) available
PE 0:  == Node nid007357 has 4 NIC(s) available
PE 0:  == Node nid007358 has 4 NIC(s) available
PE 0: 
MPICH ERROR: All nodes in this job do not contain the same number of NICs. Aborting job as performance may be affected.
Set MPICH_OFI_SKIP_NIC_SYMMETRY_TEST=1 to bypass this check.
MPICH ERROR [Rank 0] [job id 16777431.0] [Tue Mar 17 00:10:04 2026] [nid005153] - Abort(-1) (rank 0 in comm 0): Inconsistent number of NICs across the job (Other MPI error)

aborting job:
Inconsistent number of NICs across the job
srun: error: nid005153: task 0: Exited with exit code 255
srun: Terminating StepId=16777431.0
slurmstepd: error: *** STEP 16777431.0 ON nid005153 CANCELLED AT 2026-03-17T00:10:05 ***
srun: error: nid007084: tasks 888-895: Terminated
srun: error: nid007086: tasks 904-911: Terminated
srun: error: nid006632: tasks 624-631: Terminated
srun: error: nid006642: tasks 696-703: Terminated
srun: error: nid007353: tasks 976-983: Terminated
srun: error: nid006063: tasks 320-327: Terminated
srun: error: nid006241: tasks 464-471: Terminated
srun: error: nid006641: tasks 688-695: Terminated
srun: error: nid005988: tasks 296-303: Terminated
srun: error: nid005912: tasks 232-239: Terminated
srun: error: nid005780: tasks 120-127: Terminated
srun: error: nid006806: tasks 824-831: Terminated
srun: error: nid005784: tasks 152-159: Terminated
srun: error: nid005779: tasks 112-119: Terminated
srun: error: nid006181: tasks 440-447: Terminated
srun: error: nid006094: tasks 368-375: Terminated
srun: error: nid005982: tasks 248-255: Terminated
srun: error: nid006459: tasks 568-575: Terminated
srun: error: nid006452: tasks 528-535: Terminated
srun: error: nid006553: tasks 608-615: Terminated
srun: error: nid005810: tasks 168-175: Terminated
srun: error: nid005908: tasks 200-207: Terminated
srun: error: nid005809: tasks 160-167: Terminated
srun: error: nid006638: tasks 672-679: Terminated
srun: error: nid007085: tasks 896-903: Terminated
srun: error: nid007356: tasks 1000-1007: Terminated
srun: error: nid006382: tasks 504-511: Terminated
srun: error: nid005911: tasks 224-231: Terminated
srun: error: nid006384: tasks 520-527: Terminated
srun: error: nid006240: tasks 456-463: Terminated
srun: error: nid007183: tasks 944-951: Terminated
srun: error: nid006804: tasks 808-815: Terminated
srun: error: nid006180: tasks 432-439: Terminated
srun: error: nid006799: tasks 776-783: Terminated
srun: error: nid006820: tasks 832-839: Terminated
srun: error: nid006093: tasks 360-367: Terminated
srun: error: nid006453: tasks 536-543: Terminated
srun: error: nid006061: tasks 304-311: Terminated
srun: error: nid006821: tasks 840-847: Terminated
srun: error: nid006822: tasks 848-855: Terminated
srun: error: nid006552: tasks 600-607: Terminated
srun: error: nid005985: tasks 272-279: Terminated
srun: error: nid005465: tasks 88-95: Terminated
srun: error: nid005781: tasks 128-135: Terminated
srun: error: nid005782: tasks 136-143: Terminated
srun: error: nid005367: tasks 24-31: Terminated
srun: error: nid006383: tasks 512-519: Terminated
srun: error: nid006637: tasks 664-671: Terminated
srun: error: nid006682: tasks 728-735: Terminated
srun: error: nid006824: tasks 864-871: Terminated
srun: error: nid006178: tasks 416-423: Terminated
srun: error: nid005460: tasks 48-55: Terminated
srun: error: nid005463: tasks 72-79: Terminated
srun: error: nid005983: tasks 256-263: Terminated
srun: error: nid005910: tasks 216-223: Terminated
srun: error: nid006380: tasks 488-495: Terminated
srun: error: nid005986: tasks 280-287: Terminated
srun: error: nid006685: tasks 752-759: Terminated
srun: error: nid006644: tasks 712-719: Terminated
srun: error: nid007352: tasks 968-975: Terminated
srun: error: nid005459: tasks 40-47: Terminated
srun: error: nid007087: tasks 912-919: Terminated
srun: error: nid006176: tasks 400-407: Terminated
srun: error: nid007185: tasks 960-967: Terminated
srun: error: nid006643: tasks 704-711: Terminated
srun: error: nid006683: tasks 736-743: Terminated
srun: error: nid006635: tasks 648-655: Terminated
srun: error: nid005811: tasks 176-183: Terminated
srun: error: nid005909: tasks 208-215: Terminated
srun: error: nid007354: tasks 984-991: Terminated
srun: error: nid007088: tasks 920-927: Terminated
srun: error: nid006381: tasks 496-503: Terminated
srun: error: nid006798: tasks 768-775: Terminated
srun: error: nid007355: tasks 992-999: Terminated
srun: error: nid006797: tasks 760-767: Terminated
srun: error: nid006065: tasks 336-343: Terminated
srun: error: nid006640: tasks 680-687: Terminated
srun: error: nid007184: tasks 952-959: Terminated
srun: error: nid006062: tasks 312-319: Terminated
srun: error: nid005464: tasks 80-87: Terminated
srun: error: nid006064: tasks 328-335: Terminated
srun: error: nid005987: tasks 288-295: Terminated
srun: error: nid006456: tasks 560-567: Terminated
srun: error: nid006454: tasks 544-551: Terminated
srun: error: nid005907: tasks 192-199: Terminated
srun: error: nid005461: tasks 56-63: Terminated
srun: error: nid006634: tasks 640-647: Terminated
srun: error: nid007357: tasks 1008-1015: Terminated
srun: error: nid005365: tasks 8-15: Terminated
srun: error: nid007089: tasks 928-935: Terminated
srun: error: nid005984: tasks 264-271: Terminated
srun: error: nid007358: tasks 1016-1023: Terminated
srun: error: nid006800: tasks 784-791: Terminated
srun: error: nid006177: tasks 408-415: Terminated
srun: error: nid006803: tasks 800-807: Terminated
srun: error: nid006095: tasks 376-383: Terminated
srun: error: nid006645: tasks 720-727: Terminated
srun: error: nid006461: tasks 584-591: Terminated
srun: error: nid006092: tasks 352-359: Terminated
srun: error: nid005777: tasks 96-103: Terminated
srun: error: nid006825: tasks 872-879: Terminated
srun: error: nid006805: tasks 816-823: Terminated
srun: error: nid005778: tasks 104-111: Terminated
srun: error: nid006096: tasks 384-391: Terminated
srun: error: nid006684: tasks 744-751: Terminated
srun: error: nid006460: tasks 576-583: Terminated
srun: error: nid006633: tasks 632-639: Terminated
srun: error: nid006823: tasks 856-863: Terminated
srun: error: nid007182: tasks 936-943: Terminated
srun: error: nid005153: tasks 1-7: Terminated
srun: error: nid006243: tasks 480-487: Terminated
srun: error: nid005913: tasks 240-247: Terminated
srun: error: nid006091: tasks 344-351: Terminated
srun: error: nid006636: tasks 656-663: Terminated
srun: error: nid005366: tasks 16-23: Terminated
srun: error: nid006554: tasks 616-623: Terminated
srun: error: nid006551: tasks 592-599: Terminated
srun: error: nid005783: tasks 144-151: Terminated
srun: error: nid006455: tasks 552-559: Terminated
srun: error: nid005462: tasks 64-71: Terminated
srun: error: nid006097: tasks 392-399: Terminated
srun: error: nid006801: tasks 792-799: Terminated
srun: error: nid006242: tasks 472-479: Terminated
srun: error: nid005812: tasks 184-191: Terminated
srun: error: nid005368: tasks 32-39: Terminated
srun: error: nid006239: tasks 448-455: Terminated
srun: error: nid006826: tasks 880-887: Terminated
srun: error: nid006179: tasks 424-431: Terminated
srun: Force Terminated StepId=16777431.0
