LandauDampingPIF{0}> Landau damping
LandauDampingPIF{0}> nt 10 Np= 8589934592 Fourier modes = ( 1024 , 1024 , 1024 )
LandauDampingPIF{0}> particles created and initial conditions assigned 
LandauDampingPIF{0}> After init shape function 
LandauDampingPIF{0}> After init NUFFT 
LandauDampingPIF{0}> After update 
[Scatter] Auto-select: OutputFocused (tp=359.0 Mpts/s) for w=9 rho=1.14 (was Atomic)
[Scatter] Cache hit: method=OutputFocused w=9 cx=1 rho=1.14 -> tile=(2,3,3) team=256 osub=1 zb=32 tp=359.0 Mpts/s (rho_csv=1.25)
LandauDampingPIF{0}> After scatter 
LandauDampingPIF{0}> After gather 
LandauDampingPIF{0}> Starting iterations ...
LandauDampingPIF{0}> Finished time step: -2 time: 0.0122718
LandauDampingPIF{0}> Finished time step: -1 time: 0.0245437
LandauDampingPIF{0}> Finished time step: 0 time: 0.0368155
LandauDampingPIF{0}> Finished time step: 1 time: 0.0490874
LandauDampingPIF{0}> Finished time step: 2 time: 0.0613592
LandauDampingPIF{0}> Finished time step: 3 time: 0.0736311
LandauDampingPIF{0}> Finished time step: 4 time: 0.0859029
LandauDampingPIF{0}> Finished time step: 5 time: 0.0981748
LandauDampingPIF{0}> Finished time step: 6 time: 0.110447
LandauDampingPIF{0}> Finished time step: 7 time: 0.122718
LandauDampingPIF{0}> Finished time step: 8 time: 0.13499
LandauDampingPIF{0}> Finished time step: 9 time: 0.147262
LandauDampingPIF{0}> Finished time step: 10 time: 0.159534
LandauDampingPIF{0}> LandauDamping: End.
Timings{0}> ---------------------------------------------
Timings{0}>      Timing results for 512 rank(s):
Timings{0}> ---------------------------------------------
Timings{0}> mainTimer........... Wall tot =    7.06397
Timings{0}> 
Timings{0}> particlesCreation... Wall max =          0
Timings{0}>                      Wall avg =          0
Timings{0}>                      Wall min =          0
Timings{0}> 
Timings{0}> dumpData............ Wall max =   0.157454
Timings{0}>                      Wall avg =   0.120271
Timings{0}>                      Wall min =  0.0624469
Timings{0}> 
Timings{0}> kick................ Wall max = 0.000430291
Timings{0}>                      Wall avg = 0.000294185
Timings{0}>                      Wall min = 0.000172379
Timings{0}> 
Timings{0}> drift............... Wall max = 9.5357e-05
Timings{0}>                      Wall avg = 6.99013e-05
Timings{0}>                      Wall min = 4.8895e-05
Timings{0}> 
Timings{0}> particleBC.......... Wall max =  0.0001742
Timings{0}>                      Wall avg = 0.000117414
Timings{0}>                      Wall min = 8.3551e-05
Timings{0}> 
Timings{0}> initializeShapeFunc. Wall max =          0
Timings{0}>                      Wall avg =          0
Timings{0}>                      Wall min =          0
Timings{0}> 
Timings{0}> findInternal........ Wall max =          0
Timings{0}>                      Wall avg =          0
Timings{0}>                      Wall min =          0
Timings{0}> 
Timings{0}> findPeriodic........ Wall max =          0
Timings{0}>                      Wall avg =          0
Timings{0}>                      Wall min =          0
Timings{0}> 
Timings{0}> NativeNUFFT::init... Wall max =          0
Timings{0}>                      Wall avg =          0
Timings{0}>                      Wall min =          0
Timings{0}> 
Timings{0}> updateParticle...... Wall max =    1.27736
Timings{0}>                      Wall avg =   0.535191
Timings{0}>                      Wall min =   0.224311
Timings{0}> 
Timings{0}> locateParticles..... Wall max =  0.0254817
Timings{0}>                      Wall avg =  0.0211975
Timings{0}>                      Wall min =  0.0189424
Timings{0}> 
Timings{0}> sendPreprocess...... Wall max =  0.0129513
Timings{0}>                      Wall avg =  0.0105803
Timings{0}>                      Wall min = 0.00625244
Timings{0}> 
Timings{0}> particleSend........ Wall max =  0.0149835
Timings{0}>                      Wall avg =  0.0123156
Timings{0}>                      Wall min =  0.0110923
Timings{0}> 
Timings{0}> particleRecv........ Wall max =  0.0623501
Timings{0}>                      Wall avg = 0.00302613
Timings{0}>                      Wall min = 0.000636362
Timings{0}> 
Timings{0}> particleDestroy..... Wall max =  0.0252602
Timings{0}>                      Wall avg =  0.0213071
Timings{0}>                      Wall min =  0.0187866
Timings{0}> 
Timings{0}> ScatterPIFNUFFT..... Wall max =    2.99305
Timings{0}>                      Wall avg =    2.67197
Timings{0}>                      Wall min =    1.92314
Timings{0}> 
Timings{0}> NativeNUFFT1........ Wall max =    2.96839
Timings{0}>                      Wall avg =    2.64605
Timings{0}>                      Wall min =    1.89576
Timings{0}> 
Timings{0}> scatterTimerNUFFT1.. Wall max =    1.77936
Timings{0}>                      Wall avg =    1.34207
Timings{0}>                      Wall min =   0.831879
Timings{0}> 
Timings{0}> binSort............. Wall max =   0.100696
Timings{0}>                      Wall avg =  0.0879447
Timings{0}>                      Wall min =  0.0777267
Timings{0}> 
Timings{0}> binComputeKeys...... Wall max = 0.00919737
Timings{0}>                      Wall avg = 0.00814009
Timings{0}>                      Wall min =  0.0070691
Timings{0}> 
Timings{0}> binSortByKey........ Wall max =  0.0861484
Timings{0}>                      Wall avg =  0.0752587
Timings{0}>                      Wall min =  0.0664497
Timings{0}> 
Timings{0}> binComputeOffsets... Wall max = 0.00531162
Timings{0}>                      Wall avg = 0.00448112
Timings{0}>                      Wall min = 0.00392116
Timings{0}> 
Timings{0}> FFTNUFFT1........... Wall max =    1.79352
Timings{0}>                      Wall avg =    1.30036
Timings{0}>                      Wall min =   0.815405
Timings{0}> 
Timings{0}> deconvolutionNUFFT1. Wall max = 0.00398196
Timings{0}>                      Wall avg = 0.00359808
Timings{0}>                      Wall min = 0.00329507
Timings{0}> 
Timings{0}> GatherPIFNUFFT...... Wall max =     3.7832
Timings{0}>                      Wall avg =    3.71192
Timings{0}>                      Wall min =    3.65129
Timings{0}> 
Timings{0}> NativeNUFFT2........ Wall max =      3.771
Timings{0}>                      Wall avg =    3.69943
Timings{0}>                      Wall min =    3.63821
Timings{0}> 
Timings{0}> PrecorrectionNUFFT2. Wall max =  0.0367478
Timings{0}>                      Wall avg =  0.0342688
Timings{0}>                      Wall min =  0.0320548
Timings{0}> 
Timings{0}> FFTNUFFT2........... Wall max =    2.98239
Timings{0}>                      Wall avg =    2.83929
Timings{0}>                      Wall min =    2.72761
Timings{0}> 
Timings{0}> GatherNUFFT2........ Wall max =   0.471692
Timings{0}>                      Wall avg =   0.357739
Timings{0}>                      Wall min =    0.20448
Timings{0}> 
Timings{0}> ---------------------------------------------
Timings{0}>      Measurement counts:
Timings{0}> ---------------------------------------------
Timings{0}> mainTimer........... Count =          1
Timings{0}> particlesCreation... Count =          0
Timings{0}> dumpData............ Count =         10
Timings{0}> kick................ Count =         20
Timings{0}> drift............... Count =         10
Timings{0}> particleBC.......... Count =         10
Timings{0}> initializeShapeFunc. Count =          0
Timings{0}> findInternal........ Count =          0
Timings{0}> findPeriodic........ Count =          0
Timings{0}> NativeNUFFT::init... Count =          0
Timings{0}> updateParticle...... Count =         10
Timings{0}> locateParticles..... Count =         10
Timings{0}> sendPreprocess...... Count =         10
Timings{0}> particleSend........ Count =         10
Timings{0}> particleRecv........ Count =         10
Timings{0}> particleDestroy..... Count =         10
Timings{0}> ScatterPIFNUFFT..... Count =         20
Timings{0}> NativeNUFFT1........ Count =         10
Timings{0}> scatterTimerNUFFT1.. Count =         10
Timings{0}> binSort............. Count =         40
Timings{0}> binComputeKeys...... Count =         40
Timings{0}> binSortByKey........ Count =         40
Timings{0}> binComputeOffsets... Count =         40
Timings{0}> FFTNUFFT1........... Count =         10
Timings{0}> deconvolutionNUFFT1. Count =         10
Timings{0}> GatherPIFNUFFT...... Count =         10
Timings{0}> NativeNUFFT2........ Count =         30
Timings{0}> PrecorrectionNUFFT2. Count =         30
Timings{0}> FFTNUFFT2........... Count =         30
Timings{0}> GatherNUFFT2........ Count =         30
Timings{0}> ---------------------------------------------
Timings{0}> ---------------------------------------------
Timings{0}>      Per-occurrence statistics:
Timings{0}> ---------------------------------------------
Timings{0}> mainTimer........... n=    1  mean=   7.06395  std=         0  min=   7.06395  max=   7.06395
Timings{0}> dumpData............ n=   10  mean= 0.0105723  std=0.00958147  min=0.00429151  max= 0.0308771
Timings{0}> kick................ n=   20  mean=1.58521e-05  std=7.31934e-06  min= 5.855e-06  max=2.7519e-05
Timings{0}> drift............... n=   10  mean=5.5295e-06  std=8.59674e-07  min= 4.256e-06  max= 7.264e-06
Timings{0}> particleBC.......... n=   10  mean=1.12125e-05  std=9.56771e-07  min= 9.952e-06  max=1.2704e-05
Timings{0}> updateParticle...... n=   10  mean=  0.090114  std= 0.0331427  min= 0.0291677  max=   0.13494
Timings{0}> locateParticles..... n=   10  mean=0.00229195  std=5.81102e-06  min=0.00228236  max=0.00229986
Timings{0}> sendPreprocess...... n=   10  mean=0.000889725  std=0.00116259  min=0.000405363  max= 0.0041424
Timings{0}> particleSend........ n=   10  mean=0.00129934  std=8.01816e-05  min=0.00114639  max=0.00142271
Timings{0}> particleRecv........ n=   10  mean=0.00071598  std=0.000882493  min=6.4413e-05  max=0.00241026
Timings{0}> particleDestroy..... n=   10  mean=0.00211834  std=1.45673e-05  min=0.00210051  max=0.00214377
Timings{0}> ScatterPIFNUFFT..... n=   20  mean=  0.115592  std=   0.12123  min=  9.92e-06  max=  0.282381
Timings{0}> NativeNUFFT1........ n=   10  mean=  0.228653  std= 0.0366573  min=  0.156002  max=  0.279956
Timings{0}> scatterTimerNUFFT1.. n=   10  mean=  0.137075  std= 0.0378564  min= 0.0829321  max=  0.204528
Timings{0}> binSort............. n=   40  mean=0.00245492  std=2.23574e-05  min= 0.0024244  max=0.00251688
Timings{0}> binComputeKeys...... n=   40  mean=0.000228059  std=3.93933e-06  min=0.000222105  max=0.000237817
Timings{0}> binSortByKey........ n=   40  mean=0.00210533  std=1.81969e-05  min=0.00207731  max=0.00215654
Timings{0}> binComputeOffsets... n=   40  mean=0.000119757  std=4.22926e-06  min=0.000113052  max=0.00013062
Timings{0}> FFTNUFFT1........... n=   10  mean= 0.0911864  std= 0.0214815  min= 0.0726709  max=  0.148006
Timings{0}> deconvolutionNUFFT1. n=   10  mean=0.000387236  std=5.29925e-06  min=0.000378644  max=0.000396147
Timings{0}> GatherPIFNUFFT...... n=   10  mean=  0.372153  std= 0.0156327  min=  0.357921  max=  0.408845
Timings{0}> NativeNUFFT2........ n=   30  mean=  0.123706  std=0.00957717  min=  0.114966  max=  0.159021
Timings{0}> PrecorrectionNUFFT2. n=   30  mean=0.00122345  std=0.000264037  min=0.000850181  max=0.00144191
Timings{0}> FFTNUFFT2........... n=   30  mean= 0.0939444  std= 0.0048621  min= 0.0856913  max=   0.10836
Timings{0}> GatherNUFFT2........ n=   30  mean=  0.011372  std=0.00998545  min=0.00549758  max= 0.0530564
Timings{0}> ---------------------------------------------
