LandauDampingPIF{0}> Landau damping
LandauDampingPIF{0}> nt 10 Np= 8589934592 Fourier modes = ( 1024 , 1024 , 1024 )
LandauDampingPIF{0}> particles created and initial conditions assigned 
LandauDampingPIF{0}> After init shape function 
LandauDampingPIF{0}> After init NUFFT 
LandauDampingPIF{0}> After update 
[Scatter] Auto-select: OutputFocused (tp=359.0 Mpts/s) for w=9 rho=1.14 (was Atomic)
[Scatter] Cache hit: method=OutputFocused w=9 cx=1 rho=1.14 -> tile=(2,3,3) team=256 osub=1 zb=32 tp=359.0 Mpts/s (rho_csv=1.25)
LandauDampingPIF{0}> After scatter 
LandauDampingPIF{0}> After gather 
LandauDampingPIF{0}> Starting iterations ...
LandauDampingPIF{0}> Finished time step: -2 time: 0.0122718
LandauDampingPIF{0}> Finished time step: -1 time: 0.0245437
LandauDampingPIF{0}> Finished time step: 0 time: 0.0368155
LandauDampingPIF{0}> Finished time step: 1 time: 0.0490874
LandauDampingPIF{0}> Finished time step: 2 time: 0.0613592
LandauDampingPIF{0}> Finished time step: 3 time: 0.0736311
LandauDampingPIF{0}> Finished time step: 4 time: 0.0859029
LandauDampingPIF{0}> Finished time step: 5 time: 0.0981748
LandauDampingPIF{0}> Finished time step: 6 time: 0.110447
LandauDampingPIF{0}> Finished time step: 7 time: 0.122718
LandauDampingPIF{0}> Finished time step: 8 time: 0.13499
LandauDampingPIF{0}> Finished time step: 9 time: 0.147262
LandauDampingPIF{0}> Finished time step: 10 time: 0.159534
LandauDampingPIF{0}> LandauDamping: End.
Timings{0}> ---------------------------------------------
Timings{0}>      Timing results for 512 rank(s):
Timings{0}> ---------------------------------------------
Timings{0}> mainTimer........... Wall tot =    6.37947
Timings{0}> 
Timings{0}> particlesCreation... Wall max =          0
Timings{0}>                      Wall avg =          0
Timings{0}>                      Wall min =          0
Timings{0}> 
Timings{0}> dumpData............ Wall max =  0.0782751
Timings{0}>                      Wall avg =  0.0589704
Timings{0}>                      Wall min =  0.0329032
Timings{0}> 
Timings{0}> kick................ Wall max = 0.000428402
Timings{0}>                      Wall avg = 0.000290357
Timings{0}>                      Wall min = 0.000169533
Timings{0}> 
Timings{0}> drift............... Wall max = 0.000118877
Timings{0}>                      Wall avg = 6.64965e-05
Timings{0}>                      Wall min = 4.4316e-05
Timings{0}> 
Timings{0}> initializeShapeFunc. Wall max =          0
Timings{0}>                      Wall avg =          0
Timings{0}>                      Wall min =          0
Timings{0}> 
Timings{0}> findInternal........ Wall max =          0
Timings{0}>                      Wall avg =          0
Timings{0}>                      Wall min =          0
Timings{0}> 
Timings{0}> findPeriodic........ Wall max =          0
Timings{0}>                      Wall avg =          0
Timings{0}>                      Wall min =          0
Timings{0}> 
Timings{0}> NativeNUFFT::init... Wall max =          0
Timings{0}>                      Wall avg =          0
Timings{0}>                      Wall min =          0
Timings{0}> 
Timings{0}> particleBC.......... Wall max = 0.000171323
Timings{0}>                      Wall avg = 0.000120553
Timings{0}>                      Wall min = 8.4254e-05
Timings{0}> 
Timings{0}> updateParticle...... Wall max =    1.36148
Timings{0}>                      Wall avg =   0.535176
Timings{0}>                      Wall min =   0.255347
Timings{0}> 
Timings{0}> locateParticles..... Wall max =  0.0239041
Timings{0}>                      Wall avg =  0.0211697
Timings{0}>                      Wall min =  0.0190037
Timings{0}> 
Timings{0}> sendPreprocess...... Wall max = 0.00847613
Timings{0}>                      Wall avg =  0.0062167
Timings{0}>                      Wall min = 0.00340906
Timings{0}> 
Timings{0}> particleSend........ Wall max =  0.0153493
Timings{0}>                      Wall avg =  0.0123785
Timings{0}>                      Wall min =  0.0110466
Timings{0}> 
Timings{0}> particleRecv........ Wall max =  0.0505894
Timings{0}>                      Wall avg = 0.00294015
Timings{0}>                      Wall min = 0.00066859
Timings{0}> 
Timings{0}> particleDestroy..... Wall max =  0.0252348
Timings{0}>                      Wall avg =   0.021333
Timings{0}>                      Wall min =  0.0188168
Timings{0}> 
Timings{0}> ScatterPIFNUFFT..... Wall max =    2.93849
Timings{0}>                      Wall avg =    2.64638
Timings{0}>                      Wall min =    1.81181
Timings{0}> 
Timings{0}> NativeNUFFT1........ Wall max =    2.92914
Timings{0}>                      Wall avg =    2.63622
Timings{0}>                      Wall min =    1.80065
Timings{0}> 
Timings{0}> scatterTimerNUFFT1.. Wall max =    1.86803
Timings{0}>                      Wall avg =    1.33767
Timings{0}>                      Wall min =   0.856708
Timings{0}> 
Timings{0}> binSort............. Wall max =   0.100287
Timings{0}>                      Wall avg =  0.0889631
Timings{0}>                      Wall min =  0.0787349
Timings{0}> 
Timings{0}> binComputeKeys...... Wall max = 0.00954445
Timings{0}>                      Wall avg =    0.00831
Timings{0}>                      Wall min = 0.00717978
Timings{0}> 
Timings{0}> binSortByKey........ Wall max =  0.0858443
Timings{0}>                      Wall avg =  0.0759557
Timings{0}>                      Wall min =  0.0672538
Timings{0}> 
Timings{0}> binComputeOffsets... Wall max = 0.00521565
Timings{0}>                      Wall avg =  0.0046149
Timings{0}>                      Wall min = 0.00398218
Timings{0}> 
Timings{0}> FFTNUFFT1........... Wall max =    1.73952
Timings{0}>                      Wall avg =    1.29649
Timings{0}>                      Wall min =   0.868929
Timings{0}> 
Timings{0}> TwiddleAdd.......... Wall max = 0.000567759
Timings{0}>                      Wall avg = 0.000403516
Timings{0}>                      Wall min = 0.00029727
Timings{0}> 
Timings{0}> subFFTs............. Wall max =     1.7388
Timings{0}>                      Wall avg =    1.29574
Timings{0}>                      Wall min =   0.868244
Timings{0}> 
Timings{0}> deconvolutionNUFFT1. Wall max =  0.0023175
Timings{0}>                      Wall avg = 0.00203591
Timings{0}>                      Wall min = 0.00196759
Timings{0}> 
Timings{0}> GatherPIFNUFFT...... Wall max =    3.15652
Timings{0}>                      Wall avg =    3.12358
Timings{0}>                      Wall min =    3.09324
Timings{0}> 
Timings{0}> NativeNUFFT2........ Wall max =    3.14762
Timings{0}>                      Wall avg =    3.11539
Timings{0}>                      Wall min =    3.08414
Timings{0}> 
Timings{0}> PrecorrectionNUFFT2. Wall max =  0.0207382
Timings{0}>                      Wall avg =   0.018308
Timings{0}>                      Wall min =  0.0160791
Timings{0}> 
Timings{0}> FFTNUFFT2........... Wall max =    2.48143
Timings{0}>                      Wall avg =    2.43072
Timings{0}>                      Wall min =       2.38
Timings{0}> 
Timings{0}> subIFFTs............ Wall max =    2.47639
Timings{0}>                      Wall avg =    2.42578
Timings{0}>                      Wall min =    2.37514
Timings{0}> 
Timings{0}> StridedWrite........ Wall max = 0.00173379
Timings{0}>                      Wall avg = 0.00130952
Timings{0}>                      Wall min = 0.000932777
Timings{0}> 
Timings{0}> GatherNUFFT2........ Wall max =   0.231756
Timings{0}>                      Wall avg =   0.197316
Timings{0}>                      Wall min =   0.168104
Timings{0}> 
Timings{0}> ---------------------------------------------
Timings{0}>      Measurement counts:
Timings{0}> ---------------------------------------------
Timings{0}> mainTimer........... Count =          1
Timings{0}> particlesCreation... Count =          0
Timings{0}> dumpData............ Count =         10
Timings{0}> kick................ Count =         20
Timings{0}> drift............... Count =         10
Timings{0}> initializeShapeFunc. Count =          0
Timings{0}> findInternal........ Count =          0
Timings{0}> findPeriodic........ Count =          0
Timings{0}> NativeNUFFT::init... Count =          0
Timings{0}> particleBC.......... Count =         10
Timings{0}> updateParticle...... Count =         10
Timings{0}> locateParticles..... Count =         10
Timings{0}> sendPreprocess...... Count =         10
Timings{0}> particleSend........ Count =         10
Timings{0}> particleRecv........ Count =         10
Timings{0}> particleDestroy..... Count =         10
Timings{0}> ScatterPIFNUFFT..... Count =         20
Timings{0}> NativeNUFFT1........ Count =         10
Timings{0}> scatterTimerNUFFT1.. Count =         10
Timings{0}> binSort............. Count =         40
Timings{0}> binComputeKeys...... Count =         40
Timings{0}> binSortByKey........ Count =         40
Timings{0}> binComputeOffsets... Count =         40
Timings{0}> FFTNUFFT1........... Count =         10
Timings{0}> TwiddleAdd.......... Count =         20
Timings{0}> subFFTs............. Count =         20
Timings{0}> deconvolutionNUFFT1. Count =         10
Timings{0}> GatherPIFNUFFT...... Count =         10
Timings{0}> NativeNUFFT2........ Count =         30
Timings{0}> PrecorrectionNUFFT2. Count =         30
Timings{0}> FFTNUFFT2........... Count =         30
Timings{0}> subIFFTs............ Count =         60
Timings{0}> StridedWrite........ Count =         60
Timings{0}> GatherNUFFT2........ Count =         30
Timings{0}> ---------------------------------------------
Timings{0}> ---------------------------------------------
Timings{0}>      Per-occurrence statistics:
Timings{0}> ---------------------------------------------
Timings{0}> mainTimer........... n=    1  mean=   6.37946  std=         0  min=   6.37946  max=   6.37946
Timings{0}> dumpData............ n=   10  mean=0.00354815  std=0.00093384  min=0.00244782  max=0.00544168
Timings{0}> kick................ n=   20  mean=1.61307e-05  std=6.63092e-06  min= 7.648e-06  max=2.6911e-05
Timings{0}> drift............... n=   10  mean=6.8283e-06  std=1.00773e-06  min= 5.472e-06  max= 8.416e-06
Timings{0}> particleBC.......... n=   10  mean=1.20124e-05  std=1.07293e-06  min=1.0591e-05  max=1.3728e-05
Timings{0}> updateParticle...... n=   10  mean= 0.0932869  std= 0.0339004  min= 0.0437031  max=  0.158882
Timings{0}> locateParticles..... n=   10  mean=0.00228167  std=7.95646e-06  min=0.00226684  max=0.00229173
Timings{0}> sendPreprocess...... n=   10  mean=0.000461691  std=7.18127e-05  min=0.000416818  max=0.000662538
Timings{0}> particleSend........ n=   10  mean=0.00127474  std=8.06686e-05  min=0.00111632  max=0.00140943
Timings{0}> particleRecv........ n=   10  mean=0.000736898  std=0.000901647  min=6.6269e-05  max=0.00241797
Timings{0}> particleDestroy..... n=   10  mean=0.00210772  std=1.28444e-05  min= 0.0020912  max=0.00212377
Timings{0}> ScatterPIFNUFFT..... n=   20  mean=  0.112187  std=  0.119468  min= 6.016e-06  max=  0.324138
Timings{0}> NativeNUFFT1........ n=   10  mean=  0.223526  std= 0.0465567  min=  0.155125  max=  0.323217
Timings{0}> scatterTimerNUFFT1.. n=   10  mean=  0.134211  std=   0.03779  min= 0.0789409  max=  0.216577
Timings{0}> binSort............. n=   40  mean=0.00247514  std=3.63095e-05  min=0.00242543  max=0.00254113
Timings{0}> binComputeKeys...... n=   40  mean=0.000232259  std=7.42664e-06  min=0.000222713  max=0.00025036
Timings{0}> binSortByKey........ n=   40  mean=0.00211497  std=3.05375e-05  min=0.00207965  max=0.00217366
Timings{0}> binComputeOffsets... n=   40  mean=0.00012591  std=7.82988e-06  min=0.000114716  max=0.000142012
Timings{0}> FFTNUFFT1........... n=   10  mean= 0.0891087  std= 0.0150015  min= 0.0749889  max=  0.118932
Timings{0}> TwiddleAdd.......... n=   20  mean=1.98572e-05  std=2.39016e-06  min=1.4783e-05  max=2.3903e-05
Timings{0}> subFFTs............. n=   20  mean= 0.0445184  std= 0.0100257  min= 0.0361687  max= 0.0682659
Timings{0}> deconvolutionNUFFT1. n=   10  mean=0.000203663  std=1.98641e-06  min=0.000200537  max=0.000206617
Timings{0}> GatherPIFNUFFT...... n=   10  mean=  0.315196  std=0.00795399  min=  0.302569  max=   0.32658
Timings{0}> NativeNUFFT2........ n=   30  mean=  0.104814  std=0.00537501  min= 0.0983744  max=  0.116953
Timings{0}> PrecorrectionNUFFT2. n=   30  mean= 0.0006894  std=0.000257705  min=0.000329205  max=0.000877955
Timings{0}> FFTNUFFT2........... n=   30  mean= 0.0805158  std=0.00560711  min= 0.0724324  max= 0.0932128
Timings{0}> subIFFTs............ n=   60  mean= 0.0401823  std=0.00427072  min=  0.033433  max= 0.0523577
Timings{0}> StridedWrite........ n=   60  mean=1.81094e-05  std=3.63466e-06  min=1.3856e-05  max=3.2703e-05
Timings{0}> GatherNUFFT2........ n=   30  mean=0.00650465  std=0.000849472  min=  0.005646  max=0.00861144
Timings{0}> ---------------------------------------------
