
================================================================================
NUFFT Scaling Benchmark
================================================================================
Number of ranks: 256
Grid size:       1024^3
Particles:       8589934592 (8 per point)
Tolerance:       0.0001
CSV output:      nufft_scaling_256.csv
Component CSV:   nufft_components_256.csv

=== Benchmarking NUFFT Type 1 ===
Grid size:       1024^3
Total particles: 8589934592
Local particles: 33554432
Spread method:   output_focused
Tolerance:       0.0001
Warmup runs:     3
Benchmark runs:  10
Running warmup...
Running benchmark...

NUFFT Type 1 Results:
  Ranks:       256
  Grid:        1024^3
  Particles:   8589934592
  Mean time:   1378.427 ms
  Min time:    1368.304 ms
  Max time:    1392.239 ms
  Stddev:      8.023 ms
  Throughput:  6231.69 Mpts/s

=== Benchmarking NUFFT Type 2 ===
Grid size:       1024^3
Total particles: 8589934592
Local particles: 33554432
Gather method:   atomic_sort
Tolerance:       0.00
Warmup runs:     3
Benchmark runs:  10
Running warmup...
Running benchmark...

NUFFT Type 2 Results:
  Ranks:       256
  Grid:        1024^3
  Particles:   8589934592
  Mean time:   465.902 ms
  Min time:    449.559 ms
  Max time:    479.322 ms
  Stddev:      8.260 ms
  Throughput:  18437.22 Mpts/s
[CSV] Timings written to nufft_scaling_256.csv

==================================================
COMPONENT TIMING BREAKDOWN
==================================================

Type-1 (spreading):
----------------------------------------
Scatter (spreading)         1013.69 ms
FFT (forward)                355.98 ms
Deconvolution                  0.14 ms

Type-2 (interpolation):
----------------------------------------
Precorrection                  0.15 ms
FFT (backward)               368.31 ms
Gather (interpolation)        96.73 ms

Total:
----------------------------------------
Complete Type-1             1369.82 ms
Complete Type-2              465.20 ms
[CSV] Component timings written to nufft_components_256.csv

================================================================================
SUMMARY
================================================================================
Type 1: 1378.427 ms (6231.69 Mpts/s)
Type 2: 465.90 ms (18437.22 Mpts/s)
================================================================================
