LandauDampingPIF{0}> Landau damping
LandauDampingPIF{0}> nt 6 Np= 8589934592 Fourier modes = ( 1024 , 1024 , 1024 )
LandauDampingPIF{0}> particles created and initial conditions assigned 
LandauDampingPIF{0}> After init shape function 
LandauDampingPIF{0}> After init NUFFT 
LandauDampingPIF{0}> After update 
[Scatter] Cache hit: method=Tiled w=5 cx=1 rho=1.11 -> tile=(4,5,5) team=64 osub=8 zb=1 tp=277.5 Mpts/s (rho_csv=1.00)
LandauDampingPIF{0}> After scatter 
LandauDampingPIF{0}> After gather 
LandauDampingPIF{0}> Starting iterations ...
LandauDampingPIF{0}> Finished time step: -2 time: 0.0122718
LandauDampingPIF{0}> Finished time step: -1 time: 0.0245437
LandauDampingPIF{0}> Finished time step: 0 time: 0.0368155
LandauDampingPIF{0}> Finished time step: 1 time: 0.0490874
LandauDampingPIF{0}> Finished time step: 2 time: 0.0613592
LandauDampingPIF{0}> Finished time step: 3 time: 0.0736311
LandauDampingPIF{0}> Finished time step: 4 time: 0.0859029
LandauDampingPIF{0}> Finished time step: 5 time: 0.0981748
LandauDampingPIF{0}> Finished time step: 6 time: 0.110447
LandauDampingPIF{0}> LandauDamping: End.
Timings{0}> ---------------------------------------------
Timings{0}>      Timing results for 128 rank(s):
Timings{0}> ---------------------------------------------
Timings{0}> mainTimer........... Wall tot =    34.0029
Timings{0}> 
Timings{0}> particlesCreation... Wall max =          0
Timings{0}>                      Wall avg =          0
Timings{0}>                      Wall min =          0
Timings{0}> 
Timings{0}> dumpData............ Wall max =     1.1045
Timings{0}>                      Wall avg =   0.614496
Timings{0}>                      Wall min =  0.0930345
Timings{0}> 
Timings{0}> kick................ Wall max =  0.0593961
Timings{0}>                      Wall avg =   0.051365
Timings{0}>                      Wall min =  0.0453012
Timings{0}> 
Timings{0}> drift............... Wall max =  0.0294434
Timings{0}>                      Wall avg =  0.0250309
Timings{0}>                      Wall min =  0.0220275
Timings{0}> 
Timings{0}> particleBC.......... Wall max =  0.0836297
Timings{0}>                      Wall avg =  0.0742376
Timings{0}>                      Wall min =  0.0662149
Timings{0}> 
Timings{0}> initializeShapeFunc. Wall max =          0
Timings{0}>                      Wall avg =          0
Timings{0}>                      Wall min =          0
Timings{0}> 
Timings{0}> findInternal........ Wall max =          0
Timings{0}>                      Wall avg =          0
Timings{0}>                      Wall min =          0
Timings{0}> 
Timings{0}> findPeriodic........ Wall max =          0
Timings{0}>                      Wall avg =          0
Timings{0}>                      Wall min =          0
Timings{0}> 
Timings{0}> NativeNUFFT::init... Wall max =          0
Timings{0}>                      Wall avg =          0
Timings{0}>                      Wall min =          0
Timings{0}> 
Timings{0}> updateParticle...... Wall max =   0.432551
Timings{0}>                      Wall avg =   0.407126
Timings{0}>                      Wall min =   0.380985
Timings{0}> 
Timings{0}> locateParticles..... Wall max =    0.12041
Timings{0}>                      Wall avg =   0.101353
Timings{0}>                      Wall min =  0.0901919
Timings{0}> 
Timings{0}> sendPreprocess...... Wall max =  0.0602229
Timings{0}>                      Wall avg =  0.0363593
Timings{0}>                      Wall min = 0.00188463
Timings{0}> 
Timings{0}> particleSend........ Wall max =  0.0359934
Timings{0}>                      Wall avg =  0.0302599
Timings{0}>                      Wall min =  0.0228046
Timings{0}> 
Timings{0}> particleRecv........ Wall max = 0.00061772
Timings{0}>                      Wall avg = 0.000385381
Timings{0}>                      Wall min = 0.000320162
Timings{0}> 
Timings{0}> particleDestroy..... Wall max =   0.241069
Timings{0}>                      Wall avg =   0.203802
Timings{0}>                      Wall min =   0.181965
Timings{0}> 
Timings{0}> ScatterPIFNUFFT..... Wall max =    5.83492
Timings{0}>                      Wall avg =    5.57812
Timings{0}>                      Wall min =    5.41236
Timings{0}> 
Timings{0}> NativeNUFFT1........ Wall max =     5.7613
Timings{0}>                      Wall avg =    5.50598
Timings{0}>                      Wall min =    5.33874
Timings{0}> 
Timings{0}> scatterTimerNUFFT1.. Wall max =     1.3841
Timings{0}>                      Wall avg =    1.35274
Timings{0}>                      Wall min =     1.3196
Timings{0}> 
Timings{0}> binSort............. Wall max =   0.182404
Timings{0}>                      Wall avg =   0.162225
Timings{0}>                      Wall min =   0.142403
Timings{0}> 
Timings{0}> binComputeKeys...... Wall max =   0.014346
Timings{0}>                      Wall avg =  0.0127222
Timings{0}>                      Wall min =  0.0107587
Timings{0}> 
Timings{0}> binSortByKey........ Wall max =    0.16435
Timings{0}>                      Wall avg =   0.146151
Timings{0}>                      Wall min =   0.128667
Timings{0}> 
Timings{0}> binComputeOffsets... Wall max = 0.00370645
Timings{0}>                      Wall avg =  0.0033303
Timings{0}>                      Wall min = 0.00295937
Timings{0}> 
Timings{0}> FFTNUFFT1........... Wall max =    4.39098
Timings{0}>                      Wall avg =    4.14545
Timings{0}>                      Wall min =    3.98071
Timings{0}> 
Timings{0}> deconvolutionNUFFT1. Wall max =  0.0122353
Timings{0}>                      Wall avg = 0.00776792
Timings{0}>                      Wall min = 0.00707089
Timings{0}> 
Timings{0}> GatherPIFNUFFT...... Wall max =    27.7688
Timings{0}>                      Wall avg =    27.2201
Timings{0}>                      Wall min =    26.6331
Timings{0}> 
Timings{0}> NativeNUFFT2........ Wall max =    27.5082
Timings{0}>                      Wall avg =    26.9776
Timings{0}>                      Wall min =    26.4076
Timings{0}> 
Timings{0}> PrecorrectionNUFFT2. Wall max =   0.053154
Timings{0}>                      Wall avg =  0.0404205
Timings{0}>                      Wall min =  0.0379713
Timings{0}> 
Timings{0}> FFTNUFFT2........... Wall max =    14.0857
Timings{0}>                      Wall avg =    12.8965
Timings{0}>                      Wall min =    11.4702
Timings{0}> 
Timings{0}> GatherNUFFT2........ Wall max =    15.9361
Timings{0}>                      Wall avg =    14.0406
Timings{0}>                      Wall min =    12.4061
Timings{0}> 
Timings{0}> ---------------------------------------------
Timings{0}>      Measurement counts:
Timings{0}> ---------------------------------------------
Timings{0}> mainTimer........... Count =          1
Timings{0}> particlesCreation... Count =          0
Timings{0}> dumpData............ Count =          6
Timings{0}> kick................ Count =         12
Timings{0}> drift............... Count =          6
Timings{0}> particleBC.......... Count =          6
Timings{0}> initializeShapeFunc. Count =          0
Timings{0}> findInternal........ Count =          0
Timings{0}> findPeriodic........ Count =          0
Timings{0}> NativeNUFFT::init... Count =          0
Timings{0}> updateParticle...... Count =          6
Timings{0}> locateParticles..... Count =          6
Timings{0}> sendPreprocess...... Count =          6
Timings{0}> particleSend........ Count =          6
Timings{0}> particleRecv........ Count =          6
Timings{0}> particleDestroy..... Count =          6
Timings{0}> ScatterPIFNUFFT..... Count =         12
Timings{0}> NativeNUFFT1........ Count =          6
Timings{0}> scatterTimerNUFFT1.. Count =          6
Timings{0}> binSort............. Count =          6
Timings{0}> binComputeKeys...... Count =          6
Timings{0}> binSortByKey........ Count =          6
Timings{0}> binComputeOffsets... Count =          6
Timings{0}> FFTNUFFT1........... Count =          6
Timings{0}> deconvolutionNUFFT1. Count =          6
Timings{0}> GatherPIFNUFFT...... Count =          6
Timings{0}> NativeNUFFT2........ Count =         18
Timings{0}> PrecorrectionNUFFT2. Count =         18
Timings{0}> FFTNUFFT2........... Count =         18
Timings{0}> GatherNUFFT2........ Count =         18
Timings{0}> ---------------------------------------------
Timings{0}> ---------------------------------------------
Timings{0}>      Per-occurrence statistics:
Timings{0}> ---------------------------------------------
Timings{0}> mainTimer........... n=    1  mean=   34.0029  std=         0  min=   34.0029  max=   34.0029
Timings{0}> dumpData............ n=    6  mean= 0.0155058  std=0.00522964  min= 0.0132501  max= 0.0261785
Timings{0}> kick................ n=   12  mean= 0.0048469  std=3.27266e-05  min=  0.004793  max=0.00490953
Timings{0}> drift............... n=    6  mean=0.00474228  std=9.34771e-05  min=0.00461134  max=0.00482491
Timings{0}> particleBC.......... n=    6  mean= 0.0139383  std=0.00015097  min= 0.0136948  max=   0.01413
Timings{0}> updateParticle...... n=    6  mean= 0.0641454  std=0.00140814  min=  0.062193  max= 0.0658754
Timings{0}> locateParticles..... n=    6  mean=   0.01646  std=4.06212e-05  min= 0.0164071  max= 0.0165164
Timings{0}> sendPreprocess...... n=    6  mean=0.00371346  std=0.000291363  min=0.00339996  max=0.00420219
Timings{0}> particleSend........ n=    6  mean=0.00591803  std=  0.001255  min=0.00466491  max= 0.0075424
Timings{0}> particleRecv........ n=    6  mean=6.47357e-05  std=2.08752e-06  min=6.2672e-05  max=6.8002e-05
Timings{0}> particleDestroy..... n=    6  mean= 0.0333322  std=4.2481e-05  min= 0.0332805  max= 0.0333967
Timings{0}> ScatterPIFNUFFT..... n=   12  mean=  0.465426  std=   0.48086  min=0.00507132  max=  0.940732
Timings{0}> NativeNUFFT1........ n=    6  mean=  0.918269  std= 0.0103058  min=  0.904487  max=  0.933249
Timings{0}> scatterTimerNUFFT1.. n=    6  mean=  0.228669  std= 0.0010323  min=  0.227664  max=  0.229852
Timings{0}> binSort............. n=    6  mean= 0.0300905  std=0.000533913  min= 0.0298399  max= 0.0311791
Timings{0}> binComputeKeys...... n=    6  mean=0.00235643  std=3.36642e-06  min=0.00235138  max=0.00236061
Timings{0}> binSortByKey........ n=    6  mean= 0.0271128  std=0.000533062  min=  0.026862  max= 0.0281996
Timings{0}> binComputeOffsets... n=    6  mean=0.000617741  std=1.74726e-06  min=0.000614875  max=0.000620156
Timings{0}> FFTNUFFT1........... n=    6  mean=   0.68756  std=0.00973105  min=  0.674767  max=  0.701571
Timings{0}> deconvolutionNUFFT1. n=    6  mean=0.00203669  std=7.17693e-06  min=0.00202995  max=0.00204853
Timings{0}> GatherPIFNUFFT...... n=    6  mean=   4.62284  std= 0.0598231  min=   4.53706  max=   4.68567
Timings{0}> NativeNUFFT2........ n=   18  mean=   1.52648  std= 0.0339336  min=   1.46943  max=   1.58515
Timings{0}> PrecorrectionNUFFT2. n=   18  mean=0.00288732  std=7.47014e-05  min=0.00282987  max=0.00299742
Timings{0}> FFTNUFFT2........... n=   18  mean=  0.643038  std= 0.0337608  min=  0.590848  max=  0.755045
Timings{0}> GatherNUFFT2........ n=   18  mean=  0.880543  std= 0.0272591  min=   0.82711  max=  0.922552
Timings{0}> ---------------------------------------------
