
================================================================================
NUFFT Scaling Benchmark
================================================================================
Number of ranks: 512
Grid size:       512^3
Upsampled grid:  1024^3 (sigma=2)
Particles:       1073741824 (8 per point)
Tolerance:       0.0001
CSV output:      results/nufft_scaling_512_upsampled.csv
Component CSV:   results/nufft_components_512_upsampled.csv

=== Benchmarking NUFFT Type 1 ===
Grid size:       512^3
Upsampled grid:  1024^3 (sigma=2)
Total particles: 1073741824
Local particles: 2097152
Spread method:   output_focused
Tolerance:       0.0001
Warmup runs:     3
Benchmark runs:  10
Running warmup...
Running benchmark...

NUFFT Type 1 Results:
  Ranks:       512
  Grid:        512^3
  Particles:   1073741824
  Mean time:   59.516 ms
  Min time:    56.214 ms
  Max time:    68.974 ms
  Stddev:      3.385 ms
  Throughput:  18041.19 Mpts/s

=== Benchmarking NUFFT Type 2 ===
Grid size:       512^3
Upsampled grid:  1024^3 (sigma=2.00)
Total particles: 1073741824
Local particles: 2097152
Gather method:   atomic_sort
Tolerance:       0.00
Warmup runs:     3
Benchmark runs:  10
Running warmup...
Running benchmark...

NUFFT Type 2 Results:
  Ranks:       512
  Grid:        512^3
  Particles:   1073741824
  Mean time:   42.155 ms
  Min time:    39.741 ms
  Max time:    45.326 ms
  Stddev:      2.001 ms
  Throughput:  25471.08 Mpts/s
[CSV] Timings written to results/nufft_scaling_512_upsampled.csv

==================================================
COMPONENT TIMING BREAKDOWN
==================================================

Type-1 (spreading):
----------------------------------------
Scatter (spreading)           22.24 ms
FFT (forward)                 34.44 ms
Deconvolution                  0.07 ms

Type-2 (interpolation):
----------------------------------------
Precorrection                  0.12 ms
FFT (backward)                46.34 ms
Gather (interpolation)         4.64 ms

Total:
----------------------------------------
Complete Type-1               56.76 ms
Complete Type-2               51.12 ms
[CSV] Component timings written to results/nufft_components_512_upsampled.csv

================================================================================
SUMMARY
================================================================================
Type 1: 59.516 ms (18041.19 Mpts/s)
Type 2: 42.16 ms (25471.08 Mpts/s)
================================================================================
