
================================================================================
NUFFT Scaling Benchmark
================================================================================
Number of ranks: 64
Grid size:       1024^3
Particles:       8589934592 (8 per point)
Tolerance:       0.0001
CSV output:      results/nufft_scaling_64.csv
Component CSV:   results/nufft_components_64.csv

=== Benchmarking NUFFT Type 1 ===
Grid size:       1024^3
Total particles: 8589934592
Local particles: 134217728
Spread method:   output_focused
Tolerance:       0.0001
Warmup runs:     3
Benchmark runs:  10
Running warmup...
Running benchmark...

NUFFT Type 1 Results:
  Ranks:       64
  Grid:        1024^3
  Particles:   8589934592
  Mean time:   4317.188 ms
  Min time:    4259.807 ms
  Max time:    4376.240 ms
  Stddev:      28.022 ms
  Throughput:  1989.71 Mpts/s

=== Benchmarking NUFFT Type 2 ===
Grid size:       1024^3
Total particles: 8589934592
Local particles: 134217728
Gather method:   atomic_sort
Tolerance:       0.00
Warmup runs:     3
Benchmark runs:  10
Running warmup...
Running benchmark...

NUFFT Type 2 Results:
  Ranks:       64
  Grid:        1024^3
  Particles:   8589934592
  Mean time:   3274.451 ms
  Min time:    3222.663 ms
  Max time:    3311.686 ms
  Stddev:      29.718 ms
  Throughput:  2623.32 Mpts/s
[CSV] Timings written to results/nufft_scaling_64.csv

==================================================
COMPONENT TIMING BREAKDOWN
==================================================

Type-1 (spreading):
----------------------------------------
Scatter (spreading)         1177.78 ms
FFT (forward)               3090.26 ms
Deconvolution                  0.50 ms

Type-2 (interpolation):
----------------------------------------
Precorrection                  0.50 ms
FFT (backward)              3175.93 ms
Gather (interpolation)       139.01 ms

Total:
----------------------------------------
Complete Type-1             4268.56 ms
Complete Type-2             3315.48 ms
[CSV] Component timings written to results/nufft_components_64.csv

================================================================================
SUMMARY
================================================================================
Type 1: 4317.188 ms (1989.71 Mpts/s)
Type 2: 3274.45 ms (2623.32 Mpts/s)
================================================================================
