
================================================================================
NUFFT Scaling Benchmark
================================================================================
Number of ranks: 256
Grid size:       512^3
Upsampled grid:  1024^3 (sigma=2)
Particles:       1073741824 (8 per point)
Tolerance:       0.0001
CSV output:      results/nufft_scaling_256_upsampled.csv
Component CSV:   results/nufft_components_256_upsampled.csv

=== Benchmarking NUFFT Type 1 ===
Grid size:       512^3
Upsampled grid:  1024^3 (sigma=2)
Total particles: 1073741824
Local particles: 4194304
Spread method:   output_focused
Tolerance:       0.0001
Warmup runs:     3
Benchmark runs:  10
Running warmup...
Running benchmark...

NUFFT Type 1 Results:
  Ranks:       256
  Grid:        512^3
  Particles:   1073741824
  Mean time:   114.289 ms
  Min time:    109.247 ms
  Max time:    127.003 ms
  Stddev:      5.305 ms
  Throughput:  9394.93 Mpts/s

=== Benchmarking NUFFT Type 2 ===
Grid size:       512^3
Upsampled grid:  1024^3 (sigma=2.00)
Total particles: 1073741824
Local particles: 4194304
Gather method:   atomic_sort
Tolerance:       0.00
Warmup runs:     3
Benchmark runs:  10
Running warmup...
Running benchmark...

NUFFT Type 2 Results:
  Ranks:       256
  Grid:        512^3
  Particles:   1073741824
  Mean time:   73.983 ms
  Min time:    72.538 ms
  Max time:    77.216 ms
  Stddev:      1.322 ms
  Throughput:  14513.32 Mpts/s
[CSV] Timings written to results/nufft_scaling_256_upsampled.csv

==================================================
COMPONENT TIMING BREAKDOWN
==================================================

Type-1 (spreading):
----------------------------------------
Scatter (spreading)           40.79 ms
FFT (forward)                 67.16 ms
Deconvolution                  0.12 ms

Type-2 (interpolation):
----------------------------------------
Precorrection                  0.20 ms
FFT (backward)                77.02 ms
Gather (interpolation)         7.30 ms

Total:
----------------------------------------
Complete Type-1              108.09 ms
Complete Type-2               84.54 ms
[CSV] Component timings written to results/nufft_components_256_upsampled.csv

================================================================================
SUMMARY
================================================================================
Type 1: 114.289 ms (9394.93 Mpts/s)
Type 2: 73.98 ms (14513.32 Mpts/s)
================================================================================
