LandauDampingPIF{0}> Landau damping
LandauDampingPIF{0}> nt 10 Np= 1073741824 Fourier modes = ( 512 , 512 , 512 )
LandauDampingPIF{0}> particles created and initial conditions assigned 
LandauDampingPIF{0}> After init shape function 
LandauDampingPIF{0}> After init NUFFT 
LandauDampingPIF{0}> After update 
LandauDampingPIF{0}> After scatter 
LandauDampingPIF{0}> After gather 
LandauDampingPIF{0}> Starting iterations ...
LandauDampingPIF{0}> Finished time step: -2 time: 0.0122718
LandauDampingPIF{0}> Finished time step: -1 time: 0.0245437
LandauDampingPIF{0}> Finished time step: 0 time: 0.0368155
LandauDampingPIF{0}> Finished time step: 1 time: 0.0490874
LandauDampingPIF{0}> Finished time step: 2 time: 0.0613592
LandauDampingPIF{0}> Finished time step: 3 time: 0.0736311
LandauDampingPIF{0}> Finished time step: 4 time: 0.0859029
LandauDampingPIF{0}> Finished time step: 5 time: 0.0981748
LandauDampingPIF{0}> Finished time step: 6 time: 0.110447
LandauDampingPIF{0}> Finished time step: 7 time: 0.122718
LandauDampingPIF{0}> Finished time step: 8 time: 0.13499
LandauDampingPIF{0}> Finished time step: 9 time: 0.147262
LandauDampingPIF{0}> Finished time step: 10 time: 0.159534
LandauDampingPIF{0}> LandauDamping: End.
Timings{0}> ---------------------------------------------
Timings{0}>      Timing results for 256 rank(s):
Timings{0}> ---------------------------------------------
Timings{0}> mainTimer........... Wall tot =    12.6826
Timings{0}> 
Timings{0}> particlesCreation... Wall max =          0
Timings{0}>                      Wall avg =          0
Timings{0}>                      Wall min =          0
Timings{0}> 
Timings{0}> dumpData............ Wall max =   0.468116
Timings{0}>                      Wall avg =   0.244642
Timings{0}>                      Wall min =  0.0259367
Timings{0}> 
Timings{0}> kick................ Wall max =  0.0064472
Timings{0}>                      Wall avg = 0.00557736
Timings{0}>                      Wall min = 0.00484316
Timings{0}> 
Timings{0}> drift............... Wall max = 0.00316082
Timings{0}>                      Wall avg = 0.00275457
Timings{0}>                      Wall min = 0.00239853
Timings{0}> 
Timings{0}> particleBC.......... Wall max = 0.00883337
Timings{0}>                      Wall avg = 0.00785418
Timings{0}>                      Wall min = 0.00693027
Timings{0}> 
Timings{0}> initializeShapeFunc. Wall max =          0
Timings{0}>                      Wall avg =          0
Timings{0}>                      Wall min =          0
Timings{0}> 
Timings{0}> findInternal........ Wall max =          0
Timings{0}>                      Wall avg =          0
Timings{0}>                      Wall min =          0
Timings{0}> 
Timings{0}> findPeriodic........ Wall max =          0
Timings{0}>                      Wall avg =          0
Timings{0}>                      Wall min =          0
Timings{0}> 
Timings{0}> NativeNUFFT::init... Wall max =          0
Timings{0}>                      Wall avg =          0
Timings{0}>                      Wall min =          0
Timings{0}> 
Timings{0}> updateParticle...... Wall max =   0.157218
Timings{0}>                      Wall avg =    0.12229
Timings{0}>                      Wall min =  0.0949065
Timings{0}> 
Timings{0}> locateParticles..... Wall max =  0.0207561
Timings{0}>                      Wall avg =  0.0178987
Timings{0}>                      Wall min =  0.0162886
Timings{0}> 
Timings{0}> sendPreprocess...... Wall max =  0.0108579
Timings{0}>                      Wall avg = 0.00756689
Timings{0}>                      Wall min = 0.00319255
Timings{0}> 
Timings{0}> particleSend........ Wall max =  0.0490743
Timings{0}>                      Wall avg =   0.019528
Timings{0}>                      Wall min =  0.0130188
Timings{0}> 
Timings{0}> particleRecv........ Wall max = 0.000738972
Timings{0}>                      Wall avg = 0.000483716
Timings{0}>                      Wall min = 0.000413404
Timings{0}> 
Timings{0}> particleDestroy..... Wall max =   0.032968
Timings{0}>                      Wall avg =  0.0272833
Timings{0}>                      Wall min =  0.0241954
Timings{0}> 
Timings{0}> ScatterPIFNUFFT..... Wall max =     5.4277
Timings{0}>                      Wall avg =    5.38266
Timings{0}>                      Wall min =    5.33696
Timings{0}> 
Timings{0}> NativeNUFFT1........ Wall max =    5.41873
Timings{0}>                      Wall avg =    5.37386
Timings{0}>                      Wall min =    5.32823
Timings{0}> 
Timings{0}> scatterTimerNUFFT1.. Wall max =    4.91343
Timings{0}>                      Wall avg =     4.8745
Timings{0}>                      Wall min =    4.83275
Timings{0}> 
Timings{0}> binSort............. Wall max =  0.0235649
Timings{0}>                      Wall avg =  0.0209668
Timings{0}>                      Wall min =   0.018735
Timings{0}> 
Timings{0}> binComputeKeys...... Wall max = 0.00179462
Timings{0}>                      Wall avg = 0.00148133
Timings{0}>                      Wall min = 0.00128427
Timings{0}> 
Timings{0}> binSortByKey........ Wall max =  0.0209869
Timings{0}>                      Wall avg =  0.0186022
Timings{0}>                      Wall min =  0.0166201
Timings{0}> 
Timings{0}> binComputeOffsets... Wall max = 0.00106518
Timings{0}>                      Wall avg = 0.000849812
Timings{0}>                      Wall min = 0.000783753
Timings{0}> 
Timings{0}> FFTNUFFT1........... Wall max =   0.548933
Timings{0}>                      Wall avg =     0.4983
Timings{0}>                      Wall min =   0.453819
Timings{0}> 
Timings{0}> deconvolutionNUFFT1. Wall max =  0.0015406
Timings{0}>                      Wall avg = 0.00102213
Timings{0}>                      Wall min = 0.000930521
Timings{0}> 
Timings{0}> GatherPIFNUFFT...... Wall max =    7.13298
Timings{0}>                      Wall avg =    6.91102
Timings{0}>                      Wall min =    6.69778
Timings{0}> 
Timings{0}> NativeNUFFT2........ Wall max =    7.10357
Timings{0}>                      Wall avg =     6.8838
Timings{0}>                      Wall min =    6.67247
Timings{0}> 
Timings{0}> PrecorrectionNUFFT2. Wall max = 0.00717987
Timings{0}>                      Wall avg = 0.00564157
Timings{0}>                      Wall min = 0.00528579
Timings{0}> 
Timings{0}> FFTNUFFT2........... Wall max =    2.11041
Timings{0}>                      Wall avg =    1.65674
Timings{0}>                      Wall min =     1.2008
Timings{0}> 
Timings{0}> GatherNUFFT2........ Wall max =    5.88356
Timings{0}>                      Wall avg =    5.22122
Timings{0}>                      Wall min =    4.55653
Timings{0}> 
Timings{0}> ---------------------------------------------
Timings{0}>      Measurement counts:
Timings{0}> ---------------------------------------------
Timings{0}> mainTimer........... Count =          1
Timings{0}> particlesCreation... Count =          0
Timings{0}> dumpData............ Count =         10
Timings{0}> kick................ Count =         20
Timings{0}> drift............... Count =         10
Timings{0}> particleBC.......... Count =         10
Timings{0}> initializeShapeFunc. Count =          0
Timings{0}> findInternal........ Count =          0
Timings{0}> findPeriodic........ Count =          0
Timings{0}> NativeNUFFT::init... Count =          0
Timings{0}> updateParticle...... Count =         10
Timings{0}> locateParticles..... Count =         10
Timings{0}> sendPreprocess...... Count =         10
Timings{0}> particleSend........ Count =         10
Timings{0}> particleRecv........ Count =         10
Timings{0}> particleDestroy..... Count =         10
Timings{0}> ScatterPIFNUFFT..... Count =         20
Timings{0}> NativeNUFFT1........ Count =         10
Timings{0}> scatterTimerNUFFT1.. Count =         10
Timings{0}> binSort............. Count =         10
Timings{0}> binComputeKeys...... Count =         10
Timings{0}> binSortByKey........ Count =         10
Timings{0}> binComputeOffsets... Count =         10
Timings{0}> FFTNUFFT1........... Count =         10
Timings{0}> deconvolutionNUFFT1. Count =         10
Timings{0}> GatherPIFNUFFT...... Count =         10
Timings{0}> NativeNUFFT2........ Count =         30
Timings{0}> PrecorrectionNUFFT2. Count =         30
Timings{0}> FFTNUFFT2........... Count =         30
Timings{0}> GatherNUFFT2........ Count =         30
Timings{0}> ---------------------------------------------
Timings{0}> ---------------------------------------------
Timings{0}>      Per-occurrence statistics:
Timings{0}> ---------------------------------------------
Timings{0}> mainTimer........... n=    1  mean=   12.6823  std=         0  min=   12.6823  max=   12.6823
Timings{0}> dumpData............ n=   10  mean=0.00819168  std= 0.0013087  min=0.00711725  max= 0.0107601
Timings{0}> kick................ n=   20  mean=0.000321887  std=2.12086e-05  min=0.000311014  max=0.000410497
Timings{0}> drift............... n=   10  mean=0.000305187  std=2.28118e-06  min=0.000302577  max=0.000308207
Timings{0}> particleBC.......... n=   10  mean=0.000881382  std=4.36973e-06  min=0.000874717  max=0.000888333
Timings{0}> updateParticle...... n=   10  mean= 0.0128541  std=0.00907186  min=0.00904266  max=  0.038567
Timings{0}> locateParticles..... n=   10  mean=0.00176977  std=1.12184e-05  min=0.00175252  max=0.00178158
Timings{0}> sendPreprocess...... n=   10  mean=0.000607534  std=7.38414e-05  min=0.000478659  max=0.00073166
Timings{0}> particleSend........ n=   10  mean= 0.0041633  std= 0.0073847  min=0.00147249  max= 0.0251423
Timings{0}> particleRecv........ n=   10  mean=5.10801e-05  std=3.5448e-06  min=4.6601e-05  max=5.7591e-05
Timings{0}> particleDestroy..... n=   10  mean=0.00269124  std=4.11923e-06  min=0.00268188  max=0.00269612
Timings{0}> ScatterPIFNUFFT..... n=   20  mean=  0.268568  std=   0.27528  min=0.000296034  max=  0.545563
Timings{0}> NativeNUFFT1........ n=   10  mean=  0.536222  std=0.00696111  min=  0.525991  max=   0.54495
Timings{0}> scatterTimerNUFFT1.. n=   10  mean=   0.48957  std=0.00689143  min=  0.478141  max=  0.499352
Timings{0}> binSort............. n=   10  mean=0.00231854  std=4.37022e-05  min=0.00228541  max=0.00243703
Timings{0}> binComputeKeys...... n=   10  mean=0.000163487  std=5.82885e-07  min=0.000162786  max=0.00016472
Timings{0}> binSortByKey........ n=   10  mean=0.00206207  std=4.43835e-05  min=0.00203191  max=0.00218273
Timings{0}> binComputeOffsets... n=   10  mean=8.97411e-05  std=2.02064e-06  min= 8.755e-05  max=9.3251e-05
Timings{0}> FFTNUFFT1........... n=   10  mean= 0.0465075  std=0.00357125  min=  0.041174  max= 0.0512276
Timings{0}> deconvolutionNUFFT1. n=   10  mean=0.000140189  std=9.45324e-07  min=0.000139271  max=0.000142436
Timings{0}> GatherPIFNUFFT...... n=   10  mean=  0.707623  std=0.00874783  min=  0.695775  max=  0.724657
Timings{0}> NativeNUFFT2........ n=   30  mean=  0.234903  std=0.00346754  min=  0.229273  max=   0.24509
Timings{0}> PrecorrectionNUFFT2. n=   30  mean=0.000228064  std=8.44966e-06  min=0.000218705  max=0.000243022
Timings{0}> FFTNUFFT2........... n=   30  mean= 0.0433569  std=0.00205918  min= 0.0392168  max= 0.0470893
Timings{0}> GatherNUFFT2........ n=   30  mean=  0.191311  std=0.00276706  min=  0.185882  max=  0.197761
Timings{0}> ---------------------------------------------
