libfabric:28006:1773699114::cxi:core:cxip_query_if_list():548<warn> nid007355: CXI retry handler not running for device: cxi3
libfabric:28019:1773699114::cxi:core:cxip_query_if_list():548<warn> nid007355: CXI retry handler not running for device: cxi3
libfabric:28007:1773699114::cxi:core:cxip_query_if_list():548<warn> nid007355: CXI retry handler not running for device: cxi3
libfabric:28004:1773699114::cxi:core:cxip_query_if_list():548<warn> nid007355: CXI retry handler not running for device: cxi3
libfabric:28017:1773699114::cxi:core:cxip_query_if_list():548<warn> nid007355: CXI retry handler not running for device: cxi3
libfabric:28009:1773699114::cxi:core:cxip_query_if_list():548<warn> nid007355: CXI retry handler not running for device: cxi3
libfabric:28005:1773699114::cxi:core:cxip_query_if_list():548<warn> nid007355: CXI retry handler not running for device: cxi3
libfabric:28008:1773699114::cxi:core:cxip_query_if_list():548<warn> nid007355: CXI retry handler not running for device: cxi3
PE 0:  == Node nid005809 has 4 NIC(s) available
PE 0:  == Node nid005810 has 4 NIC(s) available
PE 0:  == Node nid005811 has 4 NIC(s) available
PE 0:  == Node nid005812 has 4 NIC(s) available
PE 0:  == Node nid005982 has 4 NIC(s) available
PE 0:  == Node nid005983 has 4 NIC(s) available
PE 0:  == Node nid005984 has 4 NIC(s) available
PE 0:  == Node nid005985 has 4 NIC(s) available
PE 0:  == Node nid005986 has 4 NIC(s) available
PE 0:  == Node nid005987 has 4 NIC(s) available
PE 0:  == Node nid005988 has 4 NIC(s) available
PE 0:  == Node nid006632 has 4 NIC(s) available
PE 0:  == Node nid006633 has 4 NIC(s) available
PE 0:  == Node nid006634 has 4 NIC(s) available
PE 0:  == Node nid006635 has 4 NIC(s) available
PE 0:  == Node nid006636 has 4 NIC(s) available
PE 0:  == Node nid006637 has 4 NIC(s) available
PE 0:  == Node nid006638 has 4 NIC(s) available
PE 0:  == Node nid006820 has 4 NIC(s) available
PE 0:  == Node nid006821 has 4 NIC(s) available
PE 0:  == Node nid006822 has 4 NIC(s) available
PE 0:  == Node nid006823 has 4 NIC(s) available
PE 0:  == Node nid006824 has 4 NIC(s) available
PE 0:  == Node nid006825 has 4 NIC(s) available
PE 0:  == Node nid006826 has 4 NIC(s) available
PE 0:  == Node nid007352 has 4 NIC(s) available
PE 0:  == Node nid007353 has 4 NIC(s) available
PE 0:  == Node nid007354 has 4 NIC(s) available
PE 0:  == Node nid007355 has 3 NIC(s) available
PE 0:  == Node nid007356 has 4 NIC(s) available
PE 0:  == Node nid007357 has 4 NIC(s) available
PE 0:  == Node nid007358 has 4 NIC(s) available
PE 0: 
MPICH ERROR: All nodes in this job do not contain the same number of NICs. Aborting job as performance may be affected.
Set MPICH_OFI_SKIP_NIC_SYMMETRY_TEST=1 to bypass this check.
MPICH ERROR [Rank 0] [job id 16777429.0] [Tue Mar 17 00:11:54 2026] [nid005809] - Abort(-1) (rank 0 in comm 0): Inconsistent number of NICs across the job (Other MPI error)

aborting job:
Inconsistent number of NICs across the job
srun: error: nid005809: task 0: Exited with exit code 255
srun: Terminating StepId=16777429.0
slurmstepd: error: *** STEP 16777429.0 ON nid005809 CANCELLED AT 2026-03-17T00:11:54 ***
srun: error: nid007358: tasks 248-255: Terminated
srun: error: nid005811: tasks 16-23: Terminated
srun: error: nid007356: tasks 232-239: Terminated
srun: error: nid006633: tasks 96-103: Terminated
srun: error: nid006820: tasks 144-151: Terminated
srun: error: nid006634: tasks 104-111: Terminated
srun: error: nid006822: tasks 160-167: Terminated
srun: error: nid006821: tasks 152-159: Terminated
srun: error: nid005812: tasks 24-31: Terminated
srun: error: nid006823: tasks 168-175: Terminated
srun: error: nid006632: tasks 88-95: Terminated
srun: error: nid007352: tasks 200-207: Terminated
srun: error: nid006635: tasks 112-119: Terminated
srun: error: nid006824: tasks 176-183: Terminated
srun: error: nid005809: tasks 1-7: Terminated
srun: error: nid005986: tasks 64-71: Terminated
srun: error: nid007355: tasks 224-231: Terminated
srun: error: nid006637: tasks 128-135: Terminated
srun: error: nid006636: tasks 120-127: Terminated
srun: error: nid007353: tasks 208-215: Terminated
srun: error: nid007354: tasks 216-223: Terminated
srun: error: nid006638: tasks 136-143: Terminated
srun: error: nid005810: tasks 8-15: Terminated
srun: error: nid005983: tasks 40-47: Terminated
srun: error: nid007357: tasks 240-247: Terminated
srun: error: nid005987: tasks 72-79: Terminated
srun: error: nid005984: tasks 48-55: Terminated
srun: error: nid005982: tasks 32-39: Terminated
srun: error: nid006826: tasks 192-199: Terminated
srun: error: nid005985: tasks 56-63: Terminated
srun: error: nid006825: tasks 184-191: Terminated
srun: error: nid005988: tasks 80-87: Terminated
srun: Force Terminated StepId=16777429.0
