LandauDampingPIF{0}> Landau damping
LandauDampingPIF{0}> nt 10 Np= 268435456 Fourier modes = ( 256 , 256 , 512 )
LandauDampingPIF{0}> particles created and initial conditions assigned 
LandauDampingPIF{0}> After init shape function 
LandauDampingPIF{0}> After init NUFFT 
LandauDampingPIF{0}> After update 
[Scatter] Auto-select: OutputFocused (tp=747.1 Mpts/s) for w=5 rho=1.00 (was Atomic)
[Scatter] Cache hit: method=OutputFocused w=5 cx=1 rho=1.00 -> tile=(5,3,5) team=128 osub=1 zb=29 tp=747.1 Mpts/s (rho_csv=1.25)
LandauDampingPIF{0}> After scatter 
LandauDampingPIF{0}> After gather 
LandauDampingPIF{0}> Starting iterations ...
LandauDampingPIF{0}> Finished time step: -2 time: 0.0122718
LandauDampingPIF{0}> Finished time step: -1 time: 0.0245437
LandauDampingPIF{0}> Finished time step: 0 time: 0.0368155
LandauDampingPIF{0}> Finished time step: 1 time: 0.0490874
LandauDampingPIF{0}> Finished time step: 2 time: 0.0613592
LandauDampingPIF{0}> Finished time step: 3 time: 0.0736311
LandauDampingPIF{0}> Finished time step: 4 time: 0.0859029
LandauDampingPIF{0}> Finished time step: 5 time: 0.0981748
LandauDampingPIF{0}> Finished time step: 6 time: 0.110447
LandauDampingPIF{0}> Finished time step: 7 time: 0.122718
LandauDampingPIF{0}> Finished time step: 8 time: 0.13499
LandauDampingPIF{0}> Finished time step: 9 time: 0.147262
LandauDampingPIF{0}> Finished time step: 10 time: 0.159534
LandauDampingPIF{0}> LandauDamping: End.
Timings{0}> ---------------------------------------------
Timings{0}>      Timing results for 8 rank(s):
Timings{0}> ---------------------------------------------
Timings{0}> mainTimer........... Wall tot =    17.8034
Timings{0}> 
Timings{0}> particlesCreation... Wall max =          0
Timings{0}>                      Wall avg =          0
Timings{0}>                      Wall min =          0
Timings{0}> 
Timings{0}> dumpData............ Wall max =   0.102817
Timings{0}>                      Wall avg =  0.0951072
Timings{0}>                      Wall min =  0.0850802
Timings{0}> 
Timings{0}> kick................ Wall max =  0.0364223
Timings{0}>                      Wall avg =  0.0363734
Timings{0}>                      Wall min =  0.0362781
Timings{0}> 
Timings{0}> drift............... Wall max =  0.0181831
Timings{0}>                      Wall avg =  0.0179729
Timings{0}>                      Wall min =  0.0178708
Timings{0}> 
Timings{0}> particleBC.......... Wall max =  0.0361203
Timings{0}>                      Wall avg =  0.0360879
Timings{0}>                      Wall min =  0.0360554
Timings{0}> 
Timings{0}> initializeShapeFunc. Wall max =          0
Timings{0}>                      Wall avg =          0
Timings{0}>                      Wall min =          0
Timings{0}> 
Timings{0}> findInternal........ Wall max =          0
Timings{0}>                      Wall avg =          0
Timings{0}>                      Wall min =          0
Timings{0}> 
Timings{0}> findPeriodic........ Wall max =          0
Timings{0}>                      Wall avg =          0
Timings{0}>                      Wall min =          0
Timings{0}> 
Timings{0}> NativeNUFFT::init... Wall max =          0
Timings{0}>                      Wall avg =          0
Timings{0}>                      Wall min =          0
Timings{0}> 
Timings{0}> updateParticle...... Wall max =   0.065089
Timings{0}>                      Wall avg =  0.0640943
Timings{0}>                      Wall min =  0.0629562
Timings{0}> 
Timings{0}> locateParticles..... Wall max =  0.0139646
Timings{0}>                      Wall avg =  0.0137958
Timings{0}>                      Wall min =  0.0136704
Timings{0}> 
Timings{0}> sendPreprocess...... Wall max = 0.00164474
Timings{0}>                      Wall avg = 0.00136654
Timings{0}>                      Wall min = 0.00118359
Timings{0}> 
Timings{0}> particleSend........ Wall max = 0.00494579
Timings{0}>                      Wall avg = 0.00485997
Timings{0}>                      Wall min = 0.00477969
Timings{0}> 
Timings{0}> particleRecv........ Wall max = 0.000170809
Timings{0}>                      Wall avg = 0.000160343
Timings{0}>                      Wall min =  0.0001427
Timings{0}> 
Timings{0}> particleDestroy..... Wall max =  0.0383123
Timings{0}>                      Wall avg =  0.0354137
Timings{0}>                      Wall min =  0.0326181
Timings{0}> 
Timings{0}> ScatterPIFNUFFT..... Wall max =    4.67406
Timings{0}>                      Wall avg =    4.49951
Timings{0}>                      Wall min =    4.40116
Timings{0}> 
Timings{0}> NativeNUFFT1........ Wall max =    4.61453
Timings{0}>                      Wall avg =    4.43997
Timings{0}>                      Wall min =    4.34107
Timings{0}> 
Timings{0}> scatterTimerNUFFT1.. Wall max =   0.366793
Timings{0}>                      Wall avg =   0.366487
Timings{0}>                      Wall min =   0.366075
Timings{0}> 
Timings{0}> binSort............. Wall max =   0.364454
Timings{0}>                      Wall avg =   0.364024
Timings{0}>                      Wall min =   0.363723
Timings{0}> 
Timings{0}> binComputeKeys...... Wall max =  0.0395711
Timings{0}>                      Wall avg =  0.0395346
Timings{0}>                      Wall min =     0.0395
Timings{0}> 
Timings{0}> binSortByKey........ Wall max =   0.314668
Timings{0}>                      Wall avg =   0.314226
Timings{0}>                      Wall min =   0.313931
Timings{0}> 
Timings{0}> binComputeOffsets... Wall max = 0.00988584
Timings{0}>                      Wall avg = 0.00986749
Timings{0}>                      Wall min = 0.00984393
Timings{0}> 
Timings{0}> FFTNUFFT1........... Wall max =    4.24256
Timings{0}>                      Wall avg =    4.06803
Timings{0}>                      Wall min =    3.96896
Timings{0}> 
Timings{0}> deconvolutionNUFFT1. Wall max =  0.0053682
Timings{0}>                      Wall avg =  0.0053385
Timings{0}>                      Wall min = 0.00531673
Timings{0}> 
Timings{0}> GatherPIFNUFFT...... Wall max =    13.0989
Timings{0}>                      Wall avg =    13.0022
Timings{0}>                      Wall min =    12.8265
Timings{0}> 
Timings{0}> NativeNUFFT2........ Wall max =    12.9459
Timings{0}>                      Wall avg =    12.8488
Timings{0}>                      Wall min =    12.6735
Timings{0}> 
Timings{0}> PrecorrectionNUFFT2. Wall max =  0.0282659
Timings{0}>                      Wall avg =  0.0280974
Timings{0}>                      Wall min =  0.0280059
Timings{0}> 
Timings{0}> FFTNUFFT2........... Wall max =    12.1844
Timings{0}>                      Wall avg =    12.0538
Timings{0}>                      Wall min =    11.9148
Timings{0}> 
Timings{0}> GatherNUFFT2........ Wall max =   0.824583
Timings{0}>                      Wall avg =   0.766321
Timings{0}>                      Wall min =   0.715896
Timings{0}> 
Timings{0}> ---------------------------------------------
Timings{0}>      Measurement counts:
Timings{0}> ---------------------------------------------
Timings{0}> mainTimer........... Count =          1
Timings{0}> particlesCreation... Count =          0
Timings{0}> dumpData............ Count =         10
Timings{0}> kick................ Count =         20
Timings{0}> drift............... Count =         10
Timings{0}> particleBC.......... Count =         10
Timings{0}> initializeShapeFunc. Count =          0
Timings{0}> findInternal........ Count =          0
Timings{0}> findPeriodic........ Count =          0
Timings{0}> NativeNUFFT::init... Count =          0
Timings{0}> updateParticle...... Count =         10
Timings{0}> locateParticles..... Count =         10
Timings{0}> sendPreprocess...... Count =         10
Timings{0}> particleSend........ Count =         10
Timings{0}> particleRecv........ Count =         10
Timings{0}> particleDestroy..... Count =         10
Timings{0}> ScatterPIFNUFFT..... Count =         20
Timings{0}> NativeNUFFT1........ Count =         10
Timings{0}> scatterTimerNUFFT1.. Count =         10
Timings{0}> binSort............. Count =         40
Timings{0}> binComputeKeys...... Count =         40
Timings{0}> binSortByKey........ Count =         40
Timings{0}> binComputeOffsets... Count =         40
Timings{0}> FFTNUFFT1........... Count =         10
Timings{0}> deconvolutionNUFFT1. Count =         10
Timings{0}> GatherPIFNUFFT...... Count =         10
Timings{0}> NativeNUFFT2........ Count =         30
Timings{0}> PrecorrectionNUFFT2. Count =         30
Timings{0}> FFTNUFFT2........... Count =         30
Timings{0}> GatherNUFFT2........ Count =         30
Timings{0}> ---------------------------------------------
Timings{0}> ---------------------------------------------
Timings{0}>      Per-occurrence statistics:
Timings{0}> ---------------------------------------------
Timings{0}> mainTimer........... n=    1  mean=   17.8034  std=         0  min=   17.8034  max=   17.8034
Timings{0}> dumpData............ n=   10  mean=0.00996046  std=0.000688502  min=0.00831047  max= 0.0107095
Timings{0}> kick................ n=   20  mean=0.00182029  std=9.54168e-06  min=0.00180105  max=0.00184022
Timings{0}> drift............... n=   10  mean=0.00178885  std=1.75476e-05  min=0.00177688  max=0.00182307
Timings{0}> particleBC.......... n=   10  mean=0.00360791  std=3.02399e-06  min= 0.0036023  max=0.00361319
Timings{0}> updateParticle...... n=   10  mean=0.00629562  std=0.000128719  min=0.00616093  max=0.00655073
Timings{0}> locateParticles..... n=   10  mean=  0.001379  std=3.62488e-06  min= 0.0013711  max= 0.0013825
Timings{0}> sendPreprocess...... n=   10  mean=0.000139766  std=2.69509e-05  min= 9.924e-05  max=0.000186779
Timings{0}> particleSend........ n=   10  mean=0.00048629  std=2.0875e-05  min=0.000468218  max=0.000533818
Timings{0}> particleRecv........ n=   10  mean= 1.427e-05  std=5.23217e-07  min= 1.375e-05  max= 1.552e-05
Timings{0}> particleDestroy..... n=   10  mean=0.00326181  std=1.06515e-05  min=0.00324613  max=0.00327865
Timings{0}> ScatterPIFNUFFT..... n=   20  mean=  0.220971  std=  0.225568  min=0.00111186  max=  0.441514
Timings{0}> NativeNUFFT1........ n=   10  mean=  0.435927  std=0.000375169  min=  0.435503  max=  0.436599
Timings{0}> scatterTimerNUFFT1.. n=   10  mean= 0.0366793  std=8.21751e-05  min= 0.0366014  max= 0.0368864
Timings{0}> binSort............. n=   40  mean=0.00911134  std=2.09025e-05  min=0.00907141  max=0.00913412
Timings{0}> binComputeKeys...... n=   40  mean=0.000987748  std=1.62416e-06  min=0.000984376  max=0.000991746
Timings{0}> binSortByKey........ n=   40  mean= 0.0078667  std=1.86679e-05  min=0.00782906  max=0.00789052
Timings{0}> binComputeOffsets... n=   40  mean=0.000247146  std=2.45959e-06  min=0.000243689  max=0.000255699
Timings{0}> FFTNUFFT1........... n=   10  mean=  0.398701  std=0.000379269  min=  0.398229  max=  0.399429
Timings{0}> deconvolutionNUFFT1. n=   10  mean=0.000535012  std=5.17068e-06  min=0.000522418  max=0.000540517
Timings{0}> GatherPIFNUFFT...... n=   10  mean=    1.3082  std=0.00140115  min=   1.30616  max=   1.31026
Timings{0}> NativeNUFFT2........ n=   30  mean=  0.430964  std= 0.0119889  min=  0.421003  max=  0.448253
Timings{0}> PrecorrectionNUFFT2. n=   30  mean=0.000935534  std=1.42656e-05  min=0.000920996  max=0.000965336
Timings{0}> FFTNUFFT2........... n=   30  mean=  0.406146  std= 0.0122507  min=  0.396273  max=  0.423759
Timings{0}> GatherNUFFT2........ n=   30  mean= 0.0238632  std=0.000685484  min= 0.0233871  max= 0.0253841
Timings{0}> ---------------------------------------------
