LandauDampingPIF{0}> Landau damping
LandauDampingPIF{0}> nt 10 Np= 268435456 Fourier modes = ( 256 , 256 , 512 )
LandauDampingPIF{0}> particles created and initial conditions assigned 
LandauDampingPIF{0}> After init shape function 
LandauDampingPIF{0}> After init NUFFT 
LandauDampingPIF{0}> After update 
[Scatter] Auto-select: OutputFocused (tp=747.1 Mpts/s) for w=5 rho=1.00 (was Atomic)
[Scatter] Cache hit: method=OutputFocused w=5 cx=1 rho=1.00 -> tile=(5,3,5) team=128 osub=1 zb=29 tp=747.1 Mpts/s (rho_csv=1.25)
LandauDampingPIF{0}> After scatter 
LandauDampingPIF{0}> After gather 
LandauDampingPIF{0}> Starting iterations ...
LandauDampingPIF{0}> Finished time step: -2 time: 0.0122718
LandauDampingPIF{0}> Finished time step: -1 time: 0.0245437
LandauDampingPIF{0}> Finished time step: 0 time: 0.0368155
LandauDampingPIF{0}> Finished time step: 1 time: 0.0490874
LandauDampingPIF{0}> Finished time step: 2 time: 0.0613592
LandauDampingPIF{0}> Finished time step: 3 time: 0.0736311
LandauDampingPIF{0}> Finished time step: 4 time: 0.0859029
LandauDampingPIF{0}> Finished time step: 5 time: 0.0981748
LandauDampingPIF{0}> Finished time step: 6 time: 0.110447
LandauDampingPIF{0}> Finished time step: 7 time: 0.122718
LandauDampingPIF{0}> Finished time step: 8 time: 0.13499
LandauDampingPIF{0}> Finished time step: 9 time: 0.147262
LandauDampingPIF{0}> Finished time step: 10 time: 0.159534
LandauDampingPIF{0}> LandauDamping: End.
Timings{0}> ---------------------------------------------
Timings{0}>      Timing results for 8 rank(s):
Timings{0}> ---------------------------------------------
Timings{0}> mainTimer........... Wall tot =    22.4697
Timings{0}> 
Timings{0}> particlesCreation... Wall max =          0
Timings{0}>                      Wall avg =          0
Timings{0}>                      Wall min =          0
Timings{0}> 
Timings{0}> dumpData............ Wall max =   0.059715
Timings{0}>                      Wall avg =   0.051404
Timings{0}>                      Wall min =  0.0433322
Timings{0}> 
Timings{0}> kick................ Wall max =  0.0357252
Timings{0}>                      Wall avg =  0.0355728
Timings{0}>                      Wall min =  0.0354408
Timings{0}> 
Timings{0}> drift............... Wall max =  0.0177088
Timings{0}>                      Wall avg =  0.0176374
Timings{0}>                      Wall min =   0.017566
Timings{0}> 
Timings{0}> initializeShapeFunc. Wall max =          0
Timings{0}>                      Wall avg =          0
Timings{0}>                      Wall min =          0
Timings{0}> 
Timings{0}> findInternal........ Wall max =          0
Timings{0}>                      Wall avg =          0
Timings{0}>                      Wall min =          0
Timings{0}> 
Timings{0}> findPeriodic........ Wall max =          0
Timings{0}>                      Wall avg =          0
Timings{0}>                      Wall min =          0
Timings{0}> 
Timings{0}> NativeNUFFT::init... Wall max =          0
Timings{0}>                      Wall avg =          0
Timings{0}>                      Wall min =          0
Timings{0}> 
Timings{0}> particleBC.......... Wall max =  0.0360248
Timings{0}>                      Wall avg =  0.0359948
Timings{0}>                      Wall min =  0.0359718
Timings{0}> 
Timings{0}> updateParticle...... Wall max =  0.0723302
Timings{0}>                      Wall avg =  0.0708439
Timings{0}>                      Wall min =  0.0680268
Timings{0}> 
Timings{0}> locateParticles..... Wall max =  0.0143218
Timings{0}>                      Wall avg =  0.0139765
Timings{0}>                      Wall min =  0.0137793
Timings{0}> 
Timings{0}> sendPreprocess...... Wall max = 0.00166445
Timings{0}>                      Wall avg = 0.00154951
Timings{0}>                      Wall min = 0.00131937
Timings{0}> 
Timings{0}> particleSend........ Wall max = 0.00539117
Timings{0}>                      Wall avg =  0.0051181
Timings{0}>                      Wall min = 0.00489334
Timings{0}> 
Timings{0}> particleRecv........ Wall max = 0.000196613
Timings{0}>                      Wall avg = 0.000181369
Timings{0}>                      Wall min = 0.000169714
Timings{0}> 
Timings{0}> particleDestroy..... Wall max =  0.0442767
Timings{0}>                      Wall avg =   0.038868
Timings{0}>                      Wall min =  0.0361023
Timings{0}> 
Timings{0}> ScatterPIFNUFFT..... Wall max =    5.74141
Timings{0}>                      Wall avg =    5.73758
Timings{0}>                      Wall min =    5.73384
Timings{0}> 
Timings{0}> NativeNUFFT1........ Wall max =     5.7073
Timings{0}>                      Wall avg =    5.70378
Timings{0}>                      Wall min =    5.69975
Timings{0}> 
Timings{0}> scatterTimerNUFFT1.. Wall max =   0.411635
Timings{0}>                      Wall avg =   0.409512
Timings{0}>                      Wall min =   0.406685
Timings{0}> 
Timings{0}> binSort............. Wall max =   0.366225
Timings{0}>                      Wall avg =   0.365133
Timings{0}>                      Wall min =   0.364524
Timings{0}> 
Timings{0}> binComputeKeys...... Wall max =   0.039483
Timings{0}>                      Wall avg =  0.0394026
Timings{0}>                      Wall min =  0.0393494
Timings{0}> 
Timings{0}> binSortByKey........ Wall max =   0.315811
Timings{0}>                      Wall avg =   0.315044
Timings{0}>                      Wall min =   0.314571
Timings{0}> 
Timings{0}> binComputeOffsets... Wall max =  0.0105779
Timings{0}>                      Wall avg =  0.0102663
Timings{0}>                      Wall min =  0.0100382
Timings{0}> 
Timings{0}> FFTNUFFT1........... Wall max =    5.29553
Timings{0}>                      Wall avg =    5.29282
Timings{0}>                      Wall min =    5.28885
Timings{0}> 
Timings{0}> TwiddleAdd.......... Wall max =  0.0134014
Timings{0}>                      Wall avg =  0.0133247
Timings{0}>                      Wall min =  0.0132591
Timings{0}> 
Timings{0}> subFFTs............. Wall max =    5.28143
Timings{0}>                      Wall avg =    5.27874
Timings{0}>                      Wall min =    5.27481
Timings{0}> 
Timings{0}> deconvolutionNUFFT1. Wall max = 0.00134091
Timings{0}>                      Wall avg = 0.00132678
Timings{0}>                      Wall min = 0.00130293
Timings{0}> 
Timings{0}> GatherPIFNUFFT...... Wall max =    16.5115
Timings{0}>                      Wall avg =    16.5027
Timings{0}>                      Wall min =    16.4951
Timings{0}> 
Timings{0}> NativeNUFFT2........ Wall max =    16.3868
Timings{0}>                      Wall avg =    16.3794
Timings{0}>                      Wall min =    16.3727
Timings{0}> 
Timings{0}> PrecorrectionNUFFT2. Wall max = 0.00401191
Timings{0}>                      Wall avg = 0.00399081
Timings{0}>                      Wall min = 0.00395424
Timings{0}> 
Timings{0}> FFTNUFFT2........... Wall max =    15.6619
Timings{0}>                      Wall avg =    15.6323
Timings{0}>                      Wall min =    15.6043
Timings{0}> 
Timings{0}> subIFFTs............ Wall max =    15.5884
Timings{0}>                      Wall avg =    15.5589
Timings{0}>                      Wall min =    15.5307
Timings{0}> 
Timings{0}> StridedWrite........ Wall max =  0.0615375
Timings{0}>                      Wall avg =  0.0613955
Timings{0}>                      Wall min =  0.0612721
Timings{0}> 
Timings{0}> GatherNUFFT2........ Wall max =   0.772943
Timings{0}>                      Wall avg =   0.742516
Timings{0}>                      Wall min =   0.709299
Timings{0}> 
Timings{0}> ---------------------------------------------
Timings{0}>      Measurement counts:
Timings{0}> ---------------------------------------------
Timings{0}> mainTimer........... Count =          1
Timings{0}> particlesCreation... Count =          0
Timings{0}> dumpData............ Count =         10
Timings{0}> kick................ Count =         20
Timings{0}> drift............... Count =         10
Timings{0}> initializeShapeFunc. Count =          0
Timings{0}> findInternal........ Count =          0
Timings{0}> findPeriodic........ Count =          0
Timings{0}> NativeNUFFT::init... Count =          0
Timings{0}> particleBC.......... Count =         10
Timings{0}> updateParticle...... Count =         10
Timings{0}> locateParticles..... Count =         10
Timings{0}> sendPreprocess...... Count =         10
Timings{0}> particleSend........ Count =         10
Timings{0}> particleRecv........ Count =         10
Timings{0}> particleDestroy..... Count =         10
Timings{0}> ScatterPIFNUFFT..... Count =         20
Timings{0}> NativeNUFFT1........ Count =         10
Timings{0}> scatterTimerNUFFT1.. Count =         10
Timings{0}> binSort............. Count =         40
Timings{0}> binComputeKeys...... Count =         40
Timings{0}> binSortByKey........ Count =         40
Timings{0}> binComputeOffsets... Count =         40
Timings{0}> FFTNUFFT1........... Count =         10
Timings{0}> TwiddleAdd.......... Count =         20
Timings{0}> subFFTs............. Count =         20
Timings{0}> deconvolutionNUFFT1. Count =         10
Timings{0}> GatherPIFNUFFT...... Count =         10
Timings{0}> NativeNUFFT2........ Count =         30
Timings{0}> PrecorrectionNUFFT2. Count =         30
Timings{0}> FFTNUFFT2........... Count =         30
Timings{0}> subIFFTs............ Count =         60
Timings{0}> StridedWrite........ Count =         60
Timings{0}> GatherNUFFT2........ Count =         30
Timings{0}> ---------------------------------------------
Timings{0}> ---------------------------------------------
Timings{0}>      Per-occurrence statistics:
Timings{0}> ---------------------------------------------
Timings{0}> mainTimer........... n=    1  mean=   22.4697  std=         0  min=   22.4697  max=   22.4697
Timings{0}> dumpData............ n=   10  mean=0.00501173  std=0.000586052  min=0.00406044  max=0.00587455
Timings{0}> kick................ n=   20  mean=0.00177503  std=2.93852e-05  min=0.00174359  max=0.00181192
Timings{0}> drift............... n=   10  mean=0.00175932  std=3.99142e-06  min=0.00175693  max=0.00177021
Timings{0}> particleBC.......... n=   10  mean=0.00359998  std=4.28067e-06  min=0.00359338  max=0.00360622
Timings{0}> updateParticle...... n=   10  mean=0.00680268  std=0.000160143  min=0.00663218  max=0.00701835
Timings{0}> locateParticles..... n=   10  mean=0.00140178  std=1.42837e-05  min=0.00138791  max= 0.0014347
Timings{0}> sendPreprocess...... n=   10  mean=0.00015001  std=3.03493e-05  min=0.000124509  max=0.000223869
Timings{0}> particleSend........ n=   10  mean=0.000530772  std=3.09156e-05  min=0.000508498  max=0.000607057
Timings{0}> particleRecv........ n=   10  mean=1.82528e-05  std=4.61147e-06  min= 1.502e-05  max= 2.951e-05
Timings{0}> particleDestroy..... n=   10  mean=0.00368017  std=5.24559e-05  min=0.00359633  max=0.00376919
Timings{0}> ScatterPIFNUFFT..... n=   20  mean=  0.286883  std=  0.294193  min=0.00015587  max=  0.580941
Timings{0}> NativeNUFFT1........ n=   10  mean=  0.570509  std=0.00480618  min=  0.559099  max=  0.577577
Timings{0}> scatterTimerNUFFT1.. n=   10  mean= 0.0411393  std=0.000909603  min= 0.0396792  max= 0.0426949
Timings{0}> binSort............. n=   40  mean=0.00914088  std=3.37544e-05  min=0.00910098  max= 0.0092047
Timings{0}> binComputeKeys...... n=   40  mean=0.000983771  std=3.50188e-06  min=0.000978256  max=0.000989796
Timings{0}> binSortByKey........ n=   40  mean=0.00788712  std=2.49487e-05  min=0.00785691  max=0.00793818
Timings{0}> binComputeOffsets... n=   40  mean=0.000260044  std=1.24348e-05  min=0.000247219  max=0.000283219
Timings{0}> FFTNUFFT1........... n=   10  mean=  0.529227  std=0.00483119  min=  0.517423  max=    0.5351
Timings{0}> TwiddleAdd.......... n=   20  mean=0.000667702  std=8.85238e-06  min=0.000653677  max=0.000680018
Timings{0}> subFFTs............. n=   20  mean=  0.263907  std=0.00350604  min=   0.25242  max=  0.267987
Timings{0}> deconvolutionNUFFT1. n=   10  mean=0.000132026  std=7.30306e-06  min=0.000127629  max=0.000151359
Timings{0}> GatherPIFNUFFT...... n=   10  mean=   1.65048  std= 0.0164485  min=   1.62644  max=   1.68194
Timings{0}> NativeNUFFT2........ n=   30  mean=  0.546082  std=0.00897995  min=  0.532532  max=  0.561488
Timings{0}> PrecorrectionNUFFT2. n=   30  mean=0.00013272  std=1.54933e-06  min=0.000130749  max=0.00013779
Timings{0}> FFTNUFFT2........... n=   30  mean=  0.520195  std=  0.009384  min=  0.505718  max=   0.53565
Timings{0}> subIFFTs............ n=   60  mean=  0.258874  std=0.00577726  min=  0.249949  max=  0.269938
Timings{0}> StridedWrite........ n=   60  mean=0.00102355  std=4.12954e-06  min=0.00101562  max=0.00103556
Timings{0}> GatherNUFFT2........ n=   30  mean= 0.0257338  std= 0.0013588  min=   0.02347  max= 0.0275245
Timings{0}> ---------------------------------------------
