LandauDampingPIF{0}> Landau damping
LandauDampingPIF{0}> nt 10 Np= 1073741824 Fourier modes = ( 512 , 512 , 512 )
LandauDampingPIF{0}> particles created and initial conditions assigned 
LandauDampingPIF{0}> After init shape function 
LandauDampingPIF{0}> After init NUFFT 
LandauDampingPIF{0}> After update 
[Scatter] Cache hit: method=Tiled w=5 cx=1 rho=1.14 -> tile=(5,5,2) team=64 osub=2 zb=1 tp=566.4 Mpts/s (rho_csv=10.00)
LandauDampingPIF{0}> After scatter 
LandauDampingPIF{0}> After gather 
LandauDampingPIF{0}> Starting iterations ...
LandauDampingPIF{0}> Finished time step: -2 time: 0.0122718
LandauDampingPIF{0}> Finished time step: -1 time: 0.0245437
LandauDampingPIF{0}> Finished time step: 0 time: 0.0368155
LandauDampingPIF{0}> Finished time step: 1 time: 0.0490874
LandauDampingPIF{0}> Finished time step: 2 time: 0.0613592
LandauDampingPIF{0}> Finished time step: 3 time: 0.0736311
LandauDampingPIF{0}> Finished time step: 4 time: 0.0859029
LandauDampingPIF{0}> Finished time step: 5 time: 0.0981748
LandauDampingPIF{0}> Finished time step: 6 time: 0.110447
LandauDampingPIF{0}> Finished time step: 7 time: 0.122718
LandauDampingPIF{0}> Finished time step: 8 time: 0.13499
LandauDampingPIF{0}> Finished time step: 9 time: 0.147262
LandauDampingPIF{0}> Finished time step: 10 time: 0.159534
LandauDampingPIF{0}> LandauDamping: End.
Timings{0}> ---------------------------------------------
Timings{0}>      Timing results for 512 rank(s):
Timings{0}> ---------------------------------------------
Timings{0}> mainTimer........... Wall tot =    9.19607
Timings{0}> 
Timings{0}> particlesCreation... Wall max =          0
Timings{0}>                      Wall avg =          0
Timings{0}>                      Wall min =          0
Timings{0}> 
Timings{0}> dumpData............ Wall max =  0.0698214
Timings{0}>                      Wall avg =  0.0459777
Timings{0}>                      Wall min =  0.0245064
Timings{0}> 
Timings{0}> kick................ Wall max = 0.00350975
Timings{0}>                      Wall avg = 0.00294657
Timings{0}>                      Wall min = 0.00254674
Timings{0}> 
Timings{0}> drift............... Wall max = 0.00171867
Timings{0}>                      Wall avg =  0.0014456
Timings{0}>                      Wall min = 0.00122371
Timings{0}> 
Timings{0}> particleBC.......... Wall max = 0.00460486
Timings{0}>                      Wall avg = 0.00403602
Timings{0}>                      Wall min = 0.00352437
Timings{0}> 
Timings{0}> initializeShapeFunc. Wall max =          0
Timings{0}>                      Wall avg =          0
Timings{0}>                      Wall min =          0
Timings{0}> 
Timings{0}> findInternal........ Wall max =          0
Timings{0}>                      Wall avg =          0
Timings{0}>                      Wall min =          0
Timings{0}> 
Timings{0}> findPeriodic........ Wall max =          0
Timings{0}>                      Wall avg =          0
Timings{0}>                      Wall min =          0
Timings{0}> 
Timings{0}> NativeNUFFT::init... Wall max =          0
Timings{0}>                      Wall avg =          0
Timings{0}>                      Wall min =          0
Timings{0}> 
Timings{0}> updateParticle...... Wall max =  0.0826855
Timings{0}>                      Wall avg =  0.0731048
Timings{0}>                      Wall min =  0.0668275
Timings{0}> 
Timings{0}> locateParticles..... Wall max =  0.0107509
Timings{0}>                      Wall avg =  0.0088966
Timings{0}>                      Wall min = 0.00782724
Timings{0}> 
Timings{0}> sendPreprocess...... Wall max = 0.00937974
Timings{0}>                      Wall avg = 0.00719752
Timings{0}>                      Wall min = 0.00409813
Timings{0}> 
Timings{0}> particleSend........ Wall max =  0.0203166
Timings{0}>                      Wall avg =  0.0154016
Timings{0}>                      Wall min =  0.0127353
Timings{0}> 
Timings{0}> particleRecv........ Wall max = 0.00116752
Timings{0}>                      Wall avg = 0.000876019
Timings{0}>                      Wall min = 0.000765002
Timings{0}> 
Timings{0}> particleDestroy..... Wall max =  0.0199064
Timings{0}>                      Wall avg =  0.0153552
Timings{0}>                      Wall min =  0.0130477
Timings{0}> 
Timings{0}> ScatterPIFNUFFT..... Wall max =     0.4214
Timings{0}>                      Wall avg =   0.403373
Timings{0}>                      Wall min =   0.382476
Timings{0}> 
Timings{0}> NativeNUFFT1........ Wall max =   0.415897
Timings{0}>                      Wall avg =   0.398173
Timings{0}>                      Wall min =   0.377132
Timings{0}> 
Timings{0}> scatterTimerNUFFT1.. Wall max =   0.138028
Timings{0}>                      Wall avg =   0.128341
Timings{0}>                      Wall min =   0.121821
Timings{0}> 
Timings{0}> binSort............. Wall max =  0.0138599
Timings{0}>                      Wall avg =  0.0123298
Timings{0}>                      Wall min =  0.0110892
Timings{0}> 
Timings{0}> binComputeKeys...... Wall max = 0.00108736
Timings{0}>                      Wall avg = 0.000825924
Timings{0}>                      Wall min = 0.00072308
Timings{0}> 
Timings{0}> binSortByKey........ Wall max =  0.0123302
Timings{0}>                      Wall avg =  0.0109205
Timings{0}>                      Wall min = 0.00982998
Timings{0}> 
Timings{0}> binComputeOffsets... Wall max = 0.000788541
Timings{0}>                      Wall avg = 0.00055156
Timings{0}>                      Wall min = 0.000494979
Timings{0}> 
Timings{0}> FFTNUFFT1........... Wall max =    0.28605
Timings{0}>                      Wall avg =    0.26921
Timings{0}>                      Wall min =   0.250882
Timings{0}> 
Timings{0}> deconvolutionNUFFT1. Wall max = 0.00100763
Timings{0}>                      Wall avg = 0.000584779
Timings{0}>                      Wall min = 0.000529323
Timings{0}> 
Timings{0}> GatherPIFNUFFT...... Wall max =     8.6856
Timings{0}>                      Wall avg =    8.66113
Timings{0}>                      Wall min =    8.63648
Timings{0}> 
Timings{0}> NativeNUFFT2........ Wall max =    8.66979
Timings{0}>                      Wall avg =    8.64641
Timings{0}>                      Wall min =    8.62225
Timings{0}> 
Timings{0}> PrecorrectionNUFFT2. Wall max = 0.00437102
Timings{0}>                      Wall avg =  0.0031929
Timings{0}>                      Wall min = 0.00294177
Timings{0}> 
Timings{0}> FFTNUFFT2........... Wall max =     8.1314
Timings{0}>                      Wall avg =    6.77425
Timings{0}>                      Wall min =    4.20402
Timings{0}> 
Timings{0}> GatherNUFFT2........ Wall max =    4.45495
Timings{0}>                      Wall avg =     1.8688
Timings{0}>                      Wall min =    0.49213
Timings{0}> 
Timings{0}> ---------------------------------------------
Timings{0}>      Measurement counts:
Timings{0}> ---------------------------------------------
Timings{0}> mainTimer........... Count =          1
Timings{0}> particlesCreation... Count =          0
Timings{0}> dumpData............ Count =         10
Timings{0}> kick................ Count =         20
Timings{0}> drift............... Count =         10
Timings{0}> particleBC.......... Count =         10
Timings{0}> initializeShapeFunc. Count =          0
Timings{0}> findInternal........ Count =          0
Timings{0}> findPeriodic........ Count =          0
Timings{0}> NativeNUFFT::init... Count =          0
Timings{0}> updateParticle...... Count =         10
Timings{0}> locateParticles..... Count =         10
Timings{0}> sendPreprocess...... Count =         10
Timings{0}> particleSend........ Count =         10
Timings{0}> particleRecv........ Count =         10
Timings{0}> particleDestroy..... Count =         10
Timings{0}> ScatterPIFNUFFT..... Count =         20
Timings{0}> NativeNUFFT1........ Count =         10
Timings{0}> scatterTimerNUFFT1.. Count =         10
Timings{0}> binSort............. Count =         10
Timings{0}> binComputeKeys...... Count =         10
Timings{0}> binSortByKey........ Count =         10
Timings{0}> binComputeOffsets... Count =         10
Timings{0}> FFTNUFFT1........... Count =         10
Timings{0}> deconvolutionNUFFT1. Count =         10
Timings{0}> GatherPIFNUFFT...... Count =         10
Timings{0}> NativeNUFFT2........ Count =         30
Timings{0}> PrecorrectionNUFFT2. Count =         30
Timings{0}> FFTNUFFT2........... Count =         30
Timings{0}> GatherNUFFT2........ Count =         30
Timings{0}> ---------------------------------------------
Timings{0}> ---------------------------------------------
Timings{0}>      Per-occurrence statistics:
Timings{0}> ---------------------------------------------
Timings{0}> mainTimer........... n=    1  mean=   9.19587  std=         0  min=   9.19587  max=   9.19587
Timings{0}> dumpData............ n=   10  mean=0.00281451  std=0.00053654  min=  0.002366  max=0.00396764
Timings{0}> kick................ n=   20  mean=0.000166858  std=8.65179e-07  min=0.00016463  max=0.000167957
Timings{0}> drift............... n=   10  mean=0.000161044  std=9.53338e-07  min=0.000159852  max=0.000162677
Timings{0}> particleBC.......... n=   10  mean=0.000450112  std=2.15567e-06  min=0.00044715  max=0.000452651
Timings{0}> updateParticle...... n=   10  mean=0.00740853  std=0.000552384  min=0.00648018  max=0.00805269
Timings{0}> locateParticles..... n=   10  mean=0.000886858  std=6.74762e-06  min=0.000875374  max=0.000897217
Timings{0}> sendPreprocess...... n=   10  mean=0.000626512  std=7.41349e-05  min=0.000540152  max=0.000763847
Timings{0}> particleSend........ n=   10  mean=0.00173524  std=0.000314858  min=0.00149934  max=0.00227262
Timings{0}> particleRecv........ n=   10  mean=9.27934e-05  std= 1.217e-05  min=8.6067e-05  max=0.000126666
Timings{0}> particleDestroy..... n=   10  mean=0.00164369  std=4.4092e-05  min=0.00161919  max=0.00176759
Timings{0}> ScatterPIFNUFFT..... n=   20  mean= 0.0199698  std= 0.0206011  min=0.00015423  max= 0.0514221
Timings{0}> NativeNUFFT1........ n=   10  mean= 0.0394018  std=0.00484626  min= 0.0344926  max= 0.0510405
Timings{0}> scatterTimerNUFFT1.. n=   10  mean= 0.0127144  std=0.000667361  min= 0.0119254  max= 0.0137975
Timings{0}> binSort............. n=   10  mean=0.00135456  std=2.13218e-05  min=0.00131393  max=0.00138787
Timings{0}> binComputeKeys...... n=   10  mean=9.16062e-05  std=1.35629e-06  min=8.8543e-05  max=9.3141e-05
Timings{0}> binSortByKey........ n=   10  mean=0.00120053  std=1.8985e-05  min=0.00116446  max=0.00123187
Timings{0}> binComputeOffsets... n=   10  mean=5.93225e-05  std=3.81864e-06  min=5.5919e-05  max=6.8824e-05
Timings{0}> FFTNUFFT1........... n=   10  mean= 0.0266033  std=0.00458688  min= 0.0223509  max= 0.0376921
Timings{0}> deconvolutionNUFFT1. n=   10  mean=8.03855e-05  std=9.75598e-07  min=7.9164e-05  max=8.1809e-05
Timings{0}> GatherPIFNUFFT...... n=   10  mean=  0.868066  std=   1.53911  min=  0.134705  max=   3.98169
Timings{0}> NativeNUFFT2........ n=   30  mean=  0.288819  std=  0.925272  min= 0.0424073  max=   3.88721
Timings{0}> PrecorrectionNUFFT2. n=   30  mean=0.000129705  std=4.31318e-06  min=0.000122108  max=0.000143619
Timings{0}> FFTNUFFT2........... n=   30  mean=  0.268264  std=  0.925401  min= 0.0221639  max=   3.86663
Timings{0}> GatherNUFFT2........ n=   30  mean= 0.0204188  std=0.000924987  min= 0.0186285  max= 0.0228697
Timings{0}> ---------------------------------------------

MPICH Slingshot Network Summary: 24 network timeouts

