LandauDampingPIF{0}> Landau damping
LandauDampingPIF{0}> nt 10 Np= 1073741824 Fourier modes = ( 512 , 512 , 512 )
LandauDampingPIF{0}> particles created and initial conditions assigned 
LandauDampingPIF{0}> After init shape function 
LandauDampingPIF{0}> After init NUFFT 
LandauDampingPIF{0}> After update 
[Scatter] Auto-select: OutputFocused (tp=747.1 Mpts/s) for w=5 rho=1.06 (was Atomic)
[Scatter] Cache hit: method=OutputFocused w=5 cx=1 rho=1.06 -> tile=(5,3,5) team=128 osub=1 zb=29 tp=747.1 Mpts/s (rho_csv=1.25)
LandauDampingPIF{0}> After scatter 
LandauDampingPIF{0}> After gather 
LandauDampingPIF{0}> Starting iterations ...
LandauDampingPIF{0}> Finished time step: -2 time: 0.0122718
LandauDampingPIF{0}> Finished time step: -1 time: 0.0245437
LandauDampingPIF{0}> Finished time step: 0 time: 0.0368155
LandauDampingPIF{0}> Finished time step: 1 time: 0.0490874
LandauDampingPIF{0}> Finished time step: 2 time: 0.0613592
LandauDampingPIF{0}> Finished time step: 3 time: 0.0736311
LandauDampingPIF{0}> Finished time step: 4 time: 0.0859029
LandauDampingPIF{0}> Finished time step: 5 time: 0.0981748
LandauDampingPIF{0}> Finished time step: 6 time: 0.110447
LandauDampingPIF{0}> Finished time step: 7 time: 0.122718
LandauDampingPIF{0}> Finished time step: 8 time: 0.13499
LandauDampingPIF{0}> Finished time step: 9 time: 0.147262
LandauDampingPIF{0}> Finished time step: 10 time: 0.159534
LandauDampingPIF{0}> LandauDamping: End.
Timings{0}> ---------------------------------------------
Timings{0}>      Timing results for 32 rank(s):
Timings{0}> ---------------------------------------------
Timings{0}> mainTimer........... Wall tot =    32.2589
Timings{0}> 
Timings{0}> particlesCreation... Wall max =          0
Timings{0}>                      Wall avg =          0
Timings{0}>                      Wall min =          0
Timings{0}> 
Timings{0}> dumpData............ Wall max =  0.0634673
Timings{0}>                      Wall avg =  0.0567826
Timings{0}>                      Wall min =  0.0491239
Timings{0}> 
Timings{0}> kick................ Wall max =  0.0375267
Timings{0}>                      Wall avg =   0.035245
Timings{0}>                      Wall min =   0.033056
Timings{0}> 
Timings{0}> drift............... Wall max =  0.0185912
Timings{0}>                      Wall avg =  0.0174694
Timings{0}>                      Wall min =   0.016385
Timings{0}> 
Timings{0}> initializeShapeFunc. Wall max =          0
Timings{0}>                      Wall avg =          0
Timings{0}>                      Wall min =          0
Timings{0}> 
Timings{0}> findInternal........ Wall max =          0
Timings{0}>                      Wall avg =          0
Timings{0}>                      Wall min =          0
Timings{0}> 
Timings{0}> findPeriodic........ Wall max =          0
Timings{0}>                      Wall avg =          0
Timings{0}>                      Wall min =          0
Timings{0}> 
Timings{0}> NativeNUFFT::init... Wall max =          0
Timings{0}>                      Wall avg =          0
Timings{0}>                      Wall min =          0
Timings{0}> 
Timings{0}> particleBC.......... Wall max =  0.0382526
Timings{0}>                      Wall avg =  0.0359247
Timings{0}>                      Wall min =  0.0336863
Timings{0}> 
Timings{0}> updateParticle...... Wall max =   0.141143
Timings{0}>                      Wall avg =   0.134472
Timings{0}>                      Wall min =   0.126158
Timings{0}> 
Timings{0}> locateParticles..... Wall max =  0.0184118
Timings{0}>                      Wall avg =  0.0167795
Timings{0}>                      Wall min =  0.0155089
Timings{0}> 
Timings{0}> sendPreprocess...... Wall max =  0.0136466
Timings{0}>                      Wall avg = 0.00799602
Timings{0}>                      Wall min = 0.00185701
Timings{0}> 
Timings{0}> particleSend........ Wall max =  0.0110696
Timings{0}>                      Wall avg =  0.0106875
Timings{0}>                      Wall min =  0.0102804
Timings{0}> 
Timings{0}> particleRecv........ Wall max = 0.000434367
Timings{0}>                      Wall avg = 0.000302962
Timings{0}>                      Wall min = 0.000279202
Timings{0}> 
Timings{0}> particleDestroy..... Wall max =  0.0645451
Timings{0}>                      Wall avg =  0.0573476
Timings{0}>                      Wall min =  0.0527721
Timings{0}> 
Timings{0}> ScatterPIFNUFFT..... Wall max =    8.11284
Timings{0}>                      Wall avg =    8.09577
Timings{0}>                      Wall min =     8.0724
Timings{0}> 
Timings{0}> NativeNUFFT1........ Wall max =    8.08207
Timings{0}>                      Wall avg =    8.06493
Timings{0}>                      Wall min =    8.04146
Timings{0}> 
Timings{0}> scatterTimerNUFFT1.. Wall max =    0.47366
Timings{0}>                      Wall avg =   0.462649
Timings{0}>                      Wall min =   0.452378
Timings{0}> 
Timings{0}> binSort............. Wall max =   0.392283
Timings{0}>                      Wall avg =    0.36977
Timings{0}>                      Wall min =   0.348665
Timings{0}> 
Timings{0}> binComputeKeys...... Wall max =  0.0417688
Timings{0}>                      Wall avg =  0.0392424
Timings{0}>                      Wall min =  0.0368281
Timings{0}> 
Timings{0}> binSortByKey........ Wall max =   0.338215
Timings{0}>                      Wall avg =   0.318779
Timings{0}>                      Wall min =     0.3006
Timings{0}> 
Timings{0}> binComputeOffsets... Wall max =  0.0119816
Timings{0}>                      Wall avg =  0.0113229
Timings{0}>                      Wall min =  0.0106522
Timings{0}> 
Timings{0}> FFTNUFFT1........... Wall max =    7.61746
Timings{0}>                      Wall avg =     7.6008
Timings{0}>                      Wall min =    7.57509
Timings{0}> 
Timings{0}> TwiddleAdd.......... Wall max =  0.0137511
Timings{0}>                      Wall avg =  0.0134437
Timings{0}>                      Wall min =  0.0133137
Timings{0}> 
Timings{0}> subFFTs............. Wall max =    7.60329
Timings{0}>                      Wall avg =    7.58657
Timings{0}>                      Wall min =    7.56093
Timings{0}> 
Timings{0}> deconvolutionNUFFT1. Wall max = 0.00141524
Timings{0}>                      Wall avg = 0.00136683
Timings{0}>                      Wall min = 0.00132516
Timings{0}> 
Timings{0}> GatherPIFNUFFT...... Wall max =    23.8855
Timings{0}>                      Wall avg =    23.8661
Timings{0}>                      Wall min =    23.8518
Timings{0}> 
Timings{0}> NativeNUFFT2........ Wall max =    23.7642
Timings{0}>                      Wall avg =    23.7445
Timings{0}>                      Wall min =    23.7297
Timings{0}> 
Timings{0}> PrecorrectionNUFFT2. Wall max = 0.00411108
Timings{0}>                      Wall avg = 0.00405265
Timings{0}>                      Wall min = 0.00400082
Timings{0}> 
Timings{0}> FFTNUFFT2........... Wall max =    22.8854
Timings{0}>                      Wall avg =    22.8005
Timings{0}>                      Wall min =    22.7344
Timings{0}> 
Timings{0}> subIFFTs............ Wall max =    22.8119
Timings{0}>                      Wall avg =    22.7272
Timings{0}>                      Wall min =    22.6612
Timings{0}> 
Timings{0}> StridedWrite........ Wall max =  0.0614626
Timings{0}>                      Wall avg =  0.0613158
Timings{0}>                      Wall min =  0.0610826
Timings{0}> 
Timings{0}> GatherNUFFT2........ Wall max =    1.00384
Timings{0}>                      Wall avg =   0.939347
Timings{0}>                      Wall min =   0.856599
Timings{0}> 
Timings{0}> ---------------------------------------------
Timings{0}>      Measurement counts:
Timings{0}> ---------------------------------------------
Timings{0}> mainTimer........... Count =          1
Timings{0}> particlesCreation... Count =          0
Timings{0}> dumpData............ Count =         10
Timings{0}> kick................ Count =         20
Timings{0}> drift............... Count =         10
Timings{0}> initializeShapeFunc. Count =          0
Timings{0}> findInternal........ Count =          0
Timings{0}> findPeriodic........ Count =          0
Timings{0}> NativeNUFFT::init... Count =          0
Timings{0}> particleBC.......... Count =         10
Timings{0}> updateParticle...... Count =         10
Timings{0}> locateParticles..... Count =         10
Timings{0}> sendPreprocess...... Count =         10
Timings{0}> particleSend........ Count =         10
Timings{0}> particleRecv........ Count =         10
Timings{0}> particleDestroy..... Count =         10
Timings{0}> ScatterPIFNUFFT..... Count =         20
Timings{0}> NativeNUFFT1........ Count =         10
Timings{0}> scatterTimerNUFFT1.. Count =         10
Timings{0}> binSort............. Count =         40
Timings{0}> binComputeKeys...... Count =         40
Timings{0}> binSortByKey........ Count =         40
Timings{0}> binComputeOffsets... Count =         40
Timings{0}> FFTNUFFT1........... Count =         10
Timings{0}> TwiddleAdd.......... Count =         20
Timings{0}> subFFTs............. Count =         20
Timings{0}> deconvolutionNUFFT1. Count =         10
Timings{0}> GatherPIFNUFFT...... Count =         10
Timings{0}> NativeNUFFT2........ Count =         30
Timings{0}> PrecorrectionNUFFT2. Count =         30
Timings{0}> FFTNUFFT2........... Count =         30
Timings{0}> subIFFTs............ Count =         60
Timings{0}> StridedWrite........ Count =         60
Timings{0}> GatherNUFFT2........ Count =         30
Timings{0}> ---------------------------------------------
Timings{0}> ---------------------------------------------
Timings{0}>      Per-occurrence statistics:
Timings{0}> ---------------------------------------------
Timings{0}> mainTimer........... n=    1  mean=   32.2589  std=         0  min=   32.2589  max=   32.2589
Timings{0}> dumpData............ n=   10  mean=0.00508397  std=0.000582062  min=0.00440808  max=0.00630217
Timings{0}> kick................ n=   20  mean=0.00187633  std=2.8743e-05  min=0.00184623  max= 0.0019072
Timings{0}> drift............... n=   10  mean= 0.0018577  std=1.37681e-06  min=0.00185584  max=0.00186097
Timings{0}> particleBC.......... n=   10  mean=0.00382279  std=4.19074e-06  min=0.00381611  max=0.00382806
Timings{0}> updateParticle...... n=   10  mean= 0.0134103  std=0.00215863  min= 0.0107692  max= 0.0166529
Timings{0}> locateParticles..... n=   10  mean=0.00165278  std= 1.221e-05  min=0.00163762  max=0.00167486
Timings{0}> sendPreprocess...... n=   10  mean=0.000361216  std=5.16027e-05  min=0.000301603  max=0.000421634
Timings{0}> particleSend........ n=   10  mean=0.00107837  std=2.36367e-05  min=0.00105882  max=0.00111976
Timings{0}> particleRecv........ n=   10  mean=3.01522e-05  std=6.61277e-06  min= 2.342e-05  max=4.6091e-05
Timings{0}> particleDestroy..... n=   10  mean=0.00552899  std=1.08902e-05  min=0.00551111  max=0.00555279
Timings{0}> ScatterPIFNUFFT..... n=   20  mean=  0.405099  std=  0.415496  min=0.000157901  max=  0.824937
Timings{0}> NativeNUFFT1........ n=   10  mean=  0.806967  std= 0.0080795  min=  0.797615  max=  0.821906
Timings{0}> scatterTimerNUFFT1.. n=   10  mean= 0.0463543  std=0.000312449  min= 0.0460837  max= 0.0471582
Timings{0}> binSort............. n=   40  mean=0.00980708  std=6.96521e-05  min=0.00966417  max=0.00986354
Timings{0}> binComputeKeys...... n=   40  mean=0.00104328  std=6.73577e-06  min=0.00103799  max=0.00106924
Timings{0}> binSortByKey........ n=   40  mean=0.00845538  std=5.42279e-05  min=0.00834378  max=0.00850311
Timings{0}> binComputeOffsets... n=   40  mean=0.000298014  std=2.08421e-05  min=0.000259653  max=0.000315143
Timings{0}> FFTNUFFT1........... n=   10  mean=  0.760463  std=0.00811527  min=  0.751276  max=  0.775564
Timings{0}> TwiddleAdd.......... n=   20  mean=0.000671632  std=7.73071e-06  min=0.000657556  max=0.000682597
Timings{0}> subFFTs............. n=   20  mean=  0.379521  std=0.00706674  min=  0.371091  max=  0.397941
Timings{0}> deconvolutionNUFFT1. n=   10  mean=0.000136286  std=7.04227e-06  min=0.000131071  max=0.000153132
Timings{0}> GatherPIFNUFFT...... n=   10  mean=   2.38589  std= 0.0140353  min=   2.36753  max=   2.40492
Timings{0}> NativeNUFFT2........ n=   30  mean=  0.790991  std= 0.0076396  min=  0.774152  max=   0.81002
Timings{0}> PrecorrectionNUFFT2. n=   30  mean=0.000135258  std=2.43471e-06  min=0.000131952  max=0.000139911
Timings{0}> FFTNUFFT2........... n=   30  mean=  0.759746  std=0.00806446  min=  0.744785  max=  0.782451
Timings{0}> subIFFTs............ n=   60  mean=  0.378649  std=0.00604595  min=  0.365837  max=  0.399797
Timings{0}> StridedWrite........ n=   60  mean= 0.0010233  std=6.00416e-06  min= 0.0010151  max=0.00104525
Timings{0}> GatherNUFFT2........ n=   30  mean= 0.0310903  std=0.00364238  min= 0.0248047  max= 0.0385573
Timings{0}> ---------------------------------------------
