LandauDampingPIF{0}> Landau damping
LandauDampingPIF{0}> nt 10 Np= 1073741824 Fourier modes = ( 512 , 512 , 512 )
LandauDampingPIF{0}> particles created and initial conditions assigned 
LandauDampingPIF{0}> After init shape function 
LandauDampingPIF{0}> After init NUFFT 
LandauDampingPIF{0}> After update 
[Scatter] Auto-select: OutputFocused (tp=747.1 Mpts/s) for w=5 rho=1.06 (was Atomic)
[Scatter] Cache hit: method=OutputFocused w=5 cx=1 rho=1.06 -> tile=(5,3,5) team=128 osub=1 zb=29 tp=747.1 Mpts/s (rho_csv=1.25)
LandauDampingPIF{0}> After scatter 
LandauDampingPIF{0}> After gather 
LandauDampingPIF{0}> Starting iterations ...
LandauDampingPIF{0}> Finished time step: -2 time: 0.0122718
LandauDampingPIF{0}> Finished time step: -1 time: 0.0245437
LandauDampingPIF{0}> Finished time step: 0 time: 0.0368155
LandauDampingPIF{0}> Finished time step: 1 time: 0.0490874
LandauDampingPIF{0}> Finished time step: 2 time: 0.0613592
LandauDampingPIF{0}> Finished time step: 3 time: 0.0736311
LandauDampingPIF{0}> Finished time step: 4 time: 0.0859029
LandauDampingPIF{0}> Finished time step: 5 time: 0.0981748
LandauDampingPIF{0}> Finished time step: 6 time: 0.110447
LandauDampingPIF{0}> Finished time step: 7 time: 0.122718
LandauDampingPIF{0}> Finished time step: 8 time: 0.13499
LandauDampingPIF{0}> Finished time step: 9 time: 0.147262
LandauDampingPIF{0}> Finished time step: 10 time: 0.159534
LandauDampingPIF{0}> LandauDamping: End.
Timings{0}> ---------------------------------------------
Timings{0}>      Timing results for 32 rank(s):
Timings{0}> ---------------------------------------------
Timings{0}> mainTimer........... Wall tot =    21.3704
Timings{0}> 
Timings{0}> particlesCreation... Wall max =          0
Timings{0}>                      Wall avg =          0
Timings{0}>                      Wall min =          0
Timings{0}> 
Timings{0}> dumpData............ Wall max =   0.123595
Timings{0}>                      Wall avg =   0.102906
Timings{0}>                      Wall min =   0.085213
Timings{0}> 
Timings{0}> kick................ Wall max =  0.0387609
Timings{0}>                      Wall avg =  0.0363399
Timings{0}>                      Wall min =  0.0337513
Timings{0}> 
Timings{0}> drift............... Wall max =  0.0192523
Timings{0}>                      Wall avg =  0.0178637
Timings{0}>                      Wall min =  0.0166688
Timings{0}> 
Timings{0}> particleBC.......... Wall max =  0.0384224
Timings{0}>                      Wall avg =  0.0360964
Timings{0}>                      Wall min =  0.0338408
Timings{0}> 
Timings{0}> initializeShapeFunc. Wall max =          0
Timings{0}>                      Wall avg =          0
Timings{0}>                      Wall min =          0
Timings{0}> 
Timings{0}> findInternal........ Wall max =          0
Timings{0}>                      Wall avg =          0
Timings{0}>                      Wall min =          0
Timings{0}> 
Timings{0}> findPeriodic........ Wall max =          0
Timings{0}>                      Wall avg =          0
Timings{0}>                      Wall min =          0
Timings{0}> 
Timings{0}> NativeNUFFT::init... Wall max =          0
Timings{0}>                      Wall avg =          0
Timings{0}>                      Wall min =          0
Timings{0}> 
Timings{0}> updateParticle...... Wall max =   0.122571
Timings{0}>                      Wall avg =   0.116525
Timings{0}>                      Wall min =   0.109086
Timings{0}> 
Timings{0}> locateParticles..... Wall max =   0.015366
Timings{0}>                      Wall avg =   0.014381
Timings{0}>                      Wall min =  0.0137423
Timings{0}> 
Timings{0}> sendPreprocess...... Wall max =  0.0132167
Timings{0}>                      Wall avg = 0.00766184
Timings{0}>                      Wall min = 0.00174374
Timings{0}> 
Timings{0}> particleSend........ Wall max = 0.00969955
Timings{0}>                      Wall avg = 0.00941899
Timings{0}>                      Wall min = 0.00911479
Timings{0}> 
Timings{0}> particleRecv........ Wall max = 0.000422092
Timings{0}>                      Wall avg = 0.000278004
Timings{0}>                      Wall min = 0.000254321
Timings{0}> 
Timings{0}> particleDestroy..... Wall max =  0.0517463
Timings{0}>                      Wall avg =  0.0458144
Timings{0}>                      Wall min =  0.0421319
Timings{0}> 
Timings{0}> ScatterPIFNUFFT..... Wall max =    5.32906
Timings{0}>                      Wall avg =    5.19794
Timings{0}>                      Wall min =    5.04102
Timings{0}> 
Timings{0}> NativeNUFFT1........ Wall max =    5.27452
Timings{0}>                      Wall avg =    5.14313
Timings{0}>                      Wall min =    4.98643
Timings{0}> 
Timings{0}> scatterTimerNUFFT1.. Wall max =   0.399728
Timings{0}>                      Wall avg =   0.390072
Timings{0}>                      Wall min =   0.381589
Timings{0}> 
Timings{0}> binSort............. Wall max =   0.386924
Timings{0}>                      Wall avg =   0.364765
Timings{0}>                      Wall min =   0.343392
Timings{0}> 
Timings{0}> binComputeKeys...... Wall max =  0.0420785
Timings{0}>                      Wall avg =  0.0395465
Timings{0}>                      Wall min =  0.0370899
Timings{0}> 
Timings{0}> binSortByKey........ Wall max =   0.334092
Timings{0}>                      Wall avg =    0.31493
Timings{0}>                      Wall min =    0.29648
Timings{0}> 
Timings{0}> binComputeOffsets... Wall max =  0.0104177
Timings{0}>                      Wall avg = 0.00989518
Timings{0}>                      Wall min = 0.00936216
Timings{0}> 
Timings{0}> FFTNUFFT1........... Wall max =    4.87257
Timings{0}>                      Wall avg =    4.74783
Timings{0}>                      Wall min =    4.59772
Timings{0}> 
Timings{0}> deconvolutionNUFFT1. Wall max =  0.0064716
Timings{0}>                      Wall avg = 0.00511023
Timings{0}>                      Wall min = 0.00463411
Timings{0}> 
Timings{0}> GatherPIFNUFFT...... Wall max =    15.9676
Timings{0}>                      Wall avg =    15.8165
Timings{0}>                      Wall min =    15.6867
Timings{0}> 
Timings{0}> NativeNUFFT2........ Wall max =    15.8217
Timings{0}>                      Wall avg =    15.6633
Timings{0}>                      Wall min =    15.5339
Timings{0}> 
Timings{0}> PrecorrectionNUFFT2. Wall max =  0.0314538
Timings{0}>                      Wall avg =  0.0274845
Timings{0}>                      Wall min =  0.0261361
Timings{0}> 
Timings{0}> FFTNUFFT2........... Wall max =    14.8118
Timings{0}>                      Wall avg =    14.3353
Timings{0}>                      Wall min =    14.0623
Timings{0}> 
Timings{0}> GatherNUFFT2........ Wall max =     1.6915
Timings{0}>                      Wall avg =    1.29985
Timings{0}>                      Wall min =   0.713154
Timings{0}> 
Timings{0}> ---------------------------------------------
Timings{0}>      Measurement counts:
Timings{0}> ---------------------------------------------
Timings{0}> mainTimer........... Count =          1
Timings{0}> particlesCreation... Count =          0
Timings{0}> dumpData............ Count =         10
Timings{0}> kick................ Count =         20
Timings{0}> drift............... Count =         10
Timings{0}> particleBC.......... Count =         10
Timings{0}> initializeShapeFunc. Count =          0
Timings{0}> findInternal........ Count =          0
Timings{0}> findPeriodic........ Count =          0
Timings{0}> NativeNUFFT::init... Count =          0
Timings{0}> updateParticle...... Count =         10
Timings{0}> locateParticles..... Count =         10
Timings{0}> sendPreprocess...... Count =         10
Timings{0}> particleSend........ Count =         10
Timings{0}> particleRecv........ Count =         10
Timings{0}> particleDestroy..... Count =         10
Timings{0}> ScatterPIFNUFFT..... Count =         20
Timings{0}> NativeNUFFT1........ Count =         10
Timings{0}> scatterTimerNUFFT1.. Count =         10
Timings{0}> binSort............. Count =         40
Timings{0}> binComputeKeys...... Count =         40
Timings{0}> binSortByKey........ Count =         40
Timings{0}> binComputeOffsets... Count =         40
Timings{0}> FFTNUFFT1........... Count =         10
Timings{0}> deconvolutionNUFFT1. Count =         10
Timings{0}> GatherPIFNUFFT...... Count =         10
Timings{0}> NativeNUFFT2........ Count =         30
Timings{0}> PrecorrectionNUFFT2. Count =         30
Timings{0}> FFTNUFFT2........... Count =         30
Timings{0}> GatherNUFFT2........ Count =         30
Timings{0}> ---------------------------------------------
Timings{0}> ---------------------------------------------
Timings{0}>      Per-occurrence statistics:
Timings{0}> ---------------------------------------------
Timings{0}> mainTimer........... n=    1  mean=   21.3704  std=         0  min=   21.3704  max=   21.3704
Timings{0}> dumpData............ n=   10  mean= 0.0094494  std=6.58361e-05  min=0.00938402  max=0.00960596
Timings{0}> kick................ n=   20  mean=0.00193805  std=4.42276e-06  min=0.00193082  max=0.00194345
Timings{0}> drift............... n=   10  mean=0.00190388  std=1.95073e-06  min=0.00190054  max=0.00190574
Timings{0}> particleBC.......... n=   10  mean= 0.0038395  std=2.73714e-06  min=0.00383473  max=0.00384336
Timings{0}> updateParticle...... n=   10  mean= 0.0114835  std=0.00206596  min= 0.0090366  max= 0.0146068
Timings{0}> locateParticles..... n=   10  mean=0.00146826  std=8.54038e-06  min=0.00145588  max=0.00148057
Timings{0}> sendPreprocess...... n=   10  mean=0.000255524  std=7.14538e-05  min=0.000188942  max=0.000385094
Timings{0}> particleSend........ n=   10  mean=0.000949081  std=2.26238e-05  min=0.000924728  max=0.000984139
Timings{0}> particleRecv........ n=   10  mean=2.54321e-05  std=2.74621e-06  min= 2.249e-05  max=   3.1e-05
Timings{0}> particleDestroy..... n=   10  mean=0.00443094  std=1.56338e-05  min=0.00440085  max=0.00444898
Timings{0}> ScatterPIFNUFFT..... n=   20  mean=  0.263575  std=  0.269279  min=0.00111112  max=  0.527653
Timings{0}> NativeNUFFT1........ n=   10  mean=  0.521674  std=0.00092115  min=  0.520416  max=  0.523136
Timings{0}> scatterTimerNUFFT1.. n=   10  mean= 0.0391631  std=0.000902625  min= 0.0385123  max= 0.0412306
Timings{0}> binSort............. n=   40  mean=0.00967092  std=1.68268e-05  min=0.00963584  max=0.00970017
Timings{0}> binComputeKeys...... n=   40  mean=0.00105102  std=1.96927e-06  min=0.00104757  max=0.00105448
Timings{0}> binSortByKey........ n=   40  mean=0.00834986  std=1.35843e-05  min=0.00832174  max=0.00837315
Timings{0}> binComputeOffsets... n=   40  mean=0.000260281  std=2.90177e-06  min=0.000255532  max=0.000267152
Timings{0}> FFTNUFFT1........... n=   10  mean=  0.481859  std=0.00113345  min=  0.479715  max=  0.483556
Timings{0}> deconvolutionNUFFT1. n=   10  mean=0.000639888  std=2.93408e-06  min=0.000635276  max=0.000643886
Timings{0}> GatherPIFNUFFT...... n=   10  mean=   1.57437  std=0.00276302  min=   1.56949  max=   1.58006
Timings{0}> NativeNUFFT2........ n=   30  mean=  0.519445  std=0.00186618  min=  0.513379  max=  0.523372
Timings{0}> PrecorrectionNUFFT2. n=   30  mean=0.00104538  std=1.52208e-05  min=0.00103066  max=0.00106979
Timings{0}> FFTNUFFT2........... n=   30  mean=  0.481341  std=0.00157566  min=  0.479773  max=  0.485622
Timings{0}> GatherNUFFT2........ n=   30  mean= 0.0370381  std=0.00171284  min= 0.0322424  max= 0.0404295
Timings{0}> ---------------------------------------------
