LandauDampingPIF{0}> Landau damping
LandauDampingPIF{0}> nt 10 Np= 1073741824 Fourier modes = ( 512 , 512 , 512 )
LandauDampingPIF{0}> particles created and initial conditions assigned 
LandauDampingPIF{0}> After init shape function 
LandauDampingPIF{0}> After init NUFFT 
LandauDampingPIF{0}> After update 
[Scatter] Auto-select: OutputFocused (tp=196.1 Mpts/s) for w=9 rho=1.14 (was Atomic)
[Scatter] Cache hit: method=OutputFocused w=9 cx=1 rho=1.14 -> tile=(2,3,3) team=256 osub=1 zb=26 tp=196.1 Mpts/s (rho_csv=1.25)
LandauDampingPIF{0}> After scatter 
LandauDampingPIF{0}> After gather 
LandauDampingPIF{0}> Starting iterations ...
LandauDampingPIF{0}> Finished time step: -2 time: 0.0122718
LandauDampingPIF{0}> Finished time step: -1 time: 0.0245437
LandauDampingPIF{0}> Finished time step: 0 time: 0.0368155
LandauDampingPIF{0}> Finished time step: 1 time: 0.0490874
LandauDampingPIF{0}> Finished time step: 2 time: 0.0613592
LandauDampingPIF{0}> Finished time step: 3 time: 0.0736311
LandauDampingPIF{0}> Finished time step: 4 time: 0.0859029
LandauDampingPIF{0}> Finished time step: 5 time: 0.0981748
LandauDampingPIF{0}> Finished time step: 6 time: 0.110447
LandauDampingPIF{0}> Finished time step: 7 time: 0.122718
LandauDampingPIF{0}> Finished time step: 8 time: 0.13499
LandauDampingPIF{0}> Finished time step: 9 time: 0.147262
LandauDampingPIF{0}> Finished time step: 10 time: 0.159534
LandauDampingPIF{0}> LandauDamping: End.
Timings{0}> ---------------------------------------------
Timings{0}>      Timing results for 512 rank(s):
Timings{0}> ---------------------------------------------
Timings{0}> mainTimer........... Wall tot =    4.22788
Timings{0}> 
Timings{0}> particlesCreation... Wall max =          0
Timings{0}>                      Wall avg =          0
Timings{0}>                      Wall min =          0
Timings{0}> 
Timings{0}> dumpData............ Wall max =  0.0295883
Timings{0}>                      Wall avg =  0.0241042
Timings{0}>                      Wall min =  0.0188048
Timings{0}> 
Timings{0}> kick................ Wall max = 0.00281233
Timings{0}>                      Wall avg = 0.00247435
Timings{0}>                      Wall min = 0.00217367
Timings{0}> 
Timings{0}> drift............... Wall max = 0.00142187
Timings{0}>                      Wall avg = 0.00126232
Timings{0}>                      Wall min = 0.00110794
Timings{0}> 
Timings{0}> initializeShapeFunc. Wall max =          0
Timings{0}>                      Wall avg =          0
Timings{0}>                      Wall min =          0
Timings{0}> 
Timings{0}> findInternal........ Wall max =          0
Timings{0}>                      Wall avg =          0
Timings{0}>                      Wall min =          0
Timings{0}> 
Timings{0}> findPeriodic........ Wall max =          0
Timings{0}>                      Wall avg =          0
Timings{0}>                      Wall min =          0
Timings{0}> 
Timings{0}> NativeNUFFT::init... Wall max =          0
Timings{0}>                      Wall avg =          0
Timings{0}>                      Wall min =          0
Timings{0}> 
Timings{0}> particleBC.......... Wall max = 0.00277795
Timings{0}>                      Wall avg = 0.00247177
Timings{0}>                      Wall min = 0.00219482
Timings{0}> 
Timings{0}> updateParticle...... Wall max =  0.0610058
Timings{0}>                      Wall avg =  0.0516312
Timings{0}>                      Wall min =  0.0494189
Timings{0}> 
Timings{0}> locateParticles..... Wall max = 0.00439992
Timings{0}>                      Wall avg = 0.00397727
Timings{0}>                      Wall min = 0.00375204
Timings{0}> 
Timings{0}> sendPreprocess...... Wall max =  0.0080226
Timings{0}>                      Wall avg = 0.00712131
Timings{0}>                      Wall min = 0.00619124
Timings{0}> 
Timings{0}> particleSend........ Wall max =  0.0192561
Timings{0}>                      Wall avg =  0.0118904
Timings{0}>                      Wall min =  0.0114201
Timings{0}> 
Timings{0}> particleRecv........ Wall max = 0.00139875
Timings{0}>                      Wall avg = 0.000900974
Timings{0}>                      Wall min = 0.000798522
Timings{0}> 
Timings{0}> particleDestroy..... Wall max =  0.0114561
Timings{0}>                      Wall avg = 0.00911211
Timings{0}>                      Wall min = 0.00784454
Timings{0}> 
Timings{0}> ScatterPIFNUFFT..... Wall max =    1.10499
Timings{0}>                      Wall avg =     1.0971
Timings{0}>                      Wall min =    1.08528
Timings{0}> 
Timings{0}> NativeNUFFT1........ Wall max =    1.09796
Timings{0}>                      Wall avg =    1.08992
Timings{0}>                      Wall min =    1.07831
Timings{0}> 
Timings{0}> scatterTimerNUFFT1.. Wall max =   0.159102
Timings{0}>                      Wall avg =   0.148487
Timings{0}>                      Wall min =   0.138079
Timings{0}> 
Timings{0}> binSort............. Wall max =  0.0386378
Timings{0}>                      Wall avg =  0.0349273
Timings{0}>                      Wall min =  0.0315081
Timings{0}> 
Timings{0}> binComputeKeys...... Wall max = 0.00365343
Timings{0}>                      Wall avg = 0.00329842
Timings{0}>                      Wall min =  0.0029811
Timings{0}> 
Timings{0}> binSortByKey........ Wall max =  0.0322683
Timings{0}>                      Wall avg =  0.0290339
Timings{0}>                      Wall min =  0.0260255
Timings{0}> 
Timings{0}> binComputeOffsets... Wall max = 0.00236744
Timings{0}>                      Wall avg =  0.0021795
Timings{0}>                      Wall min = 0.00205793
Timings{0}> 
Timings{0}> FFTNUFFT1........... Wall max =   0.950806
Timings{0}>                      Wall avg =   0.941045
Timings{0}>                      Wall min =   0.924795
Timings{0}> 
Timings{0}> TwiddleAdd.......... Wall max = 0.00214894
Timings{0}>                      Wall avg = 0.00165126
Timings{0}>                      Wall min = 0.00159135
Timings{0}> 
Timings{0}> subFFTs............. Wall max =    0.94878
Timings{0}>                      Wall avg =   0.939037
Timings{0}>                      Wall min =   0.922753
Timings{0}> 
Timings{0}> deconvolutionNUFFT1. Wall max = 0.000332973
Timings{0}>                      Wall avg = 0.000275831
Timings{0}>                      Wall min = 0.000252991
Timings{0}> 
Timings{0}> GatherPIFNUFFT...... Wall max =    3.04499
Timings{0}>                      Wall avg =    3.03636
Timings{0}>                      Wall min =    3.02909
Timings{0}> 
Timings{0}> NativeNUFFT2........ Wall max =    3.03102
Timings{0}>                      Wall avg =     3.0235
Timings{0}>                      Wall min =    3.01701
Timings{0}> 
Timings{0}> PrecorrectionNUFFT2. Wall max = 0.000981772
Timings{0}>                      Wall avg = 0.000893669
Timings{0}>                      Wall min = 0.000850706
Timings{0}> 
Timings{0}> FFTNUFFT2........... Wall max =    2.77334
Timings{0}>                      Wall avg =    2.75555
Timings{0}>                      Wall min =    2.73823
Timings{0}> 
Timings{0}> subIFFTs............ Wall max =     2.7667
Timings{0}>                      Wall avg =    2.74898
Timings{0}>                      Wall min =    2.73173
Timings{0}> 
Timings{0}> StridedWrite........ Wall max = 0.00494318
Timings{0}>                      Wall avg = 0.00473932
Timings{0}>                      Wall min = 0.00458502
Timings{0}> 
Timings{0}> GatherNUFFT2........ Wall max =   0.285161
Timings{0}>                      Wall avg =    0.26651
Timings{0}>                      Wall min =   0.249195
Timings{0}> 
Timings{0}> ---------------------------------------------
Timings{0}>      Measurement counts:
Timings{0}> ---------------------------------------------
Timings{0}> mainTimer........... Count =          1
Timings{0}> particlesCreation... Count =          0
Timings{0}> dumpData............ Count =         10
Timings{0}> kick................ Count =         20
Timings{0}> drift............... Count =         10
Timings{0}> initializeShapeFunc. Count =          0
Timings{0}> findInternal........ Count =          0
Timings{0}> findPeriodic........ Count =          0
Timings{0}> NativeNUFFT::init... Count =          0
Timings{0}> particleBC.......... Count =         10
Timings{0}> updateParticle...... Count =         10
Timings{0}> locateParticles..... Count =         10
Timings{0}> sendPreprocess...... Count =         10
Timings{0}> particleSend........ Count =         10
Timings{0}> particleRecv........ Count =         10
Timings{0}> particleDestroy..... Count =         10
Timings{0}> ScatterPIFNUFFT..... Count =         20
Timings{0}> NativeNUFFT1........ Count =         10
Timings{0}> scatterTimerNUFFT1.. Count =         10
Timings{0}> binSort............. Count =         40
Timings{0}> binComputeKeys...... Count =         40
Timings{0}> binSortByKey........ Count =         40
Timings{0}> binComputeOffsets... Count =         40
Timings{0}> FFTNUFFT1........... Count =         10
Timings{0}> TwiddleAdd.......... Count =         20
Timings{0}> subFFTs............. Count =         20
Timings{0}> deconvolutionNUFFT1. Count =         10
Timings{0}> GatherPIFNUFFT...... Count =         10
Timings{0}> NativeNUFFT2........ Count =         30
Timings{0}> PrecorrectionNUFFT2. Count =         30
Timings{0}> FFTNUFFT2........... Count =         30
Timings{0}> subIFFTs............ Count =         60
Timings{0}> StridedWrite........ Count =         60
Timings{0}> GatherNUFFT2........ Count =         30
Timings{0}> ---------------------------------------------
Timings{0}> ---------------------------------------------
Timings{0}>      Per-occurrence statistics:
Timings{0}> ---------------------------------------------
Timings{0}> mainTimer........... n=    1  mean=   4.22788  std=         0  min=   4.22788  max=   4.22788
Timings{0}> dumpData............ n=   10  mean=0.00189573  std=0.000821956  min=0.00114211  max=0.00382091
Timings{0}> kick................ n=   20  mean=0.000140616  std=1.04861e-05  min=0.000129331  max=0.000152592
Timings{0}> drift............... n=   10  mean=0.000141853  std=5.07216e-07  min=0.000141272  max=0.000142892
Timings{0}> particleBC.......... n=   10  mean=0.000277659  std=9.31588e-07  min=0.000276074  max=0.000279354
Timings{0}> updateParticle...... n=   10  mean= 0.0053513  std=0.00060997  min=0.00486179  max=0.00676966
Timings{0}> locateParticles..... n=   10  mean=0.000400397  std=3.68758e-06  min=0.000395936  max=0.000407245
Timings{0}> sendPreprocess...... n=   10  mean=0.000631273  std=0.000290856  min=0.000361995  max=0.00129142
Timings{0}> particleSend........ n=   10  mean= 0.0011826  std=3.41268e-05  min=0.00115058  max= 0.0012544
Timings{0}> particleRecv........ n=   10  mean=8.84931e-05  std=5.05876e-06  min=8.1151e-05  max=9.6661e-05
Timings{0}> particleDestroy..... n=   10  mean=0.00100513  std=2.85581e-06  min=0.00100017  max=0.00101048
Timings{0}> ScatterPIFNUFFT..... n=   20  mean= 0.0545713  std= 0.0563147  min=  2.54e-05  max=  0.134325
Timings{0}> NativeNUFFT1........ n=   10  mean=  0.108411  std=0.00913711  min=  0.103119  max=  0.133588
Timings{0}> scatterTimerNUFFT1.. n=   10  mean= 0.0156237  std=0.00151709  min= 0.0150899  max= 0.0199405
Timings{0}> binSort............. n=   40  mean=0.000963055  std=1.01723e-05  min=0.000941393  max=0.000986573
Timings{0}> binComputeKeys...... n=   40  mean=9.13357e-05  std=2.11877e-06  min=8.7522e-05  max=9.4352e-05
Timings{0}> binSortByKey........ n=   40  mean=0.000803825  std=7.17012e-06  min=0.00078899  max=0.00081285
Timings{0}> binComputeOffsets... n=   40  mean=5.77756e-05  std=3.08622e-06  min= 5.471e-05  max=7.4481e-05
Timings{0}> FFTNUFFT1........... n=   10  mean= 0.0927491  std= 0.0076801  min= 0.0878957  max=  0.113607
Timings{0}> TwiddleAdd.......... n=   20  mean=8.2802e-05  std=4.75848e-06  min=7.6631e-05  max=8.8621e-05
Timings{0}> subFFTs............. n=   20  mean= 0.0462745  std=0.00395145  min= 0.0431891  max= 0.0585148
Timings{0}> deconvolutionNUFFT1. n=   10  mean=2.75413e-05  std=6.67646e-07  min=2.6451e-05  max=  2.85e-05
Timings{0}> GatherPIFNUFFT...... n=   10  mean=  0.304499  std=0.00525956  min=  0.297604  max=  0.315251
Timings{0}> NativeNUFFT2........ n=   30  mean=  0.101033  std=0.00244802  min= 0.0978002  max=  0.107847
Timings{0}> PrecorrectionNUFFT2. n=   30  mean=3.04508e-05  std=1.04915e-06  min=2.8571e-05  max=  3.34e-05
Timings{0}> FFTNUFFT2........... n=   30  mean= 0.0914795  std=0.00251179  min= 0.0878497  max= 0.0973148
Timings{0}> subIFFTs............ n=   60  mean= 0.0456307  std=0.00168871  min= 0.0427017  max= 0.0517992
Timings{0}> StridedWrite........ n=   60  mean=7.82008e-05  std=1.48627e-06  min=7.5671e-05  max=8.2491e-05
Timings{0}> GatherNUFFT2........ n=   30  mean=0.00950537  std=0.000861055  min=0.00855186  max=  0.011488
Timings{0}> ---------------------------------------------
