LandauDampingPIF{0}> Landau damping
LandauDampingPIF{0}> nt 10 Np= 1073741824 Fourier modes = ( 512 , 512 , 512 )
LandauDampingPIF{0}> particles created and initial conditions assigned 
LandauDampingPIF{0}> After init shape function 
LandauDampingPIF{0}> After init NUFFT 
LandauDampingPIF{0}> After update 
[Scatter] Auto-select: OutputFocused (tp=196.1 Mpts/s) for w=9 rho=1.14 (was Atomic)
[Scatter] Cache hit: method=OutputFocused w=9 cx=1 rho=1.14 -> tile=(2,3,3) team=256 osub=1 zb=26 tp=196.1 Mpts/s (rho_csv=1.25)
LandauDampingPIF{0}> After scatter 
LandauDampingPIF{0}> After gather 
LandauDampingPIF{0}> Starting iterations ...
LandauDampingPIF{0}> Finished time step: -2 time: 0.0122718
LandauDampingPIF{0}> Finished time step: -1 time: 0.0245437
LandauDampingPIF{0}> Finished time step: 0 time: 0.0368155
LandauDampingPIF{0}> Finished time step: 1 time: 0.0490874
LandauDampingPIF{0}> Finished time step: 2 time: 0.0613592
LandauDampingPIF{0}> Finished time step: 3 time: 0.0736311
LandauDampingPIF{0}> Finished time step: 4 time: 0.0859029
LandauDampingPIF{0}> Finished time step: 5 time: 0.0981748
LandauDampingPIF{0}> Finished time step: 6 time: 0.110447
LandauDampingPIF{0}> Finished time step: 7 time: 0.122718
LandauDampingPIF{0}> Finished time step: 8 time: 0.13499
LandauDampingPIF{0}> Finished time step: 9 time: 0.147262
LandauDampingPIF{0}> Finished time step: 10 time: 0.159534
LandauDampingPIF{0}> LandauDamping: End.
Timings{0}> ---------------------------------------------
Timings{0}>      Timing results for 512 rank(s):
Timings{0}> ---------------------------------------------
Timings{0}> mainTimer........... Wall tot =    2.05363
Timings{0}> 
Timings{0}> particlesCreation... Wall max =          0
Timings{0}>                      Wall avg =          0
Timings{0}>                      Wall min =          0
Timings{0}> 
Timings{0}> dumpData............ Wall max =  0.0699948
Timings{0}>                      Wall avg =  0.0573696
Timings{0}>                      Wall min =  0.0426818
Timings{0}> 
Timings{0}> kick................ Wall max = 0.00800193
Timings{0}>                      Wall avg = 0.00245075
Timings{0}>                      Wall min = 0.00213757
Timings{0}> 
Timings{0}> drift............... Wall max = 0.00142097
Timings{0}>                      Wall avg = 0.00126358
Timings{0}>                      Wall min = 0.00111124
Timings{0}> 
Timings{0}> particleBC.......... Wall max = 0.00696914
Timings{0}>                      Wall avg = 0.00244135
Timings{0}>                      Wall min = 0.00216359
Timings{0}> 
Timings{0}> initializeShapeFunc. Wall max =          0
Timings{0}>                      Wall avg =          0
Timings{0}>                      Wall min =          0
Timings{0}> 
Timings{0}> findInternal........ Wall max =          0
Timings{0}>                      Wall avg =          0
Timings{0}>                      Wall min =          0
Timings{0}> 
Timings{0}> findPeriodic........ Wall max =          0
Timings{0}>                      Wall avg =          0
Timings{0}>                      Wall min =          0
Timings{0}> 
Timings{0}> NativeNUFFT::init... Wall max =          0
Timings{0}>                      Wall avg =          0
Timings{0}>                      Wall min =          0
Timings{0}> 
Timings{0}> updateParticle...... Wall max =  0.0781259
Timings{0}>                      Wall avg =  0.0677877
Timings{0}>                      Wall min =  0.0608853
Timings{0}> 
Timings{0}> locateParticles..... Wall max = 0.00431102
Timings{0}>                      Wall avg = 0.00337085
Timings{0}>                      Wall min = 0.00316519
Timings{0}> 
Timings{0}> sendPreprocess...... Wall max =   0.028846
Timings{0}>                      Wall avg =   0.024499
Timings{0}>                      Wall min =  0.0196278
Timings{0}> 
Timings{0}> particleSend........ Wall max =  0.0170283
Timings{0}>                      Wall avg =  0.0107258
Timings{0}>                      Wall min =  0.0101566
Timings{0}> 
Timings{0}> particleRecv........ Wall max = 0.00144275
Timings{0}>                      Wall avg = 0.000890677
Timings{0}>                      Wall min = 0.000781344
Timings{0}> 
Timings{0}> particleDestroy..... Wall max =  0.0113361
Timings{0}>                      Wall avg = 0.00737919
Timings{0}>                      Wall min = 0.00635769
Timings{0}> 
Timings{0}> ScatterPIFNUFFT..... Wall max =   0.539913
Timings{0}>                      Wall avg =   0.527803
Timings{0}>                      Wall min =   0.513303
Timings{0}> 
Timings{0}> NativeNUFFT1........ Wall max =    0.53159
Timings{0}>                      Wall avg =   0.519631
Timings{0}>                      Wall min =   0.505622
Timings{0}> 
Timings{0}> scatterTimerNUFFT1.. Wall max =   0.169427
Timings{0}>                      Wall avg =   0.135619
Timings{0}>                      Wall min =   0.118122
Timings{0}> 
Timings{0}> binSort............. Wall max =  0.0355428
Timings{0}>                      Wall avg =  0.0319035
Timings{0}>                      Wall min =  0.0284696
Timings{0}> 
Timings{0}> binComputeKeys...... Wall max = 0.00362931
Timings{0}>                      Wall avg = 0.00324522
Timings{0}>                      Wall min = 0.00290782
Timings{0}> 
Timings{0}> binSortByKey........ Wall max =  0.0293411
Timings{0}>                      Wall avg =  0.0261878
Timings{0}>                      Wall min =  0.0231749
Timings{0}> 
Timings{0}> binComputeOffsets... Wall max = 0.00239146
Timings{0}>                      Wall avg = 0.00207194
Timings{0}>                      Wall min = 0.00193753
Timings{0}> 
Timings{0}> FFTNUFFT1........... Wall max =   0.399707
Timings{0}>                      Wall avg =   0.383366
Timings{0}>                      Wall min =   0.350025
Timings{0}> 
Timings{0}> deconvolutionNUFFT1. Wall max = 0.000753679
Timings{0}>                      Wall avg = 0.000524281
Timings{0}>                      Wall min = 0.000468323
Timings{0}> 
Timings{0}> GatherPIFNUFFT...... Wall max =     1.3966
Timings{0}>                      Wall avg =    1.38035
Timings{0}>                      Wall min =    1.36677
Timings{0}> 
Timings{0}> NativeNUFFT2........ Wall max =    1.38245
Timings{0}>                      Wall avg =    1.36602
Timings{0}>                      Wall min =    1.35255
Timings{0}> 
Timings{0}> PrecorrectionNUFFT2. Wall max =  0.0100612
Timings{0}>                      Wall avg = 0.00288375
Timings{0}>                      Wall min = 0.00271493
Timings{0}> 
Timings{0}> FFTNUFFT2........... Wall max =    1.12768
Timings{0}>                      Wall avg =    1.10878
Timings{0}>                      Wall min =    1.07726
Timings{0}> 
Timings{0}> GatherNUFFT2........ Wall max =   0.288549
Timings{0}>                      Wall avg =   0.253771
Timings{0}>                      Wall min =   0.227006
Timings{0}> 
Timings{0}> ---------------------------------------------
Timings{0}>      Measurement counts:
Timings{0}> ---------------------------------------------
Timings{0}> mainTimer........... Count =          1
Timings{0}> particlesCreation... Count =          0
Timings{0}> dumpData............ Count =         10
Timings{0}> kick................ Count =         20
Timings{0}> drift............... Count =         10
Timings{0}> particleBC.......... Count =         10
Timings{0}> initializeShapeFunc. Count =          0
Timings{0}> findInternal........ Count =          0
Timings{0}> findPeriodic........ Count =          0
Timings{0}> NativeNUFFT::init... Count =          0
Timings{0}> updateParticle...... Count =         10
Timings{0}> locateParticles..... Count =         10
Timings{0}> sendPreprocess...... Count =         10
Timings{0}> particleSend........ Count =         10
Timings{0}> particleRecv........ Count =         10
Timings{0}> particleDestroy..... Count =         10
Timings{0}> ScatterPIFNUFFT..... Count =         20
Timings{0}> NativeNUFFT1........ Count =         10
Timings{0}> scatterTimerNUFFT1.. Count =         10
Timings{0}> binSort............. Count =         40
Timings{0}> binComputeKeys...... Count =         40
Timings{0}> binSortByKey........ Count =         40
Timings{0}> binComputeOffsets... Count =         40
Timings{0}> FFTNUFFT1........... Count =         10
Timings{0}> deconvolutionNUFFT1. Count =         10
Timings{0}> GatherPIFNUFFT...... Count =         10
Timings{0}> NativeNUFFT2........ Count =         30
Timings{0}> PrecorrectionNUFFT2. Count =         30
Timings{0}> FFTNUFFT2........... Count =         30
Timings{0}> GatherNUFFT2........ Count =         30
Timings{0}> ---------------------------------------------
Timings{0}> ---------------------------------------------
Timings{0}>      Per-occurrence statistics:
Timings{0}> ---------------------------------------------
Timings{0}> mainTimer........... n=    1  mean=   2.05359  std=         0  min=   2.05359  max=   2.05359
Timings{0}> dumpData............ n=   10  mean=0.00493476  std=0.00415129  min=0.00140661  max= 0.0142807
Timings{0}> kick................ n=   20  mean=0.000138426  std=1.16782e-05  min=0.000126131  max=0.000150582
Timings{0}> drift............... n=   10  mean=0.000141108  std=6.97666e-07  min=0.000140292  max=0.000142612
Timings{0}> particleBC.......... n=   10  mean=0.00027607  std=3.40098e-06  min=0.000272474  max=0.000284954
Timings{0}> updateParticle...... n=   10  mean=0.00669731  std=0.00292623  min=0.00405013  max= 0.0122317
Timings{0}> locateParticles..... n=   10  mean=0.000339348  std=7.28836e-06  min=0.000329224  max=0.000354445
Timings{0}> sendPreprocess...... n=   10  mean=0.00236599  std=0.00244961  min=0.000339624  max=0.00668398
Timings{0}> particleSend........ n=   10  mean=0.00105925  std=4.09224e-05  min=0.000988383  max=0.00111941
Timings{0}> particleRecv........ n=   10  mean=8.62661e-05  std=9.97894e-06  min=7.4641e-05  max=0.000108882
Timings{0}> particleDestroy..... n=   10  mean=0.000812244  std=3.17164e-06  min=0.000808211  max=0.00081771
Timings{0}> ScatterPIFNUFFT..... n=   20  mean= 0.0264627  std= 0.0273624  min=8.7671e-05  max= 0.0645399
Timings{0}> NativeNUFFT1........ n=   10  mean= 0.0521257  std=0.00589513  min= 0.0463836  max= 0.0640228
Timings{0}> scatterTimerNUFFT1.. n=   10  mean= 0.0143101  std=0.00277093  min= 0.0122661  max= 0.0194959
Timings{0}> binSort............. n=   40  mean=0.000885864  std=1.42346e-05  min=0.000848341  max=0.000903972
Timings{0}> binComputeKeys...... n=   40  mean=9.07328e-05  std=4.16698e-06  min=8.5511e-05  max=0.000112471
Timings{0}> binSortByKey........ n=   40  mean=0.000730271  std=1.15875e-05  min=0.000701319  max=0.00074704
Timings{0}> binComputeOffsets... n=   40  mean=5.52952e-05  std=2.39149e-06  min=4.9861e-05  max=6.3251e-05
Timings{0}> FFTNUFFT1........... n=   10  mean= 0.0377304  std=0.00400754  min= 0.0337555  max=  0.045178
Timings{0}> deconvolutionNUFFT1. n=   10  mean=7.2962e-05  std=8.48049e-07  min=7.1471e-05  max=7.4591e-05
Timings{0}> GatherPIFNUFFT...... n=   10  mean=  0.138843  std=0.00691174  min=  0.129211  max=  0.148694
Timings{0}> NativeNUFFT2........ n=   30  mean= 0.0457669  std=0.00311487  min= 0.0421189  max= 0.0515439
Timings{0}> PrecorrectionNUFFT2. n=   30  mean=0.000119831  std=8.31159e-06  min=0.000115461  max=0.000160372
Timings{0}> FFTNUFFT2........... n=   30  mean= 0.0365734  std=0.00244606  min= 0.0337904  max= 0.0431624
Timings{0}> GatherNUFFT2........ n=   30  mean=0.00905426  std=0.00202698  min=0.00717719  max= 0.0150263
Timings{0}> ---------------------------------------------
