LandauDampingPIF{0}> Landau damping
LandauDampingPIF{0}> nt 10 Np= 268435456 Fourier modes = ( 256 , 256 , 512 )
LandauDampingPIF{0}> particles created and initial conditions assigned 
LandauDampingPIF{0}> After init shape function 
LandauDampingPIF{0}> After init NUFFT 
LandauDampingPIF{0}> After update 
[Scatter] Cache hit: method=Tiled w=5 cx=1 rho=1.03 -> tile=(5,5,2) team=64 osub=2 zb=1 tp=566.4 Mpts/s (rho_csv=10.00)
LandauDampingPIF{0}> After scatter 
LandauDampingPIF{0}> After gather 
LandauDampingPIF{0}> Starting iterations ...
LandauDampingPIF{0}> Finished time step: -2 time: 0.0122718
LandauDampingPIF{0}> Finished time step: -1 time: 0.0245437
LandauDampingPIF{0}> Finished time step: 0 time: 0.0368155
LandauDampingPIF{0}> Finished time step: 1 time: 0.0490874
LandauDampingPIF{0}> Finished time step: 2 time: 0.0613592
LandauDampingPIF{0}> Finished time step: 3 time: 0.0736311
LandauDampingPIF{0}> Finished time step: 4 time: 0.0859029
LandauDampingPIF{0}> Finished time step: 5 time: 0.0981748
LandauDampingPIF{0}> Finished time step: 6 time: 0.110447
LandauDampingPIF{0}> Finished time step: 7 time: 0.122718
LandauDampingPIF{0}> Finished time step: 8 time: 0.13499
LandauDampingPIF{0}> Finished time step: 9 time: 0.147262
LandauDampingPIF{0}> Finished time step: 10 time: 0.159534
LandauDampingPIF{0}> LandauDamping: End.
Timings{0}> ---------------------------------------------
Timings{0}>      Timing results for 16 rank(s):
Timings{0}> ---------------------------------------------
Timings{0}> mainTimer........... Wall tot =    11.1808
Timings{0}> 
Timings{0}> particlesCreation... Wall max =          0
Timings{0}>                      Wall avg =          0
Timings{0}>                      Wall min =          0
Timings{0}> 
Timings{0}> dumpData............ Wall max =   0.201675
Timings{0}>                      Wall avg =    0.11454
Timings{0}>                      Wall min =  0.0371463
Timings{0}> 
Timings{0}> kick................ Wall max =  0.0230489
Timings{0}>                      Wall avg =  0.0216572
Timings{0}>                      Wall min =  0.0203305
Timings{0}> 
Timings{0}> drift............... Wall max =  0.0113611
Timings{0}>                      Wall avg =  0.0106901
Timings{0}>                      Wall min =  0.0100661
Timings{0}> 
Timings{0}> particleBC.......... Wall max =  0.0322247
Timings{0}>                      Wall avg =  0.0309575
Timings{0}>                      Wall min =  0.0298694
Timings{0}> 
Timings{0}> initializeShapeFunc. Wall max =          0
Timings{0}>                      Wall avg =          0
Timings{0}>                      Wall min =          0
Timings{0}> 
Timings{0}> findInternal........ Wall max =          0
Timings{0}>                      Wall avg =          0
Timings{0}>                      Wall min =          0
Timings{0}> 
Timings{0}> findPeriodic........ Wall max =          0
Timings{0}>                      Wall avg =          0
Timings{0}>                      Wall min =          0
Timings{0}> 
Timings{0}> NativeNUFFT::init... Wall max =          0
Timings{0}>                      Wall avg =          0
Timings{0}>                      Wall min =          0
Timings{0}> 
Timings{0}> updateParticle...... Wall max =   0.124939
Timings{0}>                      Wall avg =   0.121736
Timings{0}>                      Wall min =   0.119231
Timings{0}> 
Timings{0}> locateParticles..... Wall max =  0.0336808
Timings{0}>                      Wall avg =  0.0309393
Timings{0}>                      Wall min =  0.0282222
Timings{0}> 
Timings{0}> sendPreprocess...... Wall max =  0.0111647
Timings{0}>                      Wall avg = 0.00640148
Timings{0}>                      Wall min =  0.0011697
Timings{0}> 
Timings{0}> particleSend........ Wall max = 0.00959602
Timings{0}>                      Wall avg = 0.00920201
Timings{0}>                      Wall min = 0.00874439
Timings{0}> 
Timings{0}> particleRecv........ Wall max = 0.000256898
Timings{0}>                      Wall avg = 0.000227423
Timings{0}>                      Wall min = 0.000196862
Timings{0}> 
Timings{0}> particleDestroy..... Wall max =  0.0678623
Timings{0}>                      Wall avg =    0.06164
Timings{0}>                      Wall min =  0.0559937
Timings{0}> 
Timings{0}> ScatterPIFNUFFT..... Wall max =    1.91615
Timings{0}>                      Wall avg =    1.90607
Timings{0}>                      Wall min =    1.89468
Timings{0}> 
Timings{0}> NativeNUFFT1........ Wall max =    1.88528
Timings{0}>                      Wall avg =    1.87552
Timings{0}>                      Wall min =    1.86462
Timings{0}> 
Timings{0}> scatterTimerNUFFT1.. Wall max =    0.81804
Timings{0}>                      Wall avg =   0.809531
Timings{0}>                      Wall min =   0.802292
Timings{0}> 
Timings{0}> binSort............. Wall max =  0.0734872
Timings{0}>                      Wall avg =  0.0715109
Timings{0}>                      Wall min =  0.0692202
Timings{0}> 
Timings{0}> binComputeKeys...... Wall max = 0.00564511
Timings{0}>                      Wall avg = 0.00536342
Timings{0}>                      Wall min = 0.00501715
Timings{0}> 
Timings{0}> binSortByKey........ Wall max =  0.0661271
Timings{0}>                      Wall avg =  0.0642911
Timings{0}>                      Wall min =  0.0621254
Timings{0}> 
Timings{0}> binComputeOffsets... Wall max = 0.00207761
Timings{0}>                      Wall avg = 0.00182465
Timings{0}>                      Wall min = 0.00175303
Timings{0}> 
Timings{0}> FFTNUFFT1........... Wall max =    1.07757
Timings{0}>                      Wall avg =    1.06221
Timings{0}>                      Wall min =    1.04774
Timings{0}> 
Timings{0}> deconvolutionNUFFT1. Wall max = 0.00417034
Timings{0}>                      Wall avg = 0.00374262
Timings{0}>                      Wall min = 0.00343717
Timings{0}> 
Timings{0}> GatherPIFNUFFT...... Wall max =    9.03478
Timings{0}>                      Wall avg =    8.95956
Timings{0}>                      Wall min =    8.86573
Timings{0}> 
Timings{0}> NativeNUFFT2........ Wall max =    8.92987
Timings{0}>                      Wall avg =    8.85687
Timings{0}>                      Wall min =    8.76493
Timings{0}> 
Timings{0}> PrecorrectionNUFFT2. Wall max =  0.0206208
Timings{0}>                      Wall avg =  0.0194622
Timings{0}>                      Wall min =  0.0182939
Timings{0}> 
Timings{0}> FFTNUFFT2........... Wall max =    3.42404
Timings{0}>                      Wall avg =    3.23679
Timings{0}>                      Wall min =    3.06118
Timings{0}> 
Timings{0}> GatherNUFFT2........ Wall max =    5.84788
Timings{0}>                      Wall avg =    5.60043
Timings{0}>                      Wall min =    5.33291
Timings{0}> 
Timings{0}> ---------------------------------------------
Timings{0}>      Measurement counts:
Timings{0}> ---------------------------------------------
Timings{0}> mainTimer........... Count =          1
Timings{0}> particlesCreation... Count =          0
Timings{0}> dumpData............ Count =         10
Timings{0}> kick................ Count =         20
Timings{0}> drift............... Count =         10
Timings{0}> particleBC.......... Count =         10
Timings{0}> initializeShapeFunc. Count =          0
Timings{0}> findInternal........ Count =          0
Timings{0}> findPeriodic........ Count =          0
Timings{0}> NativeNUFFT::init... Count =          0
Timings{0}> updateParticle...... Count =         10
Timings{0}> locateParticles..... Count =         10
Timings{0}> sendPreprocess...... Count =         10
Timings{0}> particleSend........ Count =         10
Timings{0}> particleRecv........ Count =         10
Timings{0}> particleDestroy..... Count =         10
Timings{0}> ScatterPIFNUFFT..... Count =         20
Timings{0}> NativeNUFFT1........ Count =         10
Timings{0}> scatterTimerNUFFT1.. Count =         10
Timings{0}> binSort............. Count =         10
Timings{0}> binComputeKeys...... Count =         10
Timings{0}> binSortByKey........ Count =         10
Timings{0}> binComputeOffsets... Count =         10
Timings{0}> FFTNUFFT1........... Count =         10
Timings{0}> deconvolutionNUFFT1. Count =         10
Timings{0}> GatherPIFNUFFT...... Count =         10
Timings{0}> NativeNUFFT2........ Count =         30
Timings{0}> PrecorrectionNUFFT2. Count =         30
Timings{0}> FFTNUFFT2........... Count =         30
Timings{0}> GatherNUFFT2........ Count =         30
Timings{0}> ---------------------------------------------
Timings{0}> ---------------------------------------------
Timings{0}>      Per-occurrence statistics:
Timings{0}> ---------------------------------------------
Timings{0}> mainTimer........... n=    1  mean=   11.1808  std=         0  min=   11.1808  max=   11.1808
Timings{0}> dumpData............ n=   10  mean=0.00540156  std=0.000665624  min=0.00448696  max=0.00644688
Timings{0}> kick................ n=   20  mean=0.00111261  std=1.03745e-05  min= 0.0010903  max=0.00112939
Timings{0}> drift............... n=   10  mean=0.00112476  std=1.23557e-05  min=0.00110011  max=0.00113758
Timings{0}> particleBC.......... n=   10  mean=0.00318334  std=1.63435e-05  min=0.00315966  max=0.00321475
Timings{0}> updateParticle...... n=   10  mean= 0.0120375  std=9.43427e-05  min= 0.0118672  max= 0.0121894
Timings{0}> locateParticles..... n=   10  mean=0.00292084  std=4.45507e-05  min= 0.0028851  max=0.00303941
Timings{0}> sendPreprocess...... n=   10  mean=0.000622653  std=8.52262e-05  min=0.000498559  max=0.000797517
Timings{0}> particleSend........ n=   10  mean=0.000943165  std=6.85601e-05  min=0.000905683  max=0.00112044
Timings{0}> particleRecv........ n=   10  mean=2.06072e-05  std=9.91393e-07  min=1.9106e-05  max=2.2794e-05
Timings{0}> particleDestroy..... n=   10  mean=0.00583924  std=9.08093e-05  min=0.00574235  max=0.00603782
Timings{0}> ScatterPIFNUFFT..... n=   20  mean= 0.0958077  std= 0.0970644  min=0.00120522  max=  0.194337
Timings{0}> NativeNUFFT1........ n=   10  mean=  0.188528  std=0.00191309  min=  0.185938  max=  0.192467
Timings{0}> scatterTimerNUFFT1.. n=   10  mean=  0.080378  std=0.000258993  min= 0.0799863  max= 0.0806779
Timings{0}> binSort............. n=   10  mean=0.00734872  std=1.67385e-05  min=0.00732558  max=0.00738748
Timings{0}> binComputeKeys...... n=   10  mean=0.000547707  std=3.4601e-06  min=0.000543865  max=0.000554445
Timings{0}> binSortByKey........ n=   10  mean=0.00661271  std=1.67594e-05  min=0.00659177  max=0.00665429
Timings{0}> binComputeOffsets... n=   10  mean=0.00018541  std=8.67647e-07  min=0.000183769  max=0.000186475
Timings{0}> FFTNUFFT1........... n=   10  mean=  0.107757  std=0.00185703  min=  0.105478  max=  0.111908
Timings{0}> deconvolutionNUFFT1. n=   10  mean=0.000389815  std=3.25263e-06  min=0.000384472  max=0.00039404
Timings{0}> GatherPIFNUFFT...... n=   10  mean=  0.900958  std=0.00241401  min=  0.896786  max=  0.904222
Timings{0}> NativeNUFFT2........ n=   30  mean=  0.296836  std=0.00228353  min=  0.292084  max=  0.300223
Timings{0}> PrecorrectionNUFFT2. n=   30  mean=0.000673793  std=2.08842e-05  min=0.000649275  max=0.000723086
Timings{0}> FFTNUFFT2........... n=   30  mean=  0.104447  std=0.00225041  min= 0.0999896  max=  0.107735
Timings{0}> GatherNUFFT2........ n=   30  mean=  0.191709  std=0.000543092  min=  0.190914  max=  0.192832
Timings{0}> ---------------------------------------------
