Hostname=nid005609   , Rank=8    ,Local=0   ,RPN=4   ,CPUs=0-71     ,GPU=0 ,NIC=cxi0 ,numa_nodes=0     ,first_numa=0  ,other_nodes=     
Hostname=nid005632   , Rank=52   ,Local=0   ,RPN=4   ,CPUs=0-71     ,GPU=0 ,NIC=cxi0 ,numa_nodes=0     ,first_numa=0  ,other_nodes=     
Hostname=nid005604   , Rank=1    ,Local=1   ,RPN=4   ,CPUs=72-143   ,GPU=1 ,NIC=cxi1 ,numa_nodes=1     ,first_numa=1  ,other_nodes=     
Hostname=nid005635   , Rank=60   ,Local=0   ,RPN=4   ,CPUs=0-71     ,GPU=0 ,NIC=cxi0 ,numa_nodes=0     ,first_numa=0  ,other_nodes=     
Slurm Job Hostlist: nid[005604,005607,005609,005611-005614,005623,005625,005627-005628,005630-005632,005634-005635]
Hostname=nid005604   , Rank=0    ,Local=0   ,RPN=4   ,CPUs=0-71     ,GPU=0 ,NIC=cxi0 ,numa_nodes=0     ,first_numa=0  ,other_nodes=     
Hostname=nid005609   , Rank=10   ,Local=2   ,RPN=4   ,CPUs=144-215  ,GPU=2 ,NIC=cxi2 ,numa_nodes=2     ,first_numa=2  ,other_nodes=     
Hostname=nid005625   , Rank=33   ,Local=1   ,RPN=4   ,CPUs=72-143   ,GPU=1 ,NIC=cxi1 ,numa_nodes=1     ,first_numa=1  ,other_nodes=     
Hostname=nid005634   , Rank=56   ,Local=0   ,RPN=4   ,CPUs=0-71     ,GPU=0 ,NIC=cxi0 ,numa_nodes=0     ,first_numa=0  ,other_nodes=     
Hostname=nid005609   , Rank=11   ,Local=3   ,RPN=4   ,CPUs=216-287  ,GPU=3 ,NIC=cxi3 ,numa_nodes=3     ,first_numa=3  ,other_nodes=     
Hostname=nid005635   , Rank=63   ,Local=3   ,RPN=4   ,CPUs=216-287  ,GPU=3 ,NIC=cxi3 ,numa_nodes=3     ,first_numa=3  ,other_nodes=     
Hostname=nid005613   , Rank=22   ,Local=2   ,RPN=4   ,CPUs=144-215  ,GPU=2 ,NIC=cxi2 ,numa_nodes=2     ,first_numa=2  ,other_nodes=     
Hostname=nid005625   , Rank=34   ,Local=2   ,RPN=4   ,CPUs=144-215  ,GPU=2 ,NIC=cxi2 ,numa_nodes=2     ,first_numa=2  ,other_nodes=     
Hostname=nid005632   , Rank=54   ,Local=2   ,RPN=4   ,CPUs=144-215  ,GPU=2 ,NIC=cxi2 ,numa_nodes=2     ,first_numa=2  ,other_nodes=     
Hostname=nid005609   , Rank=9    ,Local=1   ,RPN=4   ,CPUs=72-143   ,GPU=1 ,NIC=cxi1 ,numa_nodes=1     ,first_numa=1  ,other_nodes=     
Hostname=nid005604   , Rank=2    ,Local=2   ,RPN=4   ,CPUs=144-215  ,GPU=2 ,NIC=cxi2 ,numa_nodes=2     ,first_numa=2  ,other_nodes=     
Hostname=nid005632   , Rank=55   ,Local=3   ,RPN=4   ,CPUs=216-287  ,GPU=3 ,NIC=cxi3 ,numa_nodes=3     ,first_numa=3  ,other_nodes=     
Hostname=nid005631   , Rank=48   ,Local=0   ,RPN=4   ,CPUs=0-71     ,GPU=0 ,NIC=cxi0 ,numa_nodes=0     ,first_numa=0  ,other_nodes=     
Hostname=nid005625   , Rank=35   ,Local=3   ,RPN=4   ,CPUs=216-287  ,GPU=3 ,NIC=cxi3 ,numa_nodes=3     ,first_numa=3  ,other_nodes=     
Hostname=nid005635   , Rank=62   ,Local=2   ,RPN=4   ,CPUs=144-215  ,GPU=2 ,NIC=cxi2 ,numa_nodes=2     ,first_numa=2  ,other_nodes=     
Hostname=nid005614   , Rank=24   ,Local=0   ,RPN=4   ,CPUs=0-71     ,GPU=0 ,NIC=cxi0 ,numa_nodes=0     ,first_numa=0  ,other_nodes=     
Hostname=nid005632   , Rank=53   ,Local=1   ,RPN=4   ,CPUs=72-143   ,GPU=1 ,NIC=cxi1 ,numa_nodes=1     ,first_numa=1  ,other_nodes=     
Hostname=nid005612   , Rank=19   ,Local=3   ,RPN=4   ,CPUs=216-287  ,GPU=3 ,NIC=cxi3 ,numa_nodes=3     ,first_numa=3  ,other_nodes=     
Hostname=nid005625   , Rank=32   ,Local=0   ,RPN=4   ,CPUs=0-71     ,GPU=0 ,NIC=cxi0 ,numa_nodes=0     ,first_numa=0  ,other_nodes=     
Hostname=nid005623   , Rank=30   ,Local=2   ,RPN=4   ,CPUs=144-215  ,GPU=2 ,NIC=cxi2 ,numa_nodes=2     ,first_numa=2  ,other_nodes=     
Hostname=nid005604   , Rank=3    ,Local=3   ,RPN=4   ,CPUs=216-287  ,GPU=3 ,NIC=cxi3 ,numa_nodes=3     ,first_numa=3  ,other_nodes=     
Hostname=nid005635   , Rank=61   ,Local=1   ,RPN=4   ,CPUs=72-143   ,GPU=1 ,NIC=cxi1 ,numa_nodes=1     ,first_numa=1  ,other_nodes=     
Hostname=nid005631   , Rank=49   ,Local=1   ,RPN=4   ,CPUs=72-143   ,GPU=1 ,NIC=cxi1 ,numa_nodes=1     ,first_numa=1  ,other_nodes=     
Hostname=nid005634   , Rank=57   ,Local=1   ,RPN=4   ,CPUs=72-143   ,GPU=1 ,NIC=cxi1 ,numa_nodes=1     ,first_numa=1  ,other_nodes=     
Hostname=nid005613   , Rank=21   ,Local=1   ,RPN=4   ,CPUs=72-143   ,GPU=1 ,NIC=cxi1 ,numa_nodes=1     ,first_numa=1  ,other_nodes=     
Hostname=nid005613   , Rank=20   ,Local=0   ,RPN=4   ,CPUs=0-71     ,GPU=0 ,NIC=cxi0 ,numa_nodes=0     ,first_numa=0  ,other_nodes=     
Hostname=nid005631   , Rank=50   ,Local=2   ,RPN=4   ,CPUs=144-215  ,GPU=2 ,NIC=cxi2 ,numa_nodes=2     ,first_numa=2  ,other_nodes=     
Hostname=nid005634   , Rank=58   ,Local=2   ,RPN=4   ,CPUs=144-215  ,GPU=2 ,NIC=cxi2 ,numa_nodes=2     ,first_numa=2  ,other_nodes=     
Hostname=nid005612   , Rank=16   ,Local=0   ,RPN=4   ,CPUs=0-71     ,GPU=0 ,NIC=cxi0 ,numa_nodes=0     ,first_numa=0  ,other_nodes=     
Hostname=nid005613   , Rank=23   ,Local=3   ,RPN=4   ,CPUs=216-287  ,GPU=3 ,NIC=cxi3 ,numa_nodes=3     ,first_numa=3  ,other_nodes=     
Hostname=nid005634   , Rank=59   ,Local=3   ,RPN=4   ,CPUs=216-287  ,GPU=3 ,NIC=cxi3 ,numa_nodes=3     ,first_numa=3  ,other_nodes=     
Hostname=nid005623   , Rank=29   ,Local=1   ,RPN=4   ,CPUs=72-143   ,GPU=1 ,NIC=cxi1 ,numa_nodes=1     ,first_numa=1  ,other_nodes=     
Hostname=nid005631   , Rank=51   ,Local=3   ,RPN=4   ,CPUs=216-287  ,GPU=3 ,NIC=cxi3 ,numa_nodes=3     ,first_numa=3  ,other_nodes=     
Hostname=nid005623   , Rank=31   ,Local=3   ,RPN=4   ,CPUs=216-287  ,GPU=3 ,NIC=cxi3 ,numa_nodes=3     ,first_numa=3  ,other_nodes=     
Hostname=nid005612   , Rank=18   ,Local=2   ,RPN=4   ,CPUs=144-215  ,GPU=2 ,NIC=cxi2 ,numa_nodes=2     ,first_numa=2  ,other_nodes=     
Hostname=nid005614   , Rank=26   ,Local=2   ,RPN=4   ,CPUs=144-215  ,GPU=2 ,NIC=cxi2 ,numa_nodes=2     ,first_numa=2  ,other_nodes=     
Hostname=nid005612   , Rank=17   ,Local=1   ,RPN=4   ,CPUs=72-143   ,GPU=1 ,NIC=cxi1 ,numa_nodes=1     ,first_numa=1  ,other_nodes=     
Hostname=nid005623   , Rank=28   ,Local=0   ,RPN=4   ,CPUs=0-71     ,GPU=0 ,NIC=cxi0 ,numa_nodes=0     ,first_numa=0  ,other_nodes=     
Hostname=nid005614   , Rank=27   ,Local=3   ,RPN=4   ,CPUs=216-287  ,GPU=3 ,NIC=cxi3 ,numa_nodes=3     ,first_numa=3  ,other_nodes=     
Hostname=nid005614   , Rank=25   ,Local=1   ,RPN=4   ,CPUs=72-143   ,GPU=1 ,NIC=cxi1 ,numa_nodes=1     ,first_numa=1  ,other_nodes=     
Hostname=nid005607   , Rank=4    ,Local=0   ,RPN=4   ,CPUs=0-71     ,GPU=0 ,NIC=cxi0 ,numa_nodes=0     ,first_numa=0  ,other_nodes=     
Hostname=nid005611   , Rank=14   ,Local=2   ,RPN=4   ,CPUs=144-215  ,GPU=2 ,NIC=cxi2 ,numa_nodes=2     ,first_numa=2  ,other_nodes=     
Hostname=nid005627   , Rank=36   ,Local=0   ,RPN=4   ,CPUs=0-71     ,GPU=0 ,NIC=cxi0 ,numa_nodes=0     ,first_numa=0  ,other_nodes=     
Hostname=nid005611   , Rank=13   ,Local=1   ,RPN=4   ,CPUs=72-143   ,GPU=1 ,NIC=cxi1 ,numa_nodes=1     ,first_numa=1  ,other_nodes=     
Hostname=nid005611   , Rank=12   ,Local=0   ,RPN=4   ,CPUs=0-71     ,GPU=0 ,NIC=cxi0 ,numa_nodes=0     ,first_numa=0  ,other_nodes=     
Hostname=nid005607   , Rank=7    ,Local=3   ,RPN=4   ,CPUs=216-287  ,GPU=3 ,NIC=cxi3 ,numa_nodes=3     ,first_numa=3  ,other_nodes=     
Hostname=nid005611   , Rank=15   ,Local=3   ,RPN=4   ,CPUs=216-287  ,GPU=3 ,NIC=cxi3 ,numa_nodes=3     ,first_numa=3  ,other_nodes=     
Hostname=nid005607   , Rank=6    ,Local=2   ,RPN=4   ,CPUs=144-215  ,GPU=2 ,NIC=cxi2 ,numa_nodes=2     ,first_numa=2  ,other_nodes=     
Hostname=nid005607   , Rank=5    ,Local=1   ,RPN=4   ,CPUs=72-143   ,GPU=1 ,NIC=cxi1 ,numa_nodes=1     ,first_numa=1  ,other_nodes=     
Hostname=nid005627   , Rank=37   ,Local=1   ,RPN=4   ,CPUs=72-143   ,GPU=1 ,NIC=cxi1 ,numa_nodes=1     ,first_numa=1  ,other_nodes=     
Hostname=nid005627   , Rank=38   ,Local=2   ,RPN=4   ,CPUs=144-215  ,GPU=2 ,NIC=cxi2 ,numa_nodes=2     ,first_numa=2  ,other_nodes=     
Hostname=nid005627   , Rank=39   ,Local=3   ,RPN=4   ,CPUs=216-287  ,GPU=3 ,NIC=cxi3 ,numa_nodes=3     ,first_numa=3  ,other_nodes=     
Hostname=nid005628   , Rank=42   ,Local=2   ,RPN=4   ,CPUs=144-215  ,GPU=2 ,NIC=cxi2 ,numa_nodes=2     ,first_numa=2  ,other_nodes=     
Hostname=nid005630   , Rank=47   ,Local=3   ,RPN=4   ,CPUs=216-287  ,GPU=3 ,NIC=cxi3 ,numa_nodes=3     ,first_numa=3  ,other_nodes=     
Hostname=nid005630   , Rank=44   ,Local=0   ,RPN=4   ,CPUs=0-71     ,GPU=0 ,NIC=cxi0 ,numa_nodes=0     ,first_numa=0  ,other_nodes=     
Hostname=nid005630   , Rank=45   ,Local=1   ,RPN=4   ,CPUs=72-143   ,GPU=1 ,NIC=cxi1 ,numa_nodes=1     ,first_numa=1  ,other_nodes=     
Hostname=nid005630   , Rank=46   ,Local=2   ,RPN=4   ,CPUs=144-215  ,GPU=2 ,NIC=cxi2 ,numa_nodes=2     ,first_numa=2  ,other_nodes=     
Hostname=nid005628   , Rank=40   ,Local=0   ,RPN=4   ,CPUs=0-71     ,GPU=0 ,NIC=cxi0 ,numa_nodes=0     ,first_numa=0  ,other_nodes=     
Hostname=nid005628   , Rank=41   ,Local=1   ,RPN=4   ,CPUs=72-143   ,GPU=1 ,NIC=cxi1 ,numa_nodes=1     ,first_numa=1  ,other_nodes=     
Hostname=nid005628   , Rank=43   ,Local=3   ,RPN=4   ,CPUs=216-287  ,GPU=3 ,NIC=cxi3 ,numa_nodes=3     ,first_numa=3  ,other_nodes=     
LandauDampingPIF{0}> Landau damping
LandauDampingPIF{0}> nt 10 Np= 2147483648 Fourier modes = ( 512 , 512 , 1024 )
LandauDampingPIF{0}> particles created and initial conditions assigned 
LandauDampingPIF{0}> After init shape function 
LandauDampingPIF{0}> After init NUFFT 
LandauDampingPIF{0}> After update 
[Scatter] Auto-select: OutputFocused (tp=1350.0 Mpts/s) for w=5 rho=1.10 (was Atomic)
[Scatter] Cache hit: method=OutputFocused w=5 cx=1 rho=1.10 -> tile=(3,3,7) team=64 osub=1 zb=32 tp=1350.0 Mpts/s (rho_csv=1.25)
LandauDampingPIF{0}> After scatter 
LandauDampingPIF{0}> After gather 
LandauDampingPIF{0}> Starting iterations ...
LandauDampingPIF{0}> Finished time step: -2 time: 0.0122718
LandauDampingPIF{0}> Finished time step: -1 time: 0.0245437
LandauDampingPIF{0}> Finished time step: 0 time: 0.0368155
LandauDampingPIF{0}> Finished time step: 1 time: 0.0490874
LandauDampingPIF{0}> Finished time step: 2 time: 0.0613592
LandauDampingPIF{0}> Finished time step: 3 time: 0.0736311
LandauDampingPIF{0}> Finished time step: 4 time: 0.0859029
LandauDampingPIF{0}> Finished time step: 5 time: 0.0981748
LandauDampingPIF{0}> Finished time step: 6 time: 0.110447
LandauDampingPIF{0}> Finished time step: 7 time: 0.122718
LandauDampingPIF{0}> Finished time step: 8 time: 0.13499
LandauDampingPIF{0}> Finished time step: 9 time: 0.147262
LandauDampingPIF{0}> Finished time step: 10 time: 0.159534
LandauDampingPIF{0}> LandauDamping: End.
Timings{0}> ---------------------------------------------
Timings{0}>      Timing results for 64 rank(s):
Timings{0}> ---------------------------------------------
Timings{0}> mainTimer........... Wall tot =    7.15183
Timings{0}> 
Timings{0}> particlesCreation... Wall max =          0
Timings{0}>                      Wall avg =          0
Timings{0}>                      Wall min =          0
Timings{0}> 
Timings{0}> dumpData............ Wall max =  0.0619178
Timings{0}>                      Wall avg =  0.0526609
Timings{0}>                      Wall min =  0.0400046
Timings{0}> 
Timings{0}> kick................ Wall max = 0.000601741
Timings{0}>                      Wall avg = 0.000457488
Timings{0}>                      Wall min = 0.000353076
Timings{0}> 
Timings{0}> drift............... Wall max = 9.4108e-05
Timings{0}>                      Wall avg = 7.15978e-05
Timings{0}>                      Wall min =  5.232e-05
Timings{0}> 
Timings{0}> initializeShapeFunc. Wall max =          0
Timings{0}>                      Wall avg =          0
Timings{0}>                      Wall min =          0
Timings{0}> 
Timings{0}> findInternal........ Wall max =          0
Timings{0}>                      Wall avg =          0
Timings{0}>                      Wall min =          0
Timings{0}> 
Timings{0}> findPeriodic........ Wall max =          0
Timings{0}>                      Wall avg =          0
Timings{0}>                      Wall min =          0
Timings{0}> 
Timings{0}> NativeNUFFT::init... Wall max =          0
Timings{0}>                      Wall avg =          0
Timings{0}>                      Wall min =          0
Timings{0}> 
Timings{0}> particleBC.......... Wall max = 0.000160381
Timings{0}>                      Wall avg = 0.000123392
Timings{0}>                      Wall min = 8.4828e-05
Timings{0}> 
Timings{0}> updateParticle...... Wall max =   0.687109
Timings{0}>                      Wall avg =   0.507695
Timings{0}>                      Wall min =   0.259326
Timings{0}> 
Timings{0}> locateParticles..... Wall max =   0.041203
Timings{0}>                      Wall avg =   0.037601
Timings{0}>                      Wall min =  0.0346676
Timings{0}> 
Timings{0}> sendPreprocess...... Wall max = 0.00925242
Timings{0}>                      Wall avg = 0.00621303
Timings{0}>                      Wall min = 0.00264132
Timings{0}> 
Timings{0}> particleSend........ Wall max =  0.0116923
Timings{0}>                      Wall avg =  0.0109325
Timings{0}>                      Wall min =  0.0102143
Timings{0}> 
Timings{0}> particleRecv........ Wall max = 0.000530924
Timings{0}>                      Wall avg = 0.000422417
Timings{0}>                      Wall min = 0.000351347
Timings{0}> 
Timings{0}> particleDestroy..... Wall max =  0.0342236
Timings{0}>                      Wall avg =  0.0294518
Timings{0}>                      Wall min =  0.0270395
Timings{0}> 
Timings{0}> ScatterPIFNUFFT..... Wall max =    2.61921
Timings{0}>                      Wall avg =    2.37013
Timings{0}>                      Wall min =    2.18154
Timings{0}> 
Timings{0}> NativeNUFFT1........ Wall max =    2.60714
Timings{0}>                      Wall avg =    2.35736
Timings{0}>                      Wall min =    2.16973
Timings{0}> 
Timings{0}> scatterTimerNUFFT1.. Wall max =    1.39572
Timings{0}>                      Wall avg =    1.14061
Timings{0}>                      Wall min =   0.958331
Timings{0}> 
Timings{0}> binSort............. Wall max =   0.181169
Timings{0}>                      Wall avg =   0.166369
Timings{0}>                      Wall min =    0.15224
Timings{0}> 
Timings{0}> binComputeKeys...... Wall max =   0.017449
Timings{0}>                      Wall avg =  0.0159339
Timings{0}>                      Wall min =  0.0143859
Timings{0}> 
Timings{0}> binSortByKey........ Wall max =   0.155112
Timings{0}>                      Wall avg =   0.142383
Timings{0}>                      Wall min =   0.129957
Timings{0}> 
Timings{0}> binComputeOffsets... Wall max = 0.00869814
Timings{0}>                      Wall avg = 0.00795112
Timings{0}>                      Wall min = 0.00733338
Timings{0}> 
Timings{0}> FFTNUFFT1........... Wall max =    1.22524
Timings{0}>                      Wall avg =    1.21277
Timings{0}>                      Wall min =    1.20123
Timings{0}> 
Timings{0}> TwiddleAdd.......... Wall max = 0.000632396
Timings{0}>                      Wall avg = 0.00047326
Timings{0}>                      Wall min = 0.000318899
Timings{0}> 
Timings{0}> subFFTs............. Wall max =    1.22437
Timings{0}>                      Wall avg =    1.21187
Timings{0}>                      Wall min =    1.20038
Timings{0}> 
Timings{0}> deconvolutionNUFFT1. Wall max = 0.00685887
Timings{0}>                      Wall avg = 0.00395835
Timings{0}>                      Wall min = 0.00383481
Timings{0}> 
Timings{0}> GatherPIFNUFFT...... Wall max =    4.21383
Timings{0}>                      Wall avg =     4.1973
Timings{0}>                      Wall min =    4.17886
Timings{0}> 
Timings{0}> NativeNUFFT2........ Wall max =    4.20552
Timings{0}>                      Wall avg =    4.18811
Timings{0}>                      Wall min =    4.16991
Timings{0}> 
Timings{0}> PrecorrectionNUFFT2. Wall max =  0.0405261
Timings{0}>                      Wall avg =  0.0367616
Timings{0}>                      Wall min =  0.0328591
Timings{0}> 
Timings{0}> FFTNUFFT2........... Wall max =    3.73985
Timings{0}>                      Wall avg =    3.68624
Timings{0}>                      Wall min =    3.65003
Timings{0}> 
Timings{0}> subIFFTs............ Wall max =    3.73187
Timings{0}>                      Wall avg =    3.67847
Timings{0}>                      Wall min =    3.64206
Timings{0}> 
Timings{0}> StridedWrite........ Wall max = 0.00194832
Timings{0}>                      Wall avg = 0.00152827
Timings{0}>                      Wall min = 0.00113161
Timings{0}> 
Timings{0}> GatherNUFFT2........ Wall max =   0.310867
Timings{0}>                      Wall avg =   0.281665
Timings{0}>                      Wall min =   0.247157
Timings{0}> 
Timings{0}> ---------------------------------------------
Timings{0}>      Measurement counts:
Timings{0}> ---------------------------------------------
Timings{0}> mainTimer........... Count =          1
Timings{0}> particlesCreation... Count =          0
Timings{0}> dumpData............ Count =         10
Timings{0}> kick................ Count =         20
Timings{0}> drift............... Count =         10
Timings{0}> initializeShapeFunc. Count =          0
Timings{0}> findInternal........ Count =          0
Timings{0}> findPeriodic........ Count =          0
Timings{0}> NativeNUFFT::init... Count =          0
Timings{0}> particleBC.......... Count =         10
Timings{0}> updateParticle...... Count =         10
Timings{0}> locateParticles..... Count =         10
Timings{0}> sendPreprocess...... Count =         10
Timings{0}> particleSend........ Count =         10
Timings{0}> particleRecv........ Count =         10
Timings{0}> particleDestroy..... Count =         10
Timings{0}> ScatterPIFNUFFT..... Count =         20
Timings{0}> NativeNUFFT1........ Count =         10
Timings{0}> scatterTimerNUFFT1.. Count =         10
Timings{0}> binSort............. Count =         40
Timings{0}> binComputeKeys...... Count =         40
Timings{0}> binSortByKey........ Count =         40
Timings{0}> binComputeOffsets... Count =         40
Timings{0}> FFTNUFFT1........... Count =         10
Timings{0}> TwiddleAdd.......... Count =         20
Timings{0}> subFFTs............. Count =         20
Timings{0}> deconvolutionNUFFT1. Count =         10
Timings{0}> GatherPIFNUFFT...... Count =         10
Timings{0}> NativeNUFFT2........ Count =         30
Timings{0}> PrecorrectionNUFFT2. Count =         30
Timings{0}> FFTNUFFT2........... Count =         30
Timings{0}> subIFFTs............ Count =         60
Timings{0}> StridedWrite........ Count =         60
Timings{0}> GatherNUFFT2........ Count =         30
Timings{0}> ---------------------------------------------
Timings{0}> ---------------------------------------------
Timings{0}>      Per-occurrence statistics:
Timings{0}> ---------------------------------------------
Timings{0}> mainTimer........... n=    1  mean=   7.15182  std=         0  min=   7.15182  max=   7.15182
Timings{0}> dumpData............ n=   10  mean= 0.0044822  std=0.000668165  min=0.00373229  max=0.00548244
Timings{0}> kick................ n=   20  mean=2.49735e-05  std=1.62679e-05  min= 5.632e-06  max=4.3711e-05
Timings{0}> drift............... n=   10  mean= 8.262e-06  std=1.10341e-06  min= 7.104e-06  max=1.0335e-05
Timings{0}> particleBC.......... n=   10  mean=1.43194e-05  std=1.26938e-06  min=1.2959e-05  max=1.6991e-05
Timings{0}> updateParticle...... n=   10  mean=  0.051905  std= 0.0626419  min= 0.0094217  max=  0.174847
Timings{0}> locateParticles..... n=   10  mean= 0.0039991  std=8.60296e-06  min=0.00398383  max=0.00400905
Timings{0}> sendPreprocess...... n=   10  mean=0.000376253  std=4.20571e-05  min=0.00031039  max=0.000439505
Timings{0}> particleSend........ n=   10  mean=0.00112723  std=3.15033e-05  min=0.00108483  max=0.00118918
Timings{0}> particleRecv........ n=   10  mean=4.23026e-05  std=4.39939e-06  min=3.4815e-05  max=4.6527e-05
Timings{0}> particleDestroy..... n=   10  mean=0.00287107  std=1.00256e-05  min=0.00285609  max=0.00289494
Timings{0}> ScatterPIFNUFFT..... n=   20  mean=  0.117684  std=  0.132203  min=1.0208e-05  max=  0.369005
Timings{0}> NativeNUFFT1........ n=   10  mean=  0.234158  std=  0.078332  min=   0.13785  max=  0.367752
Timings{0}> scatterTimerNUFFT1.. n=   10  mean=  0.113587  std= 0.0771314  min= 0.0214502  max=  0.242248
Timings{0}> binSort............. n=   40  mean=0.00452841  std=4.70928e-05  min=0.00442411  max=0.00459031
Timings{0}> binComputeKeys...... n=   40  mean=0.000432243  std=7.75598e-06  min=0.000417426  max=0.000451793
Timings{0}> binSortByKey........ n=   40  mean=  0.003876  std=3.80555e-05  min=0.00380029  max=0.00392937
Timings{0}> binComputeOffsets... n=   40  mean=0.000217454  std=1.0853e-05  min=0.000204089  max=0.000240759
Timings{0}> FFTNUFFT1........... n=   10  mean=  0.120176  std= 0.0031458  min=  0.115906  max=  0.125674
Timings{0}> TwiddleAdd.......... n=   20  mean=2.45912e-05  std=2.79408e-06  min=  1.76e-05  max=2.7903e-05
Timings{0}> subFFTs............. n=   20  mean= 0.0600433  std=0.00238983  min= 0.0573419  max= 0.0672895
Timings{0}> deconvolutionNUFFT1. n=   10  mean=0.00039254  std=2.36762e-06  min=0.000387859  max=0.000395314
Timings{0}> GatherPIFNUFFT...... n=   10  mean=  0.421027  std=0.00947096  min=  0.409332  max=  0.443306
Timings{0}> NativeNUFFT2........ n=   30  mean=  0.140056  std=0.00412013  min=  0.133537  max=   0.15399
Timings{0}> PrecorrectionNUFFT2. n=   30  mean=0.00134047  std=0.000501952  min=0.000635403  max=0.00170186
Timings{0}> FFTNUFFT2........... n=   30  mean=  0.121895  std=0.00405624  min=  0.116103  max=  0.135003
Timings{0}> subIFFTs............ n=   60  mean= 0.0608168  std=0.00316318  min= 0.0557859  max= 0.0742835
Timings{0}> StridedWrite........ n=   60  mean=2.74135e-05  std=5.3654e-06  min=2.2112e-05  max=5.8238e-05
Timings{0}> GatherNUFFT2........ n=   30  mean= 0.0103041  std=  0.002049  min= 0.0078837  max= 0.0151494
Timings{0}> ---------------------------------------------
