Hostname=nid006008   , Rank=3    ,Local=3   ,RPN=4   ,CPUs=216-287  ,GPU=3 ,NIC=cxi3 ,numa_nodes=3     ,first_numa=3  ,other_nodes=     
Hostname=nid006015   , Rank=4    ,Local=0   ,RPN=4   ,CPUs=0-71     ,GPU=0 ,NIC=cxi0 ,numa_nodes=0     ,first_numa=0  ,other_nodes=     
Hostname=nid006008   , Rank=1    ,Local=1   ,RPN=4   ,CPUs=72-143   ,GPU=1 ,NIC=cxi1 ,numa_nodes=1     ,first_numa=1  ,other_nodes=     
Slurm Job Hostlist: nid[006008,006015]
Hostname=nid006008   , Rank=0    ,Local=0   ,RPN=4   ,CPUs=0-71     ,GPU=0 ,NIC=cxi0 ,numa_nodes=0     ,first_numa=0  ,other_nodes=     
Hostname=nid006008   , Rank=2    ,Local=2   ,RPN=4   ,CPUs=144-215  ,GPU=2 ,NIC=cxi2 ,numa_nodes=2     ,first_numa=2  ,other_nodes=     
Hostname=nid006015   , Rank=5    ,Local=1   ,RPN=4   ,CPUs=72-143   ,GPU=1 ,NIC=cxi1 ,numa_nodes=1     ,first_numa=1  ,other_nodes=     
Hostname=nid006015   , Rank=6    ,Local=2   ,RPN=4   ,CPUs=144-215  ,GPU=2 ,NIC=cxi2 ,numa_nodes=2     ,first_numa=2  ,other_nodes=     
Hostname=nid006015   , Rank=7    ,Local=3   ,RPN=4   ,CPUs=216-287  ,GPU=3 ,NIC=cxi3 ,numa_nodes=3     ,first_numa=3  ,other_nodes=     

================================================================================
NUFFT Scaling Benchmark
================================================================================
Number of ranks: 8
Grid size:       512^3
Particles:       1073741824 (8 per point)
Tolerance:       0.0001
CSV output:      nufft_scaling_8.csv
Component CSV:   nufft_components_8.csv

=== Benchmarking NUFFT Type 1 ===
Grid size:       512^3
Total particles: 1073741824
Local particles: 134217728
Spread method:   output_focused
Tolerance:       0.0001
Warmup runs:     3
Benchmark runs:  10
Running warmup...
Running benchmark...

NUFFT Type 1 Results:
  Ranks:       8
  Grid:        512^3
  Particles:   1073741824
  Mean time:   877.778 ms
  Min time:    870.730 ms
  Max time:    885.345 ms
  Stddev:      4.108 ms
  Throughput:  1223.25 Mpts/s

=== Benchmarking NUFFT Type 2 ===
Grid size:       512^3
Total particles: 1073741824
Local particles: 134217728
Gather method:   atomic_sort
Tolerance:       0.00
Warmup runs:     3
Benchmark runs:  10
Running warmup...
Running benchmark...

NUFFT Type 2 Results:
  Ranks:       8
  Grid:        512^3
  Particles:   1073741824
  Mean time:   297.441 ms
  Min time:    287.551 ms
  Max time:    305.481 ms
  Stddev:      5.568 ms
  Throughput:  3609.94 Mpts/s
[CSV] Timings written to nufft_scaling_8.csv

==================================================
COMPONENT TIMING BREAKDOWN
==================================================

Type-1 (spreading):
----------------------------------------
Scatter (spreading)          625.09 ms
FFT (forward)                247.08 ms
Deconvolution                  1.47 ms

Type-2 (interpolation):
----------------------------------------
Precorrection                  2.00 ms
FFT (backward)               250.94 ms
Gather (interpolation)        20.61 ms

Total:
----------------------------------------
Complete Type-1              873.64 ms
Complete Type-2              297.73 ms
[CSV] Component timings written to nufft_components_8.csv

================================================================================
SUMMARY
================================================================================
Type 1: 877.778 ms (1223.25 Mpts/s)
Type 2: 297.44 ms (3609.94 Mpts/s)
================================================================================
