srun: error: nid006366: task 157: Segmentation fault (core dumped)
srun: Terminating StepId=16800767.1
slurmstepd: error: *** STEP 16800767.1 ON nid005222 CANCELLED AT 2026-03-17T19:31:07 ***
srun: error: nid005893: tasks 104-111: Terminated
srun: error: nid005282: tasks 16-23: Terminated
srun: error: nid007701: tasks 248-255: Terminated
srun: error: nid005223: tasks 8-15: Terminated
srun: error: nid005284: tasks 32-39: Terminated
srun: error: nid007676: tasks 216-223: Terminated
srun: error: nid006364: tasks 136-143: Terminated
srun: error: nid005800: tasks 40-47: Terminated
srun: error: nid006366: tasks 152-156,158-159: Terminated
srun: error: nid005999: tasks 128-135: Terminated
srun: error: nid005802: tasks 56-63: Terminated
srun: error: nid005892: tasks 96-103: Terminated
srun: error: nid007675: tasks 208-215: Terminated
srun: error: nid007634: tasks 160-167: Terminated
srun: error: nid007674: tasks 200-207: Terminated
srun: error: nid007700: tasks 240-247: Terminated
srun: error: nid005997: tasks 112-119: Terminated
srun: error: nid006365: tasks 144-151: Terminated
srun: error: nid007699: tasks 232-239: Terminated
srun: error: nid005871: tasks 80-87: Terminated
srun: error: nid005283: tasks 24-31: Terminated
srun: error: nid005891: tasks 88-95: Terminated
srun: error: nid007637: tasks 184-191: Terminated
srun: error: nid005870: tasks 72-79: Terminated
srun: error: nid007635: tasks 168-175: Terminated
srun: error: nid007698: tasks 224-231: Terminated
srun: error: nid007673: tasks 192-199: Terminated
srun: error: nid005998: tasks 120-127: Terminated
srun: error: nid005869: tasks 64-71: Terminated
srun: error: nid007636: tasks 176-183: Terminated
srun: error: nid005801: tasks 48-55: Terminated
srun: error: nid005222: tasks 0-7: Terminated
srun: Force Terminated StepId=16800767.1
