Hostname=nid006460   , Rank=232  ,Local=0   ,RPN=4   ,CPUs=0-71     ,GPU=0 ,NIC=cxi0 ,numa_nodes=0     ,first_numa=0  ,other_nodes=     
Hostname=nid005821   , Rank=88   ,Local=0   ,RPN=4   ,CPUs=0-71     ,GPU=0 ,NIC=cxi0 ,numa_nodes=0     ,first_numa=0  ,other_nodes=     
Hostname=nid005775   , Rank=52   ,Local=0   ,RPN=4   ,CPUs=0-71     ,GPU=0 ,NIC=cxi0 ,numa_nodes=0     ,first_numa=0  ,other_nodes=     
Hostname=nid005841   , Rank=104  ,Local=0   ,RPN=4   ,CPUs=0-71     ,GPU=0 ,NIC=cxi0 ,numa_nodes=0     ,first_numa=0  ,other_nodes=     
Hostname=nid006423   , Rank=180  ,Local=0   ,RPN=4   ,CPUs=0-71     ,GPU=0 ,NIC=cxi0 ,numa_nodes=0     ,first_numa=0  ,other_nodes=     
Hostname=nid005890   , Rank=156  ,Local=0   ,RPN=4   ,CPUs=0-71     ,GPU=0 ,NIC=cxi0 ,numa_nodes=0     ,first_numa=0  ,other_nodes=     
Hostname=nid006442   , Rank=216  ,Local=0   ,RPN=4   ,CPUs=0-71     ,GPU=0 ,NIC=cxi0 ,numa_nodes=0     ,first_numa=0  ,other_nodes=     
Hostname=nid005673   , Rank=1    ,Local=1   ,RPN=4   ,CPUs=72-143   ,GPU=1 ,NIC=cxi1 ,numa_nodes=1     ,first_numa=1  ,other_nodes=     
Hostname=nid005836   , Rank=100  ,Local=0   ,RPN=4   ,CPUs=0-71     ,GPU=0 ,NIC=cxi0 ,numa_nodes=0     ,first_numa=0  ,other_nodes=     
Hostname=nid005721   , Rank=36   ,Local=0   ,RPN=4   ,CPUs=0-71     ,GPU=0 ,NIC=cxi0 ,numa_nodes=0     ,first_numa=0  ,other_nodes=     
Hostname=nid005848   , Rank=112  ,Local=0   ,RPN=4   ,CPUs=0-71     ,GPU=0 ,NIC=cxi0 ,numa_nodes=0     ,first_numa=0  ,other_nodes=     
Hostname=nid005816   , Rank=85   ,Local=1   ,RPN=4   ,CPUs=72-143   ,GPU=1 ,NIC=cxi1 ,numa_nodes=1     ,first_numa=1  ,other_nodes=     
Hostname=nid005871   , Rank=141  ,Local=1   ,RPN=4   ,CPUs=72-143   ,GPU=1 ,NIC=cxi1 ,numa_nodes=1     ,first_numa=1  ,other_nodes=     
Hostname=nid005864   , Rank=128  ,Local=0   ,RPN=4   ,CPUs=0-71     ,GPU=0 ,NIC=cxi0 ,numa_nodes=0     ,first_numa=0  ,other_nodes=     
Hostname=nid006437   , Rank=212  ,Local=0   ,RPN=4   ,CPUs=0-71     ,GPU=0 ,NIC=cxi0 ,numa_nodes=0     ,first_numa=0  ,other_nodes=     
Hostname=nid005905   , Rank=160  ,Local=0   ,RPN=4   ,CPUs=0-71     ,GPU=0 ,NIC=cxi0 ,numa_nodes=0     ,first_numa=0  ,other_nodes=     
Hostname=nid006428   , Rank=192  ,Local=0   ,RPN=4   ,CPUs=0-71     ,GPU=0 ,NIC=cxi0 ,numa_nodes=0     ,first_numa=0  ,other_nodes=     
Hostname=nid005804   , Rank=72   ,Local=0   ,RPN=4   ,CPUs=0-71     ,GPU=0 ,NIC=cxi0 ,numa_nodes=0     ,first_numa=0  ,other_nodes=     
Hostname=nid005731   , Rank=45   ,Local=1   ,RPN=4   ,CPUs=72-143   ,GPU=1 ,NIC=cxi1 ,numa_nodes=1     ,first_numa=1  ,other_nodes=     
Hostname=nid006358   , Rank=176  ,Local=0   ,RPN=4   ,CPUs=0-71     ,GPU=0 ,NIC=cxi0 ,numa_nodes=0     ,first_numa=0  ,other_nodes=     
Hostname=nid005764   , Rank=50   ,Local=2   ,RPN=4   ,CPUs=144-215  ,GPU=2 ,NIC=cxi2 ,numa_nodes=2     ,first_numa=2  ,other_nodes=     
Hostname=nid006446   , Rank=220  ,Local=0   ,RPN=4   ,CPUs=0-71     ,GPU=0 ,NIC=cxi0 ,numa_nodes=0     ,first_numa=0  ,other_nodes=     
Hostname=nid005841   , Rank=105  ,Local=1   ,RPN=4   ,CPUs=72-143   ,GPU=1 ,NIC=cxi1 ,numa_nodes=1     ,first_numa=1  ,other_nodes=     
Hostname=nid006518   , Rank=249  ,Local=1   ,RPN=4   ,CPUs=72-143   ,GPU=1 ,NIC=cxi1 ,numa_nodes=1     ,first_numa=1  ,other_nodes=     
Hostname=nid005836   , Rank=101  ,Local=1   ,RPN=4   ,CPUs=72-143   ,GPU=1 ,NIC=cxi1 ,numa_nodes=1     ,first_numa=1  ,other_nodes=     
Hostname=nid006460   , Rank=233  ,Local=1   ,RPN=4   ,CPUs=72-143   ,GPU=1 ,NIC=cxi1 ,numa_nodes=1     ,first_numa=1  ,other_nodes=     
Hostname=nid006425   , Rank=186  ,Local=2   ,RPN=4   ,CPUs=144-215  ,GPU=2 ,NIC=cxi2 ,numa_nodes=2     ,first_numa=2  ,other_nodes=     
Hostname=nid005764   , Rank=48   ,Local=0   ,RPN=4   ,CPUs=0-71     ,GPU=0 ,NIC=cxi0 ,numa_nodes=0     ,first_numa=0  ,other_nodes=     
Hostname=nid005689   , Rank=19   ,Local=3   ,RPN=4   ,CPUs=216-287  ,GPU=3 ,NIC=cxi3 ,numa_nodes=3     ,first_numa=3  ,other_nodes=     
Hostname=nid005841   , Rank=106  ,Local=2   ,RPN=4   ,CPUs=144-215  ,GPU=2 ,NIC=cxi2 ,numa_nodes=2     ,first_numa=2  ,other_nodes=     
Hostname=nid006460   , Rank=235  ,Local=3   ,RPN=4   ,CPUs=216-287  ,GPU=3 ,NIC=cxi3 ,numa_nodes=3     ,first_numa=3  ,other_nodes=     
Hostname=nid005868   , Rank=137  ,Local=1   ,RPN=4   ,CPUs=72-143   ,GPU=1 ,NIC=cxi1 ,numa_nodes=1     ,first_numa=1  ,other_nodes=     
Hostname=nid005717   , Rank=28   ,Local=0   ,RPN=4   ,CPUs=0-71     ,GPU=0 ,NIC=cxi0 ,numa_nodes=0     ,first_numa=0  ,other_nodes=     
Hostname=nid005778   , Rank=56   ,Local=0   ,RPN=4   ,CPUs=0-71     ,GPU=0 ,NIC=cxi0 ,numa_nodes=0     ,first_numa=0  ,other_nodes=     
Hostname=nid005775   , Rank=53   ,Local=1   ,RPN=4   ,CPUs=72-143   ,GPU=1 ,NIC=cxi1 ,numa_nodes=1     ,first_numa=1  ,other_nodes=     
Hostname=nid006353   , Rank=172  ,Local=0   ,RPN=4   ,CPUs=0-71     ,GPU=0 ,NIC=cxi0 ,numa_nodes=0     ,first_numa=0  ,other_nodes=     
Hostname=nid006432   , Rank=204  ,Local=0   ,RPN=4   ,CPUs=0-71     ,GPU=0 ,NIC=cxi0 ,numa_nodes=0     ,first_numa=0  ,other_nodes=     
Hostname=nid005848   , Rank=113  ,Local=1   ,RPN=4   ,CPUs=72-143   ,GPU=1 ,NIC=cxi1 ,numa_nodes=1     ,first_numa=1  ,other_nodes=     
Hostname=nid005845   , Rank=108  ,Local=0   ,RPN=4   ,CPUs=0-71     ,GPU=0 ,NIC=cxi0 ,numa_nodes=0     ,first_numa=0  ,other_nodes=     
Hostname=nid006431   , Rank=200  ,Local=0   ,RPN=4   ,CPUs=0-71     ,GPU=0 ,NIC=cxi0 ,numa_nodes=0     ,first_numa=0  ,other_nodes=     
Hostname=nid005775   , Rank=55   ,Local=3   ,RPN=4   ,CPUs=216-287  ,GPU=3 ,NIC=cxi3 ,numa_nodes=3     ,first_numa=3  ,other_nodes=     
Hostname=nid006460   , Rank=234  ,Local=2   ,RPN=4   ,CPUs=144-215  ,GPU=2 ,NIC=cxi2 ,numa_nodes=2     ,first_numa=2  ,other_nodes=     
Hostname=nid005836   , Rank=102  ,Local=2   ,RPN=4   ,CPUs=144-215  ,GPU=2 ,NIC=cxi2 ,numa_nodes=2     ,first_numa=2  ,other_nodes=     
Hostname=nid005707   , Rank=20   ,Local=0   ,RPN=4   ,CPUs=0-71     ,GPU=0 ,NIC=cxi0 ,numa_nodes=0     ,first_numa=0  ,other_nodes=     
Hostname=nid005841   , Rank=107  ,Local=3   ,RPN=4   ,CPUs=216-287  ,GPU=3 ,NIC=cxi3 ,numa_nodes=3     ,first_numa=3  ,other_nodes=     
Hostname=nid005825   , Rank=95   ,Local=3   ,RPN=4   ,CPUs=216-287  ,GPU=3 ,NIC=cxi3 ,numa_nodes=3     ,first_numa=3  ,other_nodes=     
Hostname=nid006449   , Rank=224  ,Local=0   ,RPN=4   ,CPUs=0-71     ,GPU=0 ,NIC=cxi0 ,numa_nodes=0     ,first_numa=0  ,other_nodes=     
Hostname=nid005864   , Rank=129  ,Local=1   ,RPN=4   ,CPUs=72-143   ,GPU=1 ,NIC=cxi1 ,numa_nodes=1     ,first_numa=1  ,other_nodes=     
Hostname=nid005764   , Rank=51   ,Local=3   ,RPN=4   ,CPUs=216-287  ,GPU=3 ,NIC=cxi3 ,numa_nodes=3     ,first_numa=3  ,other_nodes=     
Hostname=nid005787   , Rank=63   ,Local=3   ,RPN=4   ,CPUs=216-287  ,GPU=3 ,NIC=cxi3 ,numa_nodes=3     ,first_numa=3  ,other_nodes=     
Hostname=nid005792   , Rank=64   ,Local=0   ,RPN=4   ,CPUs=0-71     ,GPU=0 ,NIC=cxi0 ,numa_nodes=0     ,first_numa=0  ,other_nodes=     
Hostname=nid005864   , Rank=131  ,Local=3   ,RPN=4   ,CPUs=216-287  ,GPU=3 ,NIC=cxi3 ,numa_nodes=3     ,first_numa=3  ,other_nodes=     
Hostname=nid006423   , Rank=181  ,Local=1   ,RPN=4   ,CPUs=72-143   ,GPU=1 ,NIC=cxi1 ,numa_nodes=1     ,first_numa=1  ,other_nodes=     
Hostname=nid006428   , Rank=193  ,Local=1   ,RPN=4   ,CPUs=72-143   ,GPU=1 ,NIC=cxi1 ,numa_nodes=1     ,first_numa=1  ,other_nodes=     
Hostname=nid005775   , Rank=54   ,Local=2   ,RPN=4   ,CPUs=144-215  ,GPU=2 ,NIC=cxi2 ,numa_nodes=2     ,first_numa=2  ,other_nodes=     
Hostname=nid005884   , Rank=148  ,Local=0   ,RPN=4   ,CPUs=0-71     ,GPU=0 ,NIC=cxi0 ,numa_nodes=0     ,first_numa=0  ,other_nodes=     
Hostname=nid005794   , Rank=68   ,Local=0   ,RPN=4   ,CPUs=0-71     ,GPU=0 ,NIC=cxi0 ,numa_nodes=0     ,first_numa=0  ,other_nodes=     
Hostname=nid006442   , Rank=217  ,Local=1   ,RPN=4   ,CPUs=72-143   ,GPU=1 ,NIC=cxi1 ,numa_nodes=1     ,first_numa=1  ,other_nodes=     
Hostname=nid005825   , Rank=93   ,Local=1   ,RPN=4   ,CPUs=72-143   ,GPU=1 ,NIC=cxi1 ,numa_nodes=1     ,first_numa=1  ,other_nodes=     
Hostname=nid005848   , Rank=114  ,Local=2   ,RPN=4   ,CPUs=144-215  ,GPU=2 ,NIC=cxi2 ,numa_nodes=2     ,first_numa=2  ,other_nodes=     
Hostname=nid005764   , Rank=49   ,Local=1   ,RPN=4   ,CPUs=72-143   ,GPU=1 ,NIC=cxi1 ,numa_nodes=1     ,first_numa=1  ,other_nodes=     
Hostname=nid005821   , Rank=90   ,Local=2   ,RPN=4   ,CPUs=144-215  ,GPU=2 ,NIC=cxi2 ,numa_nodes=2     ,first_numa=2  ,other_nodes=     
Hostname=nid006423   , Rank=183  ,Local=3   ,RPN=4   ,CPUs=216-287  ,GPU=3 ,NIC=cxi3 ,numa_nodes=3     ,first_numa=3  ,other_nodes=     
Hostname=nid005836   , Rank=103  ,Local=3   ,RPN=4   ,CPUs=216-287  ,GPU=3 ,NIC=cxi3 ,numa_nodes=3     ,first_numa=3  ,other_nodes=     
Hostname=nid005936   , Rank=165  ,Local=1   ,RPN=4   ,CPUs=72-143   ,GPU=1 ,NIC=cxi1 ,numa_nodes=1     ,first_numa=1  ,other_nodes=     
Hostname=nid005853   , Rank=120  ,Local=0   ,RPN=4   ,CPUs=0-71     ,GPU=0 ,NIC=cxi0 ,numa_nodes=0     ,first_numa=0  ,other_nodes=     
Hostname=nid005821   , Rank=91   ,Local=3   ,RPN=4   ,CPUs=216-287  ,GPU=3 ,NIC=cxi3 ,numa_nodes=3     ,first_numa=3  ,other_nodes=     
Hostname=nid006428   , Rank=195  ,Local=3   ,RPN=4   ,CPUs=216-287  ,GPU=3 ,NIC=cxi3 ,numa_nodes=3     ,first_numa=3  ,other_nodes=     
Hostname=nid005905   , Rank=161  ,Local=1   ,RPN=4   ,CPUs=72-143   ,GPU=1 ,NIC=cxi1 ,numa_nodes=1     ,first_numa=1  ,other_nodes=     
Hostname=nid006446   , Rank=221  ,Local=1   ,RPN=4   ,CPUs=72-143   ,GPU=1 ,NIC=cxi1 ,numa_nodes=1     ,first_numa=1  ,other_nodes=     
Hostname=nid005825   , Rank=92   ,Local=0   ,RPN=4   ,CPUs=0-71     ,GPU=0 ,NIC=cxi0 ,numa_nodes=0     ,first_numa=0  ,other_nodes=     
Hostname=nid006428   , Rank=194  ,Local=2   ,RPN=4   ,CPUs=144-215  ,GPU=2 ,NIC=cxi2 ,numa_nodes=2     ,first_numa=2  ,other_nodes=     
Hostname=nid005864   , Rank=130  ,Local=2   ,RPN=4   ,CPUs=144-215  ,GPU=2 ,NIC=cxi2 ,numa_nodes=2     ,first_numa=2  ,other_nodes=     
Hostname=nid005905   , Rank=162  ,Local=2   ,RPN=4   ,CPUs=144-215  ,GPU=2 ,NIC=cxi2 ,numa_nodes=2     ,first_numa=2  ,other_nodes=     
Hostname=nid005821   , Rank=89   ,Local=1   ,RPN=4   ,CPUs=72-143   ,GPU=1 ,NIC=cxi1 ,numa_nodes=1     ,first_numa=1  ,other_nodes=     
Hostname=nid005778   , Rank=57   ,Local=1   ,RPN=4   ,CPUs=72-143   ,GPU=1 ,NIC=cxi1 ,numa_nodes=1     ,first_numa=1  ,other_nodes=     
Hostname=nid006358   , Rank=178  ,Local=2   ,RPN=4   ,CPUs=144-215  ,GPU=2 ,NIC=cxi2 ,numa_nodes=2     ,first_numa=2  ,other_nodes=     
Hostname=nid005848   , Rank=115  ,Local=3   ,RPN=4   ,CPUs=216-287  ,GPU=3 ,NIC=cxi3 ,numa_nodes=3     ,first_numa=3  ,other_nodes=     
Hostname=nid006442   , Rank=218  ,Local=2   ,RPN=4   ,CPUs=144-215  ,GPU=2 ,NIC=cxi2 ,numa_nodes=2     ,first_numa=2  ,other_nodes=     
Hostname=nid006518   , Rank=251  ,Local=3   ,RPN=4   ,CPUs=216-287  ,GPU=3 ,NIC=cxi3 ,numa_nodes=3     ,first_numa=3  ,other_nodes=     
Hostname=nid005865   , Rank=134  ,Local=2   ,RPN=4   ,CPUs=144-215  ,GPU=2 ,NIC=cxi2 ,numa_nodes=2     ,first_numa=2  ,other_nodes=     
Hostname=nid006423   , Rank=182  ,Local=2   ,RPN=4   ,CPUs=144-215  ,GPU=2 ,NIC=cxi2 ,numa_nodes=2     ,first_numa=2  ,other_nodes=     
Hostname=nid006353   , Rank=174  ,Local=2   ,RPN=4   ,CPUs=144-215  ,GPU=2 ,NIC=cxi2 ,numa_nodes=2     ,first_numa=2  ,other_nodes=     
Hostname=nid005719   , Rank=32   ,Local=0   ,RPN=4   ,CPUs=0-71     ,GPU=0 ,NIC=cxi0 ,numa_nodes=0     ,first_numa=0  ,other_nodes=     
Hostname=nid005804   , Rank=73   ,Local=1   ,RPN=4   ,CPUs=72-143   ,GPU=1 ,NIC=cxi1 ,numa_nodes=1     ,first_numa=1  ,other_nodes=     
Hostname=nid005890   , Rank=157  ,Local=1   ,RPN=4   ,CPUs=72-143   ,GPU=1 ,NIC=cxi1 ,numa_nodes=1     ,first_numa=1  ,other_nodes=     
Hostname=nid006358   , Rank=179  ,Local=3   ,RPN=4   ,CPUs=216-287  ,GPU=3 ,NIC=cxi3 ,numa_nodes=3     ,first_numa=3  ,other_nodes=     
Hostname=nid006432   , Rank=207  ,Local=3   ,RPN=4   ,CPUs=216-287  ,GPU=3 ,NIC=cxi3 ,numa_nodes=3     ,first_numa=3  ,other_nodes=     
Hostname=nid006518   , Rank=250  ,Local=2   ,RPN=4   ,CPUs=144-215  ,GPU=2 ,NIC=cxi2 ,numa_nodes=2     ,first_numa=2  ,other_nodes=     
Hostname=nid005905   , Rank=163  ,Local=3   ,RPN=4   ,CPUs=216-287  ,GPU=3 ,NIC=cxi3 ,numa_nodes=3     ,first_numa=3  ,other_nodes=     
Hostname=nid006353   , Rank=175  ,Local=3   ,RPN=4   ,CPUs=216-287  ,GPU=3 ,NIC=cxi3 ,numa_nodes=3     ,first_numa=3  ,other_nodes=     
Hostname=nid005707   , Rank=22   ,Local=2   ,RPN=4   ,CPUs=144-215  ,GPU=2 ,NIC=cxi2 ,numa_nodes=2     ,first_numa=2  ,other_nodes=     
Hostname=nid006431   , Rank=202  ,Local=2   ,RPN=4   ,CPUs=144-215  ,GPU=2 ,NIC=cxi2 ,numa_nodes=2     ,first_numa=2  ,other_nodes=     
Hostname=nid005787   , Rank=61   ,Local=1   ,RPN=4   ,CPUs=72-143   ,GPU=1 ,NIC=cxi1 ,numa_nodes=1     ,first_numa=1  ,other_nodes=     
Hostname=nid005717   , Rank=31   ,Local=3   ,RPN=4   ,CPUs=216-287  ,GPU=3 ,NIC=cxi3 ,numa_nodes=3     ,first_numa=3  ,other_nodes=     
Hostname=nid006446   , Rank=223  ,Local=3   ,RPN=4   ,CPUs=216-287  ,GPU=3 ,NIC=cxi3 ,numa_nodes=3     ,first_numa=3  ,other_nodes=     
Hostname=nid006518   , Rank=248  ,Local=0   ,RPN=4   ,CPUs=0-71     ,GPU=0 ,NIC=cxi0 ,numa_nodes=0     ,first_numa=0  ,other_nodes=     
Hostname=nid005825   , Rank=94   ,Local=2   ,RPN=4   ,CPUs=144-215  ,GPU=2 ,NIC=cxi2 ,numa_nodes=2     ,first_numa=2  ,other_nodes=     
Hostname=nid006437   , Rank=214  ,Local=2   ,RPN=4   ,CPUs=144-215  ,GPU=2 ,NIC=cxi2 ,numa_nodes=2     ,first_numa=2  ,other_nodes=     
Hostname=nid005673   , Rank=2    ,Local=2   ,RPN=4   ,CPUs=144-215  ,GPU=2 ,NIC=cxi2 ,numa_nodes=2     ,first_numa=2  ,other_nodes=     
Hostname=nid005816   , Rank=84   ,Local=0   ,RPN=4   ,CPUs=0-71     ,GPU=0 ,NIC=cxi0 ,numa_nodes=0     ,first_numa=0  ,other_nodes=     
Hostname=nid005689   , Rank=17   ,Local=1   ,RPN=4   ,CPUs=72-143   ,GPU=1 ,NIC=cxi1 ,numa_nodes=1     ,first_numa=1  ,other_nodes=     
Hostname=nid005794   , Rank=70   ,Local=2   ,RPN=4   ,CPUs=144-215  ,GPU=2 ,NIC=cxi2 ,numa_nodes=2     ,first_numa=2  ,other_nodes=     
Hostname=nid005890   , Rank=158  ,Local=2   ,RPN=4   ,CPUs=144-215  ,GPU=2 ,NIC=cxi2 ,numa_nodes=2     ,first_numa=2  ,other_nodes=     
Hostname=nid005871   , Rank=142  ,Local=2   ,RPN=4   ,CPUs=144-215  ,GPU=2 ,NIC=cxi2 ,numa_nodes=2     ,first_numa=2  ,other_nodes=     
Hostname=nid006431   , Rank=203  ,Local=3   ,RPN=4   ,CPUs=216-287  ,GPU=3 ,NIC=cxi3 ,numa_nodes=3     ,first_numa=3  ,other_nodes=     
Hostname=nid005874   , Rank=146  ,Local=2   ,RPN=4   ,CPUs=144-215  ,GPU=2 ,NIC=cxi2 ,numa_nodes=2     ,first_numa=2  ,other_nodes=     
Hostname=nid006442   , Rank=219  ,Local=3   ,RPN=4   ,CPUs=216-287  ,GPU=3 ,NIC=cxi3 ,numa_nodes=3     ,first_numa=3  ,other_nodes=     
Hostname=nid005689   , Rank=18   ,Local=2   ,RPN=4   ,CPUs=144-215  ,GPU=2 ,NIC=cxi2 ,numa_nodes=2     ,first_numa=2  ,other_nodes=     
Hostname=nid005778   , Rank=59   ,Local=3   ,RPN=4   ,CPUs=216-287  ,GPU=3 ,NIC=cxi3 ,numa_nodes=3     ,first_numa=3  ,other_nodes=     
Hostname=nid005673   , Rank=3    ,Local=3   ,RPN=4   ,CPUs=216-287  ,GPU=3 ,NIC=cxi3 ,numa_nodes=3     ,first_numa=3  ,other_nodes=     
Hostname=nid006432   , Rank=206  ,Local=2   ,RPN=4   ,CPUs=144-215  ,GPU=2 ,NIC=cxi2 ,numa_nodes=2     ,first_numa=2  ,other_nodes=     
Hostname=nid005871   , Rank=143  ,Local=3   ,RPN=4   ,CPUs=216-287  ,GPU=3 ,NIC=cxi3 ,numa_nodes=3     ,first_numa=3  ,other_nodes=     
Hostname=nid005804   , Rank=75   ,Local=3   ,RPN=4   ,CPUs=216-287  ,GPU=3 ,NIC=cxi3 ,numa_nodes=3     ,first_numa=3  ,other_nodes=     
Hostname=nid006429   , Rank=198  ,Local=2   ,RPN=4   ,CPUs=144-215  ,GPU=2 ,NIC=cxi2 ,numa_nodes=2     ,first_numa=2  ,other_nodes=     
Hostname=nid006437   , Rank=215  ,Local=3   ,RPN=4   ,CPUs=216-287  ,GPU=3 ,NIC=cxi3 ,numa_nodes=3     ,first_numa=3  ,other_nodes=     
Hostname=nid006353   , Rank=173  ,Local=1   ,RPN=4   ,CPUs=72-143   ,GPU=1 ,NIC=cxi1 ,numa_nodes=1     ,first_numa=1  ,other_nodes=     
Hostname=nid005889   , Rank=155  ,Local=3   ,RPN=4   ,CPUs=216-287  ,GPU=3 ,NIC=cxi3 ,numa_nodes=3     ,first_numa=3  ,other_nodes=     
Hostname=nid005868   , Rank=139  ,Local=3   ,RPN=4   ,CPUs=216-287  ,GPU=3 ,NIC=cxi3 ,numa_nodes=3     ,first_numa=3  ,other_nodes=     
Hostname=nid005851   , Rank=119  ,Local=3   ,RPN=4   ,CPUs=216-287  ,GPU=3 ,NIC=cxi3 ,numa_nodes=3     ,first_numa=3  ,other_nodes=     
Hostname=nid005787   , Rank=62   ,Local=2   ,RPN=4   ,CPUs=144-215  ,GPU=2 ,NIC=cxi2 ,numa_nodes=2     ,first_numa=2  ,other_nodes=     
Hostname=nid005890   , Rank=159  ,Local=3   ,RPN=4   ,CPUs=216-287  ,GPU=3 ,NIC=cxi3 ,numa_nodes=3     ,first_numa=3  ,other_nodes=     
Hostname=nid005816   , Rank=87   ,Local=3   ,RPN=4   ,CPUs=216-287  ,GPU=3 ,NIC=cxi3 ,numa_nodes=3     ,first_numa=3  ,other_nodes=     
Slurm Job Hostlist: nid[005673,005679-005680,005688-005689,005707,005713,005717,005719,005721,005730-005731,005764,005775,005778,005787,005792,005794,005804,005812,005814,005816,005821,005825,005829,005836,005841,005845,005848,005851,005853,005860,005864-005865,005868,005871,005874,005884,005889-005890,005905,005936,005978,006353,006358,006423,006425,006427-006429,006431-006433,006437,006442,006446,006449,006453,006460-006461,006463,006499,006518,006535]
Hostname=nid005689   , Rank=16   ,Local=0   ,RPN=4   ,CPUs=0-71     ,GPU=0 ,NIC=cxi0 ,numa_nodes=0     ,first_numa=0  ,other_nodes=     
Hostname=nid006358   , Rank=177  ,Local=1   ,RPN=4   ,CPUs=72-143   ,GPU=1 ,NIC=cxi1 ,numa_nodes=1     ,first_numa=1  ,other_nodes=     
Hostname=nid005717   , Rank=30   ,Local=2   ,RPN=4   ,CPUs=144-215  ,GPU=2 ,NIC=cxi2 ,numa_nodes=2     ,first_numa=2  ,other_nodes=     
Hostname=nid005673   , Rank=0    ,Local=0   ,RPN=4   ,CPUs=0-71     ,GPU=0 ,NIC=cxi0 ,numa_nodes=0     ,first_numa=0  ,other_nodes=     
Hostname=nid005707   , Rank=23   ,Local=3   ,RPN=4   ,CPUs=216-287  ,GPU=3 ,NIC=cxi3 ,numa_nodes=3     ,first_numa=3  ,other_nodes=     
Hostname=nid005868   , Rank=138  ,Local=2   ,RPN=4   ,CPUs=144-215  ,GPU=2 ,NIC=cxi2 ,numa_nodes=2     ,first_numa=2  ,other_nodes=     
Hostname=nid006446   , Rank=222  ,Local=2   ,RPN=4   ,CPUs=144-215  ,GPU=2 ,NIC=cxi2 ,numa_nodes=2     ,first_numa=2  ,other_nodes=     
Hostname=nid006431   , Rank=201  ,Local=1   ,RPN=4   ,CPUs=72-143   ,GPU=1 ,NIC=cxi1 ,numa_nodes=1     ,first_numa=1  ,other_nodes=     
Hostname=nid005868   , Rank=136  ,Local=0   ,RPN=4   ,CPUs=0-71     ,GPU=0 ,NIC=cxi0 ,numa_nodes=0     ,first_numa=0  ,other_nodes=     
Hostname=nid006499   , Rank=245  ,Local=1   ,RPN=4   ,CPUs=72-143   ,GPU=1 ,NIC=cxi1 ,numa_nodes=1     ,first_numa=1  ,other_nodes=     
Hostname=nid005865   , Rank=133  ,Local=1   ,RPN=4   ,CPUs=72-143   ,GPU=1 ,NIC=cxi1 ,numa_nodes=1     ,first_numa=1  ,other_nodes=     
Hostname=nid006432   , Rank=205  ,Local=1   ,RPN=4   ,CPUs=72-143   ,GPU=1 ,NIC=cxi1 ,numa_nodes=1     ,first_numa=1  ,other_nodes=     
Hostname=nid006425   , Rank=185  ,Local=1   ,RPN=4   ,CPUs=72-143   ,GPU=1 ,NIC=cxi1 ,numa_nodes=1     ,first_numa=1  ,other_nodes=     
Hostname=nid005787   , Rank=60   ,Local=0   ,RPN=4   ,CPUs=0-71     ,GPU=0 ,NIC=cxi0 ,numa_nodes=0     ,first_numa=0  ,other_nodes=     
Hostname=nid006425   , Rank=184  ,Local=0   ,RPN=4   ,CPUs=0-71     ,GPU=0 ,NIC=cxi0 ,numa_nodes=0     ,first_numa=0  ,other_nodes=     
Hostname=nid005794   , Rank=71   ,Local=3   ,RPN=4   ,CPUs=216-287  ,GPU=3 ,NIC=cxi3 ,numa_nodes=3     ,first_numa=3  ,other_nodes=     
Hostname=nid005871   , Rank=140  ,Local=0   ,RPN=4   ,CPUs=0-71     ,GPU=0 ,NIC=cxi0 ,numa_nodes=0     ,first_numa=0  ,other_nodes=     
Hostname=nid005874   , Rank=145  ,Local=1   ,RPN=4   ,CPUs=72-143   ,GPU=1 ,NIC=cxi1 ,numa_nodes=1     ,first_numa=1  ,other_nodes=     
Hostname=nid005884   , Rank=151  ,Local=3   ,RPN=4   ,CPUs=216-287  ,GPU=3 ,NIC=cxi3 ,numa_nodes=3     ,first_numa=3  ,other_nodes=     
Hostname=nid005717   , Rank=29   ,Local=1   ,RPN=4   ,CPUs=72-143   ,GPU=1 ,NIC=cxi1 ,numa_nodes=1     ,first_numa=1  ,other_nodes=     
Hostname=nid006437   , Rank=213  ,Local=1   ,RPN=4   ,CPUs=72-143   ,GPU=1 ,NIC=cxi1 ,numa_nodes=1     ,first_numa=1  ,other_nodes=     
Hostname=nid005792   , Rank=67   ,Local=3   ,RPN=4   ,CPUs=216-287  ,GPU=3 ,NIC=cxi3 ,numa_nodes=3     ,first_numa=3  ,other_nodes=     
Hostname=nid005731   , Rank=46   ,Local=2   ,RPN=4   ,CPUs=144-215  ,GPU=2 ,NIC=cxi2 ,numa_nodes=2     ,first_numa=2  ,other_nodes=     
Hostname=nid005884   , Rank=149  ,Local=1   ,RPN=4   ,CPUs=72-143   ,GPU=1 ,NIC=cxi1 ,numa_nodes=1     ,first_numa=1  ,other_nodes=     
Hostname=nid005778   , Rank=58   ,Local=2   ,RPN=4   ,CPUs=144-215  ,GPU=2 ,NIC=cxi2 ,numa_nodes=2     ,first_numa=2  ,other_nodes=     
Hostname=nid005816   , Rank=86   ,Local=2   ,RPN=4   ,CPUs=144-215  ,GPU=2 ,NIC=cxi2 ,numa_nodes=2     ,first_numa=2  ,other_nodes=     
Hostname=nid005829   , Rank=98   ,Local=2   ,RPN=4   ,CPUs=144-215  ,GPU=2 ,NIC=cxi2 ,numa_nodes=2     ,first_numa=2  ,other_nodes=     
Hostname=nid005804   , Rank=74   ,Local=2   ,RPN=4   ,CPUs=144-215  ,GPU=2 ,NIC=cxi2 ,numa_nodes=2     ,first_numa=2  ,other_nodes=     
Hostname=nid005731   , Rank=47   ,Local=3   ,RPN=4   ,CPUs=216-287  ,GPU=3 ,NIC=cxi3 ,numa_nodes=3     ,first_numa=3  ,other_nodes=     
Hostname=nid005874   , Rank=147  ,Local=3   ,RPN=4   ,CPUs=216-287  ,GPU=3 ,NIC=cxi3 ,numa_nodes=3     ,first_numa=3  ,other_nodes=     
Hostname=nid006425   , Rank=187  ,Local=3   ,RPN=4   ,CPUs=216-287  ,GPU=3 ,NIC=cxi3 ,numa_nodes=3     ,first_numa=3  ,other_nodes=     
Hostname=nid005865   , Rank=135  ,Local=3   ,RPN=4   ,CPUs=216-287  ,GPU=3 ,NIC=cxi3 ,numa_nodes=3     ,first_numa=3  ,other_nodes=     
Hostname=nid005707   , Rank=21   ,Local=1   ,RPN=4   ,CPUs=72-143   ,GPU=1 ,NIC=cxi1 ,numa_nodes=1     ,first_numa=1  ,other_nodes=     
Hostname=nid005851   , Rank=116  ,Local=0   ,RPN=4   ,CPUs=0-71     ,GPU=0 ,NIC=cxi0 ,numa_nodes=0     ,first_numa=0  ,other_nodes=     
Hostname=nid005851   , Rank=117  ,Local=1   ,RPN=4   ,CPUs=72-143   ,GPU=1 ,NIC=cxi1 ,numa_nodes=1     ,first_numa=1  ,other_nodes=     
Hostname=nid005794   , Rank=69   ,Local=1   ,RPN=4   ,CPUs=72-143   ,GPU=1 ,NIC=cxi1 ,numa_nodes=1     ,first_numa=1  ,other_nodes=     
Hostname=nid005792   , Rank=66   ,Local=2   ,RPN=4   ,CPUs=144-215  ,GPU=2 ,NIC=cxi2 ,numa_nodes=2     ,first_numa=2  ,other_nodes=     
Hostname=nid005884   , Rank=150  ,Local=2   ,RPN=4   ,CPUs=144-215  ,GPU=2 ,NIC=cxi2 ,numa_nodes=2     ,first_numa=2  ,other_nodes=     
Hostname=nid006453   , Rank=229  ,Local=1   ,RPN=4   ,CPUs=72-143   ,GPU=1 ,NIC=cxi1 ,numa_nodes=1     ,first_numa=1  ,other_nodes=     
Hostname=nid005865   , Rank=132  ,Local=0   ,RPN=4   ,CPUs=0-71     ,GPU=0 ,NIC=cxi0 ,numa_nodes=0     ,first_numa=0  ,other_nodes=     
Hostname=nid005874   , Rank=144  ,Local=0   ,RPN=4   ,CPUs=0-71     ,GPU=0 ,NIC=cxi0 ,numa_nodes=0     ,first_numa=0  ,other_nodes=     
Hostname=nid005731   , Rank=44   ,Local=0   ,RPN=4   ,CPUs=0-71     ,GPU=0 ,NIC=cxi0 ,numa_nodes=0     ,first_numa=0  ,other_nodes=     
Hostname=nid006449   , Rank=227  ,Local=3   ,RPN=4   ,CPUs=216-287  ,GPU=3 ,NIC=cxi3 ,numa_nodes=3     ,first_numa=3  ,other_nodes=     
Hostname=nid005792   , Rank=65   ,Local=1   ,RPN=4   ,CPUs=72-143   ,GPU=1 ,NIC=cxi1 ,numa_nodes=1     ,first_numa=1  ,other_nodes=     
Hostname=nid006449   , Rank=226  ,Local=2   ,RPN=4   ,CPUs=144-215  ,GPU=2 ,NIC=cxi2 ,numa_nodes=2     ,first_numa=2  ,other_nodes=     
Hostname=nid005851   , Rank=118  ,Local=2   ,RPN=4   ,CPUs=144-215  ,GPU=2 ,NIC=cxi2 ,numa_nodes=2     ,first_numa=2  ,other_nodes=     
Hostname=nid005853   , Rank=122  ,Local=2   ,RPN=4   ,CPUs=144-215  ,GPU=2 ,NIC=cxi2 ,numa_nodes=2     ,first_numa=2  ,other_nodes=     
Hostname=nid006453   , Rank=230  ,Local=2   ,RPN=4   ,CPUs=144-215  ,GPU=2 ,NIC=cxi2 ,numa_nodes=2     ,first_numa=2  ,other_nodes=     
Hostname=nid006453   , Rank=228  ,Local=0   ,RPN=4   ,CPUs=0-71     ,GPU=0 ,NIC=cxi0 ,numa_nodes=0     ,first_numa=0  ,other_nodes=     
Hostname=nid006499   , Rank=244  ,Local=0   ,RPN=4   ,CPUs=0-71     ,GPU=0 ,NIC=cxi0 ,numa_nodes=0     ,first_numa=0  ,other_nodes=     
Hostname=nid005853   , Rank=123  ,Local=3   ,RPN=4   ,CPUs=216-287  ,GPU=3 ,NIC=cxi3 ,numa_nodes=3     ,first_numa=3  ,other_nodes=     
Hostname=nid005889   , Rank=152  ,Local=0   ,RPN=4   ,CPUs=0-71     ,GPU=0 ,NIC=cxi0 ,numa_nodes=0     ,first_numa=0  ,other_nodes=     
Hostname=nid005829   , Rank=97   ,Local=1   ,RPN=4   ,CPUs=72-143   ,GPU=1 ,NIC=cxi1 ,numa_nodes=1     ,first_numa=1  ,other_nodes=     
Hostname=nid006449   , Rank=225  ,Local=1   ,RPN=4   ,CPUs=72-143   ,GPU=1 ,NIC=cxi1 ,numa_nodes=1     ,first_numa=1  ,other_nodes=     
Hostname=nid006499   , Rank=247  ,Local=3   ,RPN=4   ,CPUs=216-287  ,GPU=3 ,NIC=cxi3 ,numa_nodes=3     ,first_numa=3  ,other_nodes=     
Hostname=nid006453   , Rank=231  ,Local=3   ,RPN=4   ,CPUs=216-287  ,GPU=3 ,NIC=cxi3 ,numa_nodes=3     ,first_numa=3  ,other_nodes=     
Hostname=nid006429   , Rank=197  ,Local=1   ,RPN=4   ,CPUs=72-143   ,GPU=1 ,NIC=cxi1 ,numa_nodes=1     ,first_numa=1  ,other_nodes=     
Hostname=nid005845   , Rank=109  ,Local=1   ,RPN=4   ,CPUs=72-143   ,GPU=1 ,NIC=cxi1 ,numa_nodes=1     ,first_numa=1  ,other_nodes=     
Hostname=nid005853   , Rank=121  ,Local=1   ,RPN=4   ,CPUs=72-143   ,GPU=1 ,NIC=cxi1 ,numa_nodes=1     ,first_numa=1  ,other_nodes=     
Hostname=nid005889   , Rank=154  ,Local=2   ,RPN=4   ,CPUs=144-215  ,GPU=2 ,NIC=cxi2 ,numa_nodes=2     ,first_numa=2  ,other_nodes=     
Hostname=nid005829   , Rank=99   ,Local=3   ,RPN=4   ,CPUs=216-287  ,GPU=3 ,NIC=cxi3 ,numa_nodes=3     ,first_numa=3  ,other_nodes=     
Hostname=nid005721   , Rank=38   ,Local=2   ,RPN=4   ,CPUs=144-215  ,GPU=2 ,NIC=cxi2 ,numa_nodes=2     ,first_numa=2  ,other_nodes=     
Hostname=nid005978   , Rank=170  ,Local=2   ,RPN=4   ,CPUs=144-215  ,GPU=2 ,NIC=cxi2 ,numa_nodes=2     ,first_numa=2  ,other_nodes=     
Hostname=nid005829   , Rank=96   ,Local=0   ,RPN=4   ,CPUs=0-71     ,GPU=0 ,NIC=cxi0 ,numa_nodes=0     ,first_numa=0  ,other_nodes=     
Hostname=nid006429   , Rank=196  ,Local=0   ,RPN=4   ,CPUs=0-71     ,GPU=0 ,NIC=cxi0 ,numa_nodes=0     ,first_numa=0  ,other_nodes=     
Hostname=nid006499   , Rank=246  ,Local=2   ,RPN=4   ,CPUs=144-215  ,GPU=2 ,NIC=cxi2 ,numa_nodes=2     ,first_numa=2  ,other_nodes=     
Hostname=nid006429   , Rank=199  ,Local=3   ,RPN=4   ,CPUs=216-287  ,GPU=3 ,NIC=cxi3 ,numa_nodes=3     ,first_numa=3  ,other_nodes=     
Hostname=nid006433   , Rank=208  ,Local=0   ,RPN=4   ,CPUs=0-71     ,GPU=0 ,NIC=cxi0 ,numa_nodes=0     ,first_numa=0  ,other_nodes=     
Hostname=nid005936   , Rank=166  ,Local=2   ,RPN=4   ,CPUs=144-215  ,GPU=2 ,NIC=cxi2 ,numa_nodes=2     ,first_numa=2  ,other_nodes=     
Hostname=nid005889   , Rank=153  ,Local=1   ,RPN=4   ,CPUs=72-143   ,GPU=1 ,NIC=cxi1 ,numa_nodes=1     ,first_numa=1  ,other_nodes=     
Hostname=nid006461   , Rank=237  ,Local=1   ,RPN=4   ,CPUs=72-143   ,GPU=1 ,NIC=cxi1 ,numa_nodes=1     ,first_numa=1  ,other_nodes=     
Hostname=nid005845   , Rank=110  ,Local=2   ,RPN=4   ,CPUs=144-215  ,GPU=2 ,NIC=cxi2 ,numa_nodes=2     ,first_numa=2  ,other_nodes=     
Hostname=nid006427   , Rank=189  ,Local=1   ,RPN=4   ,CPUs=72-143   ,GPU=1 ,NIC=cxi1 ,numa_nodes=1     ,first_numa=1  ,other_nodes=     
Hostname=nid005721   , Rank=37   ,Local=1   ,RPN=4   ,CPUs=72-143   ,GPU=1 ,NIC=cxi1 ,numa_nodes=1     ,first_numa=1  ,other_nodes=     
Hostname=nid005936   , Rank=167  ,Local=3   ,RPN=4   ,CPUs=216-287  ,GPU=3 ,NIC=cxi3 ,numa_nodes=3     ,first_numa=3  ,other_nodes=     
Hostname=nid005721   , Rank=39   ,Local=3   ,RPN=4   ,CPUs=216-287  ,GPU=3 ,NIC=cxi3 ,numa_nodes=3     ,first_numa=3  ,other_nodes=     
Hostname=nid005936   , Rank=164  ,Local=0   ,RPN=4   ,CPUs=0-71     ,GPU=0 ,NIC=cxi0 ,numa_nodes=0     ,first_numa=0  ,other_nodes=     
Hostname=nid005845   , Rank=111  ,Local=3   ,RPN=4   ,CPUs=216-287  ,GPU=3 ,NIC=cxi3 ,numa_nodes=3     ,first_numa=3  ,other_nodes=     
Hostname=nid006461   , Rank=238  ,Local=2   ,RPN=4   ,CPUs=144-215  ,GPU=2 ,NIC=cxi2 ,numa_nodes=2     ,first_numa=2  ,other_nodes=     
Hostname=nid006461   , Rank=239  ,Local=3   ,RPN=4   ,CPUs=216-287  ,GPU=3 ,NIC=cxi3 ,numa_nodes=3     ,first_numa=3  ,other_nodes=     
Hostname=nid006433   , Rank=211  ,Local=3   ,RPN=4   ,CPUs=216-287  ,GPU=3 ,NIC=cxi3 ,numa_nodes=3     ,first_numa=3  ,other_nodes=     
Hostname=nid005860   , Rank=126  ,Local=2   ,RPN=4   ,CPUs=144-215  ,GPU=2 ,NIC=cxi2 ,numa_nodes=2     ,first_numa=2  ,other_nodes=     
Hostname=nid006461   , Rank=236  ,Local=0   ,RPN=4   ,CPUs=0-71     ,GPU=0 ,NIC=cxi0 ,numa_nodes=0     ,first_numa=0  ,other_nodes=     
Hostname=nid005688   , Rank=12   ,Local=0   ,RPN=4   ,CPUs=0-71     ,GPU=0 ,NIC=cxi0 ,numa_nodes=0     ,first_numa=0  ,other_nodes=     
Hostname=nid006433   , Rank=209  ,Local=1   ,RPN=4   ,CPUs=72-143   ,GPU=1 ,NIC=cxi1 ,numa_nodes=1     ,first_numa=1  ,other_nodes=     
Hostname=nid005680   , Rank=8    ,Local=0   ,RPN=4   ,CPUs=0-71     ,GPU=0 ,NIC=cxi0 ,numa_nodes=0     ,first_numa=0  ,other_nodes=     
Hostname=nid005812   , Rank=76   ,Local=0   ,RPN=4   ,CPUs=0-71     ,GPU=0 ,NIC=cxi0 ,numa_nodes=0     ,first_numa=0  ,other_nodes=     
Hostname=nid006433   , Rank=210  ,Local=2   ,RPN=4   ,CPUs=144-215  ,GPU=2 ,NIC=cxi2 ,numa_nodes=2     ,first_numa=2  ,other_nodes=     
Hostname=nid005812   , Rank=77   ,Local=1   ,RPN=4   ,CPUs=72-143   ,GPU=1 ,NIC=cxi1 ,numa_nodes=1     ,first_numa=1  ,other_nodes=     
Hostname=nid005812   , Rank=78   ,Local=2   ,RPN=4   ,CPUs=144-215  ,GPU=2 ,NIC=cxi2 ,numa_nodes=2     ,first_numa=2  ,other_nodes=     
Hostname=nid006427   , Rank=188  ,Local=0   ,RPN=4   ,CPUs=0-71     ,GPU=0 ,NIC=cxi0 ,numa_nodes=0     ,first_numa=0  ,other_nodes=     
Hostname=nid005812   , Rank=79   ,Local=3   ,RPN=4   ,CPUs=216-287  ,GPU=3 ,NIC=cxi3 ,numa_nodes=3     ,first_numa=3  ,other_nodes=     
Hostname=nid005719   , Rank=33   ,Local=1   ,RPN=4   ,CPUs=72-143   ,GPU=1 ,NIC=cxi1 ,numa_nodes=1     ,first_numa=1  ,other_nodes=     
Hostname=nid005679   , Rank=7    ,Local=3   ,RPN=4   ,CPUs=216-287  ,GPU=3 ,NIC=cxi3 ,numa_nodes=3     ,first_numa=3  ,other_nodes=     
Hostname=nid005978   , Rank=171  ,Local=3   ,RPN=4   ,CPUs=216-287  ,GPU=3 ,NIC=cxi3 ,numa_nodes=3     ,first_numa=3  ,other_nodes=     
Hostname=nid006427   , Rank=190  ,Local=2   ,RPN=4   ,CPUs=144-215  ,GPU=2 ,NIC=cxi2 ,numa_nodes=2     ,first_numa=2  ,other_nodes=     
Hostname=nid005719   , Rank=35   ,Local=3   ,RPN=4   ,CPUs=216-287  ,GPU=3 ,NIC=cxi3 ,numa_nodes=3     ,first_numa=3  ,other_nodes=     
Hostname=nid005719   , Rank=34   ,Local=2   ,RPN=4   ,CPUs=144-215  ,GPU=2 ,NIC=cxi2 ,numa_nodes=2     ,first_numa=2  ,other_nodes=     
Hostname=nid005688   , Rank=14   ,Local=2   ,RPN=4   ,CPUs=144-215  ,GPU=2 ,NIC=cxi2 ,numa_nodes=2     ,first_numa=2  ,other_nodes=     
Hostname=nid005978   , Rank=168  ,Local=0   ,RPN=4   ,CPUs=0-71     ,GPU=0 ,NIC=cxi0 ,numa_nodes=0     ,first_numa=0  ,other_nodes=     
Hostname=nid005688   , Rank=13   ,Local=1   ,RPN=4   ,CPUs=72-143   ,GPU=1 ,NIC=cxi1 ,numa_nodes=1     ,first_numa=1  ,other_nodes=     
Hostname=nid005680   , Rank=9    ,Local=1   ,RPN=4   ,CPUs=72-143   ,GPU=1 ,NIC=cxi1 ,numa_nodes=1     ,first_numa=1  ,other_nodes=     
Hostname=nid006427   , Rank=191  ,Local=3   ,RPN=4   ,CPUs=216-287  ,GPU=3 ,NIC=cxi3 ,numa_nodes=3     ,first_numa=3  ,other_nodes=     
Hostname=nid005978   , Rank=169  ,Local=1   ,RPN=4   ,CPUs=72-143   ,GPU=1 ,NIC=cxi1 ,numa_nodes=1     ,first_numa=1  ,other_nodes=     
Hostname=nid005688   , Rank=15   ,Local=3   ,RPN=4   ,CPUs=216-287  ,GPU=3 ,NIC=cxi3 ,numa_nodes=3     ,first_numa=3  ,other_nodes=     
Hostname=nid005680   , Rank=11   ,Local=3   ,RPN=4   ,CPUs=216-287  ,GPU=3 ,NIC=cxi3 ,numa_nodes=3     ,first_numa=3  ,other_nodes=     
Hostname=nid005679   , Rank=4    ,Local=0   ,RPN=4   ,CPUs=0-71     ,GPU=0 ,NIC=cxi0 ,numa_nodes=0     ,first_numa=0  ,other_nodes=     
Hostname=nid005680   , Rank=10   ,Local=2   ,RPN=4   ,CPUs=144-215  ,GPU=2 ,NIC=cxi2 ,numa_nodes=2     ,first_numa=2  ,other_nodes=     
Hostname=nid005679   , Rank=6    ,Local=2   ,RPN=4   ,CPUs=144-215  ,GPU=2 ,NIC=cxi2 ,numa_nodes=2     ,first_numa=2  ,other_nodes=     
Hostname=nid005679   , Rank=5    ,Local=1   ,RPN=4   ,CPUs=72-143   ,GPU=1 ,NIC=cxi1 ,numa_nodes=1     ,first_numa=1  ,other_nodes=     
Hostname=nid005860   , Rank=127  ,Local=3   ,RPN=4   ,CPUs=216-287  ,GPU=3 ,NIC=cxi3 ,numa_nodes=3     ,first_numa=3  ,other_nodes=     
Hostname=nid005860   , Rank=124  ,Local=0   ,RPN=4   ,CPUs=0-71     ,GPU=0 ,NIC=cxi0 ,numa_nodes=0     ,first_numa=0  ,other_nodes=     
Hostname=nid005860   , Rank=125  ,Local=1   ,RPN=4   ,CPUs=72-143   ,GPU=1 ,NIC=cxi1 ,numa_nodes=1     ,first_numa=1  ,other_nodes=     
Hostname=nid005814   , Rank=83   ,Local=3   ,RPN=4   ,CPUs=216-287  ,GPU=3 ,NIC=cxi3 ,numa_nodes=3     ,first_numa=3  ,other_nodes=     
Hostname=nid006463   , Rank=242  ,Local=2   ,RPN=4   ,CPUs=144-215  ,GPU=2 ,NIC=cxi2 ,numa_nodes=2     ,first_numa=2  ,other_nodes=     
Hostname=nid006463   , Rank=240  ,Local=0   ,RPN=4   ,CPUs=0-71     ,GPU=0 ,NIC=cxi0 ,numa_nodes=0     ,first_numa=0  ,other_nodes=     
Hostname=nid006463   , Rank=241  ,Local=1   ,RPN=4   ,CPUs=72-143   ,GPU=1 ,NIC=cxi1 ,numa_nodes=1     ,first_numa=1  ,other_nodes=     
Hostname=nid006463   , Rank=243  ,Local=3   ,RPN=4   ,CPUs=216-287  ,GPU=3 ,NIC=cxi3 ,numa_nodes=3     ,first_numa=3  ,other_nodes=     
Hostname=nid005713   , Rank=26   ,Local=2   ,RPN=4   ,CPUs=144-215  ,GPU=2 ,NIC=cxi2 ,numa_nodes=2     ,first_numa=2  ,other_nodes=     
Hostname=nid005713   , Rank=25   ,Local=1   ,RPN=4   ,CPUs=72-143   ,GPU=1 ,NIC=cxi1 ,numa_nodes=1     ,first_numa=1  ,other_nodes=     
Hostname=nid005814   , Rank=80   ,Local=0   ,RPN=4   ,CPUs=0-71     ,GPU=0 ,NIC=cxi0 ,numa_nodes=0     ,first_numa=0  ,other_nodes=     
Hostname=nid005814   , Rank=82   ,Local=2   ,RPN=4   ,CPUs=144-215  ,GPU=2 ,NIC=cxi2 ,numa_nodes=2     ,first_numa=2  ,other_nodes=     
Hostname=nid005713   , Rank=27   ,Local=3   ,RPN=4   ,CPUs=216-287  ,GPU=3 ,NIC=cxi3 ,numa_nodes=3     ,first_numa=3  ,other_nodes=     
Hostname=nid005713   , Rank=24   ,Local=0   ,RPN=4   ,CPUs=0-71     ,GPU=0 ,NIC=cxi0 ,numa_nodes=0     ,first_numa=0  ,other_nodes=     
Hostname=nid005814   , Rank=81   ,Local=1   ,RPN=4   ,CPUs=72-143   ,GPU=1 ,NIC=cxi1 ,numa_nodes=1     ,first_numa=1  ,other_nodes=     
Hostname=nid005730   , Rank=40   ,Local=0   ,RPN=4   ,CPUs=0-71     ,GPU=0 ,NIC=cxi0 ,numa_nodes=0     ,first_numa=0  ,other_nodes=     
Hostname=nid005730   , Rank=41   ,Local=1   ,RPN=4   ,CPUs=72-143   ,GPU=1 ,NIC=cxi1 ,numa_nodes=1     ,first_numa=1  ,other_nodes=     
Hostname=nid005730   , Rank=42   ,Local=2   ,RPN=4   ,CPUs=144-215  ,GPU=2 ,NIC=cxi2 ,numa_nodes=2     ,first_numa=2  ,other_nodes=     
Hostname=nid005730   , Rank=43   ,Local=3   ,RPN=4   ,CPUs=216-287  ,GPU=3 ,NIC=cxi3 ,numa_nodes=3     ,first_numa=3  ,other_nodes=     
Hostname=nid006535   , Rank=253  ,Local=1   ,RPN=4   ,CPUs=72-143   ,GPU=1 ,NIC=cxi1 ,numa_nodes=1     ,first_numa=1  ,other_nodes=     
Hostname=nid006535   , Rank=255  ,Local=3   ,RPN=4   ,CPUs=216-287  ,GPU=3 ,NIC=cxi3 ,numa_nodes=3     ,first_numa=3  ,other_nodes=     
Hostname=nid006535   , Rank=252  ,Local=0   ,RPN=4   ,CPUs=0-71     ,GPU=0 ,NIC=cxi0 ,numa_nodes=0     ,first_numa=0  ,other_nodes=     
Hostname=nid006535   , Rank=254  ,Local=2   ,RPN=4   ,CPUs=144-215  ,GPU=2 ,NIC=cxi2 ,numa_nodes=2     ,first_numa=2  ,other_nodes=     
LandauDampingPIF{0}> Landau damping
LandauDampingPIF{0}> nt 10 Np= 1073741824 Fourier modes = ( 512 , 512 , 512 )
LandauDampingPIF{0}> particles created and initial conditions assigned 
LandauDampingPIF{0}> After init shape function 
LandauDampingPIF{0}> After init NUFFT 
LandauDampingPIF{0}> After update 
[Scatter] Auto-select: OutputFocused (tp=359.0 Mpts/s) for w=9 rho=1.13 (was Atomic)
[Scatter] Cache hit: method=OutputFocused w=9 cx=1 rho=1.13 -> tile=(2,3,3) team=256 osub=1 zb=32 tp=359.0 Mpts/s (rho_csv=1.25)
LandauDampingPIF{0}> After scatter 
LandauDampingPIF{0}> After gather 
LandauDampingPIF{0}> Starting iterations ...
LandauDampingPIF{0}> Finished time step: -2 time: 0.0122718
LandauDampingPIF{0}> Finished time step: -1 time: 0.0245437
LandauDampingPIF{0}> Finished time step: 0 time: 0.0368155
LandauDampingPIF{0}> Finished time step: 1 time: 0.0490874
LandauDampingPIF{0}> Finished time step: 2 time: 0.0613592
LandauDampingPIF{0}> Finished time step: 3 time: 0.0736311
LandauDampingPIF{0}> Finished time step: 4 time: 0.0859029
LandauDampingPIF{0}> Finished time step: 5 time: 0.0981748
LandauDampingPIF{0}> Finished time step: 6 time: 0.110447
LandauDampingPIF{0}> Finished time step: 7 time: 0.122718
LandauDampingPIF{0}> Finished time step: 8 time: 0.13499
LandauDampingPIF{0}> Finished time step: 9 time: 0.147262
LandauDampingPIF{0}> Finished time step: 10 time: 0.159534
LandauDampingPIF{0}> LandauDamping: End.
Timings{0}> ---------------------------------------------
Timings{0}>      Timing results for 256 rank(s):
Timings{0}> ---------------------------------------------
Timings{0}> mainTimer........... Wall tot =    3.59153
Timings{0}> 
Timings{0}> particlesCreation... Wall max =          0
Timings{0}>                      Wall avg =          0
Timings{0}>                      Wall min =          0
Timings{0}> 
Timings{0}> dumpData............ Wall max =  0.0348083
Timings{0}>                      Wall avg =  0.0241463
Timings{0}>                      Wall min =  0.0163776
Timings{0}> 
Timings{0}> kick................ Wall max = 0.000193496
Timings{0}>                      Wall avg = 0.000130006
Timings{0}>                      Wall min = 9.7821e-05
Timings{0}> 
Timings{0}> drift............... Wall max = 8.3486e-05
Timings{0}>                      Wall avg = 5.82643e-05
Timings{0}>                      Wall min = 4.2398e-05
Timings{0}> 
Timings{0}> initializeShapeFunc. Wall max =          0
Timings{0}>                      Wall avg =          0
Timings{0}>                      Wall min =          0
Timings{0}> 
Timings{0}> findInternal........ Wall max =          0
Timings{0}>                      Wall avg =          0
Timings{0}>                      Wall min =          0
Timings{0}> 
Timings{0}> findPeriodic........ Wall max =          0
Timings{0}>                      Wall avg =          0
Timings{0}>                      Wall min =          0
Timings{0}> 
Timings{0}> NativeNUFFT::init... Wall max =          0
Timings{0}>                      Wall avg =          0
Timings{0}>                      Wall min =          0
Timings{0}> 
Timings{0}> particleBC.......... Wall max = 0.000165339
Timings{0}>                      Wall avg = 0.000121323
Timings{0}>                      Wall min = 8.2398e-05
Timings{0}> 
Timings{0}> updateParticle...... Wall max =   0.951655
Timings{0}>                      Wall avg =    0.56375
Timings{0}>                      Wall min =    0.30161
Timings{0}> 
Timings{0}> locateParticles..... Wall max = 0.00718605
Timings{0}>                      Wall avg = 0.00653881
Timings{0}>                      Wall min = 0.00596284
Timings{0}> 
Timings{0}> sendPreprocess...... Wall max = 0.00414289
Timings{0}>                      Wall avg = 0.00350192
Timings{0}>                      Wall min = 0.00282011
Timings{0}> 
Timings{0}> particleSend........ Wall max = 0.00856218
Timings{0}>                      Wall avg = 0.00808032
Timings{0}>                      Wall min = 0.00762036
Timings{0}> 
Timings{0}> particleRecv........ Wall max = 0.000509584
Timings{0}>                      Wall avg = 0.000416528
Timings{0}>                      Wall min = 0.000347221
Timings{0}> 
Timings{0}> particleDestroy..... Wall max =  0.0082977
Timings{0}>                      Wall avg =  0.0071325
Timings{0}>                      Wall min = 0.00652574
Timings{0}> 
Timings{0}> ScatterPIFNUFFT..... Wall max =    2.07845
Timings{0}>                      Wall avg =    1.81641
Timings{0}>                      Wall min =    1.42772
Timings{0}> 
Timings{0}> NativeNUFFT1........ Wall max =    2.07172
Timings{0}>                      Wall avg =    1.80931
Timings{0}>                      Wall min =     1.4193
Timings{0}> 
Timings{0}> scatterTimerNUFFT1.. Wall max =    1.72905
Timings{0}>                      Wall avg =    1.33147
Timings{0}>                      Wall min =   0.926808
Timings{0}> 
Timings{0}> binSort............. Wall max =  0.0311971
Timings{0}>                      Wall avg =  0.0285197
Timings{0}>                      Wall min =  0.0262026
Timings{0}> 
Timings{0}> binComputeKeys...... Wall max = 0.00273481
Timings{0}>                      Wall avg = 0.00246376
Timings{0}>                      Wall min = 0.00223237
Timings{0}> 
Timings{0}> binSortByKey........ Wall max =   0.026468
Timings{0}>                      Wall avg =  0.0241686
Timings{0}>                      Wall min =  0.0221341
Timings{0}> 
Timings{0}> binComputeOffsets... Wall max = 0.00211593
Timings{0}>                      Wall avg = 0.00184672
Timings{0}>                      Wall min = 0.00163549
Timings{0}> 
Timings{0}> FFTNUFFT1........... Wall max =   0.678437
Timings{0}>                      Wall avg =   0.477232
Timings{0}>                      Wall min =   0.326763
Timings{0}> 
Timings{0}> TwiddleAdd.......... Wall max = 0.000801192
Timings{0}>                      Wall avg = 0.000303739
Timings{0}>                      Wall min = 0.00025721
Timings{0}> 
Timings{0}> subFFTs............. Wall max =   0.677872
Timings{0}>                      Wall avg =   0.476713
Timings{0}>                      Wall min =   0.326236
Timings{0}> 
Timings{0}> deconvolutionNUFFT1. Wall max =  0.0011184
Timings{0}>                      Wall avg = 0.000594028
Timings{0}>                      Wall min = 0.000565071
Timings{0}> 
Timings{0}> GatherPIFNUFFT...... Wall max =    1.18567
Timings{0}>                      Wall avg =    1.17733
Timings{0}>                      Wall min =    1.16707
Timings{0}> 
Timings{0}> NativeNUFFT2........ Wall max =    1.17771
Timings{0}>                      Wall avg =    1.16934
Timings{0}>                      Wall min =    1.15847
Timings{0}> 
Timings{0}> PrecorrectionNUFFT2. Wall max = 0.00534703
Timings{0}>                      Wall avg = 0.00471955
Timings{0}>                      Wall min = 0.00414737
Timings{0}> 
Timings{0}> FFTNUFFT2........... Wall max =   0.962851
Timings{0}>                      Wall avg =   0.944919
Timings{0}>                      Wall min =   0.930744
Timings{0}> 
Timings{0}> subIFFTs............ Wall max =   0.960759
Timings{0}>                      Wall avg =   0.942778
Timings{0}>                      Wall min =   0.928746
Timings{0}> 
Timings{0}> StridedWrite........ Wall max = 0.00112901
Timings{0}>                      Wall avg = 0.000875823
Timings{0}>                      Wall min = 0.000748427
Timings{0}> 
Timings{0}> GatherNUFFT2........ Wall max =   0.116446
Timings{0}>                      Wall avg =   0.100443
Timings{0}>                      Wall min =   0.085288
Timings{0}> 
Timings{0}> ---------------------------------------------
Timings{0}>      Measurement counts:
Timings{0}> ---------------------------------------------
Timings{0}> mainTimer........... Count =          1
Timings{0}> particlesCreation... Count =          0
Timings{0}> dumpData............ Count =         10
Timings{0}> kick................ Count =         20
Timings{0}> drift............... Count =         10
Timings{0}> initializeShapeFunc. Count =          0
Timings{0}> findInternal........ Count =          0
Timings{0}> findPeriodic........ Count =          0
Timings{0}> NativeNUFFT::init... Count =          0
Timings{0}> particleBC.......... Count =         10
Timings{0}> updateParticle...... Count =         10
Timings{0}> locateParticles..... Count =         10
Timings{0}> sendPreprocess...... Count =         10
Timings{0}> particleSend........ Count =         10
Timings{0}> particleRecv........ Count =         10
Timings{0}> particleDestroy..... Count =         10
Timings{0}> ScatterPIFNUFFT..... Count =         20
Timings{0}> NativeNUFFT1........ Count =         10
Timings{0}> scatterTimerNUFFT1.. Count =         10
Timings{0}> binSort............. Count =         40
Timings{0}> binComputeKeys...... Count =         40
Timings{0}> binSortByKey........ Count =         40
Timings{0}> binComputeOffsets... Count =         40
Timings{0}> FFTNUFFT1........... Count =         10
Timings{0}> TwiddleAdd.......... Count =         20
Timings{0}> subFFTs............. Count =         20
Timings{0}> deconvolutionNUFFT1. Count =         10
Timings{0}> GatherPIFNUFFT...... Count =         10
Timings{0}> NativeNUFFT2........ Count =         30
Timings{0}> PrecorrectionNUFFT2. Count =         30
Timings{0}> FFTNUFFT2........... Count =         30
Timings{0}> subIFFTs............ Count =         60
Timings{0}> StridedWrite........ Count =         60
Timings{0}> GatherNUFFT2........ Count =         30
Timings{0}> ---------------------------------------------
Timings{0}> ---------------------------------------------
Timings{0}>      Per-occurrence statistics:
Timings{0}> ---------------------------------------------
Timings{0}> mainTimer........... n=    1  mean=   3.59152  std=         0  min=   3.59152  max=   3.59152
Timings{0}> dumpData............ n=   10  mean=0.00164806  std=0.000341566  min=0.00121299  max=0.00240412
Timings{0}> kick................ n=   20  mean=9.0382e-06  std=4.26507e-06  min= 4.448e-06  max=1.4175e-05
Timings{0}> drift............... n=   10  mean=5.4078e-06  std=8.94061e-07  min= 4.352e-06  max= 7.519e-06
Timings{0}> particleBC.......... n=   10  mean=1.10268e-05  std=1.68563e-06  min= 8.704e-06  max=1.5103e-05
Timings{0}> updateParticle...... n=   10  mean= 0.0454074  std= 0.0253693  min=0.00344572  max= 0.0758795
Timings{0}> locateParticles..... n=   10  mean=0.000692216  std=5.0829e-06  min=0.000684684  max=0.000698507
Timings{0}> sendPreprocess...... n=   10  mean=0.000309328  std=2.0571e-05  min=0.000289591  max=0.000361557
Timings{0}> particleSend........ n=   10  mean=0.000833872  std=3.57025e-05  min=0.000784744  max=0.000903204
Timings{0}> particleRecv........ n=   10  mean=3.94579e-05  std=4.13548e-06  min=3.3631e-05  max=4.8702e-05
Timings{0}> particleDestroy..... n=   10  mean=0.000734154  std=9.7422e-06  min=0.00072049  max=0.00074753
Timings{0}> ScatterPIFNUFFT..... n=   20  mean= 0.0963919  std=  0.102306  min=  4.48e-06  max=  0.259404
Timings{0}> NativeNUFFT1........ n=   10  mean=  0.192113  std= 0.0380997  min=  0.146828  max=  0.258821
Timings{0}> scatterTimerNUFFT1.. n=   10  mean=  0.136421  std= 0.0347665  min=  0.101767  max=   0.20352
Timings{0}> binSort............. n=   40  mean=0.000774949  std=1.15069e-05  min=0.000745513  max=0.000797544
Timings{0}> binComputeKeys...... n=   40  mean=6.70324e-05  std= 1.207e-06  min= 6.515e-05  max=7.1582e-05
Timings{0}> binSortByKey........ n=   40  mean=0.000658006  std=9.62248e-06  min=0.000634797  max=0.000676812
Timings{0}> binComputeOffsets... n=   40  mean=4.88065e-05  std=2.58993e-06  min=4.3582e-05  max=5.3951e-05
Timings{0}> FFTNUFFT1........... n=   10  mean= 0.0556312  std= 0.0214901  min= 0.0270815  max= 0.0899018
Timings{0}> TwiddleAdd.......... n=   20  mean=1.68812e-05  std=2.09315e-06  min=1.4367e-05  max=2.2688e-05
Timings{0}> subFFTs............. n=   20  mean= 0.0277867  std= 0.0199444  min= 0.0132499  max= 0.0764167
Timings{0}> deconvolutionNUFFT1. n=   10  mean=5.91597e-05  std=1.01911e-06  min= 5.731e-05  max= 6.083e-05
Timings{0}> GatherPIFNUFFT...... n=   10  mean=  0.118266  std= 0.0134992  min=  0.107664  max=  0.148565
Timings{0}> NativeNUFFT2........ n=   30  mean=  0.039144  std=0.00657865  min= 0.0332868  max= 0.0673195
Timings{0}> PrecorrectionNUFFT2. n=   30  mean=0.000173591  std=6.21293e-05  min=8.5661e-05  max=0.000224537
Timings{0}> FFTNUFFT2........... n=   30  mean=  0.031103  std=0.00655896  min= 0.0258692  max= 0.0601421
Timings{0}> subIFFTs............ n=   60  mean= 0.0155141  std=0.00364881  min= 0.0123015  max= 0.0302796
Timings{0}> StridedWrite........ n=   60  mean=1.58396e-05  std=2.28476e-06  min= 1.296e-05  max=2.6144e-05
Timings{0}> GatherNUFFT2........ n=   30  mean=0.00355578  std=0.00207314  min=0.00278564  max= 0.0141322
Timings{0}> ---------------------------------------------
