LandauDampingPIF{0}> Landau damping
LandauDampingPIF{0}> nt 10 Np= 8589934592 Fourier modes = ( 1024 , 1024 , 1024 )
LandauDampingPIF{0}> particles created and initial conditions assigned 
LandauDampingPIF{0}> After init shape function 
LandauDampingPIF{0}> After init NUFFT 
LandauDampingPIF{0}> After update 
[Scatter] Auto-select: OutputFocused (tp=359.0 Mpts/s) for w=9 rho=1.10 (was Atomic)
[Scatter] Cache hit: method=OutputFocused w=9 cx=1 rho=1.10 -> tile=(2,3,3) team=256 osub=1 zb=32 tp=359.0 Mpts/s (rho_csv=1.25)
LandauDampingPIF{0}> After scatter 
LandauDampingPIF{0}> After gather 
LandauDampingPIF{0}> Starting iterations ...
LandauDampingPIF{0}> Finished time step: -2 time: 0.0122718
LandauDampingPIF{0}> Finished time step: -1 time: 0.0245437
LandauDampingPIF{0}> Finished time step: 0 time: 0.0368155
LandauDampingPIF{0}> Finished time step: 1 time: 0.0490874
LandauDampingPIF{0}> Finished time step: 2 time: 0.0613592
LandauDampingPIF{0}> Finished time step: 3 time: 0.0736311
LandauDampingPIF{0}> Finished time step: 4 time: 0.0859029
LandauDampingPIF{0}> Finished time step: 5 time: 0.0981748
LandauDampingPIF{0}> Finished time step: 6 time: 0.110447
LandauDampingPIF{0}> Finished time step: 7 time: 0.122718
LandauDampingPIF{0}> Finished time step: 8 time: 0.13499
LandauDampingPIF{0}> Finished time step: 9 time: 0.147262
LandauDampingPIF{0}> Finished time step: 10 time: 0.159534
LandauDampingPIF{0}> LandauDamping: End.
Timings{0}> ---------------------------------------------
Timings{0}>      Timing results for 64 rank(s):
Timings{0}> ---------------------------------------------
Timings{0}> mainTimer........... Wall tot =    37.5226
Timings{0}> 
Timings{0}> particlesCreation... Wall max =          0
Timings{0}>                      Wall avg =          0
Timings{0}>                      Wall min =          0
Timings{0}> 
Timings{0}> dumpData............ Wall max =   0.451507
Timings{0}>                      Wall avg =   0.350074
Timings{0}>                      Wall min =   0.246531
Timings{0}> 
Timings{0}> kick................ Wall max = 0.000749771
Timings{0}>                      Wall avg = 0.000584114
Timings{0}>                      Wall min = 0.000413872
Timings{0}> 
Timings{0}> drift............... Wall max = 9.8495e-05
Timings{0}>                      Wall avg = 7.27568e-05
Timings{0}>                      Wall min = 5.0622e-05
Timings{0}> 
Timings{0}> particleBC.......... Wall max = 0.000142302
Timings{0}>                      Wall avg = 0.000120933
Timings{0}>                      Wall min = 9.0972e-05
Timings{0}> 
Timings{0}> initializeShapeFunc. Wall max =          0
Timings{0}>                      Wall avg =          0
Timings{0}>                      Wall min =          0
Timings{0}> 
Timings{0}> findInternal........ Wall max =          0
Timings{0}>                      Wall avg =          0
Timings{0}>                      Wall min =          0
Timings{0}> 
Timings{0}> findPeriodic........ Wall max =          0
Timings{0}>                      Wall avg =          0
Timings{0}>                      Wall min =          0
Timings{0}> 
Timings{0}> NativeNUFFT::init... Wall max =          0
Timings{0}>                      Wall avg =          0
Timings{0}>                      Wall min =          0
Timings{0}> 
Timings{0}> updateParticle...... Wall max =    4.14775
Timings{0}>                      Wall avg =    2.98887
Timings{0}>                      Wall min =    1.89261
Timings{0}> 
Timings{0}> locateParticles..... Wall max =   0.154558
Timings{0}>                      Wall avg =   0.140534
Timings{0}>                      Wall min =   0.127581
Timings{0}> 
Timings{0}> sendPreprocess...... Wall max =   0.030111
Timings{0}>                      Wall avg =  0.0169843
Timings{0}>                      Wall min = 0.00279793
Timings{0}> 
Timings{0}> particleSend........ Wall max =  0.0214375
Timings{0}>                      Wall avg =  0.0201397
Timings{0}>                      Wall min =   0.018328
Timings{0}> 
Timings{0}> particleRecv........ Wall max = 0.000953956
Timings{0}>                      Wall avg = 0.00050664
Timings{0}>                      Wall min = 0.000413716
Timings{0}> 
Timings{0}> particleDestroy..... Wall max =    0.12598
Timings{0}>                      Wall avg =   0.107302
Timings{0}>                      Wall min =  0.0987135
Timings{0}> 
Timings{0}> ScatterPIFNUFFT..... Wall max =     13.498
Timings{0}>                      Wall avg =    12.3758
Timings{0}>                      Wall min =    11.1233
Timings{0}> 
Timings{0}> NativeNUFFT1........ Wall max =    13.3503
Timings{0}>                      Wall avg =    12.2272
Timings{0}>                      Wall min =    10.9721
Timings{0}> 
Timings{0}> scatterTimerNUFFT1.. Wall max =    8.05567
Timings{0}>                      Wall avg =    6.92497
Timings{0}>                      Wall min =    5.75775
Timings{0}> 
Timings{0}> binSort............. Wall max =   0.683665
Timings{0}>                      Wall avg =   0.624278
Timings{0}>                      Wall min =   0.567795
Timings{0}> 
Timings{0}> binComputeKeys...... Wall max =  0.0660114
Timings{0}>                      Wall avg =  0.0600764
Timings{0}>                      Wall min =  0.0545291
Timings{0}> 
Timings{0}> binSortByKey........ Wall max =   0.587308
Timings{0}>                      Wall avg =   0.536419
Timings{0}>                      Wall min =    0.48789
Timings{0}> 
Timings{0}> binComputeOffsets... Wall max =  0.0303036
Timings{0}>                      Wall avg =  0.0276512
Timings{0}>                      Wall min =  0.0250751
Timings{0}> 
Timings{0}> FFTNUFFT1........... Wall max =    5.44052
Timings{0}>                      Wall avg =      5.274
Timings{0}>                      Wall min =    5.12563
Timings{0}> 
Timings{0}> deconvolutionNUFFT1. Wall max =  0.0307305
Timings{0}>                      Wall avg =  0.0282123
Timings{0}>                      Wall min =  0.0254709
Timings{0}> 
Timings{0}> GatherPIFNUFFT...... Wall max =    21.8651
Timings{0}>                      Wall avg =    21.6557
Timings{0}>                      Wall min =    21.4346
Timings{0}> 
Timings{0}> NativeNUFFT2........ Wall max =    21.7915
Timings{0}>                      Wall avg =    21.5812
Timings{0}>                      Wall min =    21.3567
Timings{0}> 
Timings{0}> PrecorrectionNUFFT2. Wall max =   0.276238
Timings{0}>                      Wall avg =   0.263203
Timings{0}>                      Wall min =   0.250758
Timings{0}> 
Timings{0}> FFTNUFFT2........... Wall max =     16.621
Timings{0}>                      Wall avg =    16.1597
Timings{0}>                      Wall min =    15.8267
Timings{0}> 
Timings{0}> GatherNUFFT2........ Wall max =    1.79536
Timings{0}>                      Wall avg =    1.47177
Timings{0}>                      Wall min =    1.03416
Timings{0}> 
Timings{0}> ---------------------------------------------
Timings{0}>      Measurement counts:
Timings{0}> ---------------------------------------------
Timings{0}> mainTimer........... Count =          1
Timings{0}> particlesCreation... Count =          0
Timings{0}> dumpData............ Count =         10
Timings{0}> kick................ Count =         20
Timings{0}> drift............... Count =         10
Timings{0}> particleBC.......... Count =         10
Timings{0}> initializeShapeFunc. Count =          0
Timings{0}> findInternal........ Count =          0
Timings{0}> findPeriodic........ Count =          0
Timings{0}> NativeNUFFT::init... Count =          0
Timings{0}> updateParticle...... Count =         10
Timings{0}> locateParticles..... Count =         10
Timings{0}> sendPreprocess...... Count =         10
Timings{0}> particleSend........ Count =         10
Timings{0}> particleRecv........ Count =         10
Timings{0}> particleDestroy..... Count =         10
Timings{0}> ScatterPIFNUFFT..... Count =         20
Timings{0}> NativeNUFFT1........ Count =         10
Timings{0}> scatterTimerNUFFT1.. Count =         10
Timings{0}> binSort............. Count =         40
Timings{0}> binComputeKeys...... Count =         40
Timings{0}> binSortByKey........ Count =         40
Timings{0}> binComputeOffsets... Count =         40
Timings{0}> FFTNUFFT1........... Count =         10
Timings{0}> deconvolutionNUFFT1. Count =         10
Timings{0}> GatherPIFNUFFT...... Count =         10
Timings{0}> NativeNUFFT2........ Count =         30
Timings{0}> PrecorrectionNUFFT2. Count =         30
Timings{0}> FFTNUFFT2........... Count =         30
Timings{0}> GatherNUFFT2........ Count =         30
Timings{0}> ---------------------------------------------
Timings{0}> ---------------------------------------------
Timings{0}>      Per-occurrence statistics:
Timings{0}> ---------------------------------------------
Timings{0}> mainTimer........... n=    1  mean=   37.5226  std=         0  min=   37.5226  max=   37.5226
Timings{0}> dumpData............ n=   10  mean= 0.0271491  std=0.00168829  min= 0.0246276  max= 0.0301124
Timings{0}> kick................ n=   20  mean=3.01239e-05  std=2.04539e-05  min= 9.408e-06  max=5.4047e-05
Timings{0}> drift............... n=   10  mean=7.4397e-06  std=1.12909e-06  min= 5.792e-06  max= 9.888e-06
Timings{0}> particleBC.......... n=   10  mean=1.11358e-05  std=9.77351e-07  min= 9.792e-06  max=1.2256e-05
Timings{0}> updateParticle...... n=   10  mean=  0.189454  std=   0.16413  min= 0.0298173  max=   0.54214
Timings{0}> locateParticles..... n=   10  mean=  0.015232  std=1.59345e-05  min=   0.01521  max= 0.0152677
Timings{0}> sendPreprocess...... n=   10  mean=0.000524532  std=2.1782e-05  min=0.000486514  max=0.000559664
Timings{0}> particleSend........ n=   10  mean=0.00196343  std=8.03775e-05  min=0.00185883  max= 0.0021616
Timings{0}> particleRecv........ n=   10  mean=4.13716e-05  std=3.67493e-06  min=3.5711e-05  max=4.8638e-05
Timings{0}> particleDestroy..... n=   10  mean= 0.0105069  std=3.43926e-05  min= 0.0104613  max=  0.010575
Timings{0}> ScatterPIFNUFFT..... n=   20  mean=  0.674799  std=  0.702872  min= 1.488e-05  max=   1.58364
Timings{0}> NativeNUFFT1........ n=   10  mean=   1.33503  std=  0.176259  min=   1.04372  max=   1.56838
Timings{0}> scatterTimerNUFFT1.. n=   10  mean=  0.805567  std=  0.185069  min=  0.498191  max=   1.04859
Timings{0}> binSort............. n=   40  mean= 0.0170568  std=5.36525e-05  min= 0.0169432  max= 0.0171631
Timings{0}> binComputeKeys...... n=   40  mean=0.00164596  std=1.76499e-05  min=0.00161919  max=0.00168123
Timings{0}> binSortByKey........ n=   40  mean= 0.0146493  std=4.05336e-05  min= 0.0145676  max=  0.014729
Timings{0}> binComputeOffsets... n=   40  mean=0.000757507  std=1.53598e-05  min=0.000732172  max=0.000792906
Timings{0}> FFTNUFFT1........... n=   10  mean=  0.526451  std= 0.0140745  min=  0.498586  max=  0.542522
Timings{0}> deconvolutionNUFFT1. n=   10  mean= 0.0030049  std=6.01052e-06  min=0.00299838  max=0.00301684
Timings{0}> GatherPIFNUFFT...... n=   10  mean=   2.16994  std=  0.103383  min=   2.10227  max=   2.38705
Timings{0}> NativeNUFFT2........ n=   30  mean=  0.721033  std= 0.0572337  min=  0.675818  max=  0.968917
Timings{0}> PrecorrectionNUFFT2. n=   30  mean=0.00920792  std=0.00201033  min=0.00638811  max=  0.010618
Timings{0}> FFTNUFFT2........... n=   30  mean=  0.533345  std= 0.0603464  min=  0.487811  max=  0.794453
Timings{0}> GatherNUFFT2........ n=   30  mean= 0.0470708  std= 0.0103917  min= 0.0311405  max= 0.0830329
Timings{0}> ---------------------------------------------
