Message size exceeds range of int
Message size exceeds range of int
MPICH ERROR [Rank 0] [job id 2927685.0] [Mon Mar 16 14:40:57 2026] [nid006336] - Abort(-1) (rank 0 in comm 0): application called MPI_Abort(MPI_COMM_WORLD, -1) - process 0

MPICH ERROR [Rank 1] [job id 2927685.0] [Mon Mar 16 14:40:57 2026] [nid006336] - Abort(-1) (rank 1 in comm 0): application called MPI_Abort(MPI_COMM_WORLD, -1) - process 1

aborting job:
application called MPI_Abort(MPI_COMM_WORLD, -1) - process 0
aborting job:
application called MPI_Abort(MPI_COMM_WORLD, -1) - process 1
Kokkos::Cuda ERROR: Failed to call Kokkos::Cuda::finalize()
Kokkos::Cuda ERROR: Failed to call Kokkos::Cuda::finalize()
Message size exceeds range of int
MPICH ERROR [Rank 3] [job id 2927685.0] [Mon Mar 16 14:40:57 2026] [nid006336] - Abort(-1) (rank 3 in comm 0): application called MPI_Abort(MPI_COMM_WORLD, -1) - process 3

aborting job:
application called MPI_Abort(MPI_COMM_WORLD, -1) - process 3
Kokkos::Cuda ERROR: Failed to call Kokkos::Cuda::finalize()
Message size exceeds range of int
MPICH ERROR [Rank 2] [job id 2927685.0] [Mon Mar 16 14:40:57 2026] [nid006336] - Abort(-1) (rank 2 in comm 0): application called MPI_Abort(MPI_COMM_WORLD, -1) - process 2

aborting job:
application called MPI_Abort(MPI_COMM_WORLD, -1) - process 2
Kokkos::Cuda ERROR: Failed to call Kokkos::Cuda::finalize()
(GTL DEBUG: 2) cuPointerGetAttribute: (null), (null), line no 327
Assertion failed in file ../src/mpid/common/cray/cray_ch4_mem_utils.c at line 2082: mpi_errno == MPI_SUCCESS
(GTL DEBUG: 3) cuPointerGetAttribute: (null), (null), line no 327
Assertion failed in file ../src/mpid/common/cray/cray_ch4_mem_utils.c at line 2082: mpi_errno == MPI_SUCCESS
/user-environment/env/default/lib/libmpi_gnu_123.so.12(MPL_backtrace_show+0x18) [0x400027ac5d98]
/user-environment/env/default/lib/libmpi_gnu_123.so.12(+0x1accf68) [0x40002739cf68]
/user-environment/env/default/lib/libmpi_gnu_123.so.12(+0x20d1530) [0x4000279a1530]
/user-environment/env/default/lib/libmpi_gnu_123.so.12(+0x1770e08) [0x400027040e08]
/user-environment/env/default/lib/libmpi_gnu_123.so.12(+0x17d72d4) [0x4000270a72d4]
/user-environment/env/default/lib/libmpi_gnu_123.so.12(+0x17040b4) [0x400026fd40b4]
/user-environment/env/default/lib/libmpi_gnu_123.so.12(+0x1a74dc) [0x400025a774dc]
/user-environment/env/default/lib/libmpi_gnu_123.so.12(+0x1a7660) [0x400025a77660]
/user-environment/env/default/lib/libmpi_gnu_123.so.12(+0x1938e14) [0x400027208e14]
/user-environment/env/default/lib/libmpi_gnu_123.so.12(+0x192c9a4) [0x4000271fc9a4]
/user-environment/env/default/lib/libmpi_gnu_123.so.12(+0x17f59b8) [0x4000270c59b8]
/user-environment/env/default/lib/libmpi_gnu_123.so.12(+0x1b0aa08) [0x4000273daa08]
/user-environment/env/default/lib/libmpi_gnu_123.so.12(MPI_Finalize+0x68) [0x400025e210fc]
/capstor/scratch/cscs/pfischil/ippl_singlenode/ippl/build/src/libippl.so(_ZN4ippl3mpi11EnvironmentD1Ev+0x1c) [0x400021ef6adc]
/capstor/scratch/cscs/pfischil/ippl_singlenode/ippl/build/test/FFT/PaperBenchmarks/BenchmarkNUFFT(_ZNSt10unique_ptrIN4ippl3mpi11EnvironmentESt14default_deleteIS2_EED1Ev+0x1c) [0x43aa6c]
/lib64/libc.so.6(__cxa_finalize+0x168) [0x40003996a910]
/capstor/scratch/cscs/pfischil/ippl_singlenode/ippl/build/src/libippl.so(+0x1ee60) [0x400021edee60]
/lib/ld-linux-aarch64.so.1(+0xee54) [0x400021e4ee54]
/lib64/libc.so.6(+0x3a2fc) [0x40003996a2fc]
/lib64/libc.so.6(+0x3a434) [0x40003996a434]
/user-environment/linux-neoverse_v2/cray-pmi-6.1.15-r3hwks4mgj4wcw4l6g3ndqi3beo5d3tw/lib/libpmi.so.0(PMI2_Finalize+0) [0x400039f991e4]
/user-environment/env/default/lib/libmpi_gnu_123.so.12(MPL_backtrace_show+0x18) [0x4000332f5d98]
/user-environment/env/default/lib/libmpi_gnu_123.so.12(+0x1accf68) [0x400032bccf68]
/user-environment/env/default/lib/libmpi_gnu_123.so.12(+0x20d1530) [0x4000331d1530]
/user-environment/env/default/lib/libmpi_gnu_123.so.12(+0x1770e08) [0x400032870e08]
/user-environment/env/default/lib/libmpi_gnu_123.so.12(+0x17d72d4) [0x4000328d72d4]
/user-environment/env/default/lib/libmpi_gnu_123.so.12(+0x17040b4) [0x4000328040b4]
/user-environment/env/default/lib/libmpi_gnu_123.so.12(+0x1a74dc) [0x4000312a74dc]
/user-environment/env/default/lib/libmpi_gnu_123.so.12(+0x1a7660) [0x4000312a7660]
/user-environment/env/default/lib/libmpi_gnu_123.so.12(+0x1938e14) [0x400032a38e14]
/user-environment/env/default/lib/libmpi_gnu_123.so.12(+0x192c9a4) [0x400032a2c9a4]
/user-environment/env/default/lib/libmpi_gnu_123.so.12(+0x17f59b8) [0x4000328f59b8]
/user-environment/env/default/lib/libmpi_gnu_123.so.12(+0x1b0aa08) [0x400032c0aa08]
/user-environment/env/default/lib/libmpi_gnu_123.so.12(MPI_Finalize+0x68) [0x4000316510fc]
/capstor/scratch/cscs/pfischil/ippl_singlenode/ippl/build/src/libippl.so(_ZN4ippl3mpi11EnvironmentD1Ev+0x1c) [0x40002d726adc]
MPICH ERROR [Rank 3] [job id 2927685.0] [Mon Mar 16 14:40:57 2026] [nid006336] - Abort(1): Internal error

/capstor/scratch/cscs/pfischil/ippl_singlenode/ippl/build/test/FFT/PaperBenchmarks/BenchmarkNUFFT(_ZNSt10unique_ptrIN4ippl3mpi11EnvironmentESt14default_deleteIS2_EED1Ev+0x1c) [0x43aa6c]
/lib64/libc.so.6(__cxa_finalize+0x168) [0x40004519a910]
/capstor/scratch/cscs/pfischil/ippl_singlenode/ippl/build/src/libippl.so(+0x1ee60) [0x40002d70ee60]
/lib/ld-linux-aarch64.so.1(+0xee54) [0x40002d67ee54]
/lib64/libc.so.6(+0x3a2fc) [0x40004519a2fc]
/lib64/libc.so.6(+0x3a434) [0x40004519a434]
/user-environment/linux-neoverse_v2/cray-pmi-6.1.15-r3hwks4mgj4wcw4l6g3ndqi3beo5d3tw/lib/libpmi.so.0(PMI2_Finalize+0) [0x4000457c91e4]
MPICH ERROR [Rank 2] [job id 2927685.0] [Mon Mar 16 14:40:57 2026] [nid006336] - Abort(1): Internal error

srun: error: nid006336: tasks 2-3: Exited with exit code 1
srun: Terminating StepId=2927685.0
[2026-03-16T14:40:58.285] error: *** STEP 2927685.0 ON nid006336 CANCELLED AT 2026-03-16T14:40:58 DUE TO TASK FAILURE ***
srun: error: nid006336: tasks 0-1: Killed
srun: Force Terminated StepId=2927685.0
