
================================================================================
NUFFT Scaling Benchmark
================================================================================
Number of ranks: 32
Grid size:       512^3
Upsampled grid:  1024^3 (sigma=2)
Particles:       1073741824 (8 per point)
Tolerance:       0.0001
CSV output:      results/nufft_scaling_32_upsampled.csv
Component CSV:   results/nufft_components_32_upsampled.csv

=== Benchmarking NUFFT Type 1 ===
Grid size:       512^3
Upsampled grid:  1024^3 (sigma=2)
Total particles: 1073741824
Local particles: 33554432
Spread method:   output_focused
Tolerance:       0.0001
Warmup runs:     3
Benchmark runs:  10
Running warmup...
Running benchmark...

NUFFT Type 1 Results:
  Ranks:       32
  Grid:        512^3
  Particles:   1073741824
  Mean time:   775.398 ms
  Min time:    773.735 ms
  Max time:    777.822 ms
  Stddev:      1.148 ms
  Throughput:  1384.76 Mpts/s

=== Benchmarking NUFFT Type 2 ===
Grid size:       512^3
Upsampled grid:  1024^3 (sigma=2.00)
Total particles: 1073741824
Local particles: 33554432
Gather method:   atomic_sort
Tolerance:       0.00
Warmup runs:     3
Benchmark runs:  10
Running warmup...
Running benchmark...

NUFFT Type 2 Results:
  Ranks:       32
  Grid:        512^3
  Particles:   1073741824
  Mean time:   513.344 ms
  Min time:    510.443 ms
  Max time:    515.075 ms
  Stddev:      1.502 ms
  Throughput:  2091.66 Mpts/s
[CSV] Timings written to results/nufft_scaling_32_upsampled.csv

==================================================
COMPONENT TIMING BREAKDOWN
==================================================

Type-1 (spreading):
----------------------------------------
Scatter (spreading)          286.74 ms
FFT (forward)                482.79 ms
Deconvolution                  0.64 ms

Type-2 (interpolation):
----------------------------------------
Precorrection                  1.04 ms
FFT (backward)               526.88 ms
Gather (interpolation)        28.50 ms

Total:
----------------------------------------
Complete Type-1              770.19 ms
Complete Type-2              556.44 ms
[CSV] Component timings written to results/nufft_components_32_upsampled.csv

================================================================================
SUMMARY
================================================================================
Type 1: 775.398 ms (1384.76 Mpts/s)
Type 2: 513.34 ms (2091.66 Mpts/s)
================================================================================
