LandauDampingPIF{0}> Landau damping
LandauDampingPIF{0}> nt 10 Np= 4294967296 Fourier modes = ( 512 , 1024 , 1024 )
LandauDampingPIF{0}> particles created and initial conditions assigned 
LandauDampingPIF{0}> After init shape function 
LandauDampingPIF{0}> After init NUFFT 
LandauDampingPIF{0}> After update 
[Scatter] Auto-select: OutputFocused (tp=747.1 Mpts/s) for w=5 rho=1.11 (was Atomic)
[Scatter] Cache hit: method=OutputFocused w=5 cx=1 rho=1.11 -> tile=(5,3,5) team=128 osub=1 zb=29 tp=747.1 Mpts/s (rho_csv=1.25)
LandauDampingPIF{0}> After scatter 
LandauDampingPIF{0}> After gather 
LandauDampingPIF{0}> Starting iterations ...
LandauDampingPIF{0}> Finished time step: -2 time: 0.0122718
LandauDampingPIF{0}> Finished time step: -1 time: 0.0245437
LandauDampingPIF{0}> Finished time step: 0 time: 0.0368155
LandauDampingPIF{0}> Finished time step: 1 time: 0.0490874
LandauDampingPIF{0}> Finished time step: 2 time: 0.0613592
LandauDampingPIF{0}> Finished time step: 3 time: 0.0736311
LandauDampingPIF{0}> Finished time step: 4 time: 0.0859029
LandauDampingPIF{0}> Finished time step: 5 time: 0.0981748
LandauDampingPIF{0}> Finished time step: 6 time: 0.110447
LandauDampingPIF{0}> Finished time step: 7 time: 0.122718
LandauDampingPIF{0}> Finished time step: 8 time: 0.13499
LandauDampingPIF{0}> Finished time step: 9 time: 0.147262
LandauDampingPIF{0}> Finished time step: 10 time: 0.159534
LandauDampingPIF{0}> LandauDamping: End.
Timings{0}> ---------------------------------------------
Timings{0}>      Timing results for 128 rank(s):
Timings{0}> ---------------------------------------------
Timings{0}> mainTimer........... Wall tot =    21.2323
Timings{0}> 
Timings{0}> particlesCreation... Wall max =          0
Timings{0}>                      Wall avg =          0
Timings{0}>                      Wall min =          0
Timings{0}> 
Timings{0}> dumpData............ Wall max =   0.150737
Timings{0}>                      Wall avg =   0.120201
Timings{0}>                      Wall min =  0.0870831
Timings{0}> 
Timings{0}> kick................ Wall max =  0.0404814
Timings{0}>                      Wall avg =  0.0361319
Timings{0}>                      Wall min =   0.032173
Timings{0}> 
Timings{0}> drift............... Wall max =  0.0200134
Timings{0}>                      Wall avg =  0.0177971
Timings{0}>                      Wall min =  0.0159331
Timings{0}> 
Timings{0}> particleBC.......... Wall max =  0.0401221
Timings{0}>                      Wall avg =  0.0360942
Timings{0}>                      Wall min =  0.0323319
Timings{0}> 
Timings{0}> initializeShapeFunc. Wall max =          0
Timings{0}>                      Wall avg =          0
Timings{0}>                      Wall min =          0
Timings{0}> 
Timings{0}> findInternal........ Wall max =          0
Timings{0}>                      Wall avg =          0
Timings{0}>                      Wall min =          0
Timings{0}> 
Timings{0}> findPeriodic........ Wall max =          0
Timings{0}>                      Wall avg =          0
Timings{0}>                      Wall min =          0
Timings{0}> 
Timings{0}> NativeNUFFT::init... Wall max =          0
Timings{0}>                      Wall avg =          0
Timings{0}>                      Wall min =          0
Timings{0}> 
Timings{0}> updateParticle...... Wall max =   0.155362
Timings{0}>                      Wall avg =    0.14544
Timings{0}>                      Wall min =   0.138015
Timings{0}> 
Timings{0}> locateParticles..... Wall max =  0.0194955
Timings{0}>                      Wall avg =  0.0167763
Timings{0}>                      Wall min =  0.0151443
Timings{0}> 
Timings{0}> sendPreprocess...... Wall max =  0.0228458
Timings{0}>                      Wall avg =  0.0134601
Timings{0}>                      Wall min = 0.00251797
Timings{0}> 
Timings{0}> particleSend........ Wall max =  0.0149906
Timings{0}>                      Wall avg =   0.014004
Timings{0}>                      Wall min =  0.0132919
Timings{0}> 
Timings{0}> particleRecv........ Wall max = 0.000477564
Timings{0}>                      Wall avg = 0.000401406
Timings{0}>                      Wall min = 0.000369925
Timings{0}> 
Timings{0}> particleDestroy..... Wall max =  0.0682398
Timings{0}>                      Wall avg =  0.0577341
Timings{0}>                      Wall min =  0.0526417
Timings{0}> 
Timings{0}> ScatterPIFNUFFT..... Wall max =     5.3659
Timings{0}>                      Wall avg =    5.26425
Timings{0}>                      Wall min =    5.05176
Timings{0}> 
Timings{0}> NativeNUFFT1........ Wall max =    5.31007
Timings{0}>                      Wall avg =    5.20945
Timings{0}>                      Wall min =    4.99965
Timings{0}> 
Timings{0}> scatterTimerNUFFT1.. Wall max =     0.4153
Timings{0}>                      Wall avg =   0.401189
Timings{0}>                      Wall min =   0.381041
Timings{0}> 
Timings{0}> binSort............. Wall max =   0.405222
Timings{0}>                      Wall avg =   0.364354
Timings{0}>                      Wall min =   0.327569
Timings{0}> 
Timings{0}> binComputeKeys...... Wall max =  0.0439066
Timings{0}>                      Wall avg =   0.039549
Timings{0}>                      Wall min =   0.035486
Timings{0}> 
Timings{0}> binSortByKey........ Wall max =   0.350171
Timings{0}>                      Wall avg =   0.314511
Timings{0}>                      Wall min =    0.28262
Timings{0}> 
Timings{0}> binComputeOffsets... Wall max =  0.0108001
Timings{0}>                      Wall avg = 0.00989646
Timings{0}>                      Wall min = 0.00906814
Timings{0}> 
Timings{0}> FFTNUFFT1........... Wall max =    4.90619
Timings{0}>                      Wall avg =    4.80253
Timings{0}>                      Wall min =     4.5856
Timings{0}> 
Timings{0}> deconvolutionNUFFT1. Wall max = 0.00839424
Timings{0}>                      Wall avg = 0.00559567
Timings{0}>                      Wall min = 0.00512024
Timings{0}> 
Timings{0}> GatherPIFNUFFT...... Wall max =    15.7756
Timings{0}>                      Wall avg =    15.5641
Timings{0}>                      Wall min =    15.4497
Timings{0}> 
Timings{0}> NativeNUFFT2........ Wall max =    15.6294
Timings{0}>                      Wall avg =    15.4095
Timings{0}>                      Wall min =    15.2984
Timings{0}> 
Timings{0}> PrecorrectionNUFFT2. Wall max =  0.0371872
Timings{0}>                      Wall avg =  0.0290552
Timings{0}>                      Wall min =  0.0277971
Timings{0}> 
Timings{0}> FFTNUFFT2........... Wall max =    14.6207
Timings{0}>                      Wall avg =    14.4399
Timings{0}>                      Wall min =    13.9571
Timings{0}> 
Timings{0}> GatherNUFFT2........ Wall max =    1.59258
Timings{0}>                      Wall avg =   0.939865
Timings{0}>                      Wall min =   0.716257
Timings{0}> 
Timings{0}> ---------------------------------------------
Timings{0}>      Measurement counts:
Timings{0}> ---------------------------------------------
Timings{0}> mainTimer........... Count =          1
Timings{0}> particlesCreation... Count =          0
Timings{0}> dumpData............ Count =         10
Timings{0}> kick................ Count =         20
Timings{0}> drift............... Count =         10
Timings{0}> particleBC.......... Count =         10
Timings{0}> initializeShapeFunc. Count =          0
Timings{0}> findInternal........ Count =          0
Timings{0}> findPeriodic........ Count =          0
Timings{0}> NativeNUFFT::init... Count =          0
Timings{0}> updateParticle...... Count =         10
Timings{0}> locateParticles..... Count =         10
Timings{0}> sendPreprocess...... Count =         10
Timings{0}> particleSend........ Count =         10
Timings{0}> particleRecv........ Count =         10
Timings{0}> particleDestroy..... Count =         10
Timings{0}> ScatterPIFNUFFT..... Count =         20
Timings{0}> NativeNUFFT1........ Count =         10
Timings{0}> scatterTimerNUFFT1.. Count =         10
Timings{0}> binSort............. Count =         40
Timings{0}> binComputeKeys...... Count =         40
Timings{0}> binSortByKey........ Count =         40
Timings{0}> binComputeOffsets... Count =         40
Timings{0}> FFTNUFFT1........... Count =         10
Timings{0}> deconvolutionNUFFT1. Count =         10
Timings{0}> GatherPIFNUFFT...... Count =         10
Timings{0}> NativeNUFFT2........ Count =         30
Timings{0}> PrecorrectionNUFFT2. Count =         30
Timings{0}> FFTNUFFT2........... Count =         30
Timings{0}> GatherNUFFT2........ Count =         30
Timings{0}> ---------------------------------------------
Timings{0}> ---------------------------------------------
Timings{0}>      Per-occurrence statistics:
Timings{0}> ---------------------------------------------
Timings{0}> mainTimer........... n=    1  mean=   21.2323  std=         0  min=   21.2323  max=   21.2323
Timings{0}> dumpData............ n=   10  mean= 0.0100775  std=0.000507625  min=0.00889972  max= 0.0109124
Timings{0}> kick................ n=   20  mean=0.00202028  std=1.05975e-05  min=0.00199826  max=0.00203599
Timings{0}> drift............... n=   10  mean=0.00197685  std=7.65748e-06  min=0.00197227  max=0.00199804
Timings{0}> particleBC.......... n=   10  mean=0.00400879  std=2.47694e-06  min=0.00400542  max=0.00401354
Timings{0}> updateParticle...... n=   10  mean= 0.0138015  std=0.000964068  min= 0.0124999  max= 0.0152245
Timings{0}> locateParticles..... n=   10  mean=0.00170862  std=1.48875e-05  min=0.00169358  max=0.00174785
Timings{0}> sendPreprocess...... n=   10  mean=0.000489346  std=8.94959e-05  min=0.000421436  max=0.00071211
Timings{0}> particleSend........ n=   10  mean= 0.0014452  std=7.20305e-05  min=0.00133923  max=0.00153421
Timings{0}> particleRecv........ n=   10  mean=3.70414e-05  std=2.52211e-06  min=3.2271e-05  max=   4.1e-05
Timings{0}> particleDestroy..... n=   10  mean=0.00575208  std=1.56174e-05  min=0.00573633  max=0.00578902
Timings{0}> ScatterPIFNUFFT..... n=   20  mean=  0.260225  std=  0.265859  min=0.00111732  max=   0.52729
Timings{0}> NativeNUFFT1........ n=   10  mean=  0.514732  std= 0.0052598  min=  0.503871  max=  0.522881
Timings{0}> scatterTimerNUFFT1.. n=   10  mean= 0.0413935  std=0.00167397  min= 0.0402763  max=  0.045946
Timings{0}> binSort............. n=   40  mean= 0.0101016  std=2.32836e-05  min= 0.0100434  max= 0.0101501
Timings{0}> binComputeKeys...... n=   40  mean=0.00109661  std=2.57195e-06  min= 0.0010911  max=0.00110709
Timings{0}> binSortByKey........ n=   40  mean=  0.008726  std=1.99047e-05  min=0.00867748  max=0.00875285
Timings{0}> binComputeOffsets... n=   40  mean=0.000269032  std=2.83613e-06  min=0.000264414  max=0.000279424
Timings{0}> FFTNUFFT1........... n=   10  mean=  0.472485  std=0.00451298  min=  0.462643  max=  0.476088
Timings{0}> deconvolutionNUFFT1. n=   10  mean=0.000838835  std= 3.561e-06  min=0.000834192  max=0.000845031
Timings{0}> GatherPIFNUFFT...... n=   10  mean=   1.56379  std=0.00426236  min=   1.56037  max=    1.5746
Timings{0}> NativeNUFFT2........ n=   30  mean=  0.515716  std=0.00534307  min=  0.511443  max=  0.532374
Timings{0}> PrecorrectionNUFFT2. n=   30  mean=0.00123648  std=1.89031e-05  min=0.00122116  max=0.00127183
Timings{0}> FFTNUFFT2........... n=   30  mean=  0.469113  std=0.00525997  min=  0.459943  max=  0.480274
Timings{0}> GatherNUFFT2........ n=   30  mean= 0.0453466  std=0.00686511  min= 0.0353456  max= 0.0582794
Timings{0}> ---------------------------------------------
