LandauDampingPIF{0}> Landau damping
LandauDampingPIF{0}> nt 10 Np= 4294967296 Fourier modes = ( 512 , 1024 , 1024 )
LandauDampingPIF{0}> particles created and initial conditions assigned 
LandauDampingPIF{0}> After init shape function 
LandauDampingPIF{0}> After init NUFFT 
LandauDampingPIF{0}> After update 
[Scatter] Auto-select: OutputFocused (tp=747.1 Mpts/s) for w=5 rho=1.11 (was Atomic)
[Scatter] Cache hit: method=OutputFocused w=5 cx=1 rho=1.11 -> tile=(5,3,5) team=128 osub=1 zb=29 tp=747.1 Mpts/s (rho_csv=1.25)
LandauDampingPIF{0}> After scatter 
LandauDampingPIF{0}> After gather 
LandauDampingPIF{0}> Starting iterations ...
LandauDampingPIF{0}> Finished time step: -2 time: 0.0122718
LandauDampingPIF{0}> Finished time step: -1 time: 0.0245437
LandauDampingPIF{0}> Finished time step: 0 time: 0.0368155
LandauDampingPIF{0}> Finished time step: 1 time: 0.0490874
LandauDampingPIF{0}> Finished time step: 2 time: 0.0613592
LandauDampingPIF{0}> Finished time step: 3 time: 0.0736311
LandauDampingPIF{0}> Finished time step: 4 time: 0.0859029
LandauDampingPIF{0}> Finished time step: 5 time: 0.0981748
LandauDampingPIF{0}> Finished time step: 6 time: 0.110447
LandauDampingPIF{0}> Finished time step: 7 time: 0.122718
LandauDampingPIF{0}> Finished time step: 8 time: 0.13499
LandauDampingPIF{0}> Finished time step: 9 time: 0.147262
LandauDampingPIF{0}> Finished time step: 10 time: 0.159534
LandauDampingPIF{0}> LandauDamping: End.
Timings{0}> ---------------------------------------------
Timings{0}>      Timing results for 128 rank(s):
Timings{0}> ---------------------------------------------
Timings{0}> mainTimer........... Wall tot =     40.036
Timings{0}> 
Timings{0}> particlesCreation... Wall max =          0
Timings{0}>                      Wall avg =          0
Timings{0}>                      Wall min =          0
Timings{0}> 
Timings{0}> dumpData............ Wall max =   0.101976
Timings{0}>                      Wall avg =   0.082872
Timings{0}>                      Wall min =  0.0623093
Timings{0}> 
Timings{0}> kick................ Wall max =  0.0391749
Timings{0}>                      Wall avg =  0.0352459
Timings{0}>                      Wall min =  0.0315846
Timings{0}> 
Timings{0}> drift............... Wall max =  0.0194081
Timings{0}>                      Wall avg =  0.0174656
Timings{0}>                      Wall min =  0.0156596
Timings{0}> 
Timings{0}> initializeShapeFunc. Wall max =          0
Timings{0}>                      Wall avg =          0
Timings{0}>                      Wall min =          0
Timings{0}> 
Timings{0}> findInternal........ Wall max =          0
Timings{0}>                      Wall avg =          0
Timings{0}>                      Wall min =          0
Timings{0}> 
Timings{0}> findPeriodic........ Wall max =          0
Timings{0}>                      Wall avg =          0
Timings{0}>                      Wall min =          0
Timings{0}> 
Timings{0}> NativeNUFFT::init... Wall max =          0
Timings{0}>                      Wall avg =          0
Timings{0}>                      Wall min =          0
Timings{0}> 
Timings{0}> particleBC.......... Wall max =  0.0399265
Timings{0}>                      Wall avg =  0.0359202
Timings{0}>                      Wall min =  0.0321807
Timings{0}> 
Timings{0}> updateParticle...... Wall max =   0.171933
Timings{0}>                      Wall avg =    0.16737
Timings{0}>                      Wall min =   0.161478
Timings{0}> 
Timings{0}> locateParticles..... Wall max =  0.0245771
Timings{0}>                      Wall avg =  0.0208238
Timings{0}>                      Wall min =  0.0188697
Timings{0}> 
Timings{0}> sendPreprocess...... Wall max =  0.0239166
Timings{0}>                      Wall avg =  0.0145799
Timings{0}>                      Wall min = 0.00291524
Timings{0}> 
Timings{0}> particleSend........ Wall max =  0.0169971
Timings{0}>                      Wall avg =  0.0159271
Timings{0}>                      Wall min =  0.0151112
Timings{0}> 
Timings{0}> particleRecv........ Wall max = 0.000500334
Timings{0}>                      Wall avg = 0.000422077
Timings{0}>                      Wall min = 0.000383982
Timings{0}> 
Timings{0}> particleDestroy..... Wall max =      0.086
Timings{0}>                      Wall avg =   0.072536
Timings{0}>                      Wall min =  0.0661019
Timings{0}> 
Timings{0}> ScatterPIFNUFFT..... Wall max =    9.96883
Timings{0}>                      Wall avg =    9.90172
Timings{0}>                      Wall min =    9.82794
Timings{0}> 
Timings{0}> NativeNUFFT1........ Wall max =    9.93708
Timings{0}>                      Wall avg =    9.87077
Timings{0}>                      Wall min =    9.79447
Timings{0}> 
Timings{0}> scatterTimerNUFFT1.. Wall max =   0.487503
Timings{0}>                      Wall avg =   0.473895
Timings{0}>                      Wall min =   0.452714
Timings{0}> 
Timings{0}> binSort............. Wall max =   0.410888
Timings{0}>                      Wall avg =    0.37045
Timings{0}>                      Wall min =   0.333342
Timings{0}> 
Timings{0}> binComputeKeys...... Wall max =  0.0435044
Timings{0}>                      Wall avg =  0.0391858
Timings{0}>                      Wall min =  0.0351516
Timings{0}> 
Timings{0}> binSortByKey........ Wall max =   0.354283
Timings{0}>                      Wall avg =   0.319176
Timings{0}>                      Wall min =   0.287026
Timings{0}> 
Timings{0}> binComputeOffsets... Wall max =  0.0128151
Timings{0}>                      Wall avg =  0.0116673
Timings{0}>                      Wall min =  0.0106345
Timings{0}> 
Timings{0}> FFTNUFFT1........... Wall max =    9.46161
Timings{0}>                      Wall avg =    9.39536
Timings{0}>                      Wall min =    9.31017
Timings{0}> 
Timings{0}> TwiddleAdd.......... Wall max =   0.013721
Timings{0}>                      Wall avg =  0.0135983
Timings{0}>                      Wall min =  0.0134577
Timings{0}> 
Timings{0}> subFFTs............. Wall max =     9.4472
Timings{0}>                      Wall avg =    9.38098
Timings{0}>                      Wall min =    9.29594
Timings{0}> 
Timings{0}> deconvolutionNUFFT1. Wall max = 0.00145531
Timings{0}>                      Wall avg = 0.00140326
Timings{0}>                      Wall min = 0.00135308
Timings{0}> 
Timings{0}> GatherPIFNUFFT...... Wall max =    29.8603
Timings{0}>                      Wall avg =    29.7784
Timings{0}>                      Wall min =    29.7105
Timings{0}> 
Timings{0}> NativeNUFFT2........ Wall max =    29.7271
Timings{0}>                      Wall avg =    29.6566
Timings{0}>                      Wall min =    29.5869
Timings{0}> 
Timings{0}> PrecorrectionNUFFT2. Wall max = 0.00430216
Timings{0}>                      Wall avg = 0.00424941
Timings{0}>                      Wall min = 0.00420598
Timings{0}> 
Timings{0}> FFTNUFFT2........... Wall max =    28.5502
Timings{0}>                      Wall avg =    28.4515
Timings{0}>                      Wall min =    28.3409
Timings{0}> 
Timings{0}> subIFFTs............ Wall max =    28.4764
Timings{0}>                      Wall avg =    28.3778
Timings{0}>                      Wall min =    28.2671
Timings{0}> 
Timings{0}> StridedWrite........ Wall max =  0.0617565
Timings{0}>                      Wall avg =  0.0615032
Timings{0}>                      Wall min =  0.0613122
Timings{0}> 
Timings{0}> GatherNUFFT2........ Wall max =    1.33611
Timings{0}>                      Wall avg =    1.20029
Timings{0}>                      Wall min =     1.0819
Timings{0}> 
Timings{0}> ---------------------------------------------
Timings{0}>      Measurement counts:
Timings{0}> ---------------------------------------------
Timings{0}> mainTimer........... Count =          1
Timings{0}> particlesCreation... Count =          0
Timings{0}> dumpData............ Count =         10
Timings{0}> kick................ Count =         20
Timings{0}> drift............... Count =         10
Timings{0}> initializeShapeFunc. Count =          0
Timings{0}> findInternal........ Count =          0
Timings{0}> findPeriodic........ Count =          0
Timings{0}> NativeNUFFT::init... Count =          0
Timings{0}> particleBC.......... Count =         10
Timings{0}> updateParticle...... Count =         10
Timings{0}> locateParticles..... Count =         10
Timings{0}> sendPreprocess...... Count =         10
Timings{0}> particleSend........ Count =         10
Timings{0}> particleRecv........ Count =         10
Timings{0}> particleDestroy..... Count =         10
Timings{0}> ScatterPIFNUFFT..... Count =         20
Timings{0}> NativeNUFFT1........ Count =         10
Timings{0}> scatterTimerNUFFT1.. Count =         10
Timings{0}> binSort............. Count =         40
Timings{0}> binComputeKeys...... Count =         40
Timings{0}> binSortByKey........ Count =         40
Timings{0}> binComputeOffsets... Count =         40
Timings{0}> FFTNUFFT1........... Count =         10
Timings{0}> TwiddleAdd.......... Count =         20
Timings{0}> subFFTs............. Count =         20
Timings{0}> deconvolutionNUFFT1. Count =         10
Timings{0}> GatherPIFNUFFT...... Count =         10
Timings{0}> NativeNUFFT2........ Count =         30
Timings{0}> PrecorrectionNUFFT2. Count =         30
Timings{0}> FFTNUFFT2........... Count =         30
Timings{0}> subIFFTs............ Count =         60
Timings{0}> StridedWrite........ Count =         60
Timings{0}> GatherNUFFT2........ Count =         30
Timings{0}> ---------------------------------------------
Timings{0}> ---------------------------------------------
Timings{0}>      Per-occurrence statistics:
Timings{0}> ---------------------------------------------
Timings{0}> mainTimer........... n=    1  mean=   40.0358  std=         0  min=   40.0358  max=   40.0358
Timings{0}> dumpData............ n=   10  mean=0.00652506  std=0.00227421  min=0.00499635  max= 0.0125027
Timings{0}> kick................ n=   20  mean=0.00195874  std=2.91323e-05  min=0.00192822  max=0.00199145
Timings{0}> drift............... n=   10  mean=0.00193937  std=1.87108e-06  min=0.00193724  max=0.00194327
Timings{0}> particleBC.......... n=   10  mean=0.00398872  std=3.88396e-06  min= 0.0039846  max=0.00399686
Timings{0}> updateParticle...... n=   10  mean= 0.0163649  std=0.000993604  min= 0.0152249  max= 0.0177788
Timings{0}> locateParticles..... n=   10  mean=0.00210125  std=1.42792e-05  min= 0.0020848  max=0.00212489
Timings{0}> sendPreprocess...... n=   10  mean=0.000646447  std=9.70924e-05  min=0.000535648  max=0.000790191
Timings{0}> particleSend........ n=   10  mean=0.00164322  std=8.06171e-05  min=0.00152836  max=0.00174486
Timings{0}> particleRecv........ n=   10  mean=4.30174e-05  std=7.6274e-06  min= 3.495e-05  max=5.9221e-05
Timings{0}> particleDestroy..... n=   10  mean=0.00721233  std=1.62532e-05  min=0.00718774  max=0.00723325
Timings{0}> ScatterPIFNUFFT..... n=   20  mean=  0.492235  std=  0.504929  min=0.000156802  max=   1.00147
Timings{0}> NativeNUFFT1........ n=   10  mean=  0.981139  std= 0.0124485  min=  0.953879  max=  0.998289
Timings{0}> scatterTimerNUFFT1.. n=   10  mean= 0.0483551  std=0.000399227  min= 0.0477065  max= 0.0488534
Timings{0}> binSort............. n=   40  mean= 0.0102642  std=4.28713e-05  min= 0.0101053  max= 0.0103319
Timings{0}> binComputeKeys...... n=   40  mean=0.00108664  std=4.54071e-06  min=0.00108322  max=0.00110595
Timings{0}> binSortByKey........ n=   40  mean= 0.0088476  std=3.6333e-05  min=0.00872817  max=0.00888712
Timings{0}> binComputeOffsets... n=   40  mean=0.000319515  std=1.27378e-05  min=0.000270014  max=0.000337575
Timings{0}> FFTNUFFT1........... n=   10  mean=   0.93263  std= 0.0125053  min=  0.905383  max=  0.950024
Timings{0}> TwiddleAdd.......... n=   20  mean=0.000684743  std=1.70404e-05  min= 0.0006627  max=  0.000729
Timings{0}> subFFTs............. n=   20  mean=  0.465592  std= 0.0135822  min=  0.435803  max=  0.491556
Timings{0}> deconvolutionNUFFT1. n=   10  mean=0.000141633  std=6.98249e-06  min=0.000135402  max=0.000154833
Timings{0}> GatherPIFNUFFT...... n=   10  mean=    2.9848  std= 0.0234421  min=   2.94331  max=   3.02822
Timings{0}> NativeNUFFT2........ n=   30  mean=  0.990461  std= 0.0151484  min=  0.965969  max=   1.02952
Timings{0}> PrecorrectionNUFFT2. n=   30  mean=0.00014225  std=2.6503e-06  min=0.000136742  max=0.000145472
Timings{0}> FFTNUFFT2........... n=   30  mean=  0.946643  std= 0.0158811  min=  0.920627  max=  0.982869
Timings{0}> subIFFTs............ n=   60  mean=  0.472092  std= 0.0113941  min=  0.452307  max=  0.498753
Timings{0}> StridedWrite........ n=   60  mean= 0.0010263  std=5.21852e-06  min=0.00101943  max=0.00104638
Timings{0}> GatherNUFFT2........ n=   30  mean= 0.0436565  std=0.00737225  min= 0.0319635  max= 0.0585844
Timings{0}> ---------------------------------------------
