Hostname=nid005775   , Rank=12   ,Local=0   ,RPN=4   ,CPUs=0-71     ,GPU=0 ,NIC=cxi0 ,numa_nodes=0     ,first_numa=0  ,other_nodes=     
Hostname=nid005848   , Rank=32   ,Local=0   ,RPN=4   ,CPUs=0-71     ,GPU=0 ,NIC=cxi0 ,numa_nodes=0     ,first_numa=0  ,other_nodes=     
Hostname=nid005836   , Rank=24   ,Local=0   ,RPN=4   ,CPUs=0-71     ,GPU=0 ,NIC=cxi0 ,numa_nodes=0     ,first_numa=0  ,other_nodes=     
Slurm Job Hostlist: nid[005688,005713,005719,005775,005812,005829,005836,005845,005848,005851,005860,005871,005874,005884,006499,006518]
Hostname=nid005688   , Rank=0    ,Local=0   ,RPN=4   ,CPUs=0-71     ,GPU=0 ,NIC=cxi0 ,numa_nodes=0     ,first_numa=0  ,other_nodes=     
Hostname=nid005871   , Rank=45   ,Local=1   ,RPN=4   ,CPUs=72-143   ,GPU=1 ,NIC=cxi1 ,numa_nodes=1     ,first_numa=1  ,other_nodes=     
Hostname=nid005884   , Rank=52   ,Local=0   ,RPN=4   ,CPUs=0-71     ,GPU=0 ,NIC=cxi0 ,numa_nodes=0     ,first_numa=0  ,other_nodes=     
Hostname=nid006518   , Rank=61   ,Local=1   ,RPN=4   ,CPUs=72-143   ,GPU=1 ,NIC=cxi1 ,numa_nodes=1     ,first_numa=1  ,other_nodes=     
Hostname=nid005836   , Rank=25   ,Local=1   ,RPN=4   ,CPUs=72-143   ,GPU=1 ,NIC=cxi1 ,numa_nodes=1     ,first_numa=1  ,other_nodes=     
Hostname=nid005860   , Rank=42   ,Local=2   ,RPN=4   ,CPUs=144-215  ,GPU=2 ,NIC=cxi2 ,numa_nodes=2     ,first_numa=2  ,other_nodes=     
Hostname=nid005845   , Rank=28   ,Local=0   ,RPN=4   ,CPUs=0-71     ,GPU=0 ,NIC=cxi0 ,numa_nodes=0     ,first_numa=0  ,other_nodes=     
Hostname=nid005775   , Rank=13   ,Local=1   ,RPN=4   ,CPUs=72-143   ,GPU=1 ,NIC=cxi1 ,numa_nodes=1     ,first_numa=1  ,other_nodes=     
Hostname=nid005829   , Rank=22   ,Local=2   ,RPN=4   ,CPUs=144-215  ,GPU=2 ,NIC=cxi2 ,numa_nodes=2     ,first_numa=2  ,other_nodes=     
Hostname=nid005688   , Rank=2    ,Local=2   ,RPN=4   ,CPUs=144-215  ,GPU=2 ,NIC=cxi2 ,numa_nodes=2     ,first_numa=2  ,other_nodes=     
Hostname=nid005836   , Rank=26   ,Local=2   ,RPN=4   ,CPUs=144-215  ,GPU=2 ,NIC=cxi2 ,numa_nodes=2     ,first_numa=2  ,other_nodes=     
Hostname=nid005884   , Rank=53   ,Local=1   ,RPN=4   ,CPUs=72-143   ,GPU=1 ,NIC=cxi1 ,numa_nodes=1     ,first_numa=1  ,other_nodes=     
Hostname=nid005775   , Rank=15   ,Local=3   ,RPN=4   ,CPUs=216-287  ,GPU=3 ,NIC=cxi3 ,numa_nodes=3     ,first_numa=3  ,other_nodes=     
Hostname=nid005848   , Rank=33   ,Local=1   ,RPN=4   ,CPUs=72-143   ,GPU=1 ,NIC=cxi1 ,numa_nodes=1     ,first_numa=1  ,other_nodes=     
Hostname=nid005719   , Rank=8    ,Local=0   ,RPN=4   ,CPUs=0-71     ,GPU=0 ,NIC=cxi0 ,numa_nodes=0     ,first_numa=0  ,other_nodes=     
Hostname=nid005871   , Rank=47   ,Local=3   ,RPN=4   ,CPUs=216-287  ,GPU=3 ,NIC=cxi3 ,numa_nodes=3     ,first_numa=3  ,other_nodes=     
Hostname=nid005775   , Rank=14   ,Local=2   ,RPN=4   ,CPUs=144-215  ,GPU=2 ,NIC=cxi2 ,numa_nodes=2     ,first_numa=2  ,other_nodes=     
Hostname=nid005836   , Rank=27   ,Local=3   ,RPN=4   ,CPUs=216-287  ,GPU=3 ,NIC=cxi3 ,numa_nodes=3     ,first_numa=3  ,other_nodes=     
Hostname=nid005688   , Rank=1    ,Local=1   ,RPN=4   ,CPUs=72-143   ,GPU=1 ,NIC=cxi1 ,numa_nodes=1     ,first_numa=1  ,other_nodes=     
Hostname=nid005848   , Rank=34   ,Local=2   ,RPN=4   ,CPUs=144-215  ,GPU=2 ,NIC=cxi2 ,numa_nodes=2     ,first_numa=2  ,other_nodes=     
Hostname=nid005871   , Rank=46   ,Local=2   ,RPN=4   ,CPUs=144-215  ,GPU=2 ,NIC=cxi2 ,numa_nodes=2     ,first_numa=2  ,other_nodes=     
Hostname=nid005829   , Rank=21   ,Local=1   ,RPN=4   ,CPUs=72-143   ,GPU=1 ,NIC=cxi1 ,numa_nodes=1     ,first_numa=1  ,other_nodes=     
Hostname=nid005884   , Rank=55   ,Local=3   ,RPN=4   ,CPUs=216-287  ,GPU=3 ,NIC=cxi3 ,numa_nodes=3     ,first_numa=3  ,other_nodes=     
Hostname=nid006518   , Rank=63   ,Local=3   ,RPN=4   ,CPUs=216-287  ,GPU=3 ,NIC=cxi3 ,numa_nodes=3     ,first_numa=3  ,other_nodes=     
Hostname=nid005871   , Rank=44   ,Local=0   ,RPN=4   ,CPUs=0-71     ,GPU=0 ,NIC=cxi0 ,numa_nodes=0     ,first_numa=0  ,other_nodes=     
Hostname=nid005848   , Rank=35   ,Local=3   ,RPN=4   ,CPUs=216-287  ,GPU=3 ,NIC=cxi3 ,numa_nodes=3     ,first_numa=3  ,other_nodes=     
Hostname=nid005688   , Rank=3    ,Local=3   ,RPN=4   ,CPUs=216-287  ,GPU=3 ,NIC=cxi3 ,numa_nodes=3     ,first_numa=3  ,other_nodes=     
Hostname=nid005719   , Rank=10   ,Local=2   ,RPN=4   ,CPUs=144-215  ,GPU=2 ,NIC=cxi2 ,numa_nodes=2     ,first_numa=2  ,other_nodes=     
Hostname=nid005884   , Rank=54   ,Local=2   ,RPN=4   ,CPUs=144-215  ,GPU=2 ,NIC=cxi2 ,numa_nodes=2     ,first_numa=2  ,other_nodes=     
Hostname=nid005829   , Rank=23   ,Local=3   ,RPN=4   ,CPUs=216-287  ,GPU=3 ,NIC=cxi3 ,numa_nodes=3     ,first_numa=3  ,other_nodes=     
Hostname=nid006518   , Rank=62   ,Local=2   ,RPN=4   ,CPUs=144-215  ,GPU=2 ,NIC=cxi2 ,numa_nodes=2     ,first_numa=2  ,other_nodes=     
Hostname=nid005829   , Rank=20   ,Local=0   ,RPN=4   ,CPUs=0-71     ,GPU=0 ,NIC=cxi0 ,numa_nodes=0     ,first_numa=0  ,other_nodes=     
Hostname=nid006518   , Rank=60   ,Local=0   ,RPN=4   ,CPUs=0-71     ,GPU=0 ,NIC=cxi0 ,numa_nodes=0     ,first_numa=0  ,other_nodes=     
Hostname=nid005719   , Rank=11   ,Local=3   ,RPN=4   ,CPUs=216-287  ,GPU=3 ,NIC=cxi3 ,numa_nodes=3     ,first_numa=3  ,other_nodes=     
Hostname=nid005719   , Rank=9    ,Local=1   ,RPN=4   ,CPUs=72-143   ,GPU=1 ,NIC=cxi1 ,numa_nodes=1     ,first_numa=1  ,other_nodes=     
Hostname=nid005860   , Rank=43   ,Local=3   ,RPN=4   ,CPUs=216-287  ,GPU=3 ,NIC=cxi3 ,numa_nodes=3     ,first_numa=3  ,other_nodes=     
Hostname=nid006499   , Rank=57   ,Local=1   ,RPN=4   ,CPUs=72-143   ,GPU=1 ,NIC=cxi1 ,numa_nodes=1     ,first_numa=1  ,other_nodes=     
Hostname=nid005860   , Rank=40   ,Local=0   ,RPN=4   ,CPUs=0-71     ,GPU=0 ,NIC=cxi0 ,numa_nodes=0     ,first_numa=0  ,other_nodes=     
Hostname=nid006499   , Rank=56   ,Local=0   ,RPN=4   ,CPUs=0-71     ,GPU=0 ,NIC=cxi0 ,numa_nodes=0     ,first_numa=0  ,other_nodes=     
Hostname=nid005860   , Rank=41   ,Local=1   ,RPN=4   ,CPUs=72-143   ,GPU=1 ,NIC=cxi1 ,numa_nodes=1     ,first_numa=1  ,other_nodes=     
Hostname=nid005845   , Rank=29   ,Local=1   ,RPN=4   ,CPUs=72-143   ,GPU=1 ,NIC=cxi1 ,numa_nodes=1     ,first_numa=1  ,other_nodes=     
Hostname=nid006499   , Rank=59   ,Local=3   ,RPN=4   ,CPUs=216-287  ,GPU=3 ,NIC=cxi3 ,numa_nodes=3     ,first_numa=3  ,other_nodes=     
Hostname=nid005851   , Rank=37   ,Local=1   ,RPN=4   ,CPUs=72-143   ,GPU=1 ,NIC=cxi1 ,numa_nodes=1     ,first_numa=1  ,other_nodes=     
Hostname=nid006499   , Rank=58   ,Local=2   ,RPN=4   ,CPUs=144-215  ,GPU=2 ,NIC=cxi2 ,numa_nodes=2     ,first_numa=2  ,other_nodes=     
Hostname=nid005845   , Rank=30   ,Local=2   ,RPN=4   ,CPUs=144-215  ,GPU=2 ,NIC=cxi2 ,numa_nodes=2     ,first_numa=2  ,other_nodes=     
Hostname=nid005845   , Rank=31   ,Local=3   ,RPN=4   ,CPUs=216-287  ,GPU=3 ,NIC=cxi3 ,numa_nodes=3     ,first_numa=3  ,other_nodes=     
Hostname=nid005851   , Rank=36   ,Local=0   ,RPN=4   ,CPUs=0-71     ,GPU=0 ,NIC=cxi0 ,numa_nodes=0     ,first_numa=0  ,other_nodes=     
Hostname=nid005851   , Rank=39   ,Local=3   ,RPN=4   ,CPUs=216-287  ,GPU=3 ,NIC=cxi3 ,numa_nodes=3     ,first_numa=3  ,other_nodes=     
Hostname=nid005851   , Rank=38   ,Local=2   ,RPN=4   ,CPUs=144-215  ,GPU=2 ,NIC=cxi2 ,numa_nodes=2     ,first_numa=2  ,other_nodes=     
Hostname=nid005812   , Rank=17   ,Local=1   ,RPN=4   ,CPUs=72-143   ,GPU=1 ,NIC=cxi1 ,numa_nodes=1     ,first_numa=1  ,other_nodes=     
Hostname=nid005812   , Rank=16   ,Local=0   ,RPN=4   ,CPUs=0-71     ,GPU=0 ,NIC=cxi0 ,numa_nodes=0     ,first_numa=0  ,other_nodes=     
Hostname=nid005812   , Rank=18   ,Local=2   ,RPN=4   ,CPUs=144-215  ,GPU=2 ,NIC=cxi2 ,numa_nodes=2     ,first_numa=2  ,other_nodes=     
Hostname=nid005874   , Rank=50   ,Local=2   ,RPN=4   ,CPUs=144-215  ,GPU=2 ,NIC=cxi2 ,numa_nodes=2     ,first_numa=2  ,other_nodes=     
Hostname=nid005812   , Rank=19   ,Local=3   ,RPN=4   ,CPUs=216-287  ,GPU=3 ,NIC=cxi3 ,numa_nodes=3     ,first_numa=3  ,other_nodes=     
Hostname=nid005874   , Rank=49   ,Local=1   ,RPN=4   ,CPUs=72-143   ,GPU=1 ,NIC=cxi1 ,numa_nodes=1     ,first_numa=1  ,other_nodes=     
Hostname=nid005874   , Rank=51   ,Local=3   ,RPN=4   ,CPUs=216-287  ,GPU=3 ,NIC=cxi3 ,numa_nodes=3     ,first_numa=3  ,other_nodes=     
Hostname=nid005874   , Rank=48   ,Local=0   ,RPN=4   ,CPUs=0-71     ,GPU=0 ,NIC=cxi0 ,numa_nodes=0     ,first_numa=0  ,other_nodes=     
Hostname=nid005713   , Rank=6    ,Local=2   ,RPN=4   ,CPUs=144-215  ,GPU=2 ,NIC=cxi2 ,numa_nodes=2     ,first_numa=2  ,other_nodes=     
Hostname=nid005713   , Rank=5    ,Local=1   ,RPN=4   ,CPUs=72-143   ,GPU=1 ,NIC=cxi1 ,numa_nodes=1     ,first_numa=1  ,other_nodes=     
Hostname=nid005713   , Rank=7    ,Local=3   ,RPN=4   ,CPUs=216-287  ,GPU=3 ,NIC=cxi3 ,numa_nodes=3     ,first_numa=3  ,other_nodes=     
Hostname=nid005713   , Rank=4    ,Local=0   ,RPN=4   ,CPUs=0-71     ,GPU=0 ,NIC=cxi0 ,numa_nodes=0     ,first_numa=0  ,other_nodes=     
LandauDampingPIF{0}> Landau damping
LandauDampingPIF{0}> nt 10 Np= 8589934592 Fourier modes = ( 1024 , 1024 , 1024 )
LandauDampingPIF{0}> particles created and initial conditions assigned 
LandauDampingPIF{0}> After init shape function 
LandauDampingPIF{0}> After init NUFFT 
LandauDampingPIF{0}> After update 
[Scatter] Auto-select: OutputFocused (tp=359.0 Mpts/s) for w=9 rho=1.10 (was Atomic)
[Scatter] Cache hit: method=OutputFocused w=9 cx=1 rho=1.10 -> tile=(2,3,3) team=256 osub=1 zb=32 tp=359.0 Mpts/s (rho_csv=1.25)
LandauDampingPIF{0}> After scatter 
LandauDampingPIF{0}> After gather 
LandauDampingPIF{0}> Starting iterations ...
LandauDampingPIF{0}> Finished time step: -2 time: 0.0122718
LandauDampingPIF{0}> Finished time step: -1 time: 0.0245437
LandauDampingPIF{0}> Finished time step: 0 time: 0.0368155
LandauDampingPIF{0}> Finished time step: 1 time: 0.0490874
LandauDampingPIF{0}> Finished time step: 2 time: 0.0613592
LandauDampingPIF{0}> Finished time step: 3 time: 0.0736311
LandauDampingPIF{0}> Finished time step: 4 time: 0.0859029
LandauDampingPIF{0}> Finished time step: 5 time: 0.0981748
LandauDampingPIF{0}> Finished time step: 6 time: 0.110447
LandauDampingPIF{0}> Finished time step: 7 time: 0.122718
LandauDampingPIF{0}> Finished time step: 8 time: 0.13499
LandauDampingPIF{0}> Finished time step: 9 time: 0.147262
LandauDampingPIF{0}> Finished time step: 10 time: 0.159534
LandauDampingPIF{0}> LandauDamping: End.
Timings{0}> ---------------------------------------------
Timings{0}>      Timing results for 64 rank(s):
Timings{0}> ---------------------------------------------
Timings{0}> mainTimer........... Wall tot =    34.2617
Timings{0}> 
Timings{0}> particlesCreation... Wall max =          0
Timings{0}>                      Wall avg =          0
Timings{0}>                      Wall min =          0
Timings{0}> 
Timings{0}> dumpData............ Wall max =   0.320315
Timings{0}>                      Wall avg =   0.225251
Timings{0}>                      Wall min =   0.127584
Timings{0}> 
Timings{0}> kick................ Wall max = 0.000842793
Timings{0}>                      Wall avg = 0.000610888
Timings{0}>                      Wall min = 0.000458225
Timings{0}> 
Timings{0}> drift............... Wall max = 9.2862e-05
Timings{0}>                      Wall avg = 7.02402e-05
Timings{0}>                      Wall min = 5.2253e-05
Timings{0}> 
Timings{0}> initializeShapeFunc. Wall max =          0
Timings{0}>                      Wall avg =          0
Timings{0}>                      Wall min =          0
Timings{0}> 
Timings{0}> findInternal........ Wall max =          0
Timings{0}>                      Wall avg =          0
Timings{0}>                      Wall min =          0
Timings{0}> 
Timings{0}> findPeriodic........ Wall max =          0
Timings{0}>                      Wall avg =          0
Timings{0}>                      Wall min =          0
Timings{0}> 
Timings{0}> NativeNUFFT::init... Wall max =          0
Timings{0}>                      Wall avg =          0
Timings{0}>                      Wall min =          0
Timings{0}> 
Timings{0}> particleBC.......... Wall max = 0.000149309
Timings{0}>                      Wall avg = 0.000110877
Timings{0}>                      Wall min = 8.1692e-05
Timings{0}> 
Timings{0}> updateParticle...... Wall max =    4.92631
Timings{0}>                      Wall avg =    3.04594
Timings{0}>                      Wall min =    2.11482
Timings{0}> 
Timings{0}> locateParticles..... Wall max =    0.15562
Timings{0}>                      Wall avg =    0.14083
Timings{0}>                      Wall min =   0.128445
Timings{0}> 
Timings{0}> sendPreprocess...... Wall max =  0.0304319
Timings{0}>                      Wall avg =  0.0180333
Timings{0}>                      Wall min = 0.00316155
Timings{0}> 
Timings{0}> particleSend........ Wall max =  0.0216228
Timings{0}>                      Wall avg =  0.0201827
Timings{0}>                      Wall min =  0.0186763
Timings{0}> 
Timings{0}> particleRecv........ Wall max = 0.000914404
Timings{0}>                      Wall avg = 0.000513564
Timings{0}>                      Wall min = 0.000410901
Timings{0}> 
Timings{0}> particleDestroy..... Wall max =   0.125972
Timings{0}>                      Wall avg =   0.107359
Timings{0}>                      Wall min =  0.0984303
Timings{0}> 
Timings{0}> ScatterPIFNUFFT..... Wall max =    13.1717
Timings{0}>                      Wall avg =     12.238
Timings{0}>                      Wall min =    10.3669
Timings{0}> 
Timings{0}> NativeNUFFT1........ Wall max =    13.1448
Timings{0}>                      Wall avg =    12.2121
Timings{0}>                      Wall min =    10.3403
Timings{0}> 
Timings{0}> scatterTimerNUFFT1.. Wall max =     8.5354
Timings{0}>                      Wall avg =    7.58977
Timings{0}>                      Wall min =    5.71177
Timings{0}> 
Timings{0}> binSort............. Wall max =    0.68468
Timings{0}>                      Wall avg =   0.625732
Timings{0}>                      Wall min =   0.570031
Timings{0}> 
Timings{0}> binComputeKeys...... Wall max =  0.0667164
Timings{0}>                      Wall avg =  0.0604587
Timings{0}>                      Wall min =  0.0546399
Timings{0}> 
Timings{0}> binSortByKey........ Wall max =   0.587626
Timings{0}>                      Wall avg =   0.537264
Timings{0}>                      Wall min =   0.489122
Timings{0}> 
Timings{0}> binComputeOffsets... Wall max =  0.0303154
Timings{0}>                      Wall avg =  0.0278288
Timings{0}>                      Wall min =  0.0252384
Timings{0}> 
Timings{0}> FFTNUFFT1........... Wall max =    4.66897
Timings{0}>                      Wall avg =    4.60758
Timings{0}>                      Wall min =    4.54847
Timings{0}> 
Timings{0}> TwiddleAdd.......... Wall max = 0.000934979
Timings{0}>                      Wall avg = 0.000639434
Timings{0}>                      Wall min = 0.000499088
Timings{0}> 
Timings{0}> subFFTs............. Wall max =    4.66733
Timings{0}>                      Wall avg =    4.60582
Timings{0}>                      Wall min =    4.54669
Timings{0}> 
Timings{0}> deconvolutionNUFFT1. Wall max =   0.014934
Timings{0}>                      Wall avg =  0.0147398
Timings{0}>                      Wall min =  0.0145561
Timings{0}> 
Timings{0}> GatherPIFNUFFT...... Wall max =    18.7905
Timings{0}>                      Wall avg =    18.6788
Timings{0}>                      Wall min =    18.5632
Timings{0}> 
Timings{0}> NativeNUFFT2........ Wall max =    18.7758
Timings{0}>                      Wall avg =    18.6643
Timings{0}>                      Wall min =    18.5474
Timings{0}> 
Timings{0}> PrecorrectionNUFFT2. Wall max =   0.158697
Timings{0}>                      Wall avg =   0.145814
Timings{0}>                      Wall min =    0.13365
Timings{0}> 
Timings{0}> FFTNUFFT2........... Wall max =     14.122
Timings{0}>                      Wall avg =    13.8917
Timings{0}>                      Wall min =    13.6629
Timings{0}> 
Timings{0}> subIFFTs............ Wall max =    14.0977
Timings{0}>                      Wall avg =    13.8682
Timings{0}>                      Wall min =    13.6402
Timings{0}> 
Timings{0}> StridedWrite........ Wall max = 0.00286984
Timings{0}>                      Wall avg = 0.00196391
Timings{0}>                      Wall min = 0.00149314
Timings{0}> 
Timings{0}> GatherNUFFT2........ Wall max =    1.08693
Timings{0}>                      Wall avg =   0.933703
Timings{0}>                      Wall min =   0.801394
Timings{0}> 
Timings{0}> ---------------------------------------------
Timings{0}>      Measurement counts:
Timings{0}> ---------------------------------------------
Timings{0}> mainTimer........... Count =          1
Timings{0}> particlesCreation... Count =          0
Timings{0}> dumpData............ Count =         10
Timings{0}> kick................ Count =         20
Timings{0}> drift............... Count =         10
Timings{0}> initializeShapeFunc. Count =          0
Timings{0}> findInternal........ Count =          0
Timings{0}> findPeriodic........ Count =          0
Timings{0}> NativeNUFFT::init... Count =          0
Timings{0}> particleBC.......... Count =         10
Timings{0}> updateParticle...... Count =         10
Timings{0}> locateParticles..... Count =         10
Timings{0}> sendPreprocess...... Count =         10
Timings{0}> particleSend........ Count =         10
Timings{0}> particleRecv........ Count =         10
Timings{0}> particleDestroy..... Count =         10
Timings{0}> ScatterPIFNUFFT..... Count =         20
Timings{0}> NativeNUFFT1........ Count =         10
Timings{0}> scatterTimerNUFFT1.. Count =         10
Timings{0}> binSort............. Count =         40
Timings{0}> binComputeKeys...... Count =         40
Timings{0}> binSortByKey........ Count =         40
Timings{0}> binComputeOffsets... Count =         40
Timings{0}> FFTNUFFT1........... Count =         10
Timings{0}> TwiddleAdd.......... Count =         20
Timings{0}> subFFTs............. Count =         20
Timings{0}> deconvolutionNUFFT1. Count =         10
Timings{0}> GatherPIFNUFFT...... Count =         10
Timings{0}> NativeNUFFT2........ Count =         30
Timings{0}> PrecorrectionNUFFT2. Count =         30
Timings{0}> FFTNUFFT2........... Count =         30
Timings{0}> subIFFTs............ Count =         60
Timings{0}> StridedWrite........ Count =         60
Timings{0}> GatherNUFFT2........ Count =         30
Timings{0}> ---------------------------------------------
Timings{0}> ---------------------------------------------
Timings{0}>      Per-occurrence statistics:
Timings{0}> ---------------------------------------------
Timings{0}> mainTimer........... n=    1  mean=   34.2616  std=         0  min=   34.2616  max=   34.2616
Timings{0}> dumpData............ n=   10  mean= 0.0137946  std= 0.0017966  min= 0.0113503  max= 0.0170751
Timings{0}> kick................ n=   20  mean=3.26135e-05  std=2.28486e-05  min= 8.576e-06  max=5.8622e-05
Timings{0}> drift............... n=   10  mean=8.4895e-06  std=9.90909e-07  min= 7.456e-06  max= 1.008e-05
Timings{0}> particleBC.......... n=   10  mean=1.2649e-05  std=7.45649e-07  min=1.1104e-05  max=1.3536e-05
Timings{0}> updateParticle...... n=   10  mean=  0.234333  std=  0.207423  min= 0.0302845  max=   0.60935
Timings{0}> locateParticles..... n=   10  mean= 0.0152627  std=1.48908e-05  min= 0.0152343  max= 0.0152921
Timings{0}> sendPreprocess...... n=   10  mean=0.000621025  std=4.24283e-05  min=0.000555633  max=0.000685835
Timings{0}> particleSend........ n=   10  mean= 0.0021079  std=5.38768e-05  min=0.00205101  max=0.00223206
Timings{0}> particleRecv........ n=   10  mean=4.52405e-05  std=5.48181e-06  min=3.6479e-05  max= 5.459e-05
Timings{0}> particleDestroy..... n=   10  mean= 0.0105311  std=5.13281e-05  min= 0.0104679  max=   0.01062
Timings{0}> ScatterPIFNUFFT..... n=   20  mean=  0.646706  std=  0.684123  min=  1.76e-05  max=   1.70447
Timings{0}> NativeNUFFT1........ n=   10  mean=   1.29087  std=  0.242235  min=  0.994699  max=   1.70166
Timings{0}> scatterTimerNUFFT1.. n=   10  mean=  0.831852  std=  0.243976  min=  0.533124  max=   1.24957
Timings{0}> binSort............. n=   40  mean= 0.0170797  std=4.42899e-05  min= 0.0170022  max= 0.0171587
Timings{0}> binComputeKeys...... n=   40  mean=0.00164893  std=1.74774e-05  min=0.00161487  max=0.00168139
Timings{0}> binSortByKey........ n=   40  mean= 0.0146682  std=3.47511e-05  min= 0.0145975  max= 0.0147288
Timings{0}> binComputeOffsets... n=   40  mean=0.000757886  std=1.44737e-05  min=0.00073358  max=0.000785351
Timings{0}> FFTNUFFT1........... n=   10  mean=  0.457536  std=0.00637323  min=  0.448299  max=  0.465968
Timings{0}> TwiddleAdd.......... n=   20  mean=2.55625e-05  std=6.20197e-06  min=1.9136e-05  max=4.5279e-05
Timings{0}> subFFTs............. n=   20  mean=  0.228688  std=0.00826232  min=  0.209229  max=  0.240806
Timings{0}> deconvolutionNUFFT1. n=   10  mean=0.00147574  std=6.97694e-06  min=0.00146293  max=0.00148392
Timings{0}> GatherPIFNUFFT...... n=   10  mean=   1.87677  std= 0.0123467  min=   1.85875  max=   1.89641
Timings{0}> NativeNUFFT2........ n=   30  mean=  0.625089  std=0.00743178  min=  0.610138  max=  0.636537
Timings{0}> PrecorrectionNUFFT2. n=   30  mean=0.00528181  std=0.00201676  min=0.00247209  max= 0.0066924
Timings{0}> FFTNUFFT2........... n=   30  mean=  0.455429  std=0.00933488  min=   0.43781  max=  0.471464
Timings{0}> subIFFTs............ n=   60  mean=  0.227336  std=  0.008905  min=  0.207979  max=  0.246665
Timings{0}> StridedWrite........ n=   60  mean=  2.49e-05  std=6.31247e-06  min=1.7215e-05  max= 5.843e-05
Timings{0}> GatherNUFFT2........ n=   30  mean= 0.0329563  std=0.00512352  min= 0.0252367  max=  0.040998
Timings{0}> ---------------------------------------------
