LandauDampingPIF{0}> Landau damping
LandauDampingPIF{0}> nt 10 Np= 1073741824 Fourier modes = ( 512 , 512 , 512 )
LandauDampingPIF{0}> particles created and initial conditions assigned 
LandauDampingPIF{0}> After init shape function 
LandauDampingPIF{0}> After init NUFFT 
LandauDampingPIF{0}> After update 
[Scatter] Auto-select: OutputFocused (tp=359.0 Mpts/s) for w=9 rho=1.13 (was Atomic)
[Scatter] Cache hit: method=OutputFocused w=9 cx=1 rho=1.13 -> tile=(2,3,3) team=256 osub=1 zb=32 tp=359.0 Mpts/s (rho_csv=1.25)
LandauDampingPIF{0}> After scatter 
LandauDampingPIF{0}> After gather 
LandauDampingPIF{0}> Starting iterations ...
LandauDampingPIF{0}> Finished time step: -2 time: 0.0122718
LandauDampingPIF{0}> Finished time step: -1 time: 0.0245437
LandauDampingPIF{0}> Finished time step: 0 time: 0.0368155
LandauDampingPIF{0}> Finished time step: 1 time: 0.0490874
LandauDampingPIF{0}> Finished time step: 2 time: 0.0613592
LandauDampingPIF{0}> Finished time step: 3 time: 0.0736311
LandauDampingPIF{0}> Finished time step: 4 time: 0.0859029
LandauDampingPIF{0}> Finished time step: 5 time: 0.0981748
LandauDampingPIF{0}> Finished time step: 6 time: 0.110447
LandauDampingPIF{0}> Finished time step: 7 time: 0.122718
LandauDampingPIF{0}> Finished time step: 8 time: 0.13499
LandauDampingPIF{0}> Finished time step: 9 time: 0.147262
LandauDampingPIF{0}> Finished time step: 10 time: 0.159534
LandauDampingPIF{0}> LandauDamping: End.
Timings{0}> ---------------------------------------------
Timings{0}>      Timing results for 256 rank(s):
Timings{0}> ---------------------------------------------
Timings{0}> mainTimer........... Wall tot =    3.43093
Timings{0}> 
Timings{0}> particlesCreation... Wall max =          0
Timings{0}>                      Wall avg =          0
Timings{0}>                      Wall min =          0
Timings{0}> 
Timings{0}> dumpData............ Wall max =  0.0432407
Timings{0}>                      Wall avg =  0.0328168
Timings{0}>                      Wall min =  0.0196626
Timings{0}> 
Timings{0}> kick................ Wall max = 0.000192345
Timings{0}>                      Wall avg = 0.000125608
Timings{0}>                      Wall min = 9.0079e-05
Timings{0}> 
Timings{0}> drift............... Wall max = 8.0574e-05
Timings{0}>                      Wall avg = 5.73444e-05
Timings{0}>                      Wall min =  4.147e-05
Timings{0}> 
Timings{0}> initializeShapeFunc. Wall max =          0
Timings{0}>                      Wall avg =          0
Timings{0}>                      Wall min =          0
Timings{0}> 
Timings{0}> findInternal........ Wall max =          0
Timings{0}>                      Wall avg =          0
Timings{0}>                      Wall min =          0
Timings{0}> 
Timings{0}> findPeriodic........ Wall max =          0
Timings{0}>                      Wall avg =          0
Timings{0}>                      Wall min =          0
Timings{0}> 
Timings{0}> NativeNUFFT::init... Wall max =          0
Timings{0}>                      Wall avg =          0
Timings{0}>                      Wall min =          0
Timings{0}> 
Timings{0}> particleBC.......... Wall max = 0.000162714
Timings{0}>                      Wall avg = 0.000119946
Timings{0}>                      Wall min = 8.3262e-05
Timings{0}> 
Timings{0}> updateParticle...... Wall max =   0.950226
Timings{0}>                      Wall avg =   0.599465
Timings{0}>                      Wall min =   0.197317
Timings{0}> 
Timings{0}> locateParticles..... Wall max = 0.00717389
Timings{0}>                      Wall avg = 0.00655605
Timings{0}>                      Wall min =  0.0059765
Timings{0}> 
Timings{0}> sendPreprocess...... Wall max = 0.00367877
Timings{0}>                      Wall avg =  0.0031094
Timings{0}>                      Wall min = 0.00242268
Timings{0}> 
Timings{0}> particleSend........ Wall max = 0.00855267
Timings{0}>                      Wall avg = 0.00811562
Timings{0}>                      Wall min = 0.00774539
Timings{0}> 
Timings{0}> particleRecv........ Wall max = 0.000502481
Timings{0}>                      Wall avg = 0.000420414
Timings{0}>                      Wall min = 0.000352503
Timings{0}> 
Timings{0}> particleDestroy..... Wall max = 0.00833481
Timings{0}>                      Wall avg = 0.00713485
Timings{0}>                      Wall min = 0.00650243
Timings{0}> 
Timings{0}> ScatterPIFNUFFT..... Wall max =    2.06149
Timings{0}>                      Wall avg =    1.65865
Timings{0}>                      Wall min =     1.3082
Timings{0}> 
Timings{0}> NativeNUFFT1........ Wall max =    2.05455
Timings{0}>                      Wall avg =    1.65093
Timings{0}>                      Wall min =    1.30149
Timings{0}> 
Timings{0}> scatterTimerNUFFT1.. Wall max =    1.64882
Timings{0}>                      Wall avg =    1.22183
Timings{0}>                      Wall min =   0.832397
Timings{0}> 
Timings{0}> binSort............. Wall max =  0.0340125
Timings{0}>                      Wall avg =  0.0285504
Timings{0}>                      Wall min =  0.0260787
Timings{0}> 
Timings{0}> binComputeKeys...... Wall max = 0.00276029
Timings{0}>                      Wall avg = 0.00246371
Timings{0}>                      Wall min = 0.00216774
Timings{0}> 
Timings{0}> binSortByKey........ Wall max =  0.0266213
Timings{0}>                      Wall avg =   0.024177
Timings{0}>                      Wall min =  0.0221343
Timings{0}> 
Timings{0}> binComputeOffsets... Wall max = 0.00646691
Timings{0}>                      Wall avg = 0.00186797
Timings{0}>                      Wall min = 0.00165368
Timings{0}> 
Timings{0}> FFTNUFFT1........... Wall max =   0.572468
Timings{0}>                      Wall avg =   0.428488
Timings{0}>                      Wall min =   0.313599
Timings{0}> 
Timings{0}> TwiddleAdd.......... Wall max = 0.00139391
Timings{0}>                      Wall avg = 0.000303732
Timings{0}>                      Wall min = 0.00025692
Timings{0}> 
Timings{0}> subFFTs............. Wall max =   0.571939
Timings{0}>                      Wall avg =   0.427971
Timings{0}>                      Wall min =   0.313155
Timings{0}> 
Timings{0}> deconvolutionNUFFT1. Wall max = 0.000795558
Timings{0}>                      Wall avg = 0.000590017
Timings{0}>                      Wall min = 0.000562449
Timings{0}> 
Timings{0}> GatherPIFNUFFT...... Wall max =    1.14423
Timings{0}>                      Wall avg =    1.12984
Timings{0}>                      Wall min =    1.11845
Timings{0}> 
Timings{0}> NativeNUFFT2........ Wall max =     1.1356
Timings{0}>                      Wall avg =    1.12165
Timings{0}>                      Wall min =    1.10928
Timings{0}> 
Timings{0}> PrecorrectionNUFFT2. Wall max = 0.00534155
Timings{0}>                      Wall avg =  0.0047217
Timings{0}>                      Wall min = 0.00407126
Timings{0}> 
Timings{0}> FFTNUFFT2........... Wall max =    0.91054
Timings{0}>                      Wall avg =   0.894909
Timings{0}>                      Wall min =   0.874198
Timings{0}> 
Timings{0}> subIFFTs............ Wall max =   0.908544
Timings{0}>                      Wall avg =   0.892765
Timings{0}>                      Wall min =   0.872011
Timings{0}> 
Timings{0}> StridedWrite........ Wall max = 0.00111958
Timings{0}>                      Wall avg = 0.000876597
Timings{0}>                      Wall min = 0.000750539
Timings{0}> 
Timings{0}> GatherNUFFT2........ Wall max =   0.125591
Timings{0}>                      Wall avg =   0.102629
Timings{0}>                      Wall min =  0.0883714
Timings{0}> 
Timings{0}> ---------------------------------------------
Timings{0}>      Measurement counts:
Timings{0}> ---------------------------------------------
Timings{0}> mainTimer........... Count =          1
Timings{0}> particlesCreation... Count =          0
Timings{0}> dumpData............ Count =         10
Timings{0}> kick................ Count =         20
Timings{0}> drift............... Count =         10
Timings{0}> initializeShapeFunc. Count =          0
Timings{0}> findInternal........ Count =          0
Timings{0}> findPeriodic........ Count =          0
Timings{0}> NativeNUFFT::init... Count =          0
Timings{0}> particleBC.......... Count =         10
Timings{0}> updateParticle...... Count =         10
Timings{0}> locateParticles..... Count =         10
Timings{0}> sendPreprocess...... Count =         10
Timings{0}> particleSend........ Count =         10
Timings{0}> particleRecv........ Count =         10
Timings{0}> particleDestroy..... Count =         10
Timings{0}> ScatterPIFNUFFT..... Count =         20
Timings{0}> NativeNUFFT1........ Count =         10
Timings{0}> scatterTimerNUFFT1.. Count =         10
Timings{0}> binSort............. Count =         40
Timings{0}> binComputeKeys...... Count =         40
Timings{0}> binSortByKey........ Count =         40
Timings{0}> binComputeOffsets... Count =         40
Timings{0}> FFTNUFFT1........... Count =         10
Timings{0}> TwiddleAdd.......... Count =         20
Timings{0}> subFFTs............. Count =         20
Timings{0}> deconvolutionNUFFT1. Count =         10
Timings{0}> GatherPIFNUFFT...... Count =         10
Timings{0}> NativeNUFFT2........ Count =         30
Timings{0}> PrecorrectionNUFFT2. Count =         30
Timings{0}> FFTNUFFT2........... Count =         30
Timings{0}> subIFFTs............ Count =         60
Timings{0}> StridedWrite........ Count =         60
Timings{0}> GatherNUFFT2........ Count =         30
Timings{0}> ---------------------------------------------
Timings{0}> ---------------------------------------------
Timings{0}>      Per-occurrence statistics:
Timings{0}> ---------------------------------------------
Timings{0}> mainTimer........... n=    1  mean=   3.43092  std=         0  min=   3.43092  max=   3.43092
Timings{0}> dumpData............ n=   10  mean=0.00263056  std=0.00269991  min= 0.0010751  max=0.00949156
Timings{0}> kick................ n=   20  mean=9.61725e-06  std=3.22665e-06  min= 5.183e-06  max=1.4239e-05
Timings{0}> drift............... n=   10  mean=4.9087e-06  std=6.21327e-07  min= 4.192e-06  max= 6.048e-06
Timings{0}> particleBC.......... n=   10  mean=9.5709e-06  std=7.40641e-07  min= 8.064e-06  max=1.0528e-05
Timings{0}> updateParticle...... n=   10  mean= 0.0545682  std= 0.0483292  min=0.00343481  max=  0.164372
Timings{0}> locateParticles..... n=   10  mean=  0.000691  std= 5.016e-06  min=0.000680364  max=0.00069694
Timings{0}> sendPreprocess...... n=   10  mean=0.000274501  std=1.33623e-05  min=0.000261688  max=0.000303927
Timings{0}> particleSend........ n=   10  mean=0.000831012  std=2.45646e-05  min=0.000803208  max=0.000880838
Timings{0}> particleRecv........ n=   10  mean=4.33456e-05  std=3.44869e-06  min=3.8591e-05  max=4.9822e-05
Timings{0}> particleDestroy..... n=   10  mean=0.000728551  std=2.96416e-06  min=0.000724299  max=0.00073409
Timings{0}> ScatterPIFNUFFT..... n=   20  mean= 0.0856676  std= 0.0946862  min= 5.856e-06  max=  0.265158
Timings{0}> NativeNUFFT1........ n=   10  mean=  0.170674  std= 0.0512001  min= 0.0755182  max=  0.264454
Timings{0}> scatterTimerNUFFT1.. n=   10  mean=  0.127107  std= 0.0534472  min= 0.0463121  max=  0.217484
Timings{0}> binSort............. n=   40  mean=0.000772985  std=1.08094e-05  min=0.000754345  max=0.000795784
Timings{0}> binComputeKeys...... n=   40  mean=6.66844e-05  std=2.61323e-06  min=6.2846e-05  max=7.5358e-05
Timings{0}> binSortByKey........ n=   40  mean=0.000657579  std=1.00444e-05  min=0.000640621  max=0.000682859
Timings{0}> binComputeOffsets... n=   40  mean=4.81755e-05  std=  2.59e-06  min=4.4191e-05  max=5.7535e-05
Timings{0}> FFTNUFFT1........... n=   10  mean= 0.0435048  std= 0.0217909  min= 0.0264438  max= 0.0931481
Timings{0}> TwiddleAdd.......... n=   20  mean=1.41451e-05  std=9.7561e-07  min=1.2319e-05  max=1.5679e-05
Timings{0}> subFFTs............. n=   20  mean= 0.0217273  std= 0.0157994  min= 0.0126843  max= 0.0768116
Timings{0}> deconvolutionNUFFT1. n=   10  mean=6.00045e-05  std=1.02413e-06  min=5.8782e-05  max=6.1694e-05
Timings{0}> GatherPIFNUFFT...... n=   10  mean=  0.113519  std=0.00429168  min=  0.106969  max=  0.119324
Timings{0}> NativeNUFFT2........ n=   30  mean= 0.0375917  std=0.00319764  min= 0.0336901  max= 0.0461186
Timings{0}> PrecorrectionNUFFT2. n=   30  mean=0.00017523  std=6.27073e-05  min=8.7037e-05  max=0.000227481
Timings{0}> FFTNUFFT2........... n=   30  mean= 0.0294152  std=0.00277197  min= 0.0258716  max= 0.0355635
Timings{0}> subIFFTs............ n=   60  mean= 0.0146696  std= 0.0023414  min= 0.0123631  max= 0.0222729
Timings{0}> StridedWrite........ n=   60  mean=1.63051e-05  std=1.18787e-05  min=   1.2e-05  max=0.000105469
Timings{0}> GatherNUFFT2........ n=   30  mean=0.00367816  std=0.00180388  min=0.00274021  max=  0.009417
Timings{0}> ---------------------------------------------
