
================================================================================
NUFFT Scaling Benchmark
================================================================================
Number of ranks: 128
Grid size:       512^3
Particles:       1073741824 (8 per point)
Tolerance:       0.0001
CSV output:      results/nufft_scaling_128.csv
Component CSV:   results/nufft_components_128.csv

=== Benchmarking NUFFT Type 1 ===
Grid size:       512^3
Total particles: 1073741824
Local particles: 8388608
Spread method:   output_focused
Tolerance:       0.0001
Warmup runs:     3
Benchmark runs:  10
Running warmup...
Running benchmark...

NUFFT Type 1 Results:
  Ranks:       128
  Grid:        512^3
  Particles:   1073741824
  Mean time:   331.170 ms
  Min time:    327.108 ms
  Max time:    339.196 ms
  Stddev:      4.608 ms
  Throughput:  3242.27 Mpts/s

=== Benchmarking NUFFT Type 2 ===
Grid size:       512^3
Total particles: 1073741824
Local particles: 8388608
Gather method:   atomic_sort
Tolerance:       0.00
Warmup runs:     3
Benchmark runs:  10
Running warmup...
Running benchmark...

NUFFT Type 2 Results:
  Ranks:       128
  Grid:        512^3
  Particles:   1073741824
  Mean time:   265.053 ms
  Min time:    258.445 ms
  Max time:    271.498 ms
  Stddev:      3.515 ms
  Throughput:  4051.04 Mpts/s
[CSV] Timings written to results/nufft_scaling_128.csv

==================================================
COMPONENT TIMING BREAKDOWN
==================================================

Type-1 (spreading):
----------------------------------------
Scatter (spreading)           74.49 ms
FFT (forward)                250.33 ms
Deconvolution                  0.04 ms

Type-2 (interpolation):
----------------------------------------
Precorrection                  0.06 ms
FFT (backward)               262.32 ms
Gather (interpolation)        12.84 ms

Total:
----------------------------------------
Complete Type-1              324.86 ms
Complete Type-2              275.24 ms
[CSV] Component timings written to results/nufft_components_128.csv

================================================================================
SUMMARY
================================================================================
Type 1: 331.170 ms (3242.27 Mpts/s)
Type 2: 265.05 ms (4051.04 Mpts/s)
================================================================================
