LandauDampingPIF{0}> Landau damping
LandauDampingPIF{0}> nt 10 Np= 1073741824 Fourier modes = ( 512 , 512 , 512 )
LandauDampingPIF{0}> particles created and initial conditions assigned 
LandauDampingPIF{0}> After init shape function 
LandauDampingPIF{0}> After init NUFFT 
LandauDampingPIF{0}> After update 
[Scatter] Cache hit: method=Tiled w=5 cx=1 rho=1.15 -> tile=(5,5,2) team=64 osub=2 zb=1 tp=566.4 Mpts/s (rho_csv=10.00)
LandauDampingPIF{0}> After scatter 
LandauDampingPIF{0}> After gather 
LandauDampingPIF{0}> Starting iterations ...
LandauDampingPIF{0}> Finished time step: -2 time: 0.0122718
LandauDampingPIF{0}> Finished time step: -1 time: 0.0245437
LandauDampingPIF{0}> Finished time step: 0 time: 0.0368155
LandauDampingPIF{0}> Finished time step: 1 time: 0.0490874
LandauDampingPIF{0}> Finished time step: 2 time: 0.0613592
LandauDampingPIF{0}> Finished time step: 3 time: 0.0736311
LandauDampingPIF{0}> Finished time step: 4 time: 0.0859029
LandauDampingPIF{0}> Finished time step: 5 time: 0.0981748
LandauDampingPIF{0}> Finished time step: 6 time: 0.110447
LandauDampingPIF{0}> Finished time step: 7 time: 0.122718
LandauDampingPIF{0}> Finished time step: 8 time: 0.13499
LandauDampingPIF{0}> Finished time step: 9 time: 0.147262
LandauDampingPIF{0}> Finished time step: 10 time: 0.159534
LandauDampingPIF{0}> LandauDamping: End.
Timings{0}> ---------------------------------------------
Timings{0}>      Timing results for 1024 rank(s):
Timings{0}> ---------------------------------------------
Timings{0}> mainTimer........... Wall tot =    36.4161
Timings{0}> 
Timings{0}> particlesCreation... Wall max =          0
Timings{0}>                      Wall avg =          0
Timings{0}>                      Wall min =          0
Timings{0}> 
Timings{0}> dumpData............ Wall max =  0.0618161
Timings{0}>                      Wall avg =   0.048377
Timings{0}>                      Wall min =  0.0372135
Timings{0}> 
Timings{0}> kick................ Wall max = 0.00199462
Timings{0}>                      Wall avg = 0.00163214
Timings{0}>                      Wall min =  0.0014268
Timings{0}> 
Timings{0}> drift............... Wall max = 0.00117719
Timings{0}>                      Wall avg = 0.000802685
Timings{0}>                      Wall min = 0.000705625
Timings{0}> 
Timings{0}> particleBC.......... Wall max = 0.00262388
Timings{0}>                      Wall avg = 0.00214398
Timings{0}>                      Wall min = 0.00187253
Timings{0}> 
Timings{0}> initializeShapeFunc. Wall max =          0
Timings{0}>                      Wall avg =          0
Timings{0}>                      Wall min =          0
Timings{0}> 
Timings{0}> findInternal........ Wall max =          0
Timings{0}>                      Wall avg =          0
Timings{0}>                      Wall min =          0
Timings{0}> 
Timings{0}> findPeriodic........ Wall max =          0
Timings{0}>                      Wall avg =          0
Timings{0}>                      Wall min =          0
Timings{0}> 
Timings{0}> NativeNUFFT::init... Wall max =          0
Timings{0}>                      Wall avg =          0
Timings{0}>                      Wall min =          0
Timings{0}> 
Timings{0}> updateParticle...... Wall max =  0.0709948
Timings{0}>                      Wall avg =  0.0637017
Timings{0}>                      Wall min =  0.0561908
Timings{0}> 
Timings{0}> locateParticles..... Wall max = 0.00774775
Timings{0}>                      Wall avg = 0.00655827
Timings{0}>                      Wall min = 0.00584991
Timings{0}> 
Timings{0}> sendPreprocess...... Wall max = 0.00837211
Timings{0}>                      Wall avg = 0.00712309
Timings{0}>                      Wall min = 0.00558979
Timings{0}> 
Timings{0}> particleSend........ Wall max =  0.0185587
Timings{0}>                      Wall avg =  0.0146259
Timings{0}>                      Wall min =  0.0125933
Timings{0}> 
Timings{0}> particleRecv........ Wall max = 0.00193035
Timings{0}>                      Wall avg = 0.00139277
Timings{0}>                      Wall min =  0.0011411
Timings{0}> 
Timings{0}> particleDestroy..... Wall max =  0.0114557
Timings{0}>                      Wall avg = 0.00959911
Timings{0}>                      Wall min = 0.00856082
Timings{0}> 
Timings{0}> ScatterPIFNUFFT..... Wall max =    2.42856
Timings{0}>                      Wall avg =    2.40847
Timings{0}>                      Wall min =    2.38407
Timings{0}> 
Timings{0}> NativeNUFFT1........ Wall max =    2.42516
Timings{0}>                      Wall avg =    2.40489
Timings{0}>                      Wall min =     2.3804
Timings{0}> 
Timings{0}> scatterTimerNUFFT1.. Wall max =  0.0966324
Timings{0}>                      Wall avg =  0.0883852
Timings{0}>                      Wall min =  0.0816167
Timings{0}> 
Timings{0}> binSort............. Wall max = 0.00961516
Timings{0}>                      Wall avg = 0.00840652
Timings{0}>                      Wall min = 0.00784353
Timings{0}> 
Timings{0}> binComputeKeys...... Wall max = 0.000737302
Timings{0}>                      Wall avg = 0.000513689
Timings{0}>                      Wall min = 0.00045369
Timings{0}> 
Timings{0}> binSortByKey........ Wall max = 0.00858572
Timings{0}>                      Wall avg = 0.00739145
Timings{0}>                      Wall min = 0.00691259
Timings{0}> 
Timings{0}> binComputeOffsets... Wall max = 0.000704536
Timings{0}>                      Wall avg = 0.00046732
Timings{0}>                      Wall min = 0.000427501
Timings{0}> 
Timings{0}> FFTNUFFT1........... Wall max =    2.33889
Timings{0}>                      Wall avg =    2.31603
Timings{0}>                      Wall min =    2.29495
Timings{0}> 
Timings{0}> deconvolutionNUFFT1. Wall max = 0.000764324
Timings{0}>                      Wall avg = 0.000435082
Timings{0}>                      Wall min = 0.000394547
Timings{0}> 
Timings{0}> GatherPIFNUFFT...... Wall max =    33.9075
Timings{0}>                      Wall avg =    33.8874
Timings{0}>                      Wall min =    33.8668
Timings{0}> 
Timings{0}> NativeNUFFT2........ Wall max =    33.8987
Timings{0}>                      Wall avg =    33.8791
Timings{0}>                      Wall min =    33.8588
Timings{0}> 
Timings{0}> PrecorrectionNUFFT2. Wall max = 0.00324196
Timings{0}>                      Wall avg = 0.00229299
Timings{0}>                      Wall min = 0.00209568
Timings{0}> 
Timings{0}> FFTNUFFT2........... Wall max =    33.6187
Timings{0}>                      Wall avg =    33.5622
Timings{0}>                      Wall min =    33.5056
Timings{0}> 
Timings{0}> GatherNUFFT2........ Wall max =   0.381687
Timings{0}>                      Wall avg =   0.314447
Timings{0}>                      Wall min =   0.245152
Timings{0}> 
Timings{0}> ---------------------------------------------
Timings{0}>      Measurement counts:
Timings{0}> ---------------------------------------------
Timings{0}> mainTimer........... Count =          1
Timings{0}> particlesCreation... Count =          0
Timings{0}> dumpData............ Count =         10
Timings{0}> kick................ Count =         20
Timings{0}> drift............... Count =         10
Timings{0}> particleBC.......... Count =         10
Timings{0}> initializeShapeFunc. Count =          0
Timings{0}> findInternal........ Count =          0
Timings{0}> findPeriodic........ Count =          0
Timings{0}> NativeNUFFT::init... Count =          0
Timings{0}> updateParticle...... Count =         10
Timings{0}> locateParticles..... Count =         10
Timings{0}> sendPreprocess...... Count =         10
Timings{0}> particleSend........ Count =         10
Timings{0}> particleRecv........ Count =         10
Timings{0}> particleDestroy..... Count =         10
Timings{0}> ScatterPIFNUFFT..... Count =         20
Timings{0}> NativeNUFFT1........ Count =         10
Timings{0}> scatterTimerNUFFT1.. Count =         10
Timings{0}> binSort............. Count =         10
Timings{0}> binComputeKeys...... Count =         10
Timings{0}> binSortByKey........ Count =         10
Timings{0}> binComputeOffsets... Count =         10
Timings{0}> FFTNUFFT1........... Count =         10
Timings{0}> deconvolutionNUFFT1. Count =         10
Timings{0}> GatherPIFNUFFT...... Count =         10
Timings{0}> NativeNUFFT2........ Count =         30
Timings{0}> PrecorrectionNUFFT2. Count =         30
Timings{0}> FFTNUFFT2........... Count =         30
Timings{0}> GatherNUFFT2........ Count =         30
Timings{0}> ---------------------------------------------
Timings{0}> ---------------------------------------------
Timings{0}>      Per-occurrence statistics:
Timings{0}> ---------------------------------------------
Timings{0}> mainTimer........... n=    1  mean=   36.4159  std=         0  min=   36.4159  max=   36.4159
Timings{0}> dumpData............ n=   10  mean=0.00490833  std=0.000947835  min=0.00388164  max=  0.006578
Timings{0}> kick................ n=   20  mean=9.17947e-05  std=1.43214e-06  min=8.9493e-05  max=9.4182e-05
Timings{0}> drift............... n=   10  mean=8.8321e-05  std=7.8895e-07  min=8.7249e-05  max=8.9663e-05
Timings{0}> particleBC.......... n=   10  mean=0.000240233  std=2.14548e-06  min=0.00023766  max=0.000243701
Timings{0}> updateParticle...... n=   10  mean= 0.0065519  std=0.000859345  min=0.00538905  max=0.00816706
Timings{0}> locateParticles..... n=   10  mean=0.000669165  std=2.01283e-05  min=0.000652543  max=0.00072307
Timings{0}> sendPreprocess...... n=   10  mean=0.000676204  std=0.000111698  min=0.000484397  max=0.000788095
Timings{0}> particleSend........ n=   10  mean=0.00155704  std=3.72245e-05  min=0.00152177  max=0.00162717
Timings{0}> particleRecv........ n=   10  mean=0.000145377  std=2.79084e-05  min=0.000127346  max=0.00022248
Timings{0}> particleDestroy..... n=   10  mean=0.000937886  std=8.63643e-06  min=0.000930791  max=0.000960168
Timings{0}> ScatterPIFNUFFT..... n=   20  mean=  0.119609  std=  0.473163  min=9.1678e-05  max=   2.12891
Timings{0}> NativeNUFFT1........ n=   10  mean=  0.238845  std=  0.664003  min=   0.02743  max=   2.12863
Timings{0}> scatterTimerNUFFT1.. n=   10  mean=0.00858142  std=0.000524723  min=0.00776866  max= 0.0092169
Timings{0}> binSort............. n=   10  mean=0.000867985  std=6.1641e-06  min=0.000859213  max=0.000877047
Timings{0}> binComputeKeys...... n=   10  mean=5.69832e-05  std=1.53077e-06  min=5.3594e-05  max=5.9354e-05
Timings{0}> binSortByKey........ n=   10  mean=0.000758781  std=5.22191e-06  min=0.000751484  max=0.000767305
Timings{0}> binComputeOffsets... n=   10  mean= 4.904e-05  std=1.93731e-06  min=4.6219e-05  max= 5.174e-05
Timings{0}> FFTNUFFT1........... n=   10  mean=    0.2302  std=  0.663779  min=  0.018803  max=   2.11934
Timings{0}> deconvolutionNUFFT1. n=   10  mean=5.91636e-05  std=1.11443e-06  min=5.8033e-05  max=6.1309e-05
Timings{0}> GatherPIFNUFFT...... n=   10  mean=   3.39005  std=   6.79864  min= 0.0965364  max=   21.9663
Timings{0}> NativeNUFFT2........ n=   30  mean=   1.12972  std=   2.30028  min= 0.0287908  max=   8.14093
Timings{0}> PrecorrectionNUFFT2. n=   30  mean=9.57376e-05  std=3.04095e-06  min=9.0625e-05  max=0.00010336
Timings{0}> FFTNUFFT2........... n=   30  mean=    1.1175  std=   2.30047  min= 0.0169683  max=   8.12875
Timings{0}> GatherNUFFT2........ n=   30  mean= 0.0121212  std=0.000867546  min= 0.0104479  max= 0.0149309
Timings{0}> ---------------------------------------------

MPICH Slingshot Network Summary: 212 network timeouts

