
================================================================================
NUFFT Scaling Benchmark
================================================================================
Number of ranks: 128
Grid size:       512^3
Upsampled grid:  1024^3 (sigma=2)
Particles:       1073741824 (8 per point)
Tolerance:       0.0001
CSV output:      results/nufft_scaling_128_upsampled.csv
Component CSV:   results/nufft_components_128_upsampled.csv

=== Benchmarking NUFFT Type 1 ===
Grid size:       512^3
Upsampled grid:  1024^3 (sigma=2)
Total particles: 1073741824
Local particles: 8388608
Spread method:   output_focused
Tolerance:       0.0001
Warmup runs:     3
Benchmark runs:  10
Running warmup...
Running benchmark...

NUFFT Type 1 Results:
  Ranks:       128
  Grid:        512^3
  Particles:   1073741824
  Mean time:   200.833 ms
  Min time:    199.554 ms
  Max time:    203.403 ms
  Stddev:      1.062 ms
  Throughput:  5346.43 Mpts/s

=== Benchmarking NUFFT Type 2 ===
Grid size:       512^3
Upsampled grid:  1024^3 (sigma=2.00)
Total particles: 1073741824
Local particles: 8388608
Gather method:   atomic_sort
Tolerance:       0.00
Warmup runs:     3
Benchmark runs:  10
Running warmup...
Running benchmark...

NUFFT Type 2 Results:
  Ranks:       128
  Grid:        512^3
  Particles:   1073741824
  Mean time:   134.893 ms
  Min time:    133.985 ms
  Max time:    137.179 ms
  Stddev:      0.719 ms
  Throughput:  7959.95 Mpts/s
[CSV] Timings written to results/nufft_scaling_128_upsampled.csv

==================================================
COMPONENT TIMING BREAKDOWN
==================================================

Type-1 (spreading):
----------------------------------------
Scatter (spreading)           74.04 ms
FFT (forward)                120.96 ms
Deconvolution                  0.23 ms

Type-2 (interpolation):
----------------------------------------
Precorrection                  0.34 ms
FFT (backward)               136.30 ms
Gather (interpolation)        11.57 ms

Total:
----------------------------------------
Complete Type-1              195.24 ms
Complete Type-2              148.23 ms
[CSV] Component timings written to results/nufft_components_128_upsampled.csv

================================================================================
SUMMARY
================================================================================
Type 1: 200.833 ms (5346.43 Mpts/s)
Type 2: 134.89 ms (7959.95 Mpts/s)
================================================================================
