LandauDampingPIF{0}> Landau damping
LandauDampingPIF{0}> nt 10 Np= 1073741824 Fourier modes = ( 512 , 512 , 512 )
LandauDampingPIF{0}> particles created and initial conditions assigned 
LandauDampingPIF{0}> After init shape function 
LandauDampingPIF{0}> After init NUFFT 
LandauDampingPIF{0}> After update 
[Scatter] Auto-select: OutputFocused (tp=747.1 Mpts/s) for w=5 rho=1.14 (was Atomic)
[Scatter] Cache hit: method=OutputFocused w=5 cx=1 rho=1.14 -> tile=(5,3,5) team=128 osub=1 zb=29 tp=747.1 Mpts/s (rho_csv=1.25)
LandauDampingPIF{0}> After scatter 
LandauDampingPIF{0}> After gather 
LandauDampingPIF{0}> Starting iterations ...
LandauDampingPIF{0}> Finished time step: -2 time: 0.0122718
LandauDampingPIF{0}> Finished time step: -1 time: 0.0245437
LandauDampingPIF{0}> Finished time step: 0 time: 0.0368155
LandauDampingPIF{0}> Finished time step: 1 time: 0.0490874
LandauDampingPIF{0}> Finished time step: 2 time: 0.0613592
LandauDampingPIF{0}> Finished time step: 3 time: 0.0736311
LandauDampingPIF{0}> Finished time step: 4 time: 0.0859029
LandauDampingPIF{0}> Finished time step: 5 time: 0.0981748
LandauDampingPIF{0}> Finished time step: 6 time: 0.110447
LandauDampingPIF{0}> Finished time step: 7 time: 0.122718
LandauDampingPIF{0}> Finished time step: 8 time: 0.13499
LandauDampingPIF{0}> Finished time step: 9 time: 0.147262
LandauDampingPIF{0}> Finished time step: 10 time: 0.159534
LandauDampingPIF{0}> LandauDamping: End.
Timings{0}> ---------------------------------------------
Timings{0}>      Timing results for 512 rank(s):
Timings{0}> ---------------------------------------------
Timings{0}> mainTimer........... Wall tot =    1.81849
Timings{0}> 
Timings{0}> particlesCreation... Wall max =          0
Timings{0}>                      Wall avg =          0
Timings{0}>                      Wall min =          0
Timings{0}> 
Timings{0}> dumpData............ Wall max =  0.0436718
Timings{0}>                      Wall avg =  0.0361127
Timings{0}>                      Wall min =  0.0281609
Timings{0}> 
Timings{0}> kick................ Wall max = 0.00277681
Timings{0}>                      Wall avg = 0.00243744
Timings{0}>                      Wall min =  0.0021341
Timings{0}> 
Timings{0}> drift............... Wall max = 0.00142519
Timings{0}>                      Wall avg = 0.00126028
Timings{0}>                      Wall min = 0.00111091
Timings{0}> 
Timings{0}> particleBC.......... Wall max = 0.00278028
Timings{0}>                      Wall avg = 0.00243093
Timings{0}>                      Wall min =  0.0021618
Timings{0}> 
Timings{0}> initializeShapeFunc. Wall max =          0
Timings{0}>                      Wall avg =          0
Timings{0}>                      Wall min =          0
Timings{0}> 
Timings{0}> findInternal........ Wall max =          0
Timings{0}>                      Wall avg =          0
Timings{0}>                      Wall min =          0
Timings{0}> 
Timings{0}> findPeriodic........ Wall max =          0
Timings{0}>                      Wall avg =          0
Timings{0}>                      Wall min =          0
Timings{0}> 
Timings{0}> NativeNUFFT::init... Wall max =          0
Timings{0}>                      Wall avg =          0
Timings{0}>                      Wall min =          0
Timings{0}> 
Timings{0}> updateParticle...... Wall max =  0.0597225
Timings{0}>                      Wall avg =  0.0491303
Timings{0}>                      Wall min =  0.0439516
Timings{0}> 
Timings{0}> locateParticles..... Wall max = 0.00367458
Timings{0}>                      Wall avg = 0.00334182
Timings{0}>                      Wall min = 0.00315314
Timings{0}> 
Timings{0}> sendPreprocess...... Wall max =  0.0078885
Timings{0}>                      Wall avg = 0.00714814
Timings{0}>                      Wall min =  0.0061705
Timings{0}> 
Timings{0}> particleSend........ Wall max =  0.0146478
Timings{0}>                      Wall avg =  0.0104648
Timings{0}>                      Wall min = 0.00984913
Timings{0}> 
Timings{0}> particleRecv........ Wall max = 0.00124067
Timings{0}>                      Wall avg = 0.00087895
Timings{0}>                      Wall min = 0.000778956
Timings{0}> 
Timings{0}> particleDestroy..... Wall max = 0.00927312
Timings{0}>                      Wall avg = 0.00735754
Timings{0}>                      Wall min = 0.00634219
Timings{0}> 
Timings{0}> ScatterPIFNUFFT..... Wall max =   0.497163
Timings{0}>                      Wall avg =   0.488005
Timings{0}>                      Wall min =   0.473207
Timings{0}> 
Timings{0}> NativeNUFFT1........ Wall max =   0.489421
Timings{0}>                      Wall avg =   0.479299
Timings{0}>                      Wall min =   0.416117
Timings{0}> 
Timings{0}> scatterTimerNUFFT1.. Wall max =   0.131789
Timings{0}>                      Wall avg =  0.0793397
Timings{0}>                      Wall min =  0.0518108
Timings{0}> 
Timings{0}> binSort............. Wall max =  0.0352911
Timings{0}>                      Wall avg =   0.031788
Timings{0}>                      Wall min =  0.0284468
Timings{0}> 
Timings{0}> binComputeKeys...... Wall max =  0.0035981
Timings{0}>                      Wall avg = 0.00324095
Timings{0}>                      Wall min = 0.00290614
Timings{0}> 
Timings{0}> binSortByKey........ Wall max =  0.0291354
Timings{0}>                      Wall avg =  0.0260964
Timings{0}>                      Wall min =  0.0231927
Timings{0}> 
Timings{0}> binComputeOffsets... Wall max = 0.00227188
Timings{0}>                      Wall avg = 0.00205442
Timings{0}>                      Wall min =   0.001934
Timings{0}> 
Timings{0}> FFTNUFFT1........... Wall max =   0.425576
Timings{0}>                      Wall avg =    0.39932
Timings{0}>                      Wall min =   0.346308
Timings{0}> 
Timings{0}> deconvolutionNUFFT1. Wall max = 0.000794863
Timings{0}>                      Wall avg = 0.00052002
Timings{0}>                      Wall min = 0.000468824
Timings{0}> 
Timings{0}> GatherPIFNUFFT...... Wall max =    1.23759
Timings{0}>                      Wall avg =    1.22344
Timings{0}>                      Wall min =    1.21278
Timings{0}> 
Timings{0}> NativeNUFFT2........ Wall max =    1.22165
Timings{0}>                      Wall avg =    1.20875
Timings{0}>                      Wall min =    1.19353
Timings{0}> 
Timings{0}> PrecorrectionNUFFT2. Wall max = 0.00351738
Timings{0}>                      Wall avg = 0.00278043
Timings{0}>                      Wall min =  0.0026093
Timings{0}> 
Timings{0}> FFTNUFFT2........... Wall max =     1.0935
Timings{0}>                      Wall avg =    1.07448
Timings{0}>                      Wall min =     1.0618
Timings{0}> 
Timings{0}> GatherNUFFT2........ Wall max =   0.149052
Timings{0}>                      Wall avg =   0.130906
Timings{0}>                      Wall min =   0.113563
Timings{0}> 
Timings{0}> ---------------------------------------------
Timings{0}>      Measurement counts:
Timings{0}> ---------------------------------------------
Timings{0}> mainTimer........... Count =          1
Timings{0}> particlesCreation... Count =          0
Timings{0}> dumpData............ Count =         10
Timings{0}> kick................ Count =         20
Timings{0}> drift............... Count =         10
Timings{0}> particleBC.......... Count =         10
Timings{0}> initializeShapeFunc. Count =          0
Timings{0}> findInternal........ Count =          0
Timings{0}> findPeriodic........ Count =          0
Timings{0}> NativeNUFFT::init... Count =          0
Timings{0}> updateParticle...... Count =         10
Timings{0}> locateParticles..... Count =         10
Timings{0}> sendPreprocess...... Count =         10
Timings{0}> particleSend........ Count =         10
Timings{0}> particleRecv........ Count =         10
Timings{0}> particleDestroy..... Count =         10
Timings{0}> ScatterPIFNUFFT..... Count =         20
Timings{0}> NativeNUFFT1........ Count =         10
Timings{0}> scatterTimerNUFFT1.. Count =         10
Timings{0}> binSort............. Count =         40
Timings{0}> binComputeKeys...... Count =         40
Timings{0}> binSortByKey........ Count =         40
Timings{0}> binComputeOffsets... Count =         40
Timings{0}> FFTNUFFT1........... Count =         10
Timings{0}> deconvolutionNUFFT1. Count =         10
Timings{0}> GatherPIFNUFFT...... Count =         10
Timings{0}> NativeNUFFT2........ Count =         30
Timings{0}> PrecorrectionNUFFT2. Count =         30
Timings{0}> FFTNUFFT2........... Count =         30
Timings{0}> GatherNUFFT2........ Count =         30
Timings{0}> ---------------------------------------------
Timings{0}> ---------------------------------------------
Timings{0}>      Per-occurrence statistics:
Timings{0}> ---------------------------------------------
Timings{0}> mainTimer........... n=    1  mean=   1.81848  std=         0  min=   1.81848  max=   1.81848
Timings{0}> dumpData............ n=   10  mean=0.00320993  std=0.00163037  min=0.00160684  max=0.00625478
Timings{0}> kick................ n=   20  mean=0.00013884  std=1.18595e-05  min=0.000125471  max=0.00015491
Timings{0}> drift............... n=   10  mean=0.000140772  std=6.52601e-07  min=0.00013969  max=0.00014195
Timings{0}> particleBC.......... n=   10  mean=0.000275005  std=1.35342e-06  min=0.00027394  max=0.000278251
Timings{0}> updateParticle...... n=   10  mean=0.00542293  std=0.00125872  min=0.00421944  max=0.00764834
Timings{0}> locateParticles..... n=   10  mean=0.000334437  std=3.87924e-06  min=0.000330461  max=0.000341411
Timings{0}> sendPreprocess...... n=   10  mean=0.000642764  std=0.000192583  min=0.000366651  max=0.000870113
Timings{0}> particleSend........ n=   10  mean=0.00102907  std=4.53449e-05  min=0.000985753  max=0.00113269
Timings{0}> particleRecv........ n=   10  mean=8.17151e-05  std=6.02384e-06  min=  7.19e-05  max= 8.839e-05
Timings{0}> particleDestroy..... n=   10  mean=0.000808739  std=2.86975e-06  min=0.000806063  max=0.000816043
Timings{0}> ScatterPIFNUFFT..... n=   20  mean= 0.0236604  std= 0.0272826  min= 8.646e-05  max= 0.0992865
Timings{0}> NativeNUFFT1........ n=   10  mean= 0.0465241  std= 0.0184176  min= 0.0392214  max= 0.0987883
Timings{0}> scatterTimerNUFFT1.. n=   10  mean=  0.005518  std=0.00113024  min=0.00454495  max=0.00765586
Timings{0}> binSort............. n=   40  mean=0.000878362  std=2.06014e-05  min=0.000842283  max=0.000967922
Timings{0}> binComputeKeys...... n=   40  mean=8.86935e-05  std=1.67792e-06  min= 8.527e-05  max= 9.062e-05
Timings{0}> binSortByKey........ n=   40  mean=0.000726828  std=1.77444e-05  min=0.000697972  max=0.000813912
Timings{0}> binComputeOffsets... n=   40  mean=5.33858e-05  std=2.55277e-06  min= 4.927e-05  max=6.3501e-05
Timings{0}> FFTNUFFT1........... n=   10  mean= 0.0409226  std= 0.0187193  min= 0.0340458  max= 0.0941462
Timings{0}> deconvolutionNUFFT1. n=   10  mean=7.24051e-05  std=8.25959e-07  min= 7.098e-05  max= 7.361e-05
Timings{0}> GatherPIFNUFFT...... n=   10  mean=  0.123759  std=0.00201297  min=  0.121115  max=  0.127943
Timings{0}> NativeNUFFT2........ n=   30  mean= 0.0407217  std=0.00171761  min= 0.0391374  max= 0.0459389
Timings{0}> PrecorrectionNUFFT2. n=   30  mean=0.000115166  std=1.04339e-06  min=0.000113781  max=0.000118181
Timings{0}> FFTNUFFT2........... n=   30  mean= 0.0356482  std=0.00151745  min= 0.0339018  max= 0.0410342
Timings{0}> GatherNUFFT2........ n=   30  mean=0.00493867  std=0.000628283  min=0.00396597  max=0.00662383
Timings{0}> ---------------------------------------------
