
================================================================================
NUFFT Scaling Benchmark
================================================================================
Number of ranks: 16
Grid size:       512^3
Upsampled grid:  1024^3 (sigma=2)
Particles:       1073741824 (8 per point)
Tolerance:       0.0001
CSV output:      results/nufft_scaling_16_upsampled.csv
Component CSV:   results/nufft_components_16_upsampled.csv

=== Benchmarking NUFFT Type 1 ===
Grid size:       512^3
Upsampled grid:  1024^3 (sigma=2)
Total particles: 1073741824
Local particles: 67108864
Spread method:   output_focused
Tolerance:       0.0001
Warmup runs:     3
Benchmark runs:  10
Running warmup...
Running benchmark...

NUFFT Type 1 Results:
  Ranks:       16
  Grid:        512^3
  Particles:   1073741824
  Mean time:   2435.090 ms
  Min time:    2421.745 ms
  Max time:    2450.971 ms
  Stddev:      9.150 ms
  Throughput:  440.95 Mpts/s

=== Benchmarking NUFFT Type 2 ===
Grid size:       512^3
Upsampled grid:  1024^3 (sigma=2.00)
Total particles: 1073741824
Local particles: 67108864
Gather method:   atomic_sort
Tolerance:       0.00
Warmup runs:     3
Benchmark runs:  10
Running warmup...
Running benchmark...

NUFFT Type 2 Results:
  Ranks:       16
  Grid:        512^3
  Particles:   1073741824
  Mean time:   635.806 ms
  Min time:    624.438 ms
  Max time:    655.791 ms
  Stddev:      9.689 ms
  Throughput:  1688.79 Mpts/s
[CSV] Timings written to results/nufft_scaling_16_upsampled.csv

==================================================
COMPONENT TIMING BREAKDOWN
==================================================

Type-1 (spreading):
----------------------------------------
Scatter (spreading)         2021.20 ms
FFT (forward)                402.45 ms
Deconvolution                  1.42 ms

Type-2 (interpolation):
----------------------------------------
Precorrection                  2.34 ms
FFT (backward)               401.78 ms
Gather (interpolation)       219.21 ms

Total:
----------------------------------------
Complete Type-1             2425.07 ms
Complete Type-2              623.33 ms
[CSV] Component timings written to results/nufft_components_16_upsampled.csv

================================================================================
SUMMARY
================================================================================
Type 1: 2435.090 ms (440.95 Mpts/s)
Type 2: 635.81 ms (1688.79 Mpts/s)
================================================================================
