
================================================================================
NUFFT Scaling Benchmark
================================================================================
Number of ranks: 256
Grid size:       1024^3
Particles:       8589934592 (8 per point)
Tolerance:       0.0001
CSV output:      results/nufft_scaling_256.csv
Component CSV:   results/nufft_components_256.csv

=== Benchmarking NUFFT Type 1 ===
Grid size:       1024^3
Total particles: 8589934592
Local particles: 33554432
Spread method:   output_focused
Tolerance:       0.0001
Warmup runs:     3
Benchmark runs:  10
Running warmup...
Running benchmark...

NUFFT Type 1 Results:
  Ranks:       256
  Grid:        1024^3
  Particles:   8589934592
  Mean time:   1368.244 ms
  Min time:    1349.125 ms
  Max time:    1397.956 ms
  Stddev:      12.564 ms
  Throughput:  6278.07 Mpts/s

=== Benchmarking NUFFT Type 2 ===
Grid size:       1024^3
Total particles: 8589934592
Local particles: 33554432
Gather method:   atomic_sort
Tolerance:       0.00
Warmup runs:     3
Benchmark runs:  10
Running warmup...
Running benchmark...

NUFFT Type 2 Results:
  Ranks:       256
  Grid:        1024^3
  Particles:   8589934592
  Mean time:   1081.153 ms
  Min time:    1066.067 ms
  Max time:    1102.683 ms
  Stddev:      11.469 ms
  Throughput:  7945.16 Mpts/s
[CSV] Timings written to results/nufft_scaling_256.csv

==================================================
COMPONENT TIMING BREAKDOWN
==================================================

Type-1 (spreading):
----------------------------------------
Scatter (spreading)          287.08 ms
FFT (forward)               1055.98 ms
Deconvolution                  0.13 ms

Type-2 (interpolation):
----------------------------------------
Precorrection                  0.14 ms
FFT (backward)              1058.23 ms
Gather (interpolation)        44.49 ms

Total:
----------------------------------------
Complete Type-1             1343.20 ms
Complete Type-2             1102.89 ms
[CSV] Component timings written to results/nufft_components_256.csv

================================================================================
SUMMARY
================================================================================
Type 1: 1368.244 ms (6278.07 Mpts/s)
Type 2: 1081.15 ms (7945.16 Mpts/s)
================================================================================
