LandauDampingPIF{0}> Landau damping
LandauDampingPIF{0}> nt 6 Np= 8589934592 Fourier modes = ( 1024 , 1024 , 1024 )
LandauDampingPIF{0}> particles created and initial conditions assigned 
LandauDampingPIF{0}> After init shape function 
LandauDampingPIF{0}> After init NUFFT 
LandauDampingPIF{0}> After update 
[Scatter] Cache hit: method=Tiled w=5 cx=1 rho=1.13 -> tile=(4,5,5) team=64 osub=8 zb=1 tp=277.5 Mpts/s (rho_csv=1.00)
LandauDampingPIF{0}> After scatter 
LandauDampingPIF{0}> After gather 
LandauDampingPIF{0}> Starting iterations ...
LandauDampingPIF{0}> Finished time step: -2 time: 0.0122718
LandauDampingPIF{0}> Finished time step: -1 time: 0.0245437
LandauDampingPIF{0}> Finished time step: 0 time: 0.0368155
LandauDampingPIF{0}> Finished time step: 1 time: 0.0490874
LandauDampingPIF{0}> Finished time step: 2 time: 0.0613592
LandauDampingPIF{0}> Finished time step: 3 time: 0.0736311
LandauDampingPIF{0}> Finished time step: 4 time: 0.0859029
LandauDampingPIF{0}> Finished time step: 5 time: 0.0981748
LandauDampingPIF{0}> Finished time step: 6 time: 0.110447
LandauDampingPIF{0}> LandauDamping: End.
Timings{0}> ---------------------------------------------
Timings{0}>      Timing results for 256 rank(s):
Timings{0}> ---------------------------------------------
Timings{0}> mainTimer........... Wall tot =    17.7883
Timings{0}> 
Timings{0}> particlesCreation... Wall max =          0
Timings{0}>                      Wall avg =          0
Timings{0}>                      Wall min =          0
Timings{0}> 
Timings{0}> dumpData............ Wall max =   0.693212
Timings{0}>                      Wall avg =   0.401178
Timings{0}>                      Wall min =  0.0460419
Timings{0}> 
Timings{0}> kick................ Wall max =  0.0299945
Timings{0}>                      Wall avg =  0.0258156
Timings{0}>                      Wall min =  0.0223949
Timings{0}> 
Timings{0}> drift............... Wall max =  0.0149106
Timings{0}>                      Wall avg =  0.0126034
Timings{0}>                      Wall min =  0.0108931
Timings{0}> 
Timings{0}> particleBC.......... Wall max =  0.0422227
Timings{0}>                      Wall avg =  0.0371166
Timings{0}>                      Wall min =  0.0326482
Timings{0}> 
Timings{0}> initializeShapeFunc. Wall max =          0
Timings{0}>                      Wall avg =          0
Timings{0}>                      Wall min =          0
Timings{0}> 
Timings{0}> findInternal........ Wall max =          0
Timings{0}>                      Wall avg =          0
Timings{0}>                      Wall min =          0
Timings{0}> 
Timings{0}> findPeriodic........ Wall max =          0
Timings{0}>                      Wall avg =          0
Timings{0}>                      Wall min =          0
Timings{0}> 
Timings{0}> NativeNUFFT::init... Wall max =          0
Timings{0}>                      Wall avg =          0
Timings{0}>                      Wall min =          0
Timings{0}> 
Timings{0}> updateParticle...... Wall max =   0.265061
Timings{0}>                      Wall avg =   0.248276
Timings{0}>                      Wall min =   0.235915
Timings{0}> 
Timings{0}> locateParticles..... Wall max =  0.0711373
Timings{0}>                      Wall avg =  0.0579299
Timings{0}>                      Wall min =  0.0509867
Timings{0}> 
Timings{0}> sendPreprocess...... Wall max =  0.0383086
Timings{0}>                      Wall avg =  0.0239962
Timings{0}>                      Wall min = 0.00198435
Timings{0}> 
Timings{0}> particleSend........ Wall max =  0.0308379
Timings{0}>                      Wall avg =  0.0246025
Timings{0}>                      Wall min =  0.0180235
Timings{0}> 
Timings{0}> particleRecv........ Wall max = 0.000675378
Timings{0}>                      Wall avg = 0.00037419
Timings{0}>                      Wall min = 0.000306404
Timings{0}> 
Timings{0}> particleDestroy..... Wall max =   0.140856
Timings{0}>                      Wall avg =   0.115441
Timings{0}>                      Wall min =   0.101261
Timings{0}> 
Timings{0}> ScatterPIFNUFFT..... Wall max =    3.17409
Timings{0}>                      Wall avg =    3.02752
Timings{0}>                      Wall min =    2.92187
Timings{0}> 
Timings{0}> NativeNUFFT1........ Wall max =    3.13919
Timings{0}>                      Wall avg =     2.9912
Timings{0}>                      Wall min =    2.88503
Timings{0}> 
Timings{0}> scatterTimerNUFFT1.. Wall max =   0.710512
Timings{0}>                      Wall avg =   0.691746
Timings{0}>                      Wall min =   0.674551
Timings{0}> 
Timings{0}> binSort............. Wall max =  0.0934433
Timings{0}>                      Wall avg =  0.0824562
Timings{0}>                      Wall min =  0.0723945
Timings{0}> 
Timings{0}> binComputeKeys...... Wall max = 0.00733894
Timings{0}>                      Wall avg = 0.00630708
Timings{0}>                      Wall min = 0.00536472
Timings{0}> 
Timings{0}> binSortByKey........ Wall max =  0.0843013
Timings{0}>                      Wall avg =  0.0743528
Timings{0}>                      Wall min =  0.0654131
Timings{0}> 
Timings{0}> binComputeOffsets... Wall max = 0.00216747
Timings{0}>                      Wall avg = 0.00177702
Timings{0}>                      Wall min = 0.00158487
Timings{0}> 
Timings{0}> FFTNUFFT1........... Wall max =    2.44114
Timings{0}>                      Wall avg =    2.29549
Timings{0}>                      Wall min =    2.19414
Timings{0}> 
Timings{0}> deconvolutionNUFFT1. Wall max = 0.00634546
Timings{0}>                      Wall avg = 0.00393754
Timings{0}>                      Wall min = 0.00351848
Timings{0}> 
Timings{0}> GatherPIFNUFFT...... Wall max =    14.3742
Timings{0}>                      Wall avg =    14.0189
Timings{0}>                      Wall min =    13.6613
Timings{0}> 
Timings{0}> NativeNUFFT2........ Wall max =    14.2416
Timings{0}>                      Wall avg =    13.8972
Timings{0}>                      Wall min =    13.5491
Timings{0}> 
Timings{0}> PrecorrectionNUFFT2. Wall max =   0.027114
Timings{0}>                      Wall avg =  0.0202346
Timings{0}>                      Wall min =  0.0188053
Timings{0}> 
Timings{0}> FFTNUFFT2........... Wall max =    7.10378
Timings{0}>                      Wall avg =    6.52326
Timings{0}>                      Wall min =    5.73658
Timings{0}> 
Timings{0}> GatherNUFFT2........ Wall max =    8.40346
Timings{0}>                      Wall avg =    7.35356
Timings{0}>                      Wall min =    6.51908
Timings{0}> 
Timings{0}> ---------------------------------------------
Timings{0}>      Measurement counts:
Timings{0}> ---------------------------------------------
Timings{0}> mainTimer........... Count =          1
Timings{0}> particlesCreation... Count =          0
Timings{0}> dumpData............ Count =          6
Timings{0}> kick................ Count =         12
Timings{0}> drift............... Count =          6
Timings{0}> particleBC.......... Count =          6
Timings{0}> initializeShapeFunc. Count =          0
Timings{0}> findInternal........ Count =          0
Timings{0}> findPeriodic........ Count =          0
Timings{0}> NativeNUFFT::init... Count =          0
Timings{0}> updateParticle...... Count =          6
Timings{0}> locateParticles..... Count =          6
Timings{0}> sendPreprocess...... Count =          6
Timings{0}> particleSend........ Count =          6
Timings{0}> particleRecv........ Count =          6
Timings{0}> particleDestroy..... Count =          6
Timings{0}> ScatterPIFNUFFT..... Count =         12
Timings{0}> NativeNUFFT1........ Count =          6
Timings{0}> scatterTimerNUFFT1.. Count =          6
Timings{0}> binSort............. Count =          6
Timings{0}> binComputeKeys...... Count =          6
Timings{0}> binSortByKey........ Count =          6
Timings{0}> binComputeOffsets... Count =          6
Timings{0}> FFTNUFFT1........... Count =          6
Timings{0}> deconvolutionNUFFT1. Count =          6
Timings{0}> GatherPIFNUFFT...... Count =          6
Timings{0}> NativeNUFFT2........ Count =         18
Timings{0}> PrecorrectionNUFFT2. Count =         18
Timings{0}> FFTNUFFT2........... Count =         18
Timings{0}> GatherNUFFT2........ Count =         18
Timings{0}> ---------------------------------------------
Timings{0}> ---------------------------------------------
Timings{0}>      Per-occurrence statistics:
Timings{0}> ---------------------------------------------
Timings{0}> mainTimer........... n=    1  mean=   17.7882  std=         0  min=   17.7882  max=   17.7882
Timings{0}> dumpData............ n=    6  mean= 0.0153744  std= 0.0100724  min=0.00734528  max= 0.0337526
Timings{0}> kick................ n=   12  mean=0.00249855  std=4.09196e-05  min=0.00239288  max=0.00255367
Timings{0}> drift............... n=    6  mean=0.00245153  std=5.42399e-05  min=0.00236173  max=0.00250334
Timings{0}> particleBC.......... n=    6  mean=0.00699953  std=2.42824e-05  min=0.00697167  max=0.00703448
Timings{0}> updateParticle...... n=    6  mean= 0.0404842  std=0.00170907  min= 0.0383965  max=  0.043518
Timings{0}> locateParticles..... n=    6  mean=0.00930146  std=1.29957e-05  min=0.00928475  max= 0.0093201
Timings{0}> sendPreprocess...... n=    6  mean=0.00278272  std=0.00020894  min=0.00247852  max=0.00298754
Timings{0}> particleSend........ n=    6  mean=0.00475282  std=0.00190684  min=0.00341721  max=0.00828876
Timings{0}> particleRecv........ n=    6  mean=7.89352e-05  std=3.95709e-05  min=5.9376e-05  max=0.00015928
Timings{0}> particleDestroy..... n=    6  mean= 0.0184982  std=6.24571e-05  min= 0.0184631  max= 0.0186239
Timings{0}> ScatterPIFNUFFT..... n=   12  mean=  0.254217  std=  0.263228  min=0.00250023  max=  0.523416
Timings{0}> NativeNUFFT1........ n=    6  mean=  0.502027  std= 0.0193246  min=  0.469853  max=   0.51953
Timings{0}> scatterTimerNUFFT1.. n=    6  mean=  0.117524  std=0.00105556  min=  0.115635  max=  0.118772
Timings{0}> binSort............. n=    6  mean= 0.0151645  std=1.68879e-05  min= 0.0151381  max= 0.0151832
Timings{0}> binComputeKeys...... n=    6  mean=0.00113721  std=3.1926e-06  min=0.00113383  max=0.00114251
Timings{0}> binSortByKey........ n=    6  mean= 0.0137032  std=1.87414e-05  min= 0.0136747  max= 0.0137257
Timings{0}> binComputeOffsets... n=    6  mean=0.000320848  std=1.31026e-06  min=0.00031929  max=0.000322116
Timings{0}> FFTNUFFT1........... n=    6  mean=  0.383492  std= 0.0194401  min=  0.350065  max=  0.401249
Timings{0}> deconvolutionNUFFT1. n=    6  mean=0.00100792  std=3.82481e-06  min=0.00100182  max= 0.0010118
Timings{0}> GatherPIFNUFFT...... n=    6  mean=   2.38311  std= 0.0181633  min=   2.35892  max=   2.40907
Timings{0}> NativeNUFFT2........ n=   18  mean=  0.787052  std= 0.0197364  min=  0.746866  max=  0.820639
Timings{0}> PrecorrectionNUFFT2. n=   18  mean=0.00148637  std=4.86627e-05  min=0.00144759  max=0.00161235
Timings{0}> FFTNUFFT2........... n=   18  mean=  0.318699  std=  0.023736  min=  0.279893  max=  0.368625
Timings{0}> GatherNUFFT2........ n=   18  mean=  0.466859  std= 0.0153116  min=  0.446264  max=  0.503252
Timings{0}> ---------------------------------------------
