LandauDampingPIF{0}> Landau damping
LandauDampingPIF{0}> nt 10 Np= 1073741824 Fourier modes = ( 512 , 512 , 512 )
LandauDampingPIF{0}> particles created and initial conditions assigned 
LandauDampingPIF{0}> After init shape function 
LandauDampingPIF{0}> After init NUFFT 
LandauDampingPIF{0}> After update 
[Scatter] Auto-select: OutputFocused (tp=33.9 Mpts/s) for w=9 rho=1.15 (was Tiled)
[Scatter] Cache hit: method=OutputFocused w=9 cx=1 rho=1.15 -> tile=(3,5,5) team=256 osub=1 zb=32 tp=33.9 Mpts/s (rho_csv=1.00)
LandauDampingPIF{0}> After scatter 
LandauDampingPIF{0}> After gather 
LandauDampingPIF{0}> Starting iterations ...
LandauDampingPIF{0}> Finished time step: -2 time: 0.0122718
LandauDampingPIF{0}> Finished time step: -1 time: 0.0245437
LandauDampingPIF{0}> Finished time step: 0 time: 0.0368155
LandauDampingPIF{0}> Finished time step: 1 time: 0.0490874
LandauDampingPIF{0}> Finished time step: 2 time: 0.0613592
LandauDampingPIF{0}> Finished time step: 3 time: 0.0736311
LandauDampingPIF{0}> Finished time step: 4 time: 0.0859029
LandauDampingPIF{0}> Finished time step: 5 time: 0.0981748
LandauDampingPIF{0}> Finished time step: 6 time: 0.110447
LandauDampingPIF{0}> Finished time step: 7 time: 0.122718
LandauDampingPIF{0}> Finished time step: 8 time: 0.13499
LandauDampingPIF{0}> Finished time step: 9 time: 0.147262
LandauDampingPIF{0}> Finished time step: 10 time: 0.159534
LandauDampingPIF{0}> LandauDamping: End.
Timings{0}> ---------------------------------------------
Timings{0}>      Timing results for 1024 rank(s):
Timings{0}> ---------------------------------------------
Timings{0}> mainTimer........... Wall tot =    2.43893
Timings{0}> 
Timings{0}> particlesCreation... Wall max =          0
Timings{0}>                      Wall avg =          0
Timings{0}>                      Wall min =          0
Timings{0}> 
Timings{0}> dumpData............ Wall max =   0.116062
Timings{0}>                      Wall avg =  0.0746248
Timings{0}>                      Wall min =   0.020598
Timings{0}> 
Timings{0}> kick................ Wall max = 0.00217585
Timings{0}>                      Wall avg = 0.00163048
Timings{0}>                      Wall min = 0.00142851
Timings{0}> 
Timings{0}> drift............... Wall max = 0.00103042
Timings{0}>                      Wall avg = 0.000801135
Timings{0}>                      Wall min = 0.000708459
Timings{0}> 
Timings{0}> particleBC.......... Wall max = 0.00391552
Timings{0}>                      Wall avg = 0.00216376
Timings{0}>                      Wall min = 0.00186808
Timings{0}> 
Timings{0}> initializeShapeFunc. Wall max =          0
Timings{0}>                      Wall avg =          0
Timings{0}>                      Wall min =          0
Timings{0}> 
Timings{0}> findInternal........ Wall max =          0
Timings{0}>                      Wall avg =          0
Timings{0}>                      Wall min =          0
Timings{0}> 
Timings{0}> findPeriodic........ Wall max =          0
Timings{0}>                      Wall avg =          0
Timings{0}>                      Wall min =          0
Timings{0}> 
Timings{0}> NativeNUFFT::init... Wall max =          0
Timings{0}>                      Wall avg =          0
Timings{0}>                      Wall min =          0
Timings{0}> 
Timings{0}> updateParticle...... Wall max =   0.073919
Timings{0}>                      Wall avg =   0.066205
Timings{0}>                      Wall min =  0.0596663
Timings{0}> 
Timings{0}> locateParticles..... Wall max =  0.0108263
Timings{0}>                      Wall avg = 0.00973139
Timings{0}>                      Wall min = 0.00905399
Timings{0}> 
Timings{0}> sendPreprocess...... Wall max =  0.0077804
Timings{0}>                      Wall avg = 0.00667185
Timings{0}>                      Wall min =  0.0039722
Timings{0}> 
Timings{0}> particleSend........ Wall max =  0.0192742
Timings{0}>                      Wall avg =   0.014615
Timings{0}>                      Wall min =  0.0125222
Timings{0}> 
Timings{0}> particleRecv........ Wall max = 0.00192633
Timings{0}>                      Wall avg =  0.0013846
Timings{0}>                      Wall min = 0.00112861
Timings{0}> 
Timings{0}> particleDestroy..... Wall max =  0.0114137
Timings{0}>                      Wall avg = 0.00956695
Timings{0}>                      Wall min =   0.008535
Timings{0}> 
Timings{0}> ScatterPIFNUFFT..... Wall max =   0.559395
Timings{0}>                      Wall avg =   0.530641
Timings{0}>                      Wall min =   0.504013
Timings{0}> 
Timings{0}> NativeNUFFT1........ Wall max =   0.555511
Timings{0}>                      Wall avg =   0.527164
Timings{0}>                      Wall min =   0.500619
Timings{0}> 
Timings{0}> scatterTimerNUFFT1.. Wall max =   0.339041
Timings{0}>                      Wall avg =   0.316933
Timings{0}>                      Wall min =   0.291127
Timings{0}> 
Timings{0}> binSort............. Wall max = 0.00968111
Timings{0}>                      Wall avg = 0.00833033
Timings{0}>                      Wall min = 0.00779243
Timings{0}> 
Timings{0}> binComputeKeys...... Wall max = 0.000761036
Timings{0}>                      Wall avg = 0.000507313
Timings{0}>                      Wall min = 0.000439148
Timings{0}> 
Timings{0}> binSortByKey........ Wall max = 0.00864985
Timings{0}>                      Wall avg = 0.00734811
Timings{0}>                      Wall min = 0.00686717
Timings{0}> 
Timings{0}> binComputeOffsets... Wall max = 0.000688872
Timings{0}>                      Wall avg = 0.000442979
Timings{0}>                      Wall min = 0.000395735
Timings{0}> 
Timings{0}> FFTNUFFT1........... Wall max =   0.245095
Timings{0}>                      Wall avg =   0.209764
Timings{0}>                      Wall min =    0.17415
Timings{0}> 
Timings{0}> deconvolutionNUFFT1. Wall max = 0.00078628
Timings{0}>                      Wall avg = 0.000430617
Timings{0}>                      Wall min = 0.000388243
Timings{0}> 
Timings{0}> GatherPIFNUFFT...... Wall max =    1.81829
Timings{0}>                      Wall avg =    1.75935
Timings{0}>                      Wall min =    1.71429
Timings{0}> 
Timings{0}> NativeNUFFT2........ Wall max =    1.80801
Timings{0}>                      Wall avg =    1.75103
Timings{0}>                      Wall min =    1.70648
Timings{0}> 
Timings{0}> PrecorrectionNUFFT2. Wall max = 0.00359682
Timings{0}>                      Wall avg = 0.00237729
Timings{0}>                      Wall min = 0.00217753
Timings{0}> 
Timings{0}> FFTNUFFT2........... Wall max =   0.816424
Timings{0}>                      Wall avg =   0.695208
Timings{0}>                      Wall min =   0.561082
Timings{0}> 
Timings{0}> GatherNUFFT2........ Wall max =    1.24329
Timings{0}>                      Wall avg =    1.05326
Timings{0}>                      Wall min =    0.89295
Timings{0}> 
Timings{0}> ---------------------------------------------
Timings{0}>      Measurement counts:
Timings{0}> ---------------------------------------------
Timings{0}> mainTimer........... Count =          1
Timings{0}> particlesCreation... Count =          0
Timings{0}> dumpData............ Count =         10
Timings{0}> kick................ Count =         20
Timings{0}> drift............... Count =         10
Timings{0}> particleBC.......... Count =         10
Timings{0}> initializeShapeFunc. Count =          0
Timings{0}> findInternal........ Count =          0
Timings{0}> findPeriodic........ Count =          0
Timings{0}> NativeNUFFT::init... Count =          0
Timings{0}> updateParticle...... Count =         10
Timings{0}> locateParticles..... Count =         10
Timings{0}> sendPreprocess...... Count =         10
Timings{0}> particleSend........ Count =         10
Timings{0}> particleRecv........ Count =         10
Timings{0}> particleDestroy..... Count =         10
Timings{0}> ScatterPIFNUFFT..... Count =         20
Timings{0}> NativeNUFFT1........ Count =         10
Timings{0}> scatterTimerNUFFT1.. Count =         10
Timings{0}> binSort............. Count =         10
Timings{0}> binComputeKeys...... Count =         10
Timings{0}> binSortByKey........ Count =         10
Timings{0}> binComputeOffsets... Count =         10
Timings{0}> FFTNUFFT1........... Count =         10
Timings{0}> deconvolutionNUFFT1. Count =         10
Timings{0}> GatherPIFNUFFT...... Count =         10
Timings{0}> NativeNUFFT2........ Count =         30
Timings{0}> PrecorrectionNUFFT2. Count =         30
Timings{0}> FFTNUFFT2........... Count =         30
Timings{0}> GatherNUFFT2........ Count =         30
Timings{0}> ---------------------------------------------
Timings{0}> ---------------------------------------------
Timings{0}>      Per-occurrence statistics:
Timings{0}> ---------------------------------------------
Timings{0}> mainTimer........... n=    1  mean=   2.43856  std=         0  min=   2.43856  max=   2.43856
Timings{0}> dumpData............ n=   10  mean=0.00433903  std=0.000704173  min=0.00345123  max=0.00582699
Timings{0}> kick................ n=   20  mean=9.09009e-05  std=1.79042e-06  min=8.8302e-05  max=9.3612e-05
Timings{0}> drift............... n=   10  mean=8.70013e-05  std=4.64719e-07  min=8.6308e-05  max=8.7891e-05
Timings{0}> particleBC.......... n=   10  mean=0.000235743  std=1.45772e-06  min=0.000232993  max=0.000237833
Timings{0}> updateParticle...... n=   10  mean=0.00640893  std=0.000530338  min=0.00576073  max=0.00734733
Timings{0}> locateParticles..... n=   10  mean=0.00101141  std=6.68661e-05  min=0.000970639  max=0.00119236
Timings{0}> sendPreprocess...... n=   10  mean=0.000584179  std=8.05004e-05  min=0.000392053  max=0.000696024
Timings{0}> particleSend........ n=   10  mean=0.00156477  std=4.99589e-05  min=0.00151902  max=0.00168376
Timings{0}> particleRecv........ n=   10  mean=0.000146978  std=3.90808e-06  min=0.000142207  max=0.000153669
Timings{0}> particleDestroy..... n=   10  mean=0.000943333  std=7.17574e-06  min=0.000936242  max=0.00095591
Timings{0}> ScatterPIFNUFFT..... n=   20  mean= 0.0260426  std= 0.0266698  min=8.8974e-05  max= 0.0575812
Timings{0}> NativeNUFFT1........ n=   10  mean= 0.0517226  std=0.00220925  min= 0.0492442  max=  0.057309
Timings{0}> scatterTimerNUFFT1.. n=   10  mean= 0.0338686  std=0.000551989  min= 0.0331231  max= 0.0348384
Timings{0}> binSort............. n=   10  mean=0.000851433  std=9.60273e-06  min=0.000838012  max=0.00086304
Timings{0}> binComputeKeys...... n=   10  mean=5.65653e-05  std=6.0003e-07  min=5.5738e-05  max=5.7663e-05
Timings{0}> binSortByKey........ n=   10  mean=0.000745211  std=9.85114e-06  min=0.000730321  max=0.000758606
Timings{0}> binComputeOffsets... n=   10  mean=4.64773e-05  std=1.34359e-06  min=4.4978e-05  max=4.8174e-05
Timings{0}> FFTNUFFT1........... n=   10  mean= 0.0177906  std=0.00186818  min= 0.0160566  max=  0.022406
Timings{0}> deconvolutionNUFFT1. n=   10  mean=5.95211e-05  std=7.47831e-07  min=5.8113e-05  max=6.0878e-05
Timings{0}> GatherPIFNUFFT...... n=   10  mean=  0.180193  std= 0.0035402  min=  0.175108  max=  0.184229
Timings{0}> NativeNUFFT2........ n=   30  mean= 0.0597725  std=0.00264467  min= 0.0559653  max= 0.0659149
Timings{0}> PrecorrectionNUFFT2. n=   30  mean=9.85494e-05  std=4.77533e-06  min=9.3031e-05  max=0.000110174
Timings{0}> FFTNUFFT2........... n=   30  mean= 0.0196739  std= 0.0025495  min= 0.0167753  max= 0.0248178
Timings{0}> GatherNUFFT2........ n=   30  mean=  0.039994  std= 0.0011866  min= 0.0375957  max= 0.0420509
Timings{0}> ---------------------------------------------
