LandauDampingPIF{0}> Landau damping
LandauDampingPIF{0}> nt 10 Np= 134217728 Fourier modes = ( 256 , 256 , 256 )
LandauDampingPIF{0}> particles created and initial conditions assigned 
LandauDampingPIF{0}> After init shape function 
LandauDampingPIF{0}> After init NUFFT 
LandauDampingPIF{0}> After update 
[Scatter] Cache hit: method=Tiled w=5 cx=1 rho=1.00 -> tile=(5,5,2) team=64 osub=2 zb=1 tp=566.4 Mpts/s (rho_csv=10.00)
LandauDampingPIF{0}> After scatter 
LandauDampingPIF{0}> After gather 
LandauDampingPIF{0}> Starting iterations ...
LandauDampingPIF{0}> Finished time step: -2 time: 0.0122718
LandauDampingPIF{0}> Finished time step: -1 time: 0.0245437
LandauDampingPIF{0}> Finished time step: 0 time: 0.0368155
LandauDampingPIF{0}> Finished time step: 1 time: 0.0490874
LandauDampingPIF{0}> Finished time step: 2 time: 0.0613592
LandauDampingPIF{0}> Finished time step: 3 time: 0.0736311
LandauDampingPIF{0}> Finished time step: 4 time: 0.0859029
LandauDampingPIF{0}> Finished time step: 5 time: 0.0981748
LandauDampingPIF{0}> Finished time step: 6 time: 0.110447
LandauDampingPIF{0}> Finished time step: 7 time: 0.122718
LandauDampingPIF{0}> Finished time step: 8 time: 0.13499
LandauDampingPIF{0}> Finished time step: 9 time: 0.147262
LandauDampingPIF{0}> Finished time step: 10 time: 0.159534
LandauDampingPIF{0}> LandauDamping: End.
Timings{0}> ---------------------------------------------
Timings{0}>      Timing results for 8 rank(s):
Timings{0}> ---------------------------------------------
Timings{0}> mainTimer........... Wall tot =    8.37963
Timings{0}> 
Timings{0}> particlesCreation... Wall max =          0
Timings{0}>                      Wall avg =          0
Timings{0}>                      Wall min =          0
Timings{0}> 
Timings{0}> dumpData............ Wall max =  0.0818428
Timings{0}>                      Wall avg =  0.0606394
Timings{0}>                      Wall min =  0.0367676
Timings{0}> 
Timings{0}> kick................ Wall max =  0.0227127
Timings{0}>                      Wall avg =  0.0219079
Timings{0}>                      Wall min =  0.0214905
Timings{0}> 
Timings{0}> drift............... Wall max =  0.0110758
Timings{0}>                      Wall avg =  0.0107701
Timings{0}>                      Wall min =  0.0103496
Timings{0}> 
Timings{0}> particleBC.......... Wall max =  0.0312711
Timings{0}>                      Wall avg =  0.0310055
Timings{0}>                      Wall min =  0.0308418
Timings{0}> 
Timings{0}> initializeShapeFunc. Wall max =          0
Timings{0}>                      Wall avg =          0
Timings{0}>                      Wall min =          0
Timings{0}> 
Timings{0}> findInternal........ Wall max =          0
Timings{0}>                      Wall avg =          0
Timings{0}>                      Wall min =          0
Timings{0}> 
Timings{0}> findPeriodic........ Wall max =          0
Timings{0}>                      Wall avg =          0
Timings{0}>                      Wall min =          0
Timings{0}> 
Timings{0}> NativeNUFFT::init... Wall max =          0
Timings{0}>                      Wall avg =          0
Timings{0}>                      Wall min =          0
Timings{0}> 
Timings{0}> updateParticle...... Wall max =   0.100579
Timings{0}>                      Wall avg =  0.0995727
Timings{0}>                      Wall min =   0.097581
Timings{0}> 
Timings{0}> locateParticles..... Wall max =  0.0280052
Timings{0}>                      Wall avg =  0.0262008
Timings{0}>                      Wall min =  0.0239804
Timings{0}> 
Timings{0}> sendPreprocess...... Wall max = 0.00427668
Timings{0}>                      Wall avg = 0.00190835
Timings{0}>                      Wall min = 0.000255725
Timings{0}> 
Timings{0}> particleSend........ Wall max = 0.00659436
Timings{0}>                      Wall avg = 0.00639606
Timings{0}>                      Wall min = 0.00620525
Timings{0}> 
Timings{0}> particleRecv........ Wall max = 0.000132755
Timings{0}>                      Wall avg = 0.000122754
Timings{0}>                      Wall min = 0.000116596
Timings{0}> 
Timings{0}> particleDestroy..... Wall max =  0.0550338
Timings{0}>                      Wall avg =  0.0511867
Timings{0}>                      Wall min =  0.0459176
Timings{0}> 
Timings{0}> ScatterPIFNUFFT..... Wall max =    1.31189
Timings{0}>                      Wall avg =    1.30757
Timings{0}>                      Wall min =     1.3046
Timings{0}> 
Timings{0}> NativeNUFFT1........ Wall max =    1.28088
Timings{0}>                      Wall avg =    1.27646
Timings{0}>                      Wall min =    1.27359
Timings{0}> 
Timings{0}> scatterTimerNUFFT1.. Wall max =   0.785543
Timings{0}>                      Wall avg =   0.783628
Timings{0}>                      Wall min =   0.781457
Timings{0}> 
Timings{0}> binSort............. Wall max =  0.0746548
Timings{0}>                      Wall avg =  0.0731667
Timings{0}>                      Wall min =  0.0714692
Timings{0}> 
Timings{0}> binComputeKeys...... Wall max = 0.00549464
Timings{0}>                      Wall avg =  0.0053045
Timings{0}>                      Wall min = 0.00513911
Timings{0}> 
Timings{0}> binSortByKey........ Wall max =  0.0675679
Timings{0}>                      Wall avg =  0.0660908
Timings{0}>                      Wall min =  0.0645602
Timings{0}> 
Timings{0}> binComputeOffsets... Wall max = 0.00175596
Timings{0}>                      Wall avg = 0.00174213
Timings{0}>                      Wall min = 0.00173069
Timings{0}> 
Timings{0}> FFTNUFFT1........... Wall max =   0.492444
Timings{0}>                      Wall avg =   0.489078
Timings{0}>                      Wall min =    0.48633
Timings{0}> 
Timings{0}> deconvolutionNUFFT1. Wall max = 0.00379537
Timings{0}>                      Wall avg = 0.00372108
Timings{0}>                      Wall min = 0.00363946
Timings{0}> 
Timings{0}> GatherPIFNUFFT...... Wall max =     6.8598
Timings{0}>                      Wall avg =    6.83341
Timings{0}>                      Wall min =    6.81005
Timings{0}> 
Timings{0}> NativeNUFFT2........ Wall max =    6.75725
Timings{0}>                      Wall avg =    6.73048
Timings{0}>                      Wall min =    6.70684
Timings{0}> 
Timings{0}> PrecorrectionNUFFT2. Wall max =  0.0189561
Timings{0}>                      Wall avg =  0.0187036
Timings{0}>                      Wall min =  0.0184382
Timings{0}> 
Timings{0}> FFTNUFFT2........... Wall max =    1.48995
Timings{0}>                      Wall avg =    1.44324
Timings{0}>                      Wall min =    1.38889
Timings{0}> 
Timings{0}> GatherNUFFT2........ Wall max =    5.34974
Timings{0}>                      Wall avg =    5.26836
Timings{0}>                      Wall min =      5.198
Timings{0}> 
Timings{0}> ---------------------------------------------
Timings{0}>      Measurement counts:
Timings{0}> ---------------------------------------------
Timings{0}> mainTimer........... Count =          1
Timings{0}> particlesCreation... Count =          0
Timings{0}> dumpData............ Count =         10
Timings{0}> kick................ Count =         20
Timings{0}> drift............... Count =         10
Timings{0}> particleBC.......... Count =         10
Timings{0}> initializeShapeFunc. Count =          0
Timings{0}> findInternal........ Count =          0
Timings{0}> findPeriodic........ Count =          0
Timings{0}> NativeNUFFT::init... Count =          0
Timings{0}> updateParticle...... Count =         10
Timings{0}> locateParticles..... Count =         10
Timings{0}> sendPreprocess...... Count =         10
Timings{0}> particleSend........ Count =         10
Timings{0}> particleRecv........ Count =         10
Timings{0}> particleDestroy..... Count =         10
Timings{0}> ScatterPIFNUFFT..... Count =         20
Timings{0}> NativeNUFFT1........ Count =         10
Timings{0}> scatterTimerNUFFT1.. Count =         10
Timings{0}> binSort............. Count =         10
Timings{0}> binComputeKeys...... Count =         10
Timings{0}> binSortByKey........ Count =         10
Timings{0}> binComputeOffsets... Count =         10
Timings{0}> FFTNUFFT1........... Count =         10
Timings{0}> deconvolutionNUFFT1. Count =         10
Timings{0}> GatherPIFNUFFT...... Count =         10
Timings{0}> NativeNUFFT2........ Count =         30
Timings{0}> PrecorrectionNUFFT2. Count =         30
Timings{0}> FFTNUFFT2........... Count =         30
Timings{0}> GatherNUFFT2........ Count =         30
Timings{0}> ---------------------------------------------
Timings{0}> ---------------------------------------------
Timings{0}>      Per-occurrence statistics:
Timings{0}> ---------------------------------------------
Timings{0}> mainTimer........... n=    1  mean=   8.37963  std=         0  min=   8.37963  max=   8.37963
Timings{0}> dumpData............ n=   10  mean=0.00626236  std=0.00044669  min= 0.0058541  max=0.00744752
Timings{0}> kick................ n=   20  mean=0.00108801  std=1.14289e-05  min=0.00107071  max= 0.0011149
Timings{0}> drift............... n=   10  mean=0.00107886  std=1.26325e-05  min=0.00105572  max=0.00109822
Timings{0}> particleBC.......... n=   10  mean=0.00308418  std=1.48717e-05  min=0.00306929  max=0.00311597
Timings{0}> updateParticle...... n=   10  mean= 0.0097581  std=0.000606147  min=0.00939134  max= 0.0109695
Timings{0}> locateParticles..... n=   10  mean=0.00239804  std=7.51349e-05  min=0.00234849  max=0.00260783
Timings{0}> sendPreprocess...... n=   10  mean=0.000427668  std=6.80848e-05  min=0.000244513  max=0.000485479
Timings{0}> particleSend........ n=   10  mean=0.000626167  std=1.72302e-06  min=0.000623065  max=0.000628124
Timings{0}> particleRecv........ n=   10  mean=1.21915e-05  std=6.07559e-07  min=1.1402e-05  max=1.3145e-05
Timings{0}> particleDestroy..... n=   10  mean=0.00459176  std=1.08622e-05  min=0.00457678  max=0.00461304
Timings{0}> ScatterPIFNUFFT..... n=   20  mean= 0.0655945  std= 0.0660075  min=0.00125395  max=  0.131918
Timings{0}> NativeNUFFT1........ n=   10  mean=  0.128088  std=0.00085604  min=   0.12718  max=  0.130064
Timings{0}> scatterTimerNUFFT1.. n=   10  mean= 0.0785508  std=0.000525165  min= 0.0778354  max= 0.0798071
Timings{0}> binSort............. n=   10  mean=0.00746548  std=0.000184299  min=0.00722345  max=0.00773155
Timings{0}> binComputeKeys...... n=   10  mean=0.000531541  std=2.97102e-06  min=0.000525095  max=0.000534724
Timings{0}> binSortByKey........ n=   10  mean=0.00675679  std=0.000185905  min=0.00651309  max=0.00703006
Timings{0}> binComputeOffsets... n=   10  mean=0.000174212  std=1.2706e-06  min=0.000172493  max=0.000176902
Timings{0}> FFTNUFFT1........... n=   10  mean= 0.0491641  std=0.000397154  min= 0.0488192  max= 0.0498877
Timings{0}> deconvolutionNUFFT1. n=   10  mean=0.000370354  std=2.59577e-06  min=0.000365727  max=0.000375477
Timings{0}> GatherPIFNUFFT...... n=   10  mean=  0.682946  std=0.000778471  min=  0.681805  max=  0.683938
Timings{0}> NativeNUFFT2........ n=   30  mean=  0.224234  std=0.000604341  min=  0.223075  max=  0.225301
Timings{0}> PrecorrectionNUFFT2. n=   30  mean=0.000614605  std=1.36938e-05  min=0.000598297  max=0.000638765
Timings{0}> FFTNUFFT2........... n=   30  mean= 0.0484009  std=0.000459899  min= 0.0474824  max= 0.0493349
Timings{0}> GatherNUFFT2........ n=   30  mean=  0.175213  std= 0.0002177  min=    0.1749  max=  0.175711
Timings{0}> ---------------------------------------------
