
================================================================================
NUFFT Scaling Benchmark
================================================================================
Number of ranks: 64
Grid size:       1024^3
Upsampled grid:  2048^3 (sigma=2)
Particles:       8589934592 (8 per point)
Tolerance:       0.0001
CSV output:      results/nufft_scaling_64_upsampled.csv
Component CSV:   results/nufft_components_64_upsampled.csv

=== Benchmarking NUFFT Type 1 ===
Grid size:       1024^3
Upsampled grid:  2048^3 (sigma=2)
Total particles: 8589934592
Local particles: 134217728
Spread method:   output_focused
Tolerance:       0.0001
Warmup runs:     3
Benchmark runs:  10
Running warmup...
Running benchmark...

NUFFT Type 1 Results:
  Ranks:       64
  Grid:        1024^3
  Particles:   8589934592
  Mean time:   5219.558 ms
  Min time:    5192.237 ms
  Max time:    5234.639 ms
  Stddev:      11.116 ms
  Throughput:  1645.72 Mpts/s

=== Benchmarking NUFFT Type 2 ===
Grid size:       1024^3
Upsampled grid:  2048^3 (sigma=2.00)
Total particles: 8589934592
Local particles: 134217728
Gather method:   atomic_sort
Tolerance:       0.00
Warmup runs:     3
Benchmark runs:  10
Running warmup...
Running benchmark...

NUFFT Type 2 Results:
  Ranks:       64
  Grid:        1024^3
  Particles:   8589934592
  Mean time:   1612.804 ms
  Min time:    1593.227 ms
  Max time:    1652.615 ms
  Stddev:      16.367 ms
  Throughput:  5326.09 Mpts/s
[CSV] Timings written to results/nufft_scaling_64_upsampled.csv

==================================================
COMPONENT TIMING BREAKDOWN
==================================================

Type-1 (spreading):
----------------------------------------
Scatter (spreading)         4037.61 ms
FFT (forward)               1058.74 ms
Deconvolution                  3.97 ms

Type-2 (interpolation):
----------------------------------------
Precorrection                  5.46 ms
FFT (backward)              1071.24 ms
Gather (interpolation)       520.48 ms

Total:
----------------------------------------
Complete Type-1             5100.33 ms
Complete Type-2             1597.19 ms
[CSV] Component timings written to results/nufft_components_64_upsampled.csv

================================================================================
SUMMARY
================================================================================
Type 1: 5219.558 ms (1645.72 Mpts/s)
Type 2: 1612.80 ms (5326.09 Mpts/s)
================================================================================
