Kokkos::OpenMP::initialize WARNING: OMP_PROC_BIND environment variable not set
  In general, for best performance with OpenMP 4.0 or better set OMP_PROC_BIND=spread and OMP_PLACES=threads
  For best performance with OpenMP 3.1 set OMP_PROC_BIND=true
  For unit testing set OMP_PROC_BIND=false

MPI detected: For OpenMP binding to work as intended, MPI ranks must be bound to exclusive CPU sets.

Kokkos::OpenMP::initialize WARNING: OMP_PROC_BIND environment variable not set
  In general, for best performance with OpenMP 4.0 or better set OMP_PROC_BIND=spread and OMP_PLACES=threads
  For best performance with OpenMP 3.1 set OMP_PROC_BIND=true
  For unit testing set OMP_PROC_BIND=false

MPI detected: For OpenMP binding to work as intended, MPI ranks must be bound to exclusive CPU sets.

Kokkos::OpenMP::initialize WARNING: OMP_PROC_BIND environment variable not set
  In general, for best performance with OpenMP 4.0 or better set OMP_PROC_BIND=spread and OMP_PLACES=threads
  For best performance with OpenMP 3.1 set OMP_PROC_BIND=true
  For unit testing set OMP_PROC_BIND=false

MPI detected: For OpenMP binding to work as intended, MPI ranks must be bound to exclusive CPU sets.

Kokkos::OpenMP::initialize WARNING: OMP_PROC_BIND environment variable not set
  In general, for best performance with OpenMP 4.0 or better set OMP_PROC_BIND=spread and OMP_PLACES=threads
  For best performance with OpenMP 3.1 set OMP_PROC_BIND=true
  For unit testing set OMP_PROC_BIND=false

MPI detected: For OpenMP binding to work as intended, MPI ranks must be bound to exclusive CPU sets.

Kokkos::OpenMP::initialize WARNING: OMP_PROC_BIND environment variable not set
  In general, for best performance with OpenMP 4.0 or better set OMP_PROC_BIND=spread and OMP_PLACES=threads
  For best performance with OpenMP 3.1 set OMP_PROC_BIND=true
  For unit testing set OMP_PROC_BIND=false

MPI detected: For OpenMP binding to work as intended, MPI ranks must be bound to exclusive CPU sets.

Kokkos::OpenMP::initialize WARNING: OMP_PROC_BIND environment variable not set
  In general, for best performance with OpenMP 4.0 or better set OMP_PROC_BIND=spread and OMP_PLACES=threads
  For best performance with OpenMP 3.1 set OMP_PROC_BIND=true
  For unit testing set OMP_PROC_BIND=false

MPI detected: For OpenMP binding to work as intended, MPI ranks must be bound to exclusive CPU sets.

Kokkos::OpenMP::initialize WARNING: OMP_PROC_BIND environment variable not set
  In general, for best performance with OpenMP 4.0 or better set OMP_PROC_BIND=spread and OMP_PLACES=threads
  For best performance with OpenMP 3.1 set OMP_PROC_BIND=true
  For unit testing set OMP_PROC_BIND=false

MPI detected: For OpenMP binding to work as intended, MPI ranks must be bound to exclusive CPU sets.

Kokkos::OpenMP::initialize WARNING: OMP_PROC_BIND environment variable not set
  In general, for best performance with OpenMP 4.0 or better set OMP_PROC_BIND=spread and OMP_PLACES=threads
  For best performance with OpenMP 3.1 set OMP_PROC_BIND=true
  For unit testing set OMP_PROC_BIND=false

MPI detected: For OpenMP binding to work as intended, MPI ranks must be bound to exclusive CPU sets.

terminate called after throwing an instance of 'std::runtime_error'
terminate called after throwing an instance of 'std::runtime_error'
terminate called after throwing an instance of 'std::runtime_error'
terminate called after throwing an instance of 'std::runtime_error'
  what():  cudaMalloc() failed with message: out of memory
  what():  cudaMalloc() failed with message: out of memory
  what():  cudaMalloc() failed with message: out of memory
  what():  cudaMalloc() failed with message: out of memory
[jwb0637:187030] *** Process received signal ***
[jwb0637:187030] Signal: Aborted (6)
[jwb0637:187030] Signal code:  (-6)
[jwb0637:187027] *** Process received signal ***
[jwb0637:187027] Signal: Aborted (6)
[jwb0637:187027] Signal code:  (-6)
[jwb0637:187028] *** Process received signal ***
[jwb0637:187028] Signal: Aborted (6)
[jwb0637:187028] Signal code:  (-6)
[jwb0637:187029] *** Process received signal ***
[jwb0637:187029] Signal: Aborted (6)
[jwb0637:187029] Signal code:  (-6)
[jwb0637:187028] [ 0] /usr/lib64/libc.so.6(+0x3fc30)[0x155362c1ec30]
[jwb0637:187028] [ 1] /usr/lib64/libc.so.6(+0x8d02c)[0x155362c6c02c]
[jwb0637:187028] [ 2] /usr/lib64/libc.so.6(raise+0x16)[0x155362c1eb86]
[jwb0637:187028] [ 3] /usr/lib64/libc.so.6(abort+0xd3)[0x155362c08873]
[jwb0637:187028] [ 4] /p/software/default/stages/2026/software/GCCcore/14.3.0/lib64/libstdc++.so.6(+0xadc3d)[0x155362ec3c3d]
[jwb0637:187028] [ 5] /p/software/default/stages/2026/software/GCCcore/14.3.0/lib64/libstdc++.so.6(+0xbf14a)[0x155362ed514a]
[jwb0637:187028] [ 6] /p/software/default/stages/2026/software/GCCcore/14.3.0/lib64/libstdc++.so.6(_ZSt10unexpectedv+0x0)[0x155362ec37e9]
[jwb0637:187028] [ 7] /p/software/default/stages/2026/software/GCCcore/14.3.0/lib64/libstdc++.so.6(+0xbf3c7)[0x155362ed53c7]
[jwb0637:187028] [ 8] /p/home/jusers/fischill1/juwels/ippl/build_fin/alpine/ElectrostaticPIF/LandauDampingPIF(_ZN6heffte4cuda11check_errorE9cudaErrorPKc+0xb4)[0x462aa4]
[jwb0637:187029] [ 0] /usr/lib64/libc.so.6(+0x3fc30)[0x14e5e3afec30]
[jwb0637:187029] [ 1] /usr/lib64/libc.so.6(+0x8d02c)[0x14e5e3b4c02c]
[jwb0637:187029] [ 2] /usr/lib64/libc.so.6(raise+0x16)[0x14e5e3afeb86]
[jwb0637:187029] [ 3] /usr/lib64/libc.so.6(abort+0xd3)[0x14e5e3ae8873]
[jwb0637:187029] [ 4] /p/software/default/stages/2026/software/GCCcore/14.3.0/lib64/libstdc++.so.6(+0xadc3d)[0x14e5e3da3c3d]
[jwb0637:187029] [ 5] /p/software/default/stages/2026/software/GCCcore/14.3.0/lib64/libstdc++.so.6(+0xbf14a)[0x14e5e3db514a]
[jwb0637:187029] [ 6] /p/software/default/stages/2026/software/GCCcore/14.3.0/lib64/libstdc++.so.6(_ZSt10unexpectedv+0x0)[0x14e5e3da37e9]
[jwb0637:187029] [ 7] /p/software/default/stages/2026/software/GCCcore/14.3.0/lib64/libstdc++.so.6(+0xbf3c7)[0x14e5e3db53c7]
[jwb0637:187029] [ 8] /p/home/jusers/fischill1/juwels/ippl/build_fin/alpine/ElectrostaticPIF/LandauDampingPIF(_ZN6heffte4cuda11check_errorE9cudaErrorPKc+0xb4)[0x462aa4]
[jwb0637:187029] [ 9] /p/home/jusers/fischill1/juwels/ippl/build_fin/alpine/Electrosta[jwb0637:187028] [ 9] /p/home/jusers/fischill1/juwels/ippl/build_fin/alpine/ElectrostaticPIF/LandauDampingPIF[0x5df596]
[jwb0637:187028] [10] /p/home/jusers/fischill1/juwels/ippl/build_fin/alpine/ElectrostaticPIF/LandauDampingPIF[0x5e062e]
[jwb0637:187028] [11] /p/home/jusers/fischill1/juwels/ippl/build_fin/alpine/ElectrostaticPIF/LandauDampingPIF[0x5e220b]
[jwb0637:187028] [12] /p/home/jusers/fischill1/juwels/ippl/build_fin/alpine/ElectrostaticPIF/LandauDampingPIF[0x5e2e68]
[jwb0637:187028] [13] /p/home/jusers/fischill1/juwels/ippl/build_fin/alpine/ElectrostaticPIF/LandauDampingPIF[0x5e3837]
[jwb0637:187028] [14] /p/home/jusers/fischill1/juwels/ippl/build_fin/alpine/ElectrostaticPIF/LandauDampingPIF[0x423714]
[jwb0637:187028] [15] /usr/lib64/libc.so.6(+0x2a610)[0x155362c09610]
[jwb0637:187028] [16] /usr/lib64/libc.so.6(__libc_start_main+0x80)[0x155362c096c0]
[jwb0637:187028] [17] /p/home/jusers/fischill1/juwels/ippl/build_fin/alpine/ElectrostaticPIF/LandauDampingPIF[0x425995]
[jwb0637:187028] *** End of error message ***
ticPIF/LandauDampingPIF[0x5df596]
[jwb0637:187029] [10] /p/home/jusers/fischill1/juwels/ippl/build_fin/alpine/ElectrostaticPIF/LandauDampingPIF[0x5e062e]
[jwb0637:187029] [11] /p/home/jusers/fischill1/juwels/ippl/build_fin/alpine/ElectrostaticPIF/LandauDampingPIF[0x5e220b]
[jwb0637:187029] [12] /p/home/jusers/fischill1/juwels/ippl/build_fin/alpine/ElectrostaticPIF/LandauDampingPIF[0x5e2e68]
[jwb0637:187029] [13] /p/home/jusers/fischill1/juwels/ippl/build_fin/alpine/ElectrostaticPIF/LandauDampingPIF[0x5e3837]
[jwb0637:187029] [14] /p/home/jusers/fischill1/juwels/ippl/build_fin/alpine/ElectrostaticPIF/LandauDampingPIF[0x423714]
[jwb0637:187029] [15] /usr/lib64/libc.so.6(+0x2a610)[0x14e5e3ae9610]
[jwb0637:187029] [16] /usr/lib64/libc.so.6(__libc_start_main+0x80)[0x14e5e3ae96c0]
[jwb0637:187029] [17] /p/home/jusers/fischill1/juwels/ippl/build_fin/alpine/ElectrostaticPIF/LandauDampingPIF[0x425995]
[jwb0637:187029] *** End of error message ***
[jwb0637:187030] [ 0] /usr/lib64/libc.so.6(+0x3fc30)[0x1458a48dfc30]
[jwb0637:187030] [ 1] /usr/lib64/libc.so.6(+0x8d02c)[0x1458a492d02c]
[jwb0637:187030] [ 2] /usr/lib64/libc.so.6(raise+0x16)[0x1458a48dfb86]
[jwb0637:187030] [ 3] /usr/lib64/libc.so.6(abort+0xd3)[0x1458a48c9873]
[jwb0637:187030] [ 4] /p/software/default/stages/2026/software/GCCcore/14.3.0/lib64/libstdc++.so.6(+0xadc3d)[0x1458a4b84c3d]
[jwb0637:187030] [ 5] /p/software/default/stages/2026/software/GCCcore/14.3.0/lib64/libstdc++.so.6(+0xbf14a)[0x1458a4b9614a]
[jwb0637:187030] [ 6] /p/software/default/stages/2026/software/GCCcore/14.3.0/lib64/libstdc++.so.6(_ZSt10unexpectedv+0x0)[0x1458a4b847e9]
[jwb0637:187030] [ 7] /p/software/default/stages/2026/software/GCCcore/14.3.0/lib64/libstdc++.so.6(+0xbf3c7)[0x1458a4b963c7]
[jwb0637:187030] [ 8] /p/home/jusers/fischill1/juwels/ippl/build_fin/alpine/ElectrostaticPIF/LandauDampingPIF(_ZN6heffte4cuda11check_errorE9cudaErrorPKc+0xb4)[0x462aa4]
[jwb0637:187030] [ 9] /p/home/jusers/fischill1/juwels/ippl/build_fin/alpine/ElectrostaticPIF/LandauDampingPIF[0x5df596]
[jwb0637:187030] [10] /p/home/jusers/fischill1/juwels/ippl/build_fin/alpine/ElectrostaticPIF/LandauDampingPIF[0x5e062e]
[jwb0637:187030] [11] /p/home/jusers/fischill1/juwels/ippl/build_fin/alpine/ElectrostaticPIF/LandauDampingPIF[0x5e220b]
[jwb0637:187030] [12] /p/home/jusers/fischill1/juwels/ippl/build_fin/alpine/ElectrostaticPIF/LandauDampingPIF[0x5e2e68]
[jwb0637:187030] [13] /p/home/jusers/fischill1/juwels/ippl/build_fin/alpine/ElectrostaticPIF/LandauDampingPIF[0x5e3837]
[jwb0637:187030] [14] /p/home/jusers/fischill1/juwels/ippl/build_fin/alpine/ElectrostaticPIF/LandauDampingPIF[0x423714]
[jwb0637:187030] [15] /usr/lib64/libc.so.6(+0x2a610)[0x1458a48ca610]
[jwb0637:187030] [16] /usr/lib64/libc.so.6(__libc_start_main+0x80)[0x1458a48ca6c0]
[jwb0637:187030] [17] /p/home/jusers/fischill1/juwels/ippl/build_fin/alpine/ElectrostaticPIF/LandauDampingPIF[0x425995]
[jwb0637:187030] *** End of error message ***
[jwb0637:187027] [ 0] /usr/lib64/libc.so.6(+0x3fc30)[0x14b02b824c30]
[jwb0637:187027] [ 1] /usr/lib64/libc.so.6(+0x8d02c)[0x14b02b87202c]
[jwb0637:187027] [ 2] /usr/lib64/libc.so.6(raise+0x16)[0x14b02b824b86]
[jwb0637:187027] [ 3] /usr/lib64/libc.so.6(abort+0xd3)[0x14b02b80e873]
[jwb0637:187027] [ 4] /p/software/default/stages/2026/software/GCCcore/14.3.0/lib64/libstdc++.so.6(+0xadc3d)[0x14b02bac9c3d]
[jwb0637:187027] [ 5] /p/software/default/stages/2026/software/GCCcore/14.3.0/lib64/libstdc++.so.6(+0xbf14a)[0x14b02badb14a]
[jwb0637:187027] [ 6] /p/software/default/stages/2026/software/GCCcore/14.3.0/lib64/libstdc++.so.6(_ZSt10unexpectedv+0x0)[0x14b02bac97e9]
[jwb0637:187027] [ 7] /p/software/default/stages/2026/software/GCCcore/14.3.0/lib64/libstdc++.so.6(+0xbf3c7)[0x14b02badb3c7]
[jwb0637:187027] [ 8] /p/home/jusers/fischill1/juwels/ippl/build_fin/alpine/ElectrostaticPIF/LandauDampingPIF(_ZN6heffte4cuda11check_errorE9cudaErrorPKc+0xb4)[0x462aa4]
[jwb0637:187027] [ 9] /p/home/jusers/fischill1/juwels/ippl/build_fin/alpine/ElectrostaticPIF/LandauDampingPIF[0x5df596]
[jwb0637:187027] [10] /p/home/jusers/fischill1/juwels/ippl/build_fin/alpine/ElectrostaticPIF/LandauDampingPIF[0x5e062e]
[jwb0637:187027] [11] /p/home/jusers/fischill1/juwels/ippl/build_fin/alpine/ElectrostaticPIF/LandauDampingPIF[0x5e220b]
[jwb0637:187027] [12] /p/home/jusers/fischill1/juwels/ippl/build_fin/alpine/ElectrostaticPIF/LandauDampingPIF[0x5e2e68]
[jwb0637:187027] [13] /p/home/jusers/fischill1/juwels/ippl/build_fin/alpine/ElectrostaticPIF/LandauDampingPIF[0x5e3837]
[jwb0637:187027] [14] /p/home/jusers/fischill1/juwels/ippl/build_fin/alpine/ElectrostaticPIF/LandauDampingPIF[0x423714]
[jwb0637:187027] [15] /usr/lib64/libc.so.6(+0x2a610)[0x14b02b80f610]
[jwb0637:187027] [16] /usr/lib64/libc.so.6(__libc_start_main+0x80)[0x14b02b80f6c0]
[jwb0637:187027] [17] /p/home/jusers/fischill1/juwels/ippl/build_fin/alpine/ElectrostaticPIF/LandauDampingPIF[0x425995]
[jwb0637:187027] *** End of error message ***
terminate called after throwing an instance of 'std::runtime_error'
terminate called after throwing an instance of 'std::runtime_error'
terminate called after throwing an instance of 'std::runtime_error'
  what():  cudaMalloc() failed with message: out of memory
  what():  cudaMalloc() failed with message: out of memory
  what():  cudaMalloc() failed with message: out of memory
terminate called after throwing an instance of 'std::runtime_error'
  what():  cudaMalloc() failed with message: out of memory
[jwb0636:986386] *** Process received signal ***
[jwb0636:986386] Signal: Aborted (6)
[jwb0636:986386] Signal code:  (-6)
[jwb0636:986386] [ 0] /usr/lib64/libc.so.6(+0x3fc30)[0x14d0693fec30]
[jwb0636:986386] [ 1] /usr/lib64/libc.so.6(+0x8d02c)[0x14d06944c02c]
[jwb0636:986386] [ 2] /usr/lib64/libc.so.6(raise+0x16)[0x14d0693feb86]
[jwb0636:986386] [ 3] /usr/lib64/libc.so.6(abort+0xd3)[0x14d0693e8873]
[jwb0636:986386] [ 4] /p/software/default/stages/2026/software/GCCcore/14.3.0/lib64/libstdc++.so.6(+0xadc3d)[0x14d0696a3c3d]
[jwb0636:986386] [ 5] /p/software/default/stages/2026/software/GCCcore/14.3.0/lib64/libstdc++.so.6(+0xbf14a)[0x14d0696b514a]
[jwb0636:986386] [ 6] /p/software/default/stages/2026/software/GCCcore/14.3.0/lib64/libstdc++.so.6(_ZSt10unexpectedv+0x0)[0x14d0696a37e9]
[jwb0636:986386] [ 7] /p/software/default/stages/2026/software/GCCcore/14.3.0/lib64/libstdc++.so.6(+0xbf3c7)[0x14d0696b53c7]
[jwb06[jwb0636:986387] *** Process received signal ***
[jwb0636:986387] Signal: Aborted (6)
[jwb0636:986387] Signal code:  (-6)
[jwb0636:986389] *** Process received signal ***
[jwb0636:986389] Signal: Aborted (6)
[jwb0636:986389] Signal code:  (-6)
[jwb0636:986388] *** Process received signal ***
[jwb0636:986388] Signal: Aborted (6)
[jwb0636:986388] Signal code:  (-6)
36:986386] [ 8] /p/home/jusers/fischill1/juwels/ippl/build_fin/alpine/ElectrostaticPIF/LandauDampingPIF(_ZN6heffte4cuda11check_errorE9cudaErrorPKc+0xb4)[0x462aa4]
[jwb0636:986386] [ 9] /p/home/jusers/fischill1/juwels/ippl/build_fin/alpine/ElectrostaticPIF/LandauDampingPIF[0x5df596]
[jwb0636:986386] [10] /p/home/jusers/fischill1/juwels/ippl/build_fin/alpine/ElectrostaticPIF/LandauDampingPIF[0x5e062e]
[jwb0636:986386] [11] /p/home/jusers/fischill1/juwels/ippl/build_fin/alpine/ElectrostaticPIF/LandauDampingPIF[0x5e220b]
[jwb0636:986386] [12] /p/home/jusers/fischill1/juwels/ippl/build_fin/alpine/ElectrostaticPIF/LandauDampingPIF[0x5e2e68]
[jwb0636:986386] [13] /p/home/jusers/fischill1/juwels/ippl/build_fin/alpine/ElectrostaticPIF/LandauDampingPIF[0x5e3837]
[jwb0636:986386] [14] /p/home/jusers/fischill1/juwels/ippl/build_fin/alpine/ElectrostaticPIF/LandauDampingPIF[0x423714]
[jwb0636:986386] [15] /usr/lib64/libc.so.6(+0x2a610)[0x14d0693e9610]
[jwb0636:986386] [16] /usr/lib64/libc.so.6(__libc_start_main+0x80)[0x14d0693e96c0]
[jwb0636:9863[jwb0636:986387] [ 0] /usr/lib64/libc.so.6(+0x3fc30)[0x14b3466e7c30]
[jwb0636:986387] [ 1] /usr/lib64/libc.so.6(+0x8d02c)[0x14b34673502c]
[jwb0636:986387] [ 2] /usr/lib64/libc.so.6(raise+0x16)[0x14b3466e7b86]
[jwb0636:986387] [ 3] /usr/lib64/libc.so.6(abort+0xd3)[0x14b3466d1873]
[jwb0636:986387] [ 4] /p/software/default/stages/2026/software/GCCcore/14.3.0/lib64/libstdc++.so.6(+0xadc3d)[0x14b34698cc3d]
[jwb0636:986387] [ 5] /p/software/default/stages/2026/software/GCCcore/14.3.0/lib64/libstdc++.so.6(+0xbf14a)[0x14b34699e14a]
[jwb0636:986387] [ 6] /p/software/default/stages/2026/software/GCCcore/14.3.0/lib64/libstdc++.so.6(_ZSt10unexpectedv+0x0)[0x14b34698c7e9]
[jwb0636:986387] [ 7] /p/software/default/stages/2026/software/GCCcore/14.3.0/lib64/libstdc++.so.6(+0xbf3c7)[0x14b34699e3c7]
[jwb0636:986387] [ 8] /p/home/jusers/fischill1/juwels/ippl/build_fin/alpine/ElectrostaticPIF/LandauDampingPIF(_ZN6heffte4cuda11check_errorE9cudaErrorPKc+0xb4)[0x462aa4]
[jwb0636:986387] [ 9] /p/home/jusers/fischill1/juwels/ippl/build_fin/alpine/Electrosta[jwb0636:986389] [ 0] /usr/lib64/libc.so.6(+0x3fc30)[0x14e5aead4c30]
[jwb0636:986389] [ 1] /usr/lib64/libc.so.6(+0x8d02c)[0x14e5aeb2202c]
[jwb0636:986389] [ 2] /usr/lib64/libc.so.6(raise+0x16)[0x14e5aead4b86]
[jwb0636:986389] [ 3] /usr/lib64/libc.so.6(abort+0xd3)[0x14e5aeabe873]
[jwb0636:986389] [ 4] /p/software/default/stages/2026/software/GCCcore/14.3.0/lib64/libstdc++.so.6(+0xadc3d)[0x14e5aed79c3d]
[jwb0636:986389] [ 5] /p/software/default/stages/2026/software/GCCcore/14.3.0/lib64/libstdc++.so.6(+0xbf14a)[0x14e5aed8b14a]
[jwb0636:986389] [ 6] /p/software/default/stages/2026/software/GCCcore/14.3.0/lib64/libstdc++.so.6(_ZSt10unexpectedv+0x0)[0x14e5aed797e9]
[jwb0636:986389] [ 7] /p/software/default/stages/2026/software/GCCcore/14.3.0/lib64/libstdc++.so.6(+0xbf3c7)[0x14e5aed8b3c7]
[jwb0636:986389] [ 8] /p/home/jusers/fischill1/juwels/ippl/build_fin/alpine/ElectrostaticPIF/LandauDampingPIF(_ZN6heffte4cuda11check_errorE9cudaErrorPKc+0xb4)[0x462aa4]
[jwb0636:986389] [ 9] /p/home/jusers/fischill1/juwels/ippl/build_fin/alpine/Electrosta[jwb0636:986388] [ 0] /usr/lib64/libc.so.6(+0x3fc30)[0x1479a1cc6c30]
[jwb0636:986388] [ 1] /usr/lib64/libc.so.6(+0x8d02c)[0x1479a1d1402c]
[jwb0636:986388] [ 2] /usr/lib64/libc.so.6(raise+0x16)[0x1479a1cc6b86]
[jwb0636:986388] [ 3] /usr/lib64/libc.so.6(abort+0xd3)[0x1479a1cb0873]
[jwb0636:986388] [ 4] /p/software/default/stages/2026/software/GCCcore/14.3.0/lib64/libstdc++.so.6(+0xadc3d)[0x1479a1f6bc3d]
[jwb0636:986388] [ 5] /p/software/default/stages/2026/software/GCCcore/14.3.0/lib64/libstdc++.so.6(+0xbf14a)[0x1479a1f7d14a]
[jwb0636:986388] [ 6] /p/software/default/stages/2026/software/GCCcore/14.3.0/lib64/libstdc++.so.6(_ZSt10unexpectedv+0x0)[0x1479a1f6b7e9]
[jwb0636:986388] [ 7] /p/software/default/stages/2026/software/GCCcore/14.3.0/lib64/libstdc++.so.6(+0xbf3c7)[0x1479a1f7d3c7]
[jwb0636:986388] [ 8] /p/home/jusers/fischill1/juwels/ippl/build_fin/alpine/ElectrostaticPIF/LandauDampingPIF(_ZN6heffte4cuda11check_errorE9cudaErrorPKc+0xb4)[0x462aa4]
[jwb0636:986388] [ 9] /p/home/jusers/fischill1/juwels/ippl/build_fin/alpine/Electrosta86] [17] /p/home/jusers/fischill1/juwels/ippl/build_fin/alpine/ElectrostaticPIF/LandauDampingPIF[0x425995]
[jwb0636:986386] *** End of error message ***
ticPIF/LandauDampingPIF[0x5df596]
[jwb0636:986387] [10] /p/home/jusers/fischill1/juwels/ippl/build_fin/alpine/ElectrostaticPIF/LandauDampingPIF[0x5e062e]
[jwb0636:986387] [11] /p/home/jusers/fischill1/juwels/ippl/build_fin/alpine/ElectrostaticPIF/LandauDampingPIF[0x5e220b]
[jwb0636:986387] [12] /p/home/jusers/fischill1/juwels/ippl/build_fin/alpine/ElectrostaticPIF/LandauDampingPIF[0x5e2e68]
[jwb0636:986387] [13] /p/home/jusers/fischill1/juwels/ippl/build_fin/alpine/ElectrostaticPIF/LandauDampingPIF[0x5e3837]
[jwb0636:986387] [14] /p/home/jusers/fischill1/juwels/ippl/build_fin/alpine/ElectrostaticPIF/LandauDampingPIF[0x423714]
[jwb0636:986387] [15] /usr/lib64/libc.so.6(+0x2a610)[0x14b3466d2610]
[jwb0636:986387] [16] /usr/lib64/libc.so.6(__libc_start_main+0x80)[0x14b3466d26c0]
[jwb0636:986387] [17] /p/home/jusers/fischill1/juwels/ippl/build_fin/alpine/ElectrostaticPIF/LandauDampingPIF[0x425995]
[jwb0636:986387] *** End of error message ***
ticPIF/LandauDampingPIF[0x5df596]
[jwb0636:986389] [10] /p/home/jusers/fischill1/juwels/ippl/build_fin/alpine/ElectrostaticPIF/LandauDampingPIF[0x5e062e]
[jwb0636:986389] [11] /p/home/jusers/fischill1/juwels/ippl/build_fin/alpine/ElectrostaticPIF/LandauDampingPIF[0x5e220b]
[jwb0636:986389] [12] /p/home/jusers/fischill1/juwels/ippl/build_fin/alpine/ElectrostaticPIF/LandauDampingPIF[0x5e2e68]
[jwb0636:986389] [13] /p/home/jusers/fischill1/juwels/ippl/build_fin/alpine/ElectrostaticPIF/LandauDampingPIF[0x5e3837]
[jwb0636:986389] [14] /p/home/jusers/fischill1/juwels/ippl/build_fin/alpine/ElectrostaticPIF/LandauDampingPIF[0x423714]
[jwb0636:986389] [15] /usr/lib64/libc.so.6(+0x2a610)[0x14e5aeabf610]
[jwb0636:986389] [16] /usr/lib64/libc.so.6(__libc_start_main+0x80)[0x14e5aeabf6c0]
[jwb0636:986389] [17] /p/home/jusers/fischill1/juwels/ippl/build_fin/alpine/ElectrostaticPIF/LandauDampingPIF[0x425995]
[jwb0636:986389] *** End of error message ***
ticPIF/LandauDampingPIF[0x5df596]
[jwb0636:986388] [10] /p/home/jusers/fischill1/juwels/ippl/build_fin/alpine/ElectrostaticPIF/LandauDampingPIF[0x5e062e]
[jwb0636:986388] [11] /p/home/jusers/fischill1/juwels/ippl/build_fin/alpine/ElectrostaticPIF/LandauDampingPIF[0x5e220b]
[jwb0636:986388] [12] /p/home/jusers/fischill1/juwels/ippl/build_fin/alpine/ElectrostaticPIF/LandauDampingPIF[0x5e2e68]
[jwb0636:986388] [13] /p/home/jusers/fischill1/juwels/ippl/build_fin/alpine/ElectrostaticPIF/LandauDampingPIF[0x5e3837]
[jwb0636:986388] [14] /p/home/jusers/fischill1/juwels/ippl/build_fin/alpine/ElectrostaticPIF/LandauDampingPIF[0x423714]
[jwb0636:986388] [15] /usr/lib64/libc.so.6(+0x2a610)[0x1479a1cb1610]
[jwb0636:986388] [16] /usr/lib64/libc.so.6(__libc_start_main+0x80)[0x1479a1cb16c0]
[jwb0636:986388] [17] /p/home/jusers/fischill1/juwels/ippl/build_fin/alpine/ElectrostaticPIF/LandauDampingPIF[0x425995]
[jwb0636:986388] *** End of error message ***
srun: error: jwb0637: tasks 4-7: Aborted (core dumped)
srun: error: jwb0636: tasks 0-3: Aborted (core dumped)
