LandauDampingPIF{0}> Landau damping
LandauDampingPIF{0}> nt 10 Np= 1073741824 Fourier modes = ( 512 , 512 , 512 )
LandauDampingPIF{0}> particles created and initial conditions assigned 
LandauDampingPIF{0}> After init shape function 
LandauDampingPIF{0}> After init NUFFT 
LandauDampingPIF{0}> After update 
LandauDampingPIF{0}> After scatter 
LandauDampingPIF{0}> After gather 
LandauDampingPIF{0}> Starting iterations ...
LandauDampingPIF{0}> Finished time step: -2 time: 0.0122718
LandauDampingPIF{0}> Finished time step: -1 time: 0.0245437
LandauDampingPIF{0}> Finished time step: 0 time: 0.0368155
LandauDampingPIF{0}> Finished time step: 1 time: 0.0490874
LandauDampingPIF{0}> Finished time step: 2 time: 0.0613592
LandauDampingPIF{0}> Finished time step: 3 time: 0.0736311
LandauDampingPIF{0}> Finished time step: 4 time: 0.0859029
LandauDampingPIF{0}> Finished time step: 5 time: 0.0981748
LandauDampingPIF{0}> Finished time step: 6 time: 0.110447
LandauDampingPIF{0}> Finished time step: 7 time: 0.122718
LandauDampingPIF{0}> Finished time step: 8 time: 0.13499
LandauDampingPIF{0}> Finished time step: 9 time: 0.147262
LandauDampingPIF{0}> Finished time step: 10 time: 0.159534
LandauDampingPIF{0}> LandauDamping: End.
Timings{0}> ---------------------------------------------
Timings{0}>      Timing results for 64 rank(s):
Timings{0}> ---------------------------------------------
Timings{0}> mainTimer........... Wall tot =    63.0952
Timings{0}> 
Timings{0}> particlesCreation... Wall max =          0
Timings{0}>                      Wall avg =          0
Timings{0}>                      Wall min =          0
Timings{0}> 
Timings{0}> dumpData............ Wall max =    2.42969
Timings{0}>                      Wall avg =    1.29784
Timings{0}>                      Wall min =  0.0402067
Timings{0}> 
Timings{0}> kick................ Wall max =  0.0248738
Timings{0}>                      Wall avg =  0.0217188
Timings{0}>                      Wall min =  0.0193232
Timings{0}> 
Timings{0}> drift............... Wall max =  0.0124081
Timings{0}>                      Wall avg =  0.0106036
Timings{0}>                      Wall min = 0.00954505
Timings{0}> 
Timings{0}> particleBC.......... Wall max =  0.0344938
Timings{0}>                      Wall avg =  0.0310043
Timings{0}>                      Wall min =  0.0280756
Timings{0}> 
Timings{0}> initializeShapeFunc. Wall max =          0
Timings{0}>                      Wall avg =          0
Timings{0}>                      Wall min =          0
Timings{0}> 
Timings{0}> findInternal........ Wall max =          0
Timings{0}>                      Wall avg =          0
Timings{0}>                      Wall min =          0
Timings{0}> 
Timings{0}> findPeriodic........ Wall max =          0
Timings{0}>                      Wall avg =          0
Timings{0}>                      Wall min =          0
Timings{0}> 
Timings{0}> NativeNUFFT::init... Wall max =          0
Timings{0}>                      Wall avg =          0
Timings{0}>                      Wall min =          0
Timings{0}> 
Timings{0}> updateParticle...... Wall max =   0.187548
Timings{0}>                      Wall avg =   0.176365
Timings{0}>                      Wall min =   0.163081
Timings{0}> 
Timings{0}> locateParticles..... Wall max =  0.0481525
Timings{0}>                      Wall avg =  0.0410588
Timings{0}>                      Wall min =  0.0375239
Timings{0}> 
Timings{0}> sendPreprocess...... Wall max =  0.0221042
Timings{0}>                      Wall avg =  0.0139325
Timings{0}>                      Wall min = 0.00179439
Timings{0}> 
Timings{0}> particleSend........ Wall max =  0.0238381
Timings{0}>                      Wall avg =  0.0192596
Timings{0}>                      Wall min =  0.0157788
Timings{0}> 
Timings{0}> particleRecv........ Wall max = 0.00059752
Timings{0}>                      Wall avg = 0.000535275
Timings{0}>                      Wall min = 0.000469147
Timings{0}> 
Timings{0}> particleDestroy..... Wall max =  0.0886724
Timings{0}>                      Wall avg =  0.0751048
Timings{0}>                      Wall min =  0.0683456
Timings{0}> 
Timings{0}> ScatterPIFNUFFT..... Wall max =    20.5757
Timings{0}>                      Wall avg =    20.5213
Timings{0}>                      Wall min =    20.4743
Timings{0}> 
Timings{0}> NativeNUFFT1........ Wall max =    20.5449
Timings{0}>                      Wall avg =      20.49
Timings{0}>                      Wall min =    20.4426
Timings{0}> 
Timings{0}> scatterTimerNUFFT1.. Wall max =    19.2217
Timings{0}>                      Wall avg =    19.1674
Timings{0}>                      Wall min =    19.1455
Timings{0}> 
Timings{0}> binSort............. Wall max =  0.0788064
Timings{0}>                      Wall avg =  0.0718271
Timings{0}>                      Wall min =  0.0645783
Timings{0}> 
Timings{0}> binComputeKeys...... Wall max = 0.00617845
Timings{0}>                      Wall avg =  0.0054059
Timings{0}>                      Wall min = 0.00467438
Timings{0}> 
Timings{0}> binSortByKey........ Wall max =  0.0705984
Timings{0}>                      Wall avg =  0.0642834
Timings{0}>                      Wall min =   0.057872
Timings{0}> 
Timings{0}> binComputeOffsets... Wall max = 0.00240843
Timings{0}>                      Wall avg = 0.00210268
Timings{0}>                      Wall min = 0.00191738
Timings{0}> 
Timings{0}> FFTNUFFT1........... Wall max =    1.37492
Timings{0}>                      Wall avg =    1.31919
Timings{0}>                      Wall min =    1.26884
Timings{0}> 
Timings{0}> deconvolutionNUFFT1. Wall max = 0.00519647
Timings{0}>                      Wall avg = 0.00335758
Timings{0}>                      Wall min =  0.0030502
Timings{0}> 
Timings{0}> GatherPIFNUFFT...... Wall max =    42.3095
Timings{0}>                      Wall avg =    41.0207
Timings{0}>                      Wall min =    39.8856
Timings{0}> 
Timings{0}> NativeNUFFT2........ Wall max =    42.1997
Timings{0}>                      Wall avg =    40.9177
Timings{0}>                      Wall min =    39.7886
Timings{0}> 
Timings{0}> PrecorrectionNUFFT2. Wall max =  0.0235825
Timings{0}>                      Wall avg =  0.0177587
Timings{0}>                      Wall min =  0.0165562
Timings{0}> 
Timings{0}> FFTNUFFT2........... Wall max =    8.74869
Timings{0}>                      Wall avg =    6.44722
Timings{0}>                      Wall min =    3.87541
Timings{0}> 
Timings{0}> GatherNUFFT2........ Wall max =    38.3009
Timings{0}>                      Wall avg =    34.4525
Timings{0}>                      Wall min =    31.0227
Timings{0}> 
Timings{0}> ---------------------------------------------
Timings{0}>      Measurement counts:
Timings{0}> ---------------------------------------------
Timings{0}> mainTimer........... Count =          1
Timings{0}> particlesCreation... Count =          0
Timings{0}> dumpData............ Count =         10
Timings{0}> kick................ Count =         20
Timings{0}> drift............... Count =         10
Timings{0}> particleBC.......... Count =         10
Timings{0}> initializeShapeFunc. Count =          0
Timings{0}> findInternal........ Count =          0
Timings{0}> findPeriodic........ Count =          0
Timings{0}> NativeNUFFT::init... Count =          0
Timings{0}> updateParticle...... Count =         10
Timings{0}> locateParticles..... Count =         10
Timings{0}> sendPreprocess...... Count =         10
Timings{0}> particleSend........ Count =         10
Timings{0}> particleRecv........ Count =         10
Timings{0}> particleDestroy..... Count =         10
Timings{0}> ScatterPIFNUFFT..... Count =         20
Timings{0}> NativeNUFFT1........ Count =         10
Timings{0}> scatterTimerNUFFT1.. Count =         10
Timings{0}> binSort............. Count =         10
Timings{0}> binComputeKeys...... Count =         10
Timings{0}> binSortByKey........ Count =         10
Timings{0}> binComputeOffsets... Count =         10
Timings{0}> FFTNUFFT1........... Count =         10
Timings{0}> deconvolutionNUFFT1. Count =         10
Timings{0}> GatherPIFNUFFT...... Count =         10
Timings{0}> NativeNUFFT2........ Count =         30
Timings{0}> PrecorrectionNUFFT2. Count =         30
Timings{0}> FFTNUFFT2........... Count =         30
Timings{0}> GatherNUFFT2........ Count =         30
Timings{0}> ---------------------------------------------
Timings{0}> ---------------------------------------------
Timings{0}>      Per-occurrence statistics:
Timings{0}> ---------------------------------------------
Timings{0}> mainTimer........... n=    1  mean=    63.095  std=         0  min=    63.095  max=    63.095
Timings{0}> dumpData............ n=   10  mean=0.00659538  std=0.00115102  min=0.00534226  max=0.00853292
Timings{0}> kick................ n=   20  mean=0.00124369  std=2.1768e-05  min=0.00119191  max=0.00126659
Timings{0}> drift............... n=   10  mean=0.00117426  std=2.09993e-05  min=0.00114456  max=0.00120351
Timings{0}> particleBC.......... n=   10  mean=0.00339492  std=1.21222e-05  min=0.00337785  max=0.00341682
Timings{0}> updateParticle...... n=   10  mean= 0.0163081  std=0.000488438  min= 0.0155998  max=  0.017153
Timings{0}> locateParticles..... n=   10  mean=0.00397595  std=1.26316e-05  min=0.00396505  max= 0.0040087
Timings{0}> sendPreprocess...... n=   10  mean=0.000947574  std=8.36394e-05  min=0.000840157  max=0.00112076
Timings{0}> particleSend........ n=   10  mean=0.00223388  std=0.000500406  min=0.00181218  max=0.00290262
Timings{0}> particleRecv........ n=   10  mean=5.42401e-05  std=2.70738e-06  min=5.0758e-05  max=5.9596e-05
Timings{0}> particleDestroy..... n=   10  mean=0.00720169  std=3.04558e-05  min=0.00717232  max=0.00727077
Timings{0}> ScatterPIFNUFFT..... n=   20  mean=   1.02571  std=   1.05107  min=0.00125601  max=   2.05556
Timings{0}> NativeNUFFT1........ n=   10  mean=   2.04815  std=0.00487705  min=   2.03956  max=   2.05356
Timings{0}> scatterTimerNUFFT1.. n=   10  mean=    1.9176  std=0.000785319  min=   1.91642  max=   1.91895
Timings{0}> binSort............. n=   10  mean=0.00787524  std=1.18409e-05  min=0.00785412  max=0.00789152
Timings{0}> binComputeKeys...... n=   10  mean=0.000586859  std=3.64586e-06  min=0.000581236  max=0.000594642
Timings{0}> binSortByKey........ n=   10  mean=0.00705984  std=1.08896e-05  min=0.00704076  max=0.00707451
Timings{0}> binComputeOffsets... n=   10  mean=0.000224871  std=1.01744e-06  min=0.000222992  max=0.000225948
Timings{0}> FFTNUFFT1........... n=   10  mean=  0.130029  std=0.00482105  min=  0.121478  max=  0.135894
Timings{0}> deconvolutionNUFFT1. n=   10  mean=0.000515596  std=1.63116e-06  min=0.000512162  max=0.000517432
Timings{0}> GatherPIFNUFFT...... n=   10  mean=   4.22653  std= 0.0210873  min=   4.19666  max=   4.25415
Timings{0}> NativeNUFFT2........ n=   30  mean=   1.40519  std=0.00718418  min=   1.39306  max=    1.4166
Timings{0}> PrecorrectionNUFFT2. n=   30  mean=0.000785916  std=5.22976e-05  min=0.000756626  max=0.00100833
Timings{0}> FFTNUFFT2........... n=   30  mean=  0.131161  std=0.00290375  min=  0.123993  max=  0.136746
Timings{0}> GatherNUFFT2........ n=   30  mean=   1.27323  std=0.00742932  min=   1.26025  max=   1.28612
Timings{0}> ---------------------------------------------
