LandauDampingPIF{0}> Landau damping
LandauDampingPIF{0}> nt 10 Np= 1073741824 Fourier modes = ( 512 , 512 , 512 )
LandauDampingPIF{0}> particles created and initial conditions assigned 
LandauDampingPIF{0}> After init shape function 
LandauDampingPIF{0}> After init NUFFT 
LandauDampingPIF{0}> After update 
[Scatter] Auto-select: OutputFocused (tp=359.0 Mpts/s) for w=9 rho=1.00 (was Atomic)
[Scatter] Cache hit: method=OutputFocused w=9 cx=1 rho=1.00 -> tile=(2,3,3) team=256 osub=1 zb=32 tp=359.0 Mpts/s (rho_csv=1.25)
LandauDampingPIF{0}> After scatter 
LandauDampingPIF{0}> After gather 
LandauDampingPIF{0}> Starting iterations ...
LandauDampingPIF{0}> Finished time step: -2 time: 0.0122718
LandauDampingPIF{0}> Finished time step: -1 time: 0.0245437
LandauDampingPIF{0}> Finished time step: 0 time: 0.0368155
LandauDampingPIF{0}> Finished time step: 1 time: 0.0490874
LandauDampingPIF{0}> Finished time step: 2 time: 0.0613592
LandauDampingPIF{0}> Finished time step: 3 time: 0.0736311
LandauDampingPIF{0}> Finished time step: 4 time: 0.0859029
LandauDampingPIF{0}> Finished time step: 5 time: 0.0981748
LandauDampingPIF{0}> Finished time step: 6 time: 0.110447
LandauDampingPIF{0}> Finished time step: 7 time: 0.122718
LandauDampingPIF{0}> Finished time step: 8 time: 0.13499
LandauDampingPIF{0}> Finished time step: 9 time: 0.147262
LandauDampingPIF{0}> Finished time step: 10 time: 0.159534
LandauDampingPIF{0}> LandauDamping: End.
Timings{0}> ---------------------------------------------
Timings{0}>      Timing results for 8 rank(s):
Timings{0}> ---------------------------------------------
Timings{0}> mainTimer........... Wall tot =    18.0935
Timings{0}> 
Timings{0}> particlesCreation... Wall max =          0
Timings{0}>                      Wall avg =          0
Timings{0}>                      Wall min =          0
Timings{0}> 
Timings{0}> dumpData............ Wall max =   0.120862
Timings{0}>                      Wall avg =   0.115419
Timings{0}>                      Wall min =   0.102869
Timings{0}> 
Timings{0}> kick................ Wall max = 0.000644074
Timings{0}>                      Wall avg = 0.000546572
Timings{0}>                      Wall min = 0.000435275
Timings{0}> 
Timings{0}> drift............... Wall max = 7.6799e-05
Timings{0}>                      Wall avg = 6.62627e-05
Timings{0}>                      Wall min = 5.6767e-05
Timings{0}> 
Timings{0}> initializeShapeFunc. Wall max =          0
Timings{0}>                      Wall avg =          0
Timings{0}>                      Wall min =          0
Timings{0}> 
Timings{0}> findInternal........ Wall max =          0
Timings{0}>                      Wall avg =          0
Timings{0}>                      Wall min =          0
Timings{0}> 
Timings{0}> findPeriodic........ Wall max =          0
Timings{0}>                      Wall avg =          0
Timings{0}>                      Wall min =          0
Timings{0}> 
Timings{0}> NativeNUFFT::init... Wall max =          0
Timings{0}>                      Wall avg =          0
Timings{0}>                      Wall min =          0
Timings{0}> 
Timings{0}> particleBC.......... Wall max = 0.000142139
Timings{0}>                      Wall avg = 0.000129703
Timings{0}>                      Wall min = 0.000119676
Timings{0}> 
Timings{0}> updateParticle...... Wall max =   0.234888
Timings{0}>                      Wall avg =   0.232588
Timings{0}>                      Wall min =   0.230412
Timings{0}> 
Timings{0}> locateParticles..... Wall max =   0.133541
Timings{0}>                      Wall avg =   0.132581
Timings{0}>                      Wall min =    0.13218
Timings{0}> 
Timings{0}> sendPreprocess...... Wall max = 0.00296169
Timings{0}>                      Wall avg = 0.00259902
Timings{0}>                      Wall min = 0.00152805
Timings{0}> 
Timings{0}> particleSend........ Wall max = 0.00897664
Timings{0}>                      Wall avg = 0.00836338
Timings{0}>                      Wall min = 0.00784882
Timings{0}> 
Timings{0}> particleRecv........ Wall max = 0.000319031
Timings{0}>                      Wall avg = 0.00022284
Timings{0}>                      Wall min = 0.000156537
Timings{0}> 
Timings{0}> particleDestroy..... Wall max =  0.0824709
Timings{0}>                      Wall avg =  0.0759168
Timings{0}>                      Wall min =  0.0695832
Timings{0}> 
Timings{0}> ScatterPIFNUFFT..... Wall max =     5.9553
Timings{0}>                      Wall avg =    5.94957
Timings{0}>                      Wall min =    5.94333
Timings{0}> 
Timings{0}> NativeNUFFT1........ Wall max =    5.93025
Timings{0}>                      Wall avg =    5.92345
Timings{0}>                      Wall min =    5.91639
Timings{0}> 
Timings{0}> scatterTimerNUFFT1.. Wall max =     3.5444
Timings{0}>                      Wall avg =    3.53631
Timings{0}>                      Wall min =     3.5304
Timings{0}> 
Timings{0}> binSort............. Wall max =    0.62662
Timings{0}>                      Wall avg =   0.625364
Timings{0}>                      Wall min =   0.623645
Timings{0}> 
Timings{0}> binComputeKeys...... Wall max =  0.0607473
Timings{0}>                      Wall avg =  0.0605245
Timings{0}>                      Wall min =  0.0604008
Timings{0}> 
Timings{0}> binSortByKey........ Wall max =   0.538191
Timings{0}>                      Wall avg =   0.537231
Timings{0}>                      Wall min =   0.535692
Timings{0}> 
Timings{0}> binComputeOffsets... Wall max =  0.0277366
Timings{0}>                      Wall avg =  0.0275155
Timings{0}>                      Wall min =  0.0272879
Timings{0}> 
Timings{0}> FFTNUFFT1........... Wall max =    2.37815
Timings{0}>                      Wall avg =    2.37232
Timings{0}>                      Wall min =    2.36349
Timings{0}> 
Timings{0}> TwiddleAdd.......... Wall max = 0.000995615
Timings{0}>                      Wall avg = 0.000738175
Timings{0}>                      Wall min = 0.000529932
Timings{0}> 
Timings{0}> subFFTs............. Wall max =    2.37621
Timings{0}>                      Wall avg =    2.37051
Timings{0}>                      Wall min =    2.36165
Timings{0}> 
Timings{0}> deconvolutionNUFFT1. Wall max =   0.014938
Timings{0}>                      Wall avg =  0.0148048
Timings{0}>                      Wall min =  0.0147062
Timings{0}> 
Timings{0}> GatherPIFNUFFT...... Wall max =    11.7247
Timings{0}>                      Wall avg =    11.7173
Timings{0}>                      Wall min =    11.7109
Timings{0}> 
Timings{0}> NativeNUFFT2........ Wall max =     11.705
Timings{0}>                      Wall avg =    11.6984
Timings{0}>                      Wall min =    11.6941
Timings{0}> 
Timings{0}> PrecorrectionNUFFT2. Wall max =   0.146178
Timings{0}>                      Wall avg =   0.145999
Timings{0}>                      Wall min =   0.145871
Timings{0}> 
Timings{0}> FFTNUFFT2........... Wall max =    7.21239
Timings{0}>                      Wall avg =    7.20279
Timings{0}>                      Wall min =    7.19492
Timings{0}> 
Timings{0}> subIFFTs............ Wall max =    7.18883
Timings{0}>                      Wall avg =     7.1788
Timings{0}>                      Wall min =    7.17156
Timings{0}> 
Timings{0}> StridedWrite........ Wall max = 0.00331289
Timings{0}>                      Wall avg = 0.00240354
Timings{0}>                      Wall min = 0.00172868
Timings{0}> 
Timings{0}> GatherNUFFT2........ Wall max =   0.666731
Timings{0}>                      Wall avg =   0.653358
Timings{0}>                      Wall min =   0.639341
Timings{0}> 
Timings{0}> ---------------------------------------------
Timings{0}>      Measurement counts:
Timings{0}> ---------------------------------------------
Timings{0}> mainTimer........... Count =          1
Timings{0}> particlesCreation... Count =          0
Timings{0}> dumpData............ Count =         10
Timings{0}> kick................ Count =         20
Timings{0}> drift............... Count =         10
Timings{0}> initializeShapeFunc. Count =          0
Timings{0}> findInternal........ Count =          0
Timings{0}> findPeriodic........ Count =          0
Timings{0}> NativeNUFFT::init... Count =          0
Timings{0}> particleBC.......... Count =         10
Timings{0}> updateParticle...... Count =         10
Timings{0}> locateParticles..... Count =         10
Timings{0}> sendPreprocess...... Count =         10
Timings{0}> particleSend........ Count =         10
Timings{0}> particleRecv........ Count =         10
Timings{0}> particleDestroy..... Count =         10
Timings{0}> ScatterPIFNUFFT..... Count =         20
Timings{0}> NativeNUFFT1........ Count =         10
Timings{0}> scatterTimerNUFFT1.. Count =         10
Timings{0}> binSort............. Count =         40
Timings{0}> binComputeKeys...... Count =         40
Timings{0}> binSortByKey........ Count =         40
Timings{0}> binComputeOffsets... Count =         40
Timings{0}> FFTNUFFT1........... Count =         10
Timings{0}> TwiddleAdd.......... Count =         20
Timings{0}> subFFTs............. Count =         20
Timings{0}> deconvolutionNUFFT1. Count =         10
Timings{0}> GatherPIFNUFFT...... Count =         10
Timings{0}> NativeNUFFT2........ Count =         30
Timings{0}> PrecorrectionNUFFT2. Count =         30
Timings{0}> FFTNUFFT2........... Count =         30
Timings{0}> subIFFTs............ Count =         60
Timings{0}> StridedWrite........ Count =         60
Timings{0}> GatherNUFFT2........ Count =         30
Timings{0}> ---------------------------------------------
Timings{0}> ---------------------------------------------
Timings{0}>      Per-occurrence statistics:
Timings{0}> ---------------------------------------------
Timings{0}> mainTimer........... n=    1  mean=   18.0935  std=         0  min=   18.0935  max=   18.0935
Timings{0}> dumpData............ n=   10  mean= 0.0119477  std=0.00101425  min= 0.0104409  max= 0.0134399
Timings{0}> kick................ n=   20  mean=2.28325e-05  std=1.38866e-05  min= 6.623e-06  max=3.9934e-05
Timings{0}> drift............... n=   10  mean=7.0015e-06  std=6.78212e-07  min= 5.984e-06  max= 8.128e-06
Timings{0}> particleBC.......... n=   10  mean=1.21052e-05  std=1.25178e-06  min=1.0368e-05  max=1.4624e-05
Timings{0}> updateParticle...... n=   10  mean= 0.0230867  std=0.000109913  min= 0.0228639  max= 0.0232015
Timings{0}> locateParticles..... n=   10  mean= 0.0132326  std=4.1162e-06  min= 0.0132269  max= 0.0132386
Timings{0}> sendPreprocess...... n=   10  mean=0.000296169  std=3.21587e-05  min=0.000259767  max=0.000371795
Timings{0}> particleSend........ n=   10  mean=0.000784882  std=3.51391e-05  min=0.00074903  max=0.000866626
Timings{0}> particleRecv........ n=   10  mean=1.63514e-05  std=3.70902e-06  min= 1.104e-05  max=2.2143e-05
Timings{0}> particleDestroy..... n=   10  mean=0.00695832  std=2.37178e-05  min=0.00691822  max= 0.0069939
Timings{0}> ScatterPIFNUFFT..... n=   20  mean=  0.297533  std=  0.305254  min= 9.951e-06  max=  0.601358
Timings{0}> NativeNUFFT1........ n=   10  mean=  0.592566  std= 0.0048186  min=   0.58612  max=  0.598698
Timings{0}> scatterTimerNUFFT1.. n=   10  mean=  0.353567  std=0.000754612  min=  0.352527  max=  0.354541
Timings{0}> binSort............. n=   40  mean= 0.0156387  std=4.83855e-05  min= 0.0155008  max= 0.0157054
Timings{0}> binComputeKeys...... n=   40  mean=0.00151505  std=1.6846e-05  min=0.00147675  max=0.00154171
Timings{0}> binSortByKey........ n=   40  mean= 0.0134295  std=4.11343e-05  min= 0.0133124  max=   0.01348
Timings{0}> binComputeOffsets... n=   40  mean=0.000691903  std=1.33945e-05  min=0.000667337  max=0.000712263
Timings{0}> FFTNUFFT1........... n=   10  mean=  0.237504  std=0.00456803  min=  0.231768  max=  0.243418
Timings{0}> TwiddleAdd.......... n=   20  mean=2.93717e-05  std=6.85561e-06  min=  2.08e-05  max= 4.515e-05
Timings{0}> subFFTs............. n=   20  mean=  0.118672  std=0.00306796  min=  0.113769  max=  0.124973
Timings{0}> deconvolutionNUFFT1. n=   10  mean= 0.0014938  std=5.75352e-06  min=0.00148424  max=0.00150516
Timings{0}> GatherPIFNUFFT...... n=   10  mean=   1.17154  std= 0.0077571  min=   1.16074  max=   1.18503
Timings{0}> NativeNUFFT2........ n=   30  mean=  0.389888  std=0.00577604  min=  0.378477  max=  0.401757
Timings{0}> PrecorrectionNUFFT2. n=   30  mean= 0.0048726  std=0.00184392  min=0.00230187  max=0.00616593
Timings{0}> FFTNUFFT2........... n=   30  mean=  0.239831  std=0.00583646  min=  0.228799  max=  0.252267
Timings{0}> subIFFTs............ n=   60  mean=  0.119526  std=0.00387027  min=  0.110539  max=  0.128462
Timings{0}> StridedWrite........ n=   60  mean=2.88113e-05  std=7.12727e-06  min=2.0032e-05  max=5.2479e-05
Timings{0}> GatherNUFFT2........ n=   30  mean= 0.0222244  std=0.00150186  min= 0.0210509  max= 0.0261632
Timings{0}> ---------------------------------------------
