LandauDampingPIF{0}> Landau damping
LandauDampingPIF{0}> nt 10 Np= 1073741824 Fourier modes = ( 512 , 512 , 512 )
LandauDampingPIF{0}> particles created and initial conditions assigned 
LandauDampingPIF{0}> After init shape function 
LandauDampingPIF{0}> After init NUFFT 
LandauDampingPIF{0}> After update 
[Scatter] Auto-select: OutputFocused (tp=359.0 Mpts/s) for w=9 rho=1.00 (was Atomic)
[Scatter] Cache hit: method=OutputFocused w=9 cx=1 rho=1.00 -> tile=(2,3,3) team=256 osub=1 zb=32 tp=359.0 Mpts/s (rho_csv=1.25)
LandauDampingPIF{0}> After scatter 
LandauDampingPIF{0}> After gather 
LandauDampingPIF{0}> Starting iterations ...
LandauDampingPIF{0}> Finished time step: -2 time: 0.0122718
LandauDampingPIF{0}> Finished time step: -1 time: 0.0245437
LandauDampingPIF{0}> Finished time step: 0 time: 0.0368155
LandauDampingPIF{0}> Finished time step: 1 time: 0.0490874
LandauDampingPIF{0}> Finished time step: 2 time: 0.0613592
LandauDampingPIF{0}> Finished time step: 3 time: 0.0736311
LandauDampingPIF{0}> Finished time step: 4 time: 0.0859029
LandauDampingPIF{0}> Finished time step: 5 time: 0.0981748
LandauDampingPIF{0}> Finished time step: 6 time: 0.110447
LandauDampingPIF{0}> Finished time step: 7 time: 0.122718
LandauDampingPIF{0}> Finished time step: 8 time: 0.13499
LandauDampingPIF{0}> Finished time step: 9 time: 0.147262
LandauDampingPIF{0}> Finished time step: 10 time: 0.159534
LandauDampingPIF{0}> LandauDamping: End.
Timings{0}> ---------------------------------------------
Timings{0}>      Timing results for 8 rank(s):
Timings{0}> ---------------------------------------------
Timings{0}> mainTimer........... Wall tot =    17.6281
Timings{0}> 
Timings{0}> particlesCreation... Wall max =          0
Timings{0}>                      Wall avg =          0
Timings{0}>                      Wall min =          0
Timings{0}> 
Timings{0}> dumpData............ Wall max =   0.281515
Timings{0}>                      Wall avg =   0.260159
Timings{0}>                      Wall min =   0.237804
Timings{0}> 
Timings{0}> kick................ Wall max = 0.000679402
Timings{0}>                      Wall avg = 0.000588592
Timings{0}>                      Wall min = 0.000488622
Timings{0}> 
Timings{0}> drift............... Wall max = 8.7548e-05
Timings{0}>                      Wall avg = 8.52972e-05
Timings{0}>                      Wall min = 8.2942e-05
Timings{0}> 
Timings{0}> particleBC.......... Wall max = 0.000120539
Timings{0}>                      Wall avg = 0.000114511
Timings{0}>                      Wall min = 0.000109115
Timings{0}> 
Timings{0}> initializeShapeFunc. Wall max =          0
Timings{0}>                      Wall avg =          0
Timings{0}>                      Wall min =          0
Timings{0}> 
Timings{0}> findInternal........ Wall max =          0
Timings{0}>                      Wall avg =          0
Timings{0}>                      Wall min =          0
Timings{0}> 
Timings{0}> findPeriodic........ Wall max =          0
Timings{0}>                      Wall avg =          0
Timings{0}>                      Wall min =          0
Timings{0}> 
Timings{0}> NativeNUFFT::init... Wall max =          0
Timings{0}>                      Wall avg =          0
Timings{0}>                      Wall min =          0
Timings{0}> 
Timings{0}> updateParticle...... Wall max =    0.23443
Timings{0}>                      Wall avg =   0.232404
Timings{0}>                      Wall min =   0.230203
Timings{0}> 
Timings{0}> locateParticles..... Wall max =   0.133301
Timings{0}>                      Wall avg =   0.132589
Timings{0}>                      Wall min =   0.132233
Timings{0}> 
Timings{0}> sendPreprocess...... Wall max = 0.00289775
Timings{0}>                      Wall avg = 0.00243029
Timings{0}>                      Wall min =  0.0016363
Timings{0}> 
Timings{0}> particleSend........ Wall max = 0.00853569
Timings{0}>                      Wall avg = 0.00814561
Timings{0}>                      Wall min = 0.00780149
Timings{0}> 
Timings{0}> particleRecv........ Wall max = 0.000380851
Timings{0}>                      Wall avg = 0.000279346
Timings{0}>                      Wall min = 0.00016956
Timings{0}> 
Timings{0}> particleDestroy..... Wall max =  0.0824717
Timings{0}>                      Wall avg =  0.0757864
Timings{0}>                      Wall min =  0.0696071
Timings{0}> 
Timings{0}> ScatterPIFNUFFT..... Wall max =     5.8253
Timings{0}>                      Wall avg =    5.81835
Timings{0}>                      Wall min =    5.81225
Timings{0}> 
Timings{0}> NativeNUFFT1........ Wall max =    5.67789
Timings{0}>                      Wall avg =    5.67153
Timings{0}>                      Wall min =    5.66149
Timings{0}> 
Timings{0}> scatterTimerNUFFT1.. Wall max =    3.54063
Timings{0}>                      Wall avg =    3.53335
Timings{0}>                      Wall min =    3.52632
Timings{0}> 
Timings{0}> binSort............. Wall max =   0.628443
Timings{0}>                      Wall avg =   0.626426
Timings{0}>                      Wall min =   0.624276
Timings{0}> 
Timings{0}> binComputeKeys...... Wall max =  0.0640457
Timings{0}>                      Wall avg =  0.0613801
Timings{0}>                      Wall min =  0.0603327
Timings{0}> 
Timings{0}> binSortByKey........ Wall max =   0.539176
Timings{0}>                      Wall avg =   0.537353
Timings{0}>                      Wall min =   0.536106
Timings{0}> 
Timings{0}> binComputeOffsets... Wall max =  0.0279785
Timings{0}>                      Wall avg =  0.0275739
Timings{0}>                      Wall min =   0.027278
Timings{0}> 
Timings{0}> FFTNUFFT1........... Wall max =    2.11265
Timings{0}>                      Wall avg =    2.10659
Timings{0}>                      Wall min =    2.10016
Timings{0}> 
Timings{0}> deconvolutionNUFFT1. Wall max =  0.0330521
Timings{0}>                      Wall avg =  0.0315578
Timings{0}>                      Wall min =  0.0287006
Timings{0}> 
Timings{0}> GatherPIFNUFFT...... Wall max =    11.1555
Timings{0}>                      Wall avg =    11.1247
Timings{0}>                      Wall min =    11.0709
Timings{0}> 
Timings{0}> NativeNUFFT2........ Wall max =    10.9941
Timings{0}>                      Wall avg =     10.981
Timings{0}>                      Wall min =    10.9674
Timings{0}> 
Timings{0}> PrecorrectionNUFFT2. Wall max =   0.263955
Timings{0}>                      Wall avg =   0.263333
Timings{0}>                      Wall min =   0.262734
Timings{0}> 
Timings{0}> FFTNUFFT2........... Wall max =    6.37645
Timings{0}>                      Wall avg =    6.36383
Timings{0}>                      Wall min =    6.33779
Timings{0}> 
Timings{0}> GatherNUFFT2........ Wall max =   0.653438
Timings{0}>                      Wall avg =   0.645542
Timings{0}>                      Wall min =   0.636008
Timings{0}> 
Timings{0}> ---------------------------------------------
Timings{0}>      Measurement counts:
Timings{0}> ---------------------------------------------
Timings{0}> mainTimer........... Count =          1
Timings{0}> particlesCreation... Count =          0
Timings{0}> dumpData............ Count =         10
Timings{0}> kick................ Count =         20
Timings{0}> drift............... Count =         10
Timings{0}> particleBC.......... Count =         10
Timings{0}> initializeShapeFunc. Count =          0
Timings{0}> findInternal........ Count =          0
Timings{0}> findPeriodic........ Count =          0
Timings{0}> NativeNUFFT::init... Count =          0
Timings{0}> updateParticle...... Count =         10
Timings{0}> locateParticles..... Count =         10
Timings{0}> sendPreprocess...... Count =         10
Timings{0}> particleSend........ Count =         10
Timings{0}> particleRecv........ Count =         10
Timings{0}> particleDestroy..... Count =         10
Timings{0}> ScatterPIFNUFFT..... Count =         20
Timings{0}> NativeNUFFT1........ Count =         10
Timings{0}> scatterTimerNUFFT1.. Count =         10
Timings{0}> binSort............. Count =         40
Timings{0}> binComputeKeys...... Count =         40
Timings{0}> binSortByKey........ Count =         40
Timings{0}> binComputeOffsets... Count =         40
Timings{0}> FFTNUFFT1........... Count =         10
Timings{0}> deconvolutionNUFFT1. Count =         10
Timings{0}> GatherPIFNUFFT...... Count =         10
Timings{0}> NativeNUFFT2........ Count =         30
Timings{0}> PrecorrectionNUFFT2. Count =         30
Timings{0}> FFTNUFFT2........... Count =         30
Timings{0}> GatherNUFFT2........ Count =         30
Timings{0}> ---------------------------------------------
Timings{0}> ---------------------------------------------
Timings{0}>      Per-occurrence statistics:
Timings{0}> ---------------------------------------------
Timings{0}> mainTimer........... n=    1  mean=   17.6281  std=         0  min=   17.6281  max=   17.6281
Timings{0}> dumpData............ n=   10  mean= 0.0281515  std=0.00170926  min= 0.0248906  max= 0.0297169
Timings{0}> kick................ n=   20  mean=2.53992e-05  std=1.50241e-05  min= 9.984e-06  max= 4.499e-05
Timings{0}> drift............... n=   10  mean=8.6493e-06  std=6.72542e-07  min= 7.808e-06  max= 9.791e-06
Timings{0}> particleBC.......... n=   10  mean=1.09948e-05  std=7.34229e-07  min=1.0112e-05  max=1.2128e-05
Timings{0}> updateParticle...... n=   10  mean= 0.0230833  std=7.11815e-05  min= 0.0229087  max=  0.023172
Timings{0}> locateParticles..... n=   10  mean= 0.0132233  std=9.78059e-06  min= 0.0132089  max= 0.0132406
Timings{0}> sendPreprocess...... n=   10  mean=0.000289775  std=1.2722e-05  min=0.00027311  max=0.000309365
Timings{0}> particleSend........ n=   10  mean=0.000780149  std=3.18676e-05  min=0.000752806  max=0.000836739
Timings{0}> particleRecv........ n=   10  mean=1.86872e-05  std=4.49174e-06  min=1.2479e-05  max=2.7007e-05
Timings{0}> particleDestroy..... n=   10  mean=0.00696071  std=2.01568e-05  min=0.00693422  max=0.00699966
Timings{0}> ScatterPIFNUFFT..... n=   20  mean=  0.290805  std=  0.298324  min=2.5823e-05  max=  0.581904
Timings{0}> NativeNUFFT1........ n=   10  mean=  0.566403  std=0.00114271  min=  0.565085  max=  0.569408
Timings{0}> scatterTimerNUFFT1.. n=   10  mean=  0.352853  std=0.00109186  min=  0.352224  max=  0.355897
Timings{0}> binSort............. n=   40  mean= 0.0156578  std=4.27073e-05  min= 0.0155679  max= 0.0157658
Timings{0}> binComputeKeys...... n=   40  mean=0.00151563  std=2.15434e-05  min= 0.0014762  max=0.00155323
Timings{0}> binSortByKey........ n=   40  mean= 0.0134495  std=3.42152e-05  min= 0.0133847  max= 0.0135348
Timings{0}> binComputeOffsets... n=   40  mean=0.000690107  std=1.18116e-05  min=0.000672488  max=0.000730374
Timings{0}> FFTNUFFT1........... n=   10  mean=  0.210346  std=0.000455332  min=  0.209502  max=  0.210726
Timings{0}> deconvolutionNUFFT1. n=   10  mean=0.00320203  std=0.000102301  min=0.00302924  max=0.00329403
Timings{0}> GatherPIFNUFFT...... n=   10  mean=   1.11278  std=0.00752787  min=   1.09628  max=   1.12389
Timings{0}> NativeNUFFT2........ n=   30  mean=   0.36578  std=0.00291466  min=  0.359298  max=  0.370868
Timings{0}> PrecorrectionNUFFT2. n=   30  mean=0.00877382  std=0.00184976  min=0.00615211  max= 0.0100951
Timings{0}> FFTNUFFT2........... n=   30  mean=  0.212289  std=0.00211714  min=  0.208957  max=  0.216143
Timings{0}> GatherNUFFT2........ n=   30  mean= 0.0217813  std=0.000446162  min= 0.0213684  max= 0.0230213
Timings{0}> ---------------------------------------------
