
================================================================================
NUFFT Scaling Benchmark
================================================================================
Number of ranks: 8
Grid size:       512^3
Particles:       1073741824 (8 per point)
Tolerance:       0.0001
CSV output:      nufft_scaling_8.csv
Component CSV:   nufft_components_8.csv

=== Benchmarking NUFFT Type 1 ===
Grid size:       512^3
Total particles: 1073741824
Local particles: 134217728
Spread method:   output_focused
Tolerance:       0.0001
Warmup runs:     3
Benchmark runs:  10
Running warmup...
Running benchmark...

NUFFT Type 1 Results:
  Ranks:       8
  Grid:        512^3
  Particles:   1073741824
  Mean time:   4435.219 ms
  Min time:    4433.033 ms
  Max time:    4436.362 ms
  Stddev:      1.163 ms
  Throughput:  242.09 Mpts/s

=== Benchmarking NUFFT Type 2 ===
Grid size:       512^3
Total particles: 1073741824
Local particles: 134217728
Gather method:   atomic_sort
Tolerance:       0.00
Warmup runs:     3
Benchmark runs:  10
Running warmup...
Running benchmark...

NUFFT Type 2 Results:
  Ranks:       8
  Grid:        512^3
  Particles:   1073741824
  Mean time:   856.434 ms
  Min time:    855.397 ms
  Max time:    857.655 ms
  Stddev:      0.624 ms
  Throughput:  1253.73 Mpts/s
[CSV] Timings written to nufft_scaling_8.csv

==================================================
COMPONENT TIMING BREAKDOWN
==================================================

Type-1 (spreading):
----------------------------------------
Scatter (spreading)         4023.34 ms
FFT (forward)                400.87 ms
Deconvolution                  0.52 ms

Type-2 (interpolation):
----------------------------------------
Precorrection                  0.53 ms
FFT (backward)               412.85 ms
Gather (interpolation)       422.67 ms

Total:
----------------------------------------
Complete Type-1             4424.73 ms
Complete Type-2              836.06 ms
[CSV] Component timings written to nufft_components_8.csv

================================================================================
SUMMARY
================================================================================
Type 1: 4435.219 ms (242.09 Mpts/s)
Type 2: 856.43 ms (1253.73 Mpts/s)
================================================================================
