LandauDampingPIF{0}> Landau damping
LandauDampingPIF{0}> nt 10 Np= 2147483648 Fourier modes = ( 512 , 512 , 1024 )
LandauDampingPIF{0}> particles created and initial conditions assigned 
LandauDampingPIF{0}> After init shape function 
LandauDampingPIF{0}> After init NUFFT 
LandauDampingPIF{0}> After update 
[Scatter] Cache hit: method=Tiled w=5 cx=1 rho=1.11 -> tile=(5,5,2) team=64 osub=2 zb=1 tp=566.4 Mpts/s (rho_csv=10.00)
LandauDampingPIF{0}> After scatter 
LandauDampingPIF{0}> After gather 
LandauDampingPIF{0}> Starting iterations ...
LandauDampingPIF{0}> Finished time step: -2 time: 0.0122718
LandauDampingPIF{0}> Finished time step: -1 time: 0.0245437
LandauDampingPIF{0}> Finished time step: 0 time: 0.0368155
LandauDampingPIF{0}> Finished time step: 1 time: 0.0490874
LandauDampingPIF{0}> Finished time step: 2 time: 0.0613592
LandauDampingPIF{0}> Finished time step: 3 time: 0.0736311
LandauDampingPIF{0}> Finished time step: 4 time: 0.0859029
LandauDampingPIF{0}> Finished time step: 5 time: 0.0981748
LandauDampingPIF{0}> Finished time step: 6 time: 0.110447
LandauDampingPIF{0}> Finished time step: 7 time: 0.122718
LandauDampingPIF{0}> Finished time step: 8 time: 0.13499
LandauDampingPIF{0}> Finished time step: 9 time: 0.147262
LandauDampingPIF{0}> Finished time step: 10 time: 0.159534
LandauDampingPIF{0}> LandauDamping: End.
Timings{0}> ---------------------------------------------
Timings{0}>      Timing results for 128 rank(s):
Timings{0}> ---------------------------------------------
Timings{0}> mainTimer........... Wall tot =    16.2104
Timings{0}> 
Timings{0}> particlesCreation... Wall max =          0
Timings{0}>                      Wall avg =          0
Timings{0}>                      Wall min =          0
Timings{0}> 
Timings{0}> dumpData............ Wall max =    0.46733
Timings{0}>                      Wall avg =   0.262181
Timings{0}>                      Wall min =  0.0468314
Timings{0}> 
Timings{0}> kick................ Wall max =  0.0252704
Timings{0}>                      Wall avg =  0.0214227
Timings{0}>                      Wall min =  0.0188176
Timings{0}> 
Timings{0}> drift............... Wall max =  0.0121614
Timings{0}>                      Wall avg =  0.0105355
Timings{0}>                      Wall min =  0.0093016
Timings{0}> 
Timings{0}> particleBC.......... Wall max =  0.0344781
Timings{0}>                      Wall avg =  0.0309256
Timings{0}>                      Wall min =  0.0276371
Timings{0}> 
Timings{0}> initializeShapeFunc. Wall max =          0
Timings{0}>                      Wall avg =          0
Timings{0}>                      Wall min =          0
Timings{0}> 
Timings{0}> findInternal........ Wall max =          0
Timings{0}>                      Wall avg =          0
Timings{0}>                      Wall min =          0
Timings{0}> 
Timings{0}> findPeriodic........ Wall max =          0
Timings{0}>                      Wall avg =          0
Timings{0}>                      Wall min =          0
Timings{0}> 
Timings{0}> NativeNUFFT::init... Wall max =          0
Timings{0}>                      Wall avg =          0
Timings{0}>                      Wall min =          0
Timings{0}> 
Timings{0}> updateParticle...... Wall max =   0.218647
Timings{0}>                      Wall avg =   0.205158
Timings{0}>                      Wall min =   0.193574
Timings{0}> 
Timings{0}> locateParticles..... Wall max =  0.0528604
Timings{0}>                      Wall avg =  0.0448071
Timings{0}>                      Wall min =  0.0400188
Timings{0}> 
Timings{0}> sendPreprocess...... Wall max =  0.0270122
Timings{0}>                      Wall avg =   0.017302
Timings{0}>                      Wall min = 0.00189764
Timings{0}> 
Timings{0}> particleSend........ Wall max =  0.0290213
Timings{0}>                      Wall avg =  0.0230057
Timings{0}>                      Wall min =  0.0178605
Timings{0}> 
Timings{0}> particleRecv........ Wall max = 0.000767056
Timings{0}>                      Wall avg = 0.000496286
Timings{0}>                      Wall min = 0.000429824
Timings{0}> 
Timings{0}> particleDestroy..... Wall max =   0.104365
Timings{0}>                      Wall avg =  0.0889458
Timings{0}>                      Wall min =  0.0794161
Timings{0}> 
Timings{0}> ScatterPIFNUFFT..... Wall max =    2.64332
Timings{0}>                      Wall avg =    2.56741
Timings{0}>                      Wall min =    2.50138
Timings{0}> 
Timings{0}> NativeNUFFT1........ Wall max =    2.61307
Timings{0}>                      Wall avg =     2.5368
Timings{0}>                      Wall min =    2.47044
Timings{0}> 
Timings{0}> scatterTimerNUFFT1.. Wall max =   0.838442
Timings{0}>                      Wall avg =   0.823356
Timings{0}>                      Wall min =   0.807627
Timings{0}> 
Timings{0}> binSort............. Wall max =  0.0792556
Timings{0}>                      Wall avg =  0.0714492
Timings{0}>                      Wall min =  0.0642065
Timings{0}> 
Timings{0}> binComputeKeys...... Wall max = 0.00604221
Timings{0}>                      Wall avg = 0.00539903
Timings{0}>                      Wall min = 0.00476155
Timings{0}> 
Timings{0}> binSortByKey........ Wall max =  0.0712558
Timings{0}>                      Wall avg =  0.0641831
Timings{0}>                      Wall min =  0.0575387
Timings{0}> 
Timings{0}> binComputeOffsets... Wall max = 0.00208292
Timings{0}>                      Wall avg = 0.00183423
Timings{0}>                      Wall min = 0.00167243
Timings{0}> 
Timings{0}> FFTNUFFT1........... Wall max =    1.77619
Timings{0}>                      Wall avg =    1.70972
Timings{0}>                      Wall min =    1.65775
Timings{0}> 
Timings{0}> deconvolutionNUFFT1. Wall max = 0.00522721
Timings{0}>                      Wall avg = 0.00368287
Timings{0}>                      Wall min = 0.00337688
Timings{0}> 
Timings{0}> GatherPIFNUFFT...... Wall max =    13.3037
Timings{0}>                      Wall avg =    13.0974
Timings{0}>                      Wall min =    12.8548
Timings{0}> 
Timings{0}> NativeNUFFT2........ Wall max =    13.1936
Timings{0}>                      Wall avg =    12.9947
Timings{0}>                      Wall min =     12.759
Timings{0}> 
Timings{0}> PrecorrectionNUFFT2. Wall max =  0.0245513
Timings{0}>                      Wall avg =  0.0192913
Timings{0}>                      Wall min =   0.018177
Timings{0}> 
Timings{0}> FFTNUFFT2........... Wall max =    7.62588
Timings{0}>                      Wall avg =    7.14621
Timings{0}>                      Wall min =    6.57749
Timings{0}> 
Timings{0}> GatherNUFFT2........ Wall max =    6.59166
Timings{0}>                      Wall avg =      5.829
Timings{0}>                      Wall min =    5.15424
Timings{0}> 
Timings{0}> ---------------------------------------------
Timings{0}>      Measurement counts:
Timings{0}> ---------------------------------------------
Timings{0}> mainTimer........... Count =          1
Timings{0}> particlesCreation... Count =          0
Timings{0}> dumpData............ Count =         10
Timings{0}> kick................ Count =         20
Timings{0}> drift............... Count =         10
Timings{0}> particleBC.......... Count =         10
Timings{0}> initializeShapeFunc. Count =          0
Timings{0}> findInternal........ Count =          0
Timings{0}> findPeriodic........ Count =          0
Timings{0}> NativeNUFFT::init... Count =          0
Timings{0}> updateParticle...... Count =         10
Timings{0}> locateParticles..... Count =         10
Timings{0}> sendPreprocess...... Count =         10
Timings{0}> particleSend........ Count =         10
Timings{0}> particleRecv........ Count =         10
Timings{0}> particleDestroy..... Count =         10
Timings{0}> ScatterPIFNUFFT..... Count =         20
Timings{0}> NativeNUFFT1........ Count =         10
Timings{0}> scatterTimerNUFFT1.. Count =         10
Timings{0}> binSort............. Count =         10
Timings{0}> binComputeKeys...... Count =         10
Timings{0}> binSortByKey........ Count =         10
Timings{0}> binComputeOffsets... Count =         10
Timings{0}> FFTNUFFT1........... Count =         10
Timings{0}> deconvolutionNUFFT1. Count =         10
Timings{0}> GatherPIFNUFFT...... Count =         10
Timings{0}> NativeNUFFT2........ Count =         30
Timings{0}> PrecorrectionNUFFT2. Count =         30
Timings{0}> FFTNUFFT2........... Count =         30
Timings{0}> GatherNUFFT2........ Count =         30
Timings{0}> ---------------------------------------------
Timings{0}> ---------------------------------------------
Timings{0}>      Per-occurrence statistics:
Timings{0}> ---------------------------------------------
Timings{0}> mainTimer........... n=    1  mean=   16.2104  std=         0  min=   16.2104  max=   16.2104
Timings{0}> dumpData............ n=   10  mean=0.00804894  std=0.00104852  min=0.00714847  max= 0.0100992
Timings{0}> kick................ n=   20  mean=0.00118039  std=1.25875e-05  min=0.00114603  max=0.00119425
Timings{0}> drift............... n=   10  mean=0.00117111  std=1.14909e-05  min=0.00115682  max=0.00118595
Timings{0}> particleBC.......... n=   10  mean=0.00344087  std=1.40902e-05  min=0.00341166  max=0.00345982
Timings{0}> updateParticle...... n=   10  mean=   0.01992  std=0.000933565  min= 0.0189015  max= 0.0216537
Timings{0}> locateParticles..... n=   10  mean=0.00439214  std=3.10768e-05  min=0.00436069  max=0.00447095
Timings{0}> sendPreprocess...... n=   10  mean=0.00122983  std=0.000109357  min=0.00107055  max=0.00139693
Timings{0}> particleSend........ n=   10  mean= 0.0027545  std=0.000720019  min=0.00202421  max=0.00388355
Timings{0}> particleRecv........ n=   10  mean=5.58265e-05  std=7.47296e-06  min=4.9887e-05  max=7.5517e-05
Timings{0}> particleDestroy..... n=   10  mean= 0.0086862  std=3.75143e-05  min=0.00865293  max=0.00878541
Timings{0}> ScatterPIFNUFFT..... n=   20  mean=  0.130195  std=  0.132414  min=0.00120708  max=  0.269957
Timings{0}> NativeNUFFT1........ n=   10  mean=   0.25718  std= 0.0066231  min=   0.25047  max=  0.267948
Timings{0}> scatterTimerNUFFT1.. n=   10  mean= 0.0816709  std=0.00123149  min= 0.0799091  max= 0.0833463
Timings{0}> binSort............. n=   10  mean=0.00785381  std=2.18874e-05  min=0.00781384  max=0.00789389
Timings{0}> binComputeKeys...... n=   10  mean=0.000604221  std=2.48966e-06  min=0.000599635  max=0.000608473
Timings{0}> binSortByKey........ n=   10  mean=0.00705071  std=2.13746e-05  min=0.00701025  max=0.00708592
Timings{0}> binComputeOffsets... n=   10  mean=0.00019536  std=1.21243e-06  min=0.000193556  max=0.000198075
Timings{0}> FFTNUFFT1........... n=   10  mean=  0.174999  std=0.00675331  min=  0.168346  max=   0.18422
Timings{0}> deconvolutionNUFFT1. n=   10  mean=0.000505362  std=1.59131e-06  min=0.000503388  max=0.000508248
Timings{0}> GatherPIFNUFFT...... n=   10  mean=   1.32414  std=  0.567002  min=   1.10795  max=   2.93696
Timings{0}> NativeNUFFT2........ n=   30  mean=  0.437708  std=  0.327782  min=  0.361229  max=   2.17225
Timings{0}> PrecorrectionNUFFT2. n=   30  mean=0.000813724  std=4.00097e-05  min=0.000778052  max=0.000942041
Timings{0}> FFTNUFFT2........... n=   30  mean=  0.224703  std=  0.326034  min=   0.15083  max=   1.95021
Timings{0}> GatherNUFFT2........ n=   30  mean=  0.212184  std=0.00584261  min=  0.202984  max=   0.22441
Timings{0}> ---------------------------------------------

MPICH Slingshot Network Summary: 10 network timeouts

