Hostname=nid005603   , Rank=5    ,Local=1   ,RPN=4   ,CPUs=72-143   ,GPU=1 ,NIC=cxi1 ,numa_nodes=1     ,first_numa=1  ,other_nodes=     
Hostname=nid005609   , Rank=16   ,Local=0   ,RPN=4   ,CPUs=0-71     ,GPU=0 ,NIC=cxi0 ,numa_nodes=0     ,first_numa=0  ,other_nodes=     
Slurm Job Hostlist: nid[005600,005603-005604,005607,005609,005611-005613]
Hostname=nid005600   , Rank=0    ,Local=0   ,RPN=4   ,CPUs=0-71     ,GPU=0 ,NIC=cxi0 ,numa_nodes=0     ,first_numa=0  ,other_nodes=     
Hostname=nid005604   , Rank=9    ,Local=1   ,RPN=4   ,CPUs=72-143   ,GPU=1 ,NIC=cxi1 ,numa_nodes=1     ,first_numa=1  ,other_nodes=     
Hostname=nid005600   , Rank=1    ,Local=1   ,RPN=4   ,CPUs=72-143   ,GPU=1 ,NIC=cxi1 ,numa_nodes=1     ,first_numa=1  ,other_nodes=     
Hostname=nid005604   , Rank=8    ,Local=0   ,RPN=4   ,CPUs=0-71     ,GPU=0 ,NIC=cxi0 ,numa_nodes=0     ,first_numa=0  ,other_nodes=     
Hostname=nid005600   , Rank=2    ,Local=2   ,RPN=4   ,CPUs=144-215  ,GPU=2 ,NIC=cxi2 ,numa_nodes=2     ,first_numa=2  ,other_nodes=     
Hostname=nid005603   , Rank=4    ,Local=0   ,RPN=4   ,CPUs=0-71     ,GPU=0 ,NIC=cxi0 ,numa_nodes=0     ,first_numa=0  ,other_nodes=     
Hostname=nid005609   , Rank=18   ,Local=2   ,RPN=4   ,CPUs=144-215  ,GPU=2 ,NIC=cxi2 ,numa_nodes=2     ,first_numa=2  ,other_nodes=     
Hostname=nid005609   , Rank=19   ,Local=3   ,RPN=4   ,CPUs=216-287  ,GPU=3 ,NIC=cxi3 ,numa_nodes=3     ,first_numa=3  ,other_nodes=     
Hostname=nid005600   , Rank=3    ,Local=3   ,RPN=4   ,CPUs=216-287  ,GPU=3 ,NIC=cxi3 ,numa_nodes=3     ,first_numa=3  ,other_nodes=     
Hostname=nid005604   , Rank=10   ,Local=2   ,RPN=4   ,CPUs=144-215  ,GPU=2 ,NIC=cxi2 ,numa_nodes=2     ,first_numa=2  ,other_nodes=     
Hostname=nid005603   , Rank=6    ,Local=2   ,RPN=4   ,CPUs=144-215  ,GPU=2 ,NIC=cxi2 ,numa_nodes=2     ,first_numa=2  ,other_nodes=     
Hostname=nid005609   , Rank=17   ,Local=1   ,RPN=4   ,CPUs=72-143   ,GPU=1 ,NIC=cxi1 ,numa_nodes=1     ,first_numa=1  ,other_nodes=     
Hostname=nid005607   , Rank=12   ,Local=0   ,RPN=4   ,CPUs=0-71     ,GPU=0 ,NIC=cxi0 ,numa_nodes=0     ,first_numa=0  ,other_nodes=     
Hostname=nid005613   , Rank=30   ,Local=2   ,RPN=4   ,CPUs=144-215  ,GPU=2 ,NIC=cxi2 ,numa_nodes=2     ,first_numa=2  ,other_nodes=     
Hostname=nid005604   , Rank=11   ,Local=3   ,RPN=4   ,CPUs=216-287  ,GPU=3 ,NIC=cxi3 ,numa_nodes=3     ,first_numa=3  ,other_nodes=     
Hostname=nid005603   , Rank=7    ,Local=3   ,RPN=4   ,CPUs=216-287  ,GPU=3 ,NIC=cxi3 ,numa_nodes=3     ,first_numa=3  ,other_nodes=     
Hostname=nid005613   , Rank=29   ,Local=1   ,RPN=4   ,CPUs=72-143   ,GPU=1 ,NIC=cxi1 ,numa_nodes=1     ,first_numa=1  ,other_nodes=     
Hostname=nid005613   , Rank=28   ,Local=0   ,RPN=4   ,CPUs=0-71     ,GPU=0 ,NIC=cxi0 ,numa_nodes=0     ,first_numa=0  ,other_nodes=     
Hostname=nid005613   , Rank=31   ,Local=3   ,RPN=4   ,CPUs=216-287  ,GPU=3 ,NIC=cxi3 ,numa_nodes=3     ,first_numa=3  ,other_nodes=     
Hostname=nid005611   , Rank=22   ,Local=2   ,RPN=4   ,CPUs=144-215  ,GPU=2 ,NIC=cxi2 ,numa_nodes=2     ,first_numa=2  ,other_nodes=     
Hostname=nid005607   , Rank=15   ,Local=3   ,RPN=4   ,CPUs=216-287  ,GPU=3 ,NIC=cxi3 ,numa_nodes=3     ,first_numa=3  ,other_nodes=     
Hostname=nid005607   , Rank=14   ,Local=2   ,RPN=4   ,CPUs=144-215  ,GPU=2 ,NIC=cxi2 ,numa_nodes=2     ,first_numa=2  ,other_nodes=     
Hostname=nid005611   , Rank=21   ,Local=1   ,RPN=4   ,CPUs=72-143   ,GPU=1 ,NIC=cxi1 ,numa_nodes=1     ,first_numa=1  ,other_nodes=     
Hostname=nid005607   , Rank=13   ,Local=1   ,RPN=4   ,CPUs=72-143   ,GPU=1 ,NIC=cxi1 ,numa_nodes=1     ,first_numa=1  ,other_nodes=     
Hostname=nid005611   , Rank=20   ,Local=0   ,RPN=4   ,CPUs=0-71     ,GPU=0 ,NIC=cxi0 ,numa_nodes=0     ,first_numa=0  ,other_nodes=     
Hostname=nid005611   , Rank=23   ,Local=3   ,RPN=4   ,CPUs=216-287  ,GPU=3 ,NIC=cxi3 ,numa_nodes=3     ,first_numa=3  ,other_nodes=     
Hostname=nid005612   , Rank=27   ,Local=3   ,RPN=4   ,CPUs=216-287  ,GPU=3 ,NIC=cxi3 ,numa_nodes=3     ,first_numa=3  ,other_nodes=     
Hostname=nid005612   , Rank=24   ,Local=0   ,RPN=4   ,CPUs=0-71     ,GPU=0 ,NIC=cxi0 ,numa_nodes=0     ,first_numa=0  ,other_nodes=     
Hostname=nid005612   , Rank=26   ,Local=2   ,RPN=4   ,CPUs=144-215  ,GPU=2 ,NIC=cxi2 ,numa_nodes=2     ,first_numa=2  ,other_nodes=     
Hostname=nid005612   , Rank=25   ,Local=1   ,RPN=4   ,CPUs=72-143   ,GPU=1 ,NIC=cxi1 ,numa_nodes=1     ,first_numa=1  ,other_nodes=     
LandauDampingPIF{0}> Landau damping
LandauDampingPIF{0}> nt 10 Np= 1073741824 Fourier modes = ( 512 , 512 , 512 )
LandauDampingPIF{0}> particles created and initial conditions assigned 
LandauDampingPIF{0}> After init shape function 
LandauDampingPIF{0}> After init NUFFT 
LandauDampingPIF{0}> After update 
[Scatter] Auto-select: OutputFocused (tp=1350.0 Mpts/s) for w=5 rho=1.07 (was Atomic)
[Scatter] Cache hit: method=OutputFocused w=5 cx=1 rho=1.07 -> tile=(3,3,7) team=64 osub=1 zb=32 tp=1350.0 Mpts/s (rho_csv=1.25)
LandauDampingPIF{0}> After scatter 
LandauDampingPIF{0}> After gather 
LandauDampingPIF{0}> Starting iterations ...
LandauDampingPIF{0}> Finished time step: -2 time: 0.0122718
LandauDampingPIF{0}> Finished time step: -1 time: 0.0245437
LandauDampingPIF{0}> Finished time step: 0 time: 0.0368155
LandauDampingPIF{0}> Finished time step: 1 time: 0.0490874
LandauDampingPIF{0}> Finished time step: 2 time: 0.0613592
LandauDampingPIF{0}> Finished time step: 3 time: 0.0736311
LandauDampingPIF{0}> Finished time step: 4 time: 0.0859029
LandauDampingPIF{0}> Finished time step: 5 time: 0.0981748
LandauDampingPIF{0}> Finished time step: 6 time: 0.110447
LandauDampingPIF{0}> Finished time step: 7 time: 0.122718
LandauDampingPIF{0}> Finished time step: 8 time: 0.13499
LandauDampingPIF{0}> Finished time step: 9 time: 0.147262
LandauDampingPIF{0}> Finished time step: 10 time: 0.159534
LandauDampingPIF{0}> LandauDamping: End.
Timings{0}> ---------------------------------------------
Timings{0}>      Timing results for 32 rank(s):
Timings{0}> ---------------------------------------------
Timings{0}> mainTimer........... Wall tot =    5.81499
Timings{0}> 
Timings{0}> particlesCreation... Wall max =          0
Timings{0}>                      Wall avg =          0
Timings{0}>                      Wall min =          0
Timings{0}> 
Timings{0}> dumpData............ Wall max =  0.0592698
Timings{0}>                      Wall avg =  0.0533044
Timings{0}>                      Wall min =  0.0363516
Timings{0}> 
Timings{0}> kick................ Wall max = 0.000658472
Timings{0}>                      Wall avg = 0.000490083
Timings{0}>                      Wall min = 0.000358838
Timings{0}> 
Timings{0}> drift............... Wall max = 8.9437e-05
Timings{0}>                      Wall avg = 7.44715e-05
Timings{0}>                      Wall min = 5.4109e-05
Timings{0}> 
Timings{0}> initializeShapeFunc. Wall max =          0
Timings{0}>                      Wall avg =          0
Timings{0}>                      Wall min =          0
Timings{0}> 
Timings{0}> findInternal........ Wall max =          0
Timings{0}>                      Wall avg =          0
Timings{0}>                      Wall min =          0
Timings{0}> 
Timings{0}> findPeriodic........ Wall max =          0
Timings{0}>                      Wall avg =          0
Timings{0}>                      Wall min =          0
Timings{0}> 
Timings{0}> NativeNUFFT::init... Wall max =          0
Timings{0}>                      Wall avg =          0
Timings{0}>                      Wall min =          0
Timings{0}> 
Timings{0}> particleBC.......... Wall max = 0.000144924
Timings{0}>                      Wall avg = 0.000121887
Timings{0}>                      Wall min = 8.7709e-05
Timings{0}> 
Timings{0}> updateParticle...... Wall max =   0.539509
Timings{0}>                      Wall avg =   0.335923
Timings{0}>                      Wall min =  0.0843381
Timings{0}> 
Timings{0}> locateParticles..... Wall max =  0.0386891
Timings{0}>                      Wall avg =  0.0369562
Timings{0}>                      Wall min =  0.0351719
Timings{0}> 
Timings{0}> sendPreprocess...... Wall max = 0.00590919
Timings{0}>                      Wall avg = 0.00400497
Timings{0}>                      Wall min = 0.00222645
Timings{0}> 
Timings{0}> particleSend........ Wall max = 0.00871948
Timings{0}>                      Wall avg =  0.0082473
Timings{0}>                      Wall min = 0.00783865
Timings{0}> 
Timings{0}> particleRecv........ Wall max = 0.000419666
Timings{0}>                      Wall avg = 0.000332584
Timings{0}>                      Wall min = 0.000276311
Timings{0}> 
Timings{0}> particleDestroy..... Wall max =  0.0303488
Timings{0}>                      Wall avg =  0.0271635
Timings{0}>                      Wall min =  0.0249537
Timings{0}> 
Timings{0}> ScatterPIFNUFFT..... Wall max =    2.33142
Timings{0}>                      Wall avg =    2.06974
Timings{0}>                      Wall min =    1.86094
Timings{0}> 
Timings{0}> NativeNUFFT1........ Wall max =    2.31895
Timings{0}>                      Wall avg =    2.05755
Timings{0}>                      Wall min =    1.84858
Timings{0}> 
Timings{0}> scatterTimerNUFFT1.. Wall max =    1.37661
Timings{0}>                      Wall avg =    1.12271
Timings{0}>                      Wall min =   0.916415
Timings{0}> 
Timings{0}> binSort............. Wall max =   0.184862
Timings{0}>                      Wall avg =   0.166945
Timings{0}>                      Wall min =   0.157468
Timings{0}> 
Timings{0}> binComputeKeys...... Wall max =  0.0171354
Timings{0}>                      Wall avg =  0.0160491
Timings{0}>                      Wall min =  0.0148627
Timings{0}> 
Timings{0}> binSortByKey........ Wall max =   0.153168
Timings{0}>                      Wall avg =   0.142593
Timings{0}>                      Wall min =    0.13457
Timings{0}> 
Timings{0}> binComputeOffsets... Wall max =  0.0146687
Timings{0}>                      Wall avg = 0.00822223
Timings{0}>                      Wall min =  0.0074825
Timings{0}> 
Timings{0}> FFTNUFFT1........... Wall max =   0.938673
Timings{0}>                      Wall avg =   0.930913
Timings{0}>                      Wall min =   0.921385
Timings{0}> 
Timings{0}> TwiddleAdd.......... Wall max = 0.000536653
Timings{0}>                      Wall avg = 0.000423384
Timings{0}>                      Wall min = 0.000342325
Timings{0}> 
Timings{0}> subFFTs............. Wall max =   0.937877
Timings{0}>                      Wall avg =   0.930092
Timings{0}>                      Wall min =   0.920641
Timings{0}> 
Timings{0}> deconvolutionNUFFT1. Wall max = 0.00397958
Timings{0}>                      Wall avg = 0.00391443
Timings{0}>                      Wall min = 0.00386587
Timings{0}> 
Timings{0}> GatherPIFNUFFT...... Wall max =    3.34097
Timings{0}>                      Wall avg =    3.33139
Timings{0}>                      Wall min =    3.31903
Timings{0}> 
Timings{0}> NativeNUFFT2........ Wall max =     3.3315
Timings{0}>                      Wall avg =    3.32132
Timings{0}>                      Wall min =    3.30747
Timings{0}> 
Timings{0}> PrecorrectionNUFFT2. Wall max =  0.0403115
Timings{0}>                      Wall avg =   0.036382
Timings{0}>                      Wall min =  0.0335069
Timings{0}> 
Timings{0}> FFTNUFFT2........... Wall max =    2.87429
Timings{0}>                      Wall avg =    2.84966
Timings{0}>                      Wall min =    2.81119
Timings{0}> 
Timings{0}> subIFFTs............ Wall max =    2.86642
Timings{0}>                      Wall avg =    2.84196
Timings{0}>                      Wall min =     2.8034
Timings{0}> 
Timings{0}> StridedWrite........ Wall max = 0.00177153
Timings{0}>                      Wall avg = 0.00137205
Timings{0}>                      Wall min = 0.00107549
Timings{0}> 
Timings{0}> GatherNUFFT2........ Wall max =   0.281601
Timings{0}>                      Wall avg =   0.251766
Timings{0}>                      Wall min =   0.231813
Timings{0}> 
Timings{0}> ---------------------------------------------
Timings{0}>      Measurement counts:
Timings{0}> ---------------------------------------------
Timings{0}> mainTimer........... Count =          1
Timings{0}> particlesCreation... Count =          0
Timings{0}> dumpData............ Count =         10
Timings{0}> kick................ Count =         20
Timings{0}> drift............... Count =         10
Timings{0}> initializeShapeFunc. Count =          0
Timings{0}> findInternal........ Count =          0
Timings{0}> findPeriodic........ Count =          0
Timings{0}> NativeNUFFT::init... Count =          0
Timings{0}> particleBC.......... Count =         10
Timings{0}> updateParticle...... Count =         10
Timings{0}> locateParticles..... Count =         10
Timings{0}> sendPreprocess...... Count =         10
Timings{0}> particleSend........ Count =         10
Timings{0}> particleRecv........ Count =         10
Timings{0}> particleDestroy..... Count =         10
Timings{0}> ScatterPIFNUFFT..... Count =         20
Timings{0}> NativeNUFFT1........ Count =         10
Timings{0}> scatterTimerNUFFT1.. Count =         10
Timings{0}> binSort............. Count =         40
Timings{0}> binComputeKeys...... Count =         40
Timings{0}> binSortByKey........ Count =         40
Timings{0}> binComputeOffsets... Count =         40
Timings{0}> FFTNUFFT1........... Count =         10
Timings{0}> TwiddleAdd.......... Count =         20
Timings{0}> subFFTs............. Count =         20
Timings{0}> deconvolutionNUFFT1. Count =         10
Timings{0}> GatherPIFNUFFT...... Count =         10
Timings{0}> NativeNUFFT2........ Count =         30
Timings{0}> PrecorrectionNUFFT2. Count =         30
Timings{0}> FFTNUFFT2........... Count =         30
Timings{0}> subIFFTs............ Count =         60
Timings{0}> StridedWrite........ Count =         60
Timings{0}> GatherNUFFT2........ Count =         30
Timings{0}> ---------------------------------------------
Timings{0}> ---------------------------------------------
Timings{0}>      Per-occurrence statistics:
Timings{0}> ---------------------------------------------
Timings{0}> mainTimer........... n=    1  mean=   5.81499  std=         0  min=   5.81499  max=   5.81499
Timings{0}> dumpData............ n=   10  mean=0.00502592  std= 0.0015744  min=0.00381254  max=0.00758927
Timings{0}> kick................ n=   20  mean=2.62311e-05  std=1.83037e-05  min= 6.432e-06  max=5.3278e-05
Timings{0}> drift............... n=   10  mean=6.6813e-06  std=1.10698e-06  min= 5.535e-06  max= 9.184e-06
Timings{0}> particleBC.......... n=   10  mean=9.2285e-06  std=8.90685e-07  min= 8.127e-06  max=1.1168e-05
Timings{0}> updateParticle...... n=   10  mean=0.00844675  std=0.000143922  min=0.00833552  max=0.00882949
Timings{0}> locateParticles..... n=   10  mean=0.00381483  std=1.05649e-05  min=0.00379529  max=0.00383024
Timings{0}> sendPreprocess...... n=   10  mean=0.000277056  std=2.17598e-05  min=0.000237848  max=0.000316021
Timings{0}> particleSend........ n=   10  mean=0.000849235  std=2.49305e-05  min=0.000812996  max=0.000889825
Timings{0}> particleRecv........ n=   10  mean=2.89238e-05  std=2.3934e-06  min=2.5439e-05  max=3.1871e-05
Timings{0}> particleDestroy..... n=   10  mean=0.00261635  std=1.65505e-05  min=0.00259207  max=0.00264445
Timings{0}> ScatterPIFNUFFT..... n=   20  mean=  0.115872  std=  0.129688  min=1.7088e-05  max=  0.348134
Timings{0}> NativeNUFFT1........ n=   10  mean=  0.230501  std= 0.0753921  min=  0.115989  max=  0.346959
Timings{0}> scatterTimerNUFFT1.. n=   10  mean=  0.137617  std=  0.075576  min= 0.0211904  max=  0.254732
Timings{0}> binSort............. n=   40  mean=0.00439467  std=4.89556e-05  min=0.00429716  max=0.00445229
Timings{0}> binComputeKeys...... n=   40  mean=0.000417099  std=7.48539e-06  min=0.000402802  max=0.000433329
Timings{0}> binSortByKey........ n=   40  mean=0.00376312  std=3.68774e-05  min=0.00369104  max= 0.0038096
Timings{0}> binComputeOffsets... n=   40  mean=0.000212021  std=1.04484e-05  min=0.000197018  max=0.000228888
Timings{0}> FFTNUFFT1........... n=   10  mean= 0.0924878  std=0.00141982  min= 0.0900418  max=  0.094405
Timings{0}> TwiddleAdd.......... n=   20  mean=1.87786e-05  std=2.0747e-06  min=1.5615e-05  max=2.5279e-05
Timings{0}> subFFTs............. n=   20  mean= 0.0462043  std=0.00137367  min= 0.0428244  max= 0.0493144
Timings{0}> deconvolutionNUFFT1. n=   10  mean=0.000394444  std=  2.24e-06  min=0.000390642  max=0.000398226
Timings{0}> GatherPIFNUFFT...... n=   10  mean=  0.333755  std=0.00619062  min=  0.326828  max=  0.348242
Timings{0}> NativeNUFFT2........ n=   30  mean=  0.110868  std=0.00335628  min=   0.10518  max=  0.120427
Timings{0}> PrecorrectionNUFFT2. n=   30  mean=0.00128318  std=0.000478758  min=0.000609067  max=0.00163485
Timings{0}> FFTNUFFT2........... n=   30  mean= 0.0938384  std= 0.0031484  min= 0.0886098  max=  0.103702
Timings{0}> subIFFTs............ n=   60  mean= 0.0467972  std= 0.0023675  min=  0.043558  max= 0.0586541
Timings{0}> StridedWrite........ n=   60  mean=1.79248e-05  std=1.98141e-06  min=1.5071e-05  max=2.5151e-05
Timings{0}> GatherNUFFT2........ n=   30  mean=0.00938669  std=0.00171911  min=0.00750243  max=  0.014596
Timings{0}> ---------------------------------------------
