Hostname=nid005654   , Rank=8    ,Local=0   ,RPN=4   ,CPUs=0-71     ,GPU=0 ,NIC=cxi0 ,numa_nodes=0     ,first_numa=0  ,other_nodes=     
Hostname=nid005656   , Rank=12   ,Local=0   ,RPN=4   ,CPUs=0-71     ,GPU=0 ,NIC=cxi0 ,numa_nodes=0     ,first_numa=0  ,other_nodes=     
Hostname=nid005646   , Rank=4    ,Local=0   ,RPN=4   ,CPUs=0-71     ,GPU=0 ,NIC=cxi0 ,numa_nodes=0     ,first_numa=0  ,other_nodes=     
Hostname=nid005645   , Rank=3    ,Local=3   ,RPN=4   ,CPUs=216-287  ,GPU=3 ,NIC=cxi3 ,numa_nodes=3     ,first_numa=3  ,other_nodes=     
Hostname=nid005654   , Rank=10   ,Local=2   ,RPN=4   ,CPUs=144-215  ,GPU=2 ,NIC=cxi2 ,numa_nodes=2     ,first_numa=2  ,other_nodes=     
Slurm Job Hostlist: nid[005645-005646,005654,005656]
Hostname=nid005656   , Rank=13   ,Local=1   ,RPN=4   ,CPUs=72-143   ,GPU=1 ,NIC=cxi1 ,numa_nodes=1     ,first_numa=1  ,other_nodes=     
Hostname=nid005645   , Rank=0    ,Local=0   ,RPN=4   ,CPUs=0-71     ,GPU=0 ,NIC=cxi0 ,numa_nodes=0     ,first_numa=0  ,other_nodes=     
Hostname=nid005645   , Rank=2    ,Local=2   ,RPN=4   ,CPUs=144-215  ,GPU=2 ,NIC=cxi2 ,numa_nodes=2     ,first_numa=2  ,other_nodes=     
Hostname=nid005645   , Rank=1    ,Local=1   ,RPN=4   ,CPUs=72-143   ,GPU=1 ,NIC=cxi1 ,numa_nodes=1     ,first_numa=1  ,other_nodes=     
Hostname=nid005654   , Rank=11   ,Local=3   ,RPN=4   ,CPUs=216-287  ,GPU=3 ,NIC=cxi3 ,numa_nodes=3     ,first_numa=3  ,other_nodes=     
Hostname=nid005656   , Rank=15   ,Local=3   ,RPN=4   ,CPUs=216-287  ,GPU=3 ,NIC=cxi3 ,numa_nodes=3     ,first_numa=3  ,other_nodes=     
Hostname=nid005654   , Rank=9    ,Local=1   ,RPN=4   ,CPUs=72-143   ,GPU=1 ,NIC=cxi1 ,numa_nodes=1     ,first_numa=1  ,other_nodes=     
Hostname=nid005656   , Rank=14   ,Local=2   ,RPN=4   ,CPUs=144-215  ,GPU=2 ,NIC=cxi2 ,numa_nodes=2     ,first_numa=2  ,other_nodes=     
Hostname=nid005646   , Rank=7    ,Local=3   ,RPN=4   ,CPUs=216-287  ,GPU=3 ,NIC=cxi3 ,numa_nodes=3     ,first_numa=3  ,other_nodes=     
Hostname=nid005646   , Rank=6    ,Local=2   ,RPN=4   ,CPUs=144-215  ,GPU=2 ,NIC=cxi2 ,numa_nodes=2     ,first_numa=2  ,other_nodes=     
Hostname=nid005646   , Rank=5    ,Local=1   ,RPN=4   ,CPUs=72-143   ,GPU=1 ,NIC=cxi1 ,numa_nodes=1     ,first_numa=1  ,other_nodes=     
LandauDampingPIF{0}> Landau damping
LandauDampingPIF{0}> nt 10 Np= 1073741824 Fourier modes = ( 512 , 512 , 512 )
LandauDampingPIF{0}> particles created and initial conditions assigned 
LandauDampingPIF{0}> After init shape function 
LandauDampingPIF{0}> After init NUFFT 
LandauDampingPIF{0}> After update 
[Scatter] Auto-select: OutputFocused (tp=1350.0 Mpts/s) for w=5 rho=1.03 (was Atomic)
[Scatter] Cache hit: method=OutputFocused w=5 cx=1 rho=1.03 -> tile=(3,3,7) team=64 osub=1 zb=32 tp=1350.0 Mpts/s (rho_csv=1.25)
LandauDampingPIF{0}> After scatter 
LandauDampingPIF{0}> After gather 
LandauDampingPIF{0}> Starting iterations ...
LandauDampingPIF{0}> Finished time step: -2 time: 0.0122718
LandauDampingPIF{0}> Finished time step: -1 time: 0.0245437
LandauDampingPIF{0}> Finished time step: 0 time: 0.0368155
LandauDampingPIF{0}> Finished time step: 1 time: 0.0490874
LandauDampingPIF{0}> Finished time step: 2 time: 0.0613592
LandauDampingPIF{0}> Finished time step: 3 time: 0.0736311
LandauDampingPIF{0}> Finished time step: 4 time: 0.0859029
LandauDampingPIF{0}> Finished time step: 5 time: 0.0981748
LandauDampingPIF{0}> Finished time step: 6 time: 0.110447
LandauDampingPIF{0}> Finished time step: 7 time: 0.122718
LandauDampingPIF{0}> Finished time step: 8 time: 0.13499
LandauDampingPIF{0}> Finished time step: 9 time: 0.147262
LandauDampingPIF{0}> Finished time step: 10 time: 0.159534
LandauDampingPIF{0}> LandauDamping: End.
Timings{0}> ---------------------------------------------
Timings{0}>      Timing results for 16 rank(s):
Timings{0}> ---------------------------------------------
Timings{0}> mainTimer........... Wall tot =    7.58386
Timings{0}> 
Timings{0}> particlesCreation... Wall max =          0
Timings{0}>                      Wall avg =          0
Timings{0}>                      Wall min =          0
Timings{0}> 
Timings{0}> dumpData............ Wall max =  0.0746586
Timings{0}>                      Wall avg =  0.0703915
Timings{0}>                      Wall min =  0.0658396
Timings{0}> 
Timings{0}> kick................ Wall max = 0.000707181
Timings{0}>                      Wall avg = 0.000615542
Timings{0}>                      Wall min = 0.000514222
Timings{0}> 
Timings{0}> drift............... Wall max = 6.8158e-05
Timings{0}>                      Wall avg = 5.83116e-05
Timings{0}>                      Wall min = 4.8958e-05
Timings{0}> 
Timings{0}> initializeShapeFunc. Wall max =          0
Timings{0}>                      Wall avg =          0
Timings{0}>                      Wall min =          0
Timings{0}> 
Timings{0}> findInternal........ Wall max =          0
Timings{0}>                      Wall avg =          0
Timings{0}>                      Wall min =          0
Timings{0}> 
Timings{0}> findPeriodic........ Wall max =          0
Timings{0}>                      Wall avg =          0
Timings{0}>                      Wall min =          0
Timings{0}> 
Timings{0}> NativeNUFFT::init... Wall max =          0
Timings{0}>                      Wall avg =          0
Timings{0}>                      Wall min =          0
Timings{0}> 
Timings{0}> particleBC.......... Wall max = 0.000148763
Timings{0}>                      Wall avg = 0.000119521
Timings{0}>                      Wall min =  8.326e-05
Timings{0}> 
Timings{0}> updateParticle...... Wall max =   0.141863
Timings{0}>                      Wall avg =   0.139517
Timings{0}>                      Wall min =   0.135694
Timings{0}> 
Timings{0}> locateParticles..... Wall max =  0.0727154
Timings{0}>                      Wall avg =   0.070099
Timings{0}>                      Wall min =  0.0673119
Timings{0}> 
Timings{0}> sendPreprocess...... Wall max =  0.0074408
Timings{0}>                      Wall avg = 0.00469068
Timings{0}>                      Wall min = 0.00198895
Timings{0}> 
Timings{0}> particleSend........ Wall max =  0.0088744
Timings{0}>                      Wall avg = 0.00843741
Timings{0}>                      Wall min = 0.00804693
Timings{0}> 
Timings{0}> particleRecv........ Wall max = 0.000446321
Timings{0}>                      Wall avg = 0.000307171
Timings{0}>                      Wall min = 0.000244312
Timings{0}> 
Timings{0}> particleDestroy..... Wall max =  0.0506374
Timings{0}>                      Wall avg =  0.0460166
Timings{0}>                      Wall min =  0.0419561
Timings{0}> 
Timings{0}> ScatterPIFNUFFT..... Wall max =    1.94364
Timings{0}>                      Wall avg =    1.93017
Timings{0}>                      Wall min =    1.91396
Timings{0}> 
Timings{0}> NativeNUFFT1........ Wall max =    1.92683
Timings{0}>                      Wall avg =    1.91319
Timings{0}>                      Wall min =    1.89724
Timings{0}> 
Timings{0}> scatterTimerNUFFT1.. Wall max =   0.385571
Timings{0}>                      Wall avg =   0.381649
Timings{0}>                      Wall min =   0.377235
Timings{0}> 
Timings{0}> binSort............. Wall max =   0.329708
Timings{0}>                      Wall avg =   0.319944
Timings{0}>                      Wall min =   0.310284
Timings{0}> 
Timings{0}> binComputeKeys...... Wall max =  0.0322155
Timings{0}>                      Wall avg =  0.0310184
Timings{0}>                      Wall min =  0.0297264
Timings{0}> 
Timings{0}> binSortByKey........ Wall max =   0.282726
Timings{0}>                      Wall avg =    0.27424
Timings{0}>                      Wall min =   0.265576
Timings{0}> 
Timings{0}> binComputeOffsets... Wall max =  0.0152553
Timings{0}>                      Wall avg =  0.0145509
Timings{0}>                      Wall min =  0.0138154
Timings{0}> 
Timings{0}> FFTNUFFT1........... Wall max =    1.53963
Timings{0}>                      Wall avg =    1.52392
Timings{0}>                      Wall min =    1.50748
Timings{0}> 
Timings{0}> TwiddleAdd.......... Wall max = 0.000706825
Timings{0}>                      Wall avg = 0.000574514
Timings{0}>                      Wall min = 0.000477235
Timings{0}> 
Timings{0}> subFFTs............. Wall max =    1.53839
Timings{0}>                      Wall avg =     1.5227
Timings{0}>                      Wall min =    1.50628
Timings{0}> 
Timings{0}> deconvolutionNUFFT1. Wall max = 0.00768847
Timings{0}>                      Wall avg = 0.00758922
Timings{0}>                      Wall min =  0.0074879
Timings{0}> 
Timings{0}> GatherPIFNUFFT...... Wall max =    5.41993
Timings{0}>                      Wall avg =    5.40232
Timings{0}>                      Wall min =    5.38706
Timings{0}> 
Timings{0}> NativeNUFFT2........ Wall max =    5.40859
Timings{0}>                      Wall avg =    5.39111
Timings{0}>                      Wall min =    5.37459
Timings{0}> 
Timings{0}> PrecorrectionNUFFT2. Wall max =  0.0761648
Timings{0}>                      Wall avg =  0.0732812
Timings{0}>                      Wall min =  0.0701149
Timings{0}> 
Timings{0}> FFTNUFFT2........... Wall max =    4.58893
Timings{0}>                      Wall avg =    4.55233
Timings{0}>                      Wall min =    4.52432
Timings{0}> 
Timings{0}> subIFFTs............ Wall max =    4.57487
Timings{0}>                      Wall avg =     4.5389
Timings{0}>                      Wall min =     4.5107
Timings{0}> 
Timings{0}> StridedWrite........ Wall max = 0.00221848
Timings{0}>                      Wall avg =  0.0018847
Timings{0}>                      Wall min = 0.00163502
Timings{0}> 
Timings{0}> GatherNUFFT2........ Wall max =   0.447457
Timings{0}>                      Wall avg =   0.402665
Timings{0}>                      Wall min =   0.361641
Timings{0}> 
Timings{0}> ---------------------------------------------
Timings{0}>      Measurement counts:
Timings{0}> ---------------------------------------------
Timings{0}> mainTimer........... Count =          1
Timings{0}> particlesCreation... Count =          0
Timings{0}> dumpData............ Count =         10
Timings{0}> kick................ Count =         20
Timings{0}> drift............... Count =         10
Timings{0}> initializeShapeFunc. Count =          0
Timings{0}> findInternal........ Count =          0
Timings{0}> findPeriodic........ Count =          0
Timings{0}> NativeNUFFT::init... Count =          0
Timings{0}> particleBC.......... Count =         10
Timings{0}> updateParticle...... Count =         10
Timings{0}> locateParticles..... Count =         10
Timings{0}> sendPreprocess...... Count =         10
Timings{0}> particleSend........ Count =         10
Timings{0}> particleRecv........ Count =         10
Timings{0}> particleDestroy..... Count =         10
Timings{0}> ScatterPIFNUFFT..... Count =         20
Timings{0}> NativeNUFFT1........ Count =         10
Timings{0}> scatterTimerNUFFT1.. Count =         10
Timings{0}> binSort............. Count =         40
Timings{0}> binComputeKeys...... Count =         40
Timings{0}> binSortByKey........ Count =         40
Timings{0}> binComputeOffsets... Count =         40
Timings{0}> FFTNUFFT1........... Count =         10
Timings{0}> TwiddleAdd.......... Count =         20
Timings{0}> subFFTs............. Count =         20
Timings{0}> deconvolutionNUFFT1. Count =         10
Timings{0}> GatherPIFNUFFT...... Count =         10
Timings{0}> NativeNUFFT2........ Count =         30
Timings{0}> PrecorrectionNUFFT2. Count =         30
Timings{0}> FFTNUFFT2........... Count =         30
Timings{0}> subIFFTs............ Count =         60
Timings{0}> StridedWrite........ Count =         60
Timings{0}> GatherNUFFT2........ Count =         30
Timings{0}> ---------------------------------------------
Timings{0}> ---------------------------------------------
Timings{0}>      Per-occurrence statistics:
Timings{0}> ---------------------------------------------
Timings{0}> mainTimer........... n=    1  mean=   7.58385  std=         0  min=   7.58385  max=   7.58385
Timings{0}> dumpData............ n=   10  mean=0.00677087  std=0.000416676  min=0.00579362  max=0.00722746
Timings{0}> kick................ n=   20  mean=3.5359e-05  std=2.27527e-05  min= 9.823e-06  max=6.1758e-05
Timings{0}> drift............... n=   10  mean=6.6653e-06  std=1.09272e-06  min= 4.448e-06  max= 8.096e-06
Timings{0}> particleBC.......... n=   10  mean=8.5852e-06  std=4.52751e-07  min= 7.711e-06  max= 9.152e-06
Timings{0}> updateParticle...... n=   10  mean= 0.0136221  std=4.66153e-05  min= 0.0135347  max= 0.0137103
Timings{0}> locateParticles..... n=   10  mean=0.00705082  std=1.43475e-05  min=0.00702827  max= 0.0070738
Timings{0}> sendPreprocess...... n=   10  mean=0.000423171  std=2.35455e-05  min=0.000379477  max=0.000462578
Timings{0}> particleSend........ n=   10  mean=0.000837716  std=2.81411e-05  min=0.000796008  max=0.000881574
Timings{0}> particleRecv........ n=   10  mean=2.44312e-05  std=5.09615e-06  min=1.7664e-05  max=3.1168e-05
Timings{0}> particleDestroy..... n=   10  mean=0.00436037  std=1.69311e-05  min=0.00432905  max=0.00438735
Timings{0}> ScatterPIFNUFFT..... n=   20  mean= 0.0962201  std= 0.0987289  min=1.4623e-05  max=   0.19839
Timings{0}> NativeNUFFT1........ n=   10  mean=  0.190792  std= 0.0037911  min=  0.184754  max=   0.19709
Timings{0}> scatterTimerNUFFT1.. n=   10  mean= 0.0385571  std=0.000381421  min= 0.0382999  max= 0.0394963
Timings{0}> binSort............. n=   40  mean=0.00821562  std=3.65572e-05  min=0.00814612  max=0.00826772
Timings{0}> binComputeKeys...... n=   40  mean=0.000795021  std=1.45998e-05  min=0.000774409  max=0.000834246
Timings{0}> binSortByKey........ n=   40  mean=0.00703577  std=2.27478e-05  min=0.00699582  max=0.00707166
Timings{0}> binComputeOffsets... n=   40  mean=0.000381381  std=1.4034e-05  min=0.000361653  max=0.000410036
Timings{0}> FFTNUFFT1........... n=   10  mean=  0.151471  std=0.00359164  min=  0.145656  max=  0.157466
Timings{0}> TwiddleAdd.......... n=   20  mean=2.55192e-05  std=1.98517e-06  min=2.1632e-05  max=2.9727e-05
Timings{0}> subFFTs............. n=   20  mean= 0.0756777  std=0.00341165  min= 0.0707643  max= 0.0846301
Timings{0}> deconvolutionNUFFT1. n=   10  mean=0.00076174  std=4.91825e-06  min=0.000755625  max=0.000770089
Timings{0}> GatherPIFNUFFT...... n=   10  mean=  0.541524  std=0.00519095  min=  0.532271  max=   0.54636
Timings{0}> NativeNUFFT2........ n=   30  mean=   0.18016  std=0.00403676  min=  0.168416  max=  0.189945
Timings{0}> PrecorrectionNUFFT2. n=   30  mean=0.00249058  std=0.000932442  min=0.00118499  max=0.00315574
Timings{0}> FFTNUFFT2........... n=   30  mean=  0.150825  std=0.00368886  min=  0.140661  max=  0.157338
Timings{0}> subIFFTs............ n=   60  mean=  0.075193  std=0.00251925  min= 0.0689663  max= 0.0797471
Timings{0}> StridedWrite........ n=   60  mean=2.80024e-05  std=7.3336e-06  min=2.1472e-05  max=6.3518e-05
Timings{0}> GatherNUFFT2........ n=   30  mean= 0.0145241  std= 0.0017766  min=  0.011818  max= 0.0184865
Timings{0}> ---------------------------------------------
