Hostname=nid005656   , Rank=12   ,Local=0   ,RPN=4   ,CPUs=0-71     ,GPU=0 ,NIC=cxi0 ,numa_nodes=0     ,first_numa=0  ,other_nodes=     
Hostname=nid005656   , Rank=13   ,Local=1   ,RPN=4   ,CPUs=72-143   ,GPU=1 ,NIC=cxi1 ,numa_nodes=1     ,first_numa=1  ,other_nodes=     
Hostname=nid005656   , Rank=15   ,Local=3   ,RPN=4   ,CPUs=216-287  ,GPU=3 ,NIC=cxi3 ,numa_nodes=3     ,first_numa=3  ,other_nodes=     
Hostname=nid005645   , Rank=2    ,Local=2   ,RPN=4   ,CPUs=144-215  ,GPU=2 ,NIC=cxi2 ,numa_nodes=2     ,first_numa=2  ,other_nodes=     
Hostname=nid005656   , Rank=14   ,Local=2   ,RPN=4   ,CPUs=144-215  ,GPU=2 ,NIC=cxi2 ,numa_nodes=2     ,first_numa=2  ,other_nodes=     
Slurm Job Hostlist: nid[005645-005646,005654,005656]
Hostname=nid005645   , Rank=0    ,Local=0   ,RPN=4   ,CPUs=0-71     ,GPU=0 ,NIC=cxi0 ,numa_nodes=0     ,first_numa=0  ,other_nodes=     
Hostname=nid005645   , Rank=3    ,Local=3   ,RPN=4   ,CPUs=216-287  ,GPU=3 ,NIC=cxi3 ,numa_nodes=3     ,first_numa=3  ,other_nodes=     
Hostname=nid005645   , Rank=1    ,Local=1   ,RPN=4   ,CPUs=72-143   ,GPU=1 ,NIC=cxi1 ,numa_nodes=1     ,first_numa=1  ,other_nodes=     
Hostname=nid005646   , Rank=4    ,Local=0   ,RPN=4   ,CPUs=0-71     ,GPU=0 ,NIC=cxi0 ,numa_nodes=0     ,first_numa=0  ,other_nodes=     
Hostname=nid005646   , Rank=7    ,Local=3   ,RPN=4   ,CPUs=216-287  ,GPU=3 ,NIC=cxi3 ,numa_nodes=3     ,first_numa=3  ,other_nodes=     
Hostname=nid005646   , Rank=6    ,Local=2   ,RPN=4   ,CPUs=144-215  ,GPU=2 ,NIC=cxi2 ,numa_nodes=2     ,first_numa=2  ,other_nodes=     
Hostname=nid005646   , Rank=5    ,Local=1   ,RPN=4   ,CPUs=72-143   ,GPU=1 ,NIC=cxi1 ,numa_nodes=1     ,first_numa=1  ,other_nodes=     
Hostname=nid005654   , Rank=8    ,Local=0   ,RPN=4   ,CPUs=0-71     ,GPU=0 ,NIC=cxi0 ,numa_nodes=0     ,first_numa=0  ,other_nodes=     
Hostname=nid005654   , Rank=10   ,Local=2   ,RPN=4   ,CPUs=144-215  ,GPU=2 ,NIC=cxi2 ,numa_nodes=2     ,first_numa=2  ,other_nodes=     
Hostname=nid005654   , Rank=11   ,Local=3   ,RPN=4   ,CPUs=216-287  ,GPU=3 ,NIC=cxi3 ,numa_nodes=3     ,first_numa=3  ,other_nodes=     
Hostname=nid005654   , Rank=9    ,Local=1   ,RPN=4   ,CPUs=72-143   ,GPU=1 ,NIC=cxi1 ,numa_nodes=1     ,first_numa=1  ,other_nodes=     
LandauDampingPIF{0}> Landau damping
LandauDampingPIF{0}> nt 10 Np= 1073741824 Fourier modes = ( 512 , 512 , 512 )
LandauDampingPIF{0}> particles created and initial conditions assigned 
LandauDampingPIF{0}> After init shape function 
LandauDampingPIF{0}> After init NUFFT 
LandauDampingPIF{0}> After update 
[Scatter] Auto-select: OutputFocused (tp=1350.0 Mpts/s) for w=5 rho=1.03 (was Atomic)
[Scatter] Cache hit: method=OutputFocused w=5 cx=1 rho=1.03 -> tile=(3,3,7) team=64 osub=1 zb=32 tp=1350.0 Mpts/s (rho_csv=1.25)
LandauDampingPIF{0}> After scatter 
LandauDampingPIF{0}> After gather 
LandauDampingPIF{0}> Starting iterations ...
LandauDampingPIF{0}> Finished time step: -2 time: 0.0122718
LandauDampingPIF{0}> Finished time step: -1 time: 0.0245437
LandauDampingPIF{0}> Finished time step: 0 time: 0.0368155
LandauDampingPIF{0}> Finished time step: 1 time: 0.0490874
LandauDampingPIF{0}> Finished time step: 2 time: 0.0613592
LandauDampingPIF{0}> Finished time step: 3 time: 0.0736311
LandauDampingPIF{0}> Finished time step: 4 time: 0.0859029
LandauDampingPIF{0}> Finished time step: 5 time: 0.0981748
LandauDampingPIF{0}> Finished time step: 6 time: 0.110447
LandauDampingPIF{0}> Finished time step: 7 time: 0.122718
LandauDampingPIF{0}> Finished time step: 8 time: 0.13499
LandauDampingPIF{0}> Finished time step: 9 time: 0.147262
LandauDampingPIF{0}> Finished time step: 10 time: 0.159534
LandauDampingPIF{0}> LandauDamping: End.
Timings{0}> ---------------------------------------------
Timings{0}>      Timing results for 16 rank(s):
Timings{0}> ---------------------------------------------
Timings{0}> mainTimer........... Wall tot =    6.95294
Timings{0}> 
Timings{0}> particlesCreation... Wall max =          0
Timings{0}>                      Wall avg =          0
Timings{0}>                      Wall min =          0
Timings{0}> 
Timings{0}> dumpData............ Wall max =   0.148787
Timings{0}>                      Wall avg =   0.138159
Timings{0}>                      Wall min =   0.127789
Timings{0}> 
Timings{0}> kick................ Wall max = 0.000654281
Timings{0}>                      Wall avg = 0.000580966
Timings{0}>                      Wall min = 0.000499118
Timings{0}> 
Timings{0}> drift............... Wall max = 8.2334e-05
Timings{0}>                      Wall avg = 6.8992e-05
Timings{0}>                      Wall min = 5.1328e-05
Timings{0}> 
Timings{0}> particleBC.......... Wall max = 0.000126397
Timings{0}>                      Wall avg = 0.000105342
Timings{0}>                      Wall min = 8.0639e-05
Timings{0}> 
Timings{0}> initializeShapeFunc. Wall max =          0
Timings{0}>                      Wall avg =          0
Timings{0}>                      Wall min =          0
Timings{0}> 
Timings{0}> findInternal........ Wall max =          0
Timings{0}>                      Wall avg =          0
Timings{0}>                      Wall min =          0
Timings{0}> 
Timings{0}> findPeriodic........ Wall max =          0
Timings{0}>                      Wall avg =          0
Timings{0}>                      Wall min =          0
Timings{0}> 
Timings{0}> NativeNUFFT::init... Wall max =          0
Timings{0}>                      Wall avg =          0
Timings{0}>                      Wall min =          0
Timings{0}> 
Timings{0}> updateParticle...... Wall max =   0.140314
Timings{0}>                      Wall avg =   0.137848
Timings{0}>                      Wall min =   0.133917
Timings{0}> 
Timings{0}> locateParticles..... Wall max =  0.0718595
Timings{0}>                      Wall avg =  0.0695634
Timings{0}>                      Wall min =  0.0671576
Timings{0}> 
Timings{0}> sendPreprocess...... Wall max = 0.00651382
Timings{0}>                      Wall avg = 0.00413032
Timings{0}>                      Wall min = 0.00186234
Timings{0}> 
Timings{0}> particleSend........ Wall max = 0.00825064
Timings{0}>                      Wall avg = 0.00799999
Timings{0}>                      Wall min = 0.00757968
Timings{0}> 
Timings{0}> particleRecv........ Wall max = 0.000340052
Timings{0}>                      Wall avg = 0.000278331
Timings{0}>                      Wall min = 0.000220858
Timings{0}> 
Timings{0}> particleDestroy..... Wall max =  0.0505882
Timings{0}>                      Wall avg =  0.0458825
Timings{0}>                      Wall min =  0.0417358
Timings{0}> 
Timings{0}> ScatterPIFNUFFT..... Wall max =    1.76687
Timings{0}>                      Wall avg =      1.761
Timings{0}>                      Wall min =    1.75223
Timings{0}> 
Timings{0}> NativeNUFFT1........ Wall max =    1.69324
Timings{0}>                      Wall avg =    1.68482
Timings{0}>                      Wall min =    1.67718
Timings{0}> 
Timings{0}> scatterTimerNUFFT1.. Wall max =   0.389571
Timings{0}>                      Wall avg =   0.385298
Timings{0}>                      Wall min =   0.379015
Timings{0}> 
Timings{0}> binSort............. Wall max =   0.329744
Timings{0}>                      Wall avg =   0.319622
Timings{0}>                      Wall min =   0.310188
Timings{0}> 
Timings{0}> binComputeKeys...... Wall max =  0.0320928
Timings{0}>                      Wall avg =  0.0310451
Timings{0}>                      Wall min =  0.0298644
Timings{0}> 
Timings{0}> binSortByKey........ Wall max =   0.282514
Timings{0}>                      Wall avg =   0.273922
Timings{0}>                      Wall min =   0.265574
Timings{0}> 
Timings{0}> binComputeOffsets... Wall max =  0.0150075
Timings{0}>                      Wall avg =  0.0145181
Timings{0}>                      Wall min =  0.0140584
Timings{0}> 
Timings{0}> FFTNUFFT1........... Wall max =    1.28932
Timings{0}>                      Wall avg =    1.28316
Timings{0}>                      Wall min =    1.27773
Timings{0}> 
Timings{0}> deconvolutionNUFFT1. Wall max =  0.0188188
Timings{0}>                      Wall avg =  0.0163178
Timings{0}>                      Wall min =  0.0134865
Timings{0}> 
Timings{0}> GatherPIFNUFFT...... Wall max =    4.83919
Timings{0}>                      Wall avg =    4.81558
Timings{0}>                      Wall min =    4.78648
Timings{0}> 
Timings{0}> NativeNUFFT2........ Wall max =    4.75981
Timings{0}>                      Wall avg =    4.74409
Timings{0}>                      Wall min =     4.7322
Timings{0}> 
Timings{0}> PrecorrectionNUFFT2. Wall max =   0.134475
Timings{0}>                      Wall avg =   0.132384
Timings{0}>                      Wall min =   0.130488
Timings{0}> 
Timings{0}> FFTNUFFT2........... Wall max =    3.88279
Timings{0}>                      Wall avg =    3.86601
Timings{0}>                      Wall min =    3.85101
Timings{0}> 
Timings{0}> GatherNUFFT2........ Wall max =   0.393234
Timings{0}>                      Wall avg =   0.381176
Timings{0}>                      Wall min =   0.371265
Timings{0}> 
Timings{0}> ---------------------------------------------
Timings{0}>      Measurement counts:
Timings{0}> ---------------------------------------------
Timings{0}> mainTimer........... Count =          1
Timings{0}> particlesCreation... Count =          0
Timings{0}> dumpData............ Count =         10
Timings{0}> kick................ Count =         20
Timings{0}> drift............... Count =         10
Timings{0}> particleBC.......... Count =         10
Timings{0}> initializeShapeFunc. Count =          0
Timings{0}> findInternal........ Count =          0
Timings{0}> findPeriodic........ Count =          0
Timings{0}> NativeNUFFT::init... Count =          0
Timings{0}> updateParticle...... Count =         10
Timings{0}> locateParticles..... Count =         10
Timings{0}> sendPreprocess...... Count =         10
Timings{0}> particleSend........ Count =         10
Timings{0}> particleRecv........ Count =         10
Timings{0}> particleDestroy..... Count =         10
Timings{0}> ScatterPIFNUFFT..... Count =         20
Timings{0}> NativeNUFFT1........ Count =         10
Timings{0}> scatterTimerNUFFT1.. Count =         10
Timings{0}> binSort............. Count =         40
Timings{0}> binComputeKeys...... Count =         40
Timings{0}> binSortByKey........ Count =         40
Timings{0}> binComputeOffsets... Count =         40
Timings{0}> FFTNUFFT1........... Count =         10
Timings{0}> deconvolutionNUFFT1. Count =         10
Timings{0}> GatherPIFNUFFT...... Count =         10
Timings{0}> NativeNUFFT2........ Count =         30
Timings{0}> PrecorrectionNUFFT2. Count =         30
Timings{0}> FFTNUFFT2........... Count =         30
Timings{0}> GatherNUFFT2........ Count =         30
Timings{0}> ---------------------------------------------
Timings{0}> ---------------------------------------------
Timings{0}>      Per-occurrence statistics:
Timings{0}> ---------------------------------------------
Timings{0}> mainTimer........... n=    1  mean=   6.95293  std=         0  min=   6.95293  max=   6.95293
Timings{0}> dumpData............ n=   10  mean= 0.0130645  std=0.000677188  min= 0.0120728  max= 0.0140859
Timings{0}> kick................ n=   20  mean=3.02503e-05  std=2.17483e-05  min= 7.007e-06  max=5.3374e-05
Timings{0}> drift............... n=   10  mean=6.6845e-06  std=1.24257e-06  min=  5.44e-06  max= 9.152e-06
Timings{0}> particleBC.......... n=   10  mean=1.24861e-05  std=1.47923e-06  min=1.1136e-05  max= 1.552e-05
Timings{0}> updateParticle...... n=   10  mean= 0.0134695  std=3.49951e-05  min= 0.0134115  max= 0.0135262
Timings{0}> locateParticles..... n=   10  mean=0.00710185  std=1.21805e-05  min=0.00708055  max=0.00712238
Timings{0}> sendPreprocess...... n=   10  mean=0.000263115  std=1.59197e-05  min=0.000240185  max=0.000292439
Timings{0}> particleSend........ n=   10  mean=0.000814036  std=2.19199e-05  min=0.000790184  max=0.000854502
Timings{0}> particleRecv........ n=   10  mean=2.20858e-05  std=4.07439e-06  min=1.6767e-05  max=2.8319e-05
Timings{0}> particleDestroy..... n=   10  mean=0.00435325  std=1.28709e-05  min=0.00433731  max=0.00437516
Timings{0}> ScatterPIFNUFFT..... n=   20  mean= 0.0880313  std=  0.090276  min=2.4703e-05  max=  0.178708
Timings{0}> NativeNUFFT1........ n=   10  mean=  0.168474  std=0.00163895  min=  0.167234  max=  0.172481
Timings{0}> scatterTimerNUFFT1.. n=   10  mean= 0.0387345  std=0.00094198  min= 0.0379743  max= 0.0401411
Timings{0}> binSort............. n=   40  mean=0.00822406  std=4.08512e-05  min=0.00814519  max=0.00829296
Timings{0}> binComputeKeys...... n=   40  mean=0.000796622  std=1.71101e-05  min=0.000774345  max=0.000838886
Timings{0}> binSortByKey........ n=   40  mean=0.00704889  std=3.41275e-05  min=0.00698843  max=0.00711546
Timings{0}> binComputeOffsets... n=   40  mean=0.000375188  std=1.34512e-05  min=0.000358677  max=0.000404116
Timings{0}> FFTNUFFT1........... n=   10  mean=  0.128137  std=0.000990559  min=  0.127495  max=  0.130774
Timings{0}> deconvolutionNUFFT1. n=   10  mean=0.00159768  std=0.000236731  min=0.00131094  max=0.00202291
Timings{0}> GatherPIFNUFFT...... n=   10  mean=  0.483354  std= 0.0023167  min=   0.47785  max=  0.486215
Timings{0}> NativeNUFFT2........ n=   30  mean=  0.158394  std=0.00190378  min=  0.155259  max=  0.162062
Timings{0}> PrecorrectionNUFFT2. n=   30  mean=0.00446136  std=0.000948553  min= 0.0031081  max=0.00513591
Timings{0}> FFTNUFFT2........... n=   30  mean=  0.128675  std=0.00207864  min=  0.126257  max=  0.134191
Timings{0}> GatherNUFFT2........ n=   30  mean= 0.0128781  std=0.000870526  min= 0.0118641  max= 0.0154068
Timings{0}> ---------------------------------------------
