LandauDampingPIF{0}> Landau damping
LandauDampingPIF{0}> nt 10 Np= 8589934592 Fourier modes = ( 1024 , 1024 , 1024 )
LandauDampingPIF{0}> particles created and initial conditions assigned 
LandauDampingPIF{0}> After init shape function 
LandauDampingPIF{0}> After init NUFFT 
LandauDampingPIF{0}> After update 
[Scatter] Auto-select: OutputFocused (tp=747.1 Mpts/s) for w=5 rho=1.13 (was Atomic)
[Scatter] Cache hit: method=OutputFocused w=5 cx=1 rho=1.13 -> tile=(5,3,5) team=128 osub=1 zb=29 tp=747.1 Mpts/s (rho_csv=1.25)
LandauDampingPIF{0}> After scatter 
LandauDampingPIF{0}> After gather 
LandauDampingPIF{0}> Starting iterations ...
LandauDampingPIF{0}> Finished time step: -2 time: 0.0122718
LandauDampingPIF{0}> Finished time step: -1 time: 0.0245437
LandauDampingPIF{0}> Finished time step: 0 time: 0.0368155
LandauDampingPIF{0}> Finished time step: 1 time: 0.0490874
LandauDampingPIF{0}> Finished time step: 2 time: 0.0613592
LandauDampingPIF{0}> Finished time step: 3 time: 0.0736311
LandauDampingPIF{0}> Finished time step: 4 time: 0.0859029
LandauDampingPIF{0}> Finished time step: 5 time: 0.0981748
LandauDampingPIF{0}> Finished time step: 6 time: 0.110447
LandauDampingPIF{0}> Finished time step: 7 time: 0.122718
LandauDampingPIF{0}> Finished time step: 8 time: 0.13499
LandauDampingPIF{0}> Finished time step: 9 time: 0.147262
LandauDampingPIF{0}> Finished time step: 10 time: 0.159534
LandauDampingPIF{0}> LandauDamping: End.
Timings{0}> ---------------------------------------------
Timings{0}>      Timing results for 256 rank(s):
Timings{0}> ---------------------------------------------
Timings{0}> mainTimer........... Wall tot =    45.0987
Timings{0}> 
Timings{0}> particlesCreation... Wall max =          0
Timings{0}>                      Wall avg =          0
Timings{0}>                      Wall min =          0
Timings{0}> 
Timings{0}> dumpData............ Wall max =    0.13953
Timings{0}>                      Wall avg =   0.103614
Timings{0}>                      Wall min =  0.0700841
Timings{0}> 
Timings{0}> kick................ Wall max =  0.0396508
Timings{0}>                      Wall avg =   0.035244
Timings{0}>                      Wall min =  0.0311609
Timings{0}> 
Timings{0}> drift............... Wall max =  0.0196637
Timings{0}>                      Wall avg =  0.0174688
Timings{0}>                      Wall min =  0.0154445
Timings{0}> 
Timings{0}> initializeShapeFunc. Wall max =          0
Timings{0}>                      Wall avg =          0
Timings{0}>                      Wall min =          0
Timings{0}> 
Timings{0}> findInternal........ Wall max =          0
Timings{0}>                      Wall avg =          0
Timings{0}>                      Wall min =          0
Timings{0}> 
Timings{0}> findPeriodic........ Wall max =          0
Timings{0}>                      Wall avg =          0
Timings{0}>                      Wall min =          0
Timings{0}> 
Timings{0}> NativeNUFFT::init... Wall max =          0
Timings{0}>                      Wall avg =          0
Timings{0}>                      Wall min =          0
Timings{0}> 
Timings{0}> particleBC.......... Wall max =  0.0404316
Timings{0}>                      Wall avg =  0.0359218
Timings{0}>                      Wall min =  0.0317565
Timings{0}> 
Timings{0}> updateParticle...... Wall max =   0.189508
Timings{0}>                      Wall avg =   0.182031
Timings{0}>                      Wall min =   0.176605
Timings{0}> 
Timings{0}> locateParticles..... Wall max =   0.028381
Timings{0}>                      Wall avg =  0.0233827
Timings{0}>                      Wall min =  0.0209328
Timings{0}> 
Timings{0}> sendPreprocess...... Wall max =  0.0280908
Timings{0}>                      Wall avg =  0.0174408
Timings{0}>                      Wall min = 0.00359075
Timings{0}> 
Timings{0}> particleSend........ Wall max =  0.0190226
Timings{0}>                      Wall avg =  0.0178055
Timings{0}>                      Wall min =  0.0162797
Timings{0}> 
Timings{0}> particleRecv........ Wall max = 0.00110638
Timings{0}>                      Wall avg = 0.00052964
Timings{0}>                      Wall min = 0.000409612
Timings{0}> 
Timings{0}> particleDestroy..... Wall max =  0.0946881
Timings{0}>                      Wall avg =  0.0795012
Timings{0}>                      Wall min =  0.0707824
Timings{0}> 
Timings{0}> ScatterPIFNUFFT..... Wall max =    11.2445
Timings{0}>                      Wall avg =    11.1594
Timings{0}>                      Wall min =    11.0708
Timings{0}> 
Timings{0}> NativeNUFFT1........ Wall max =    11.2141
Timings{0}>                      Wall avg =    11.1283
Timings{0}>                      Wall min =    11.0372
Timings{0}> 
Timings{0}> scatterTimerNUFFT1.. Wall max =   0.492884
Timings{0}>                      Wall avg =   0.471556
Timings{0}>                      Wall min =   0.440421
Timings{0}> 
Timings{0}> binSort............. Wall max =   0.415917
Timings{0}>                      Wall avg =   0.370919
Timings{0}>                      Wall min =    0.32947
Timings{0}> 
Timings{0}> binComputeKeys...... Wall max =  0.0439954
Timings{0}>                      Wall avg =  0.0391541
Timings{0}>                      Wall min =  0.0346558
Timings{0}> 
Timings{0}> binSortByKey........ Wall max =   0.358486
Timings{0}>                      Wall avg =   0.319563
Timings{0}>                      Wall min =   0.283832
Timings{0}> 
Timings{0}> binComputeOffsets... Wall max =  0.0130538
Timings{0}>                      Wall avg =  0.0117813
Timings{0}>                      Wall min =  0.0105407
Timings{0}> 
Timings{0}> FFTNUFFT1........... Wall max =    10.7487
Timings{0}>                      Wall avg =    10.6553
Timings{0}>                      Wall min =    10.5432
Timings{0}> 
Timings{0}> TwiddleAdd.......... Wall max =  0.0138084
Timings{0}>                      Wall avg =  0.0135546
Timings{0}>                      Wall min =  0.0134051
Timings{0}> 
Timings{0}> subFFTs............. Wall max =    10.7343
Timings{0}>                      Wall avg =     10.641
Timings{0}>                      Wall min =    10.5289
Timings{0}> 
Timings{0}> deconvolutionNUFFT1. Wall max = 0.00142409
Timings{0}>                      Wall avg = 0.00135946
Timings{0}>                      Wall min = 0.00131122
Timings{0}> 
Timings{0}> GatherPIFNUFFT...... Wall max =    33.6599
Timings{0}>                      Wall avg =    33.5478
Timings{0}>                      Wall min =    33.4735
Timings{0}> 
Timings{0}> NativeNUFFT2........ Wall max =    33.5242
Timings{0}>                      Wall avg =     33.426
Timings{0}>                      Wall min =    33.3576
Timings{0}> 
Timings{0}> PrecorrectionNUFFT2. Wall max =  0.0041917
Timings{0}>                      Wall avg = 0.00409998
Timings{0}>                      Wall min = 0.00404627
Timings{0}> 
Timings{0}> FFTNUFFT2........... Wall max =    32.2394
Timings{0}>                      Wall avg =    32.1192
Timings{0}>                      Wall min =     32.015
Timings{0}> 
Timings{0}> subIFFTs............ Wall max =    32.1661
Timings{0}>                      Wall avg =    32.0458
Timings{0}>                      Wall min =    31.9417
Timings{0}> 
Timings{0}> StridedWrite........ Wall max =  0.0615092
Timings{0}>                      Wall avg =  0.0613173
Timings{0}>                      Wall min =    0.06114
Timings{0}> 
Timings{0}> GatherNUFFT2........ Wall max =    1.46501
Timings{0}>                      Wall avg =    1.30207
Timings{0}>                      Wall min =    1.18512
Timings{0}> 
Timings{0}> ---------------------------------------------
Timings{0}>      Measurement counts:
Timings{0}> ---------------------------------------------
Timings{0}> mainTimer........... Count =          1
Timings{0}> particlesCreation... Count =          0
Timings{0}> dumpData............ Count =         10
Timings{0}> kick................ Count =         20
Timings{0}> drift............... Count =         10
Timings{0}> initializeShapeFunc. Count =          0
Timings{0}> findInternal........ Count =          0
Timings{0}> findPeriodic........ Count =          0
Timings{0}> NativeNUFFT::init... Count =          0
Timings{0}> particleBC.......... Count =         10
Timings{0}> updateParticle...... Count =         10
Timings{0}> locateParticles..... Count =         10
Timings{0}> sendPreprocess...... Count =         10
Timings{0}> particleSend........ Count =         10
Timings{0}> particleRecv........ Count =         10
Timings{0}> particleDestroy..... Count =         10
Timings{0}> ScatterPIFNUFFT..... Count =         20
Timings{0}> NativeNUFFT1........ Count =         10
Timings{0}> scatterTimerNUFFT1.. Count =         10
Timings{0}> binSort............. Count =         40
Timings{0}> binComputeKeys...... Count =         40
Timings{0}> binSortByKey........ Count =         40
Timings{0}> binComputeOffsets... Count =         40
Timings{0}> FFTNUFFT1........... Count =         10
Timings{0}> TwiddleAdd.......... Count =         20
Timings{0}> subFFTs............. Count =         20
Timings{0}> deconvolutionNUFFT1. Count =         10
Timings{0}> GatherPIFNUFFT...... Count =         10
Timings{0}> NativeNUFFT2........ Count =         30
Timings{0}> PrecorrectionNUFFT2. Count =         30
Timings{0}> FFTNUFFT2........... Count =         30
Timings{0}> subIFFTs............ Count =         60
Timings{0}> StridedWrite........ Count =         60
Timings{0}> GatherNUFFT2........ Count =         30
Timings{0}> ---------------------------------------------
Timings{0}> ---------------------------------------------
Timings{0}>      Per-occurrence statistics:
Timings{0}> ---------------------------------------------
Timings{0}> mainTimer........... n=    1  mean=   45.0986  std=         0  min=   45.0986  max=   45.0986
Timings{0}> dumpData............ n=   10  mean=0.00700841  std=0.00248894  min=0.00530783  max= 0.0135086
Timings{0}> kick................ n=   20  mean=0.00198254  std=2.94708e-05  min=0.00195147  max=0.00201662
Timings{0}> drift............... n=   10  mean=0.00196469  std=2.71533e-06  min=0.00196159  max=0.00196958
Timings{0}> particleBC.......... n=   10  mean=0.00404316  std=3.65575e-06  min=0.00403657  max=0.00404856
Timings{0}> updateParticle...... n=   10  mean= 0.0180214  std=0.00107888  min= 0.0167007  max= 0.0203797
Timings{0}> locateParticles..... n=   10  mean=0.00235028  std=2.42949e-05  min=0.00232211  max=  0.002397
Timings{0}> sendPreprocess...... n=   10  mean=0.000836846  std=0.000102409  min=0.000758757  max=0.00105608
Timings{0}> particleSend........ n=   10  mean=0.00186175  std=0.000113404  min=0.00172584  max=0.00210456
Timings{0}> particleRecv........ n=   10  mean=9.86427e-05  std=0.000169742  min=3.7481e-05  max=0.000581525
Timings{0}> particleDestroy..... n=   10  mean=0.00788338  std=1.53559e-05  min=0.00785844  max=0.00790437
Timings{0}> ScatterPIFNUFFT..... n=   20  mean=  0.553542  std=  0.567785  min=0.000156701  max=   1.11654
Timings{0}> NativeNUFFT1........ n=   10  mean=   1.10372  std=0.00799514  min=   1.08911  max=   1.11346
Timings{0}> scatterTimerNUFFT1.. n=   10  mean= 0.0492549  std=0.000697583  min= 0.0485332  max= 0.0506456
Timings{0}> binSort............. n=   40  mean= 0.0103912  std=1.90907e-05  min= 0.0103496  max= 0.0104585
Timings{0}> binComputeKeys...... n=   40  mean=0.00109889  std=1.80656e-06  min=0.00109581  max=0.00110428
Timings{0}> binSortByKey........ n=   40  mean=0.00895554  std=1.58984e-05  min=0.00891624  max=0.00899712
Timings{0}> binComputeOffsets... n=   40  mean=0.000326345  std=3.09596e-06  min=0.000322083  max=0.000340973
Timings{0}> FFTNUFFT1........... n=   10  mean=   1.05432  std=0.00850443  min=   1.03882  max=   1.06478
Timings{0}> TwiddleAdd.......... n=   20  mean=0.000674897  std=1.16437e-05  min=0.000658566  max=0.000708566
Timings{0}> subFFTs............. n=   20  mean=  0.526447  std= 0.0107045  min=  0.509002  max=  0.546599
Timings{0}> deconvolutionNUFFT1. n=   10  mean=0.000135774  std=6.59763e-06  min=0.000130861  max=0.000149612
Timings{0}> GatherPIFNUFFT...... n=   10  mean=   3.36599  std= 0.0225912  min=   3.33457  max=   3.39929
Timings{0}> NativeNUFFT2........ n=   30  mean=   1.11747  std= 0.0154559  min=   1.09189  max=   1.15748
Timings{0}> PrecorrectionNUFFT2. n=   30  mean=0.00013696  std=3.49715e-06  min=0.000131931  max=0.000150161
Timings{0}> FFTNUFFT2........... n=   30  mean=   1.06848  std= 0.0167264  min=   1.03479  max=   1.10663
Timings{0}> subIFFTs............ n=   60  mean=  0.533017  std= 0.0147107  min=  0.502937  max=  0.563965
Timings{0}> StridedWrite........ n=   60  mean= 0.0010235  std=9.1014e-06  min=0.00101738  max=0.00108477
Timings{0}> GatherNUFFT2........ n=   30  mean= 0.0488336  std=0.00820536  min= 0.0304721  max= 0.0611356
Timings{0}> ---------------------------------------------
