LandauDampingPIF{0}> Landau damping
LandauDampingPIF{0}> nt 10 Np= 536870912 Fourier modes = ( 256 , 512 , 512 )
LandauDampingPIF{0}> particles created and initial conditions assigned 
LandauDampingPIF{0}> After init shape function 
LandauDampingPIF{0}> After init NUFFT 
LandauDampingPIF{0}> After update 
[Scatter] Cache hit: method=Tiled w=5 cx=1 rho=1.06 -> tile=(5,5,2) team=64 osub=2 zb=1 tp=566.4 Mpts/s (rho_csv=10.00)
LandauDampingPIF{0}> After scatter 
LandauDampingPIF{0}> After gather 
LandauDampingPIF{0}> Starting iterations ...
LandauDampingPIF{0}> Finished time step: -2 time: 0.0122718
LandauDampingPIF{0}> Finished time step: -1 time: 0.0245437
LandauDampingPIF{0}> Finished time step: 0 time: 0.0368155
LandauDampingPIF{0}> Finished time step: 1 time: 0.0490874
LandauDampingPIF{0}> Finished time step: 2 time: 0.0613592
LandauDampingPIF{0}> Finished time step: 3 time: 0.0736311
LandauDampingPIF{0}> Finished time step: 4 time: 0.0859029
LandauDampingPIF{0}> Finished time step: 5 time: 0.0981748
LandauDampingPIF{0}> Finished time step: 6 time: 0.110447
LandauDampingPIF{0}> Finished time step: 7 time: 0.122718
LandauDampingPIF{0}> Finished time step: 8 time: 0.13499
LandauDampingPIF{0}> Finished time step: 9 time: 0.147262
LandauDampingPIF{0}> Finished time step: 10 time: 0.159534
LandauDampingPIF{0}> LandauDamping: End.
Timings{0}> ---------------------------------------------
Timings{0}>      Timing results for 32 rank(s):
Timings{0}> ---------------------------------------------
Timings{0}> mainTimer........... Wall tot =    12.1322
Timings{0}> 
Timings{0}> particlesCreation... Wall max =          0
Timings{0}>                      Wall avg =          0
Timings{0}>                      Wall min =          0
Timings{0}> 
Timings{0}> dumpData............ Wall max =   0.366602
Timings{0}>                      Wall avg =   0.210555
Timings{0}>                      Wall min =  0.0368878
Timings{0}> 
Timings{0}> kick................ Wall max =  0.0233263
Timings{0}>                      Wall avg =  0.0214167
Timings{0}>                      Wall min =  0.0194903
Timings{0}> 
Timings{0}> drift............... Wall max =  0.0116807
Timings{0}>                      Wall avg =  0.0105135
Timings{0}>                      Wall min = 0.00964706
Timings{0}> 
Timings{0}> particleBC.......... Wall max =  0.0330638
Timings{0}>                      Wall avg =  0.0308645
Timings{0}>                      Wall min =  0.0284917
Timings{0}> 
Timings{0}> initializeShapeFunc. Wall max =          0
Timings{0}>                      Wall avg =          0
Timings{0}>                      Wall min =          0
Timings{0}> 
Timings{0}> findInternal........ Wall max =          0
Timings{0}>                      Wall avg =          0
Timings{0}>                      Wall min =          0
Timings{0}> 
Timings{0}> findPeriodic........ Wall max =          0
Timings{0}>                      Wall avg =          0
Timings{0}>                      Wall min =          0
Timings{0}> 
Timings{0}> NativeNUFFT::init... Wall max =          0
Timings{0}>                      Wall avg =          0
Timings{0}>                      Wall min =          0
Timings{0}> 
Timings{0}> updateParticle...... Wall max =   0.153944
Timings{0}>                      Wall avg =     0.1486
Timings{0}>                      Wall min =   0.138784
Timings{0}> 
Timings{0}> locateParticles..... Wall max =   0.039184
Timings{0}>                      Wall avg =  0.0348612
Timings{0}>                      Wall min =  0.0325197
Timings{0}> 
Timings{0}> sendPreprocess...... Wall max =  0.0150938
Timings{0}>                      Wall avg = 0.00901386
Timings{0}>                      Wall min = 0.00118181
Timings{0}> 
Timings{0}> particleSend........ Wall max =  0.0154885
Timings{0}>                      Wall avg =  0.0135539
Timings{0}>                      Wall min =  0.0117504
Timings{0}> 
Timings{0}> particleRecv........ Wall max = 0.000399498
Timings{0}>                      Wall avg = 0.000318478
Timings{0}>                      Wall min = 0.00028379
Timings{0}> 
Timings{0}> particleDestroy..... Wall max =   0.077725
Timings{0}>                      Wall avg =  0.0692843
Timings{0}>                      Wall min =  0.0653025
Timings{0}> 
Timings{0}> ScatterPIFNUFFT..... Wall max =     2.1133
Timings{0}>                      Wall avg =    2.05787
Timings{0}>                      Wall min =    2.00929
Timings{0}> 
Timings{0}> NativeNUFFT1........ Wall max =    2.08356
Timings{0}>                      Wall avg =    2.02739
Timings{0}>                      Wall min =    1.97866
Timings{0}> 
Timings{0}> scatterTimerNUFFT1.. Wall max =   0.826285
Timings{0}>                      Wall avg =   0.815238
Timings{0}>                      Wall min =   0.807379
Timings{0}> 
Timings{0}> binSort............. Wall max =  0.0761695
Timings{0}>                      Wall avg =  0.0717948
Timings{0}>                      Wall min =  0.0678141
Timings{0}> 
Timings{0}> binComputeKeys...... Wall max = 0.00581428
Timings{0}>                      Wall avg = 0.00536851
Timings{0}>                      Wall min = 0.00497421
Timings{0}> 
Timings{0}> binSortByKey........ Wall max =  0.0684022
Timings{0}>                      Wall avg =  0.0645635
Timings{0}>                      Wall min =  0.0610247
Timings{0}> 
Timings{0}> binComputeOffsets... Wall max = 0.00208286
Timings{0}>                      Wall avg = 0.00183075
Timings{0}>                      Wall min = 0.00169339
Timings{0}> 
Timings{0}> FFTNUFFT1........... Wall max =    1.25379
Timings{0}>                      Wall avg =    1.20845
Timings{0}>                      Wall min =    1.15968
Timings{0}> 
Timings{0}> deconvolutionNUFFT1. Wall max = 0.00438033
Timings{0}>                      Wall avg =  0.0036639
Timings{0}>                      Wall min = 0.00335176
Timings{0}> 
Timings{0}> GatherPIFNUFFT...... Wall max =     9.8184
Timings{0}>                      Wall avg =    9.63708
Timings{0}>                      Wall min =    9.46357
Timings{0}> 
Timings{0}> NativeNUFFT2........ Wall max =    9.71145
Timings{0}>                      Wall avg =    9.53456
Timings{0}>                      Wall min =    9.36441
Timings{0}> 
Timings{0}> PrecorrectionNUFFT2. Wall max =  0.0217603
Timings{0}>                      Wall avg =  0.0192134
Timings{0}>                      Wall min =  0.0181831
Timings{0}> 
Timings{0}> FFTNUFFT2........... Wall max =    4.12086
Timings{0}>                      Wall avg =    3.76797
Timings{0}>                      Wall min =    3.48432
Timings{0}> 
Timings{0}> GatherNUFFT2........ Wall max =    6.19345
Timings{0}>                      Wall avg =    5.74719
Timings{0}>                      Wall min =    5.25041
Timings{0}> 
Timings{0}> ---------------------------------------------
Timings{0}>      Measurement counts:
Timings{0}> ---------------------------------------------
Timings{0}> mainTimer........... Count =          1
Timings{0}> particlesCreation... Count =          0
Timings{0}> dumpData............ Count =         10
Timings{0}> kick................ Count =         20
Timings{0}> drift............... Count =         10
Timings{0}> particleBC.......... Count =         10
Timings{0}> initializeShapeFunc. Count =          0
Timings{0}> findInternal........ Count =          0
Timings{0}> findPeriodic........ Count =          0
Timings{0}> NativeNUFFT::init... Count =          0
Timings{0}> updateParticle...... Count =         10
Timings{0}> locateParticles..... Count =         10
Timings{0}> sendPreprocess...... Count =         10
Timings{0}> particleSend........ Count =         10
Timings{0}> particleRecv........ Count =         10
Timings{0}> particleDestroy..... Count =         10
Timings{0}> ScatterPIFNUFFT..... Count =         20
Timings{0}> NativeNUFFT1........ Count =         10
Timings{0}> scatterTimerNUFFT1.. Count =         10
Timings{0}> binSort............. Count =         10
Timings{0}> binComputeKeys...... Count =         10
Timings{0}> binSortByKey........ Count =         10
Timings{0}> binComputeOffsets... Count =         10
Timings{0}> FFTNUFFT1........... Count =         10
Timings{0}> deconvolutionNUFFT1. Count =         10
Timings{0}> GatherPIFNUFFT...... Count =         10
Timings{0}> NativeNUFFT2........ Count =         30
Timings{0}> PrecorrectionNUFFT2. Count =         30
Timings{0}> FFTNUFFT2........... Count =         30
Timings{0}> GatherNUFFT2........ Count =         30
Timings{0}> ---------------------------------------------
Timings{0}> ---------------------------------------------
Timings{0}>      Per-occurrence statistics:
Timings{0}> ---------------------------------------------
Timings{0}> mainTimer........... n=    1  mean=   12.1322  std=         0  min=   12.1322  max=   12.1322
Timings{0}> dumpData............ n=   10  mean= 0.0106671  std=0.000646631  min= 0.0101537  max= 0.0122513
Timings{0}> kick................ n=   20  mean=0.00115421  std=2.94276e-05  min=0.00111586  max=0.00123952
Timings{0}> drift............... n=   10  mean=0.00110821  std=7.1392e-06  min=0.00109436  max=0.00112144
Timings{0}> particleBC.......... n=   10  mean=0.00329976  std=1.73079e-05  min=0.00326941  max=0.00332303
Timings{0}> updateParticle...... n=   10  mean= 0.0138948  std=0.000514931  min= 0.0132852  max= 0.0148648
Timings{0}> locateParticles..... n=   10  mean=0.00332775  std=1.65777e-05  min=0.00330482  max=0.00335884
Timings{0}> sendPreprocess...... n=   10  mean=0.000700835  std=7.8993e-05  min=0.000606355  max=0.000848696
Timings{0}> particleSend........ n=   10  mean=0.00154885  std=0.000360388  min= 0.0013224  max=0.00222057
Timings{0}> particleRecv........ n=   10  mean=3.49398e-05  std=2.35505e-06  min=3.1591e-05  max=3.8675e-05
Timings{0}> particleDestroy..... n=   10  mean=0.00660519  std=4.18343e-05  min=0.00654553  max=0.00666917
Timings{0}> ScatterPIFNUFFT..... n=   20  mean=  0.103219  std=  0.104668  min=0.00120463  max=  0.209019
Timings{0}> NativeNUFFT1........ n=   10  mean=  0.203291  std=0.00195491  min=   0.20037  max=  0.207087
Timings{0}> scatterTimerNUFFT1.. n=   10  mean= 0.0817428  std=0.000744983  min=  0.080412  max= 0.0828294
Timings{0}> binSort............. n=   10  mean=0.00755529  std=4.85357e-05  min=0.00749614  max=0.00767237
Timings{0}> binComputeKeys...... n=   10  mean=0.000561629  std=2.97843e-06  min=0.000555537  max=0.000564845
Timings{0}> binSortByKey........ n=   10  mean= 0.0068001  std=5.00906e-05  min=0.00674341  max= 0.0069234
Timings{0}> binComputeOffsets... n=   10  mean=0.000190239  std=2.21891e-06  min=0.000187584  max=0.000193846
Timings{0}> FFTNUFFT1........... n=   10  mean=  0.121111  std=0.00185516  min=  0.118199  max=  0.123821
Timings{0}> deconvolutionNUFFT1. n=   10  mean=0.000433895  std=2.72024e-06  min=0.000428581  max=0.000436987
Timings{0}> GatherPIFNUFFT...... n=   10  mean=  0.973959  std=0.00343026  min=  0.967792  max=  0.978891
Timings{0}> NativeNUFFT2........ n=   30  mean=  0.321069  std=0.00262074  min=  0.316465  max=  0.326785
Timings{0}> PrecorrectionNUFFT2. n=   30  mean=0.000712783  std=2.41984e-05  min=0.000685058  max=0.00075324
Timings{0}> FFTNUFFT2........... n=   30  mean=  0.116331  std=0.00386961  min=  0.110446  max=   0.12469
Timings{0}> GatherNUFFT2........ n=   30  mean=  0.204018  std=0.00278882  min=  0.197401  max=  0.208111
Timings{0}> ---------------------------------------------
