Slurm Job Hostlist: nid[005836,005884]
Hostname=nid005836   , Rank=0    ,Local=0   ,RPN=4   ,CPUs=0-71     ,GPU=0 ,NIC=cxi0 ,numa_nodes=0     ,first_numa=0  ,other_nodes=     
Hostname=nid005836   , Rank=1    ,Local=1   ,RPN=4   ,CPUs=72-143   ,GPU=1 ,NIC=cxi1 ,numa_nodes=1     ,first_numa=1  ,other_nodes=     
Hostname=nid005836   , Rank=2    ,Local=2   ,RPN=4   ,CPUs=144-215  ,GPU=2 ,NIC=cxi2 ,numa_nodes=2     ,first_numa=2  ,other_nodes=     
Hostname=nid005836   , Rank=3    ,Local=3   ,RPN=4   ,CPUs=216-287  ,GPU=3 ,NIC=cxi3 ,numa_nodes=3     ,first_numa=3  ,other_nodes=     
Hostname=nid005884   , Rank=4    ,Local=0   ,RPN=4   ,CPUs=0-71     ,GPU=0 ,NIC=cxi0 ,numa_nodes=0     ,first_numa=0  ,other_nodes=     
Hostname=nid005884   , Rank=7    ,Local=3   ,RPN=4   ,CPUs=216-287  ,GPU=3 ,NIC=cxi3 ,numa_nodes=3     ,first_numa=3  ,other_nodes=     
Hostname=nid005884   , Rank=5    ,Local=1   ,RPN=4   ,CPUs=72-143   ,GPU=1 ,NIC=cxi1 ,numa_nodes=1     ,first_numa=1  ,other_nodes=     
Hostname=nid005884   , Rank=6    ,Local=2   ,RPN=4   ,CPUs=144-215  ,GPU=2 ,NIC=cxi2 ,numa_nodes=2     ,first_numa=2  ,other_nodes=     
LandauDampingPIF{0}> Landau damping
LandauDampingPIF{0}> nt 10 Np= 1073741824 Fourier modes = ( 512 , 512 , 512 )
LandauDampingPIF{0}> particles created and initial conditions assigned 
LandauDampingPIF{0}> After init shape function 
LandauDampingPIF{0}> After init NUFFT 
LandauDampingPIF{0}> After update 
[Scatter] Auto-select: OutputFocused (tp=359.0 Mpts/s) for w=9 rho=1.00 (was Atomic)
[Scatter] Cache hit: method=OutputFocused w=9 cx=1 rho=1.00 -> tile=(2,3,3) team=256 osub=1 zb=32 tp=359.0 Mpts/s (rho_csv=1.25)
LandauDampingPIF{0}> After scatter 
LandauDampingPIF{0}> After gather 
LandauDampingPIF{0}> Starting iterations ...
LandauDampingPIF{0}> Finished time step: -2 time: 0.0122718
LandauDampingPIF{0}> Finished time step: -1 time: 0.0245437
LandauDampingPIF{0}> Finished time step: 0 time: 0.0368155
LandauDampingPIF{0}> Finished time step: 1 time: 0.0490874
LandauDampingPIF{0}> Finished time step: 2 time: 0.0613592
LandauDampingPIF{0}> Finished time step: 3 time: 0.0736311
LandauDampingPIF{0}> Finished time step: 4 time: 0.0859029
LandauDampingPIF{0}> Finished time step: 5 time: 0.0981748
LandauDampingPIF{0}> Finished time step: 6 time: 0.110447
LandauDampingPIF{0}> Finished time step: 7 time: 0.122718
LandauDampingPIF{0}> Finished time step: 8 time: 0.13499
LandauDampingPIF{0}> Finished time step: 9 time: 0.147262
LandauDampingPIF{0}> Finished time step: 10 time: 0.159534
LandauDampingPIF{0}> LandauDamping: End.
Timings{0}> ---------------------------------------------
Timings{0}>      Timing results for 8 rank(s):
Timings{0}> ---------------------------------------------
Timings{0}> mainTimer........... Wall tot =    17.5947
Timings{0}> 
Timings{0}> particlesCreation... Wall max =          0
Timings{0}>                      Wall avg =          0
Timings{0}>                      Wall min =          0
Timings{0}> 
Timings{0}> dumpData............ Wall max =   0.273381
Timings{0}>                      Wall avg =   0.260035
Timings{0}>                      Wall min =   0.237519
Timings{0}> 
Timings{0}> kick................ Wall max = 0.00077143
Timings{0}>                      Wall avg = 0.000630557
Timings{0}>                      Wall min = 0.000522289
Timings{0}> 
Timings{0}> drift............... Wall max = 6.3071e-05
Timings{0}>                      Wall avg = 5.74621e-05
Timings{0}>                      Wall min = 5.2764e-05
Timings{0}> 
Timings{0}> particleBC.......... Wall max = 0.000114782
Timings{0}>                      Wall avg = 9.9953e-05
Timings{0}>                      Wall min = 8.4956e-05
Timings{0}> 
Timings{0}> initializeShapeFunc. Wall max =          0
Timings{0}>                      Wall avg =          0
Timings{0}>                      Wall min =          0
Timings{0}> 
Timings{0}> findInternal........ Wall max =          0
Timings{0}>                      Wall avg =          0
Timings{0}>                      Wall min =          0
Timings{0}> 
Timings{0}> findPeriodic........ Wall max =          0
Timings{0}>                      Wall avg =          0
Timings{0}>                      Wall min =          0
Timings{0}> 
Timings{0}> NativeNUFFT::init... Wall max =          0
Timings{0}>                      Wall avg =          0
Timings{0}>                      Wall min =          0
Timings{0}> 
Timings{0}> updateParticle...... Wall max =   0.234292
Timings{0}>                      Wall avg =   0.233016
Timings{0}>                      Wall min =    0.23151
Timings{0}> 
Timings{0}> locateParticles..... Wall max =   0.133156
Timings{0}>                      Wall avg =   0.132955
Timings{0}>                      Wall min =   0.132702
Timings{0}> 
Timings{0}> sendPreprocess...... Wall max =  0.0019936
Timings{0}>                      Wall avg = 0.00187349
Timings{0}>                      Wall min = 0.00154337
Timings{0}> 
Timings{0}> particleSend........ Wall max = 0.00923208
Timings{0}>                      Wall avg = 0.00875158
Timings{0}>                      Wall min = 0.00819463
Timings{0}> 
Timings{0}> particleRecv........ Wall max = 0.000433558
Timings{0}>                      Wall avg = 0.000312739
Timings{0}>                      Wall min = 0.000198683
Timings{0}> 
Timings{0}> particleDestroy..... Wall max =  0.0825656
Timings{0}>                      Wall avg =  0.0759588
Timings{0}>                      Wall min =  0.0699583
Timings{0}> 
Timings{0}> ScatterPIFNUFFT..... Wall max =    5.82472
Timings{0}>                      Wall avg =    5.81932
Timings{0}>                      Wall min =    5.81284
Timings{0}> 
Timings{0}> NativeNUFFT1........ Wall max =    5.68974
Timings{0}>                      Wall avg =     5.6731
Timings{0}>                      Wall min =    5.66759
Timings{0}> 
Timings{0}> scatterTimerNUFFT1.. Wall max =    3.54268
Timings{0}>                      Wall avg =    3.53466
Timings{0}>                      Wall min =    3.52528
Timings{0}> 
Timings{0}> binSort............. Wall max =    0.62831
Timings{0}>                      Wall avg =   0.625993
Timings{0}>                      Wall min =   0.623751
Timings{0}> 
Timings{0}> binComputeKeys...... Wall max =  0.0610852
Timings{0}>                      Wall avg =  0.0608882
Timings{0}>                      Wall min =  0.0608026
Timings{0}> 
Timings{0}> binSortByKey........ Wall max =    0.53951
Timings{0}>                      Wall avg =   0.537499
Timings{0}>                      Wall min =   0.535613
Timings{0}> 
Timings{0}> binComputeOffsets... Wall max =  0.0277466
Timings{0}>                      Wall avg =  0.0274978
Timings{0}>                      Wall min =  0.0272713
Timings{0}> 
Timings{0}> FFTNUFFT1........... Wall max =    2.11491
Timings{0}>                      Wall avg =    2.10688
Timings{0}>                      Wall min =    2.10297
Timings{0}> 
Timings{0}> deconvolutionNUFFT1. Wall max =  0.0331361
Timings{0}>                      Wall avg =  0.0315254
Timings{0}>                      Wall min =  0.0287899
Timings{0}> 
Timings{0}> GatherPIFNUFFT...... Wall max =    11.1221
Timings{0}>                      Wall avg =    11.0818
Timings{0}>                      Wall min =    11.0353
Timings{0}> 
Timings{0}> NativeNUFFT2........ Wall max =    10.9644
Timings{0}>                      Wall avg =     10.943
Timings{0}>                      Wall min =    10.9295
Timings{0}> 
Timings{0}> PrecorrectionNUFFT2. Wall max =   0.263767
Timings{0}>                      Wall avg =   0.263044
Timings{0}>                      Wall min =   0.262239
Timings{0}> 
Timings{0}> FFTNUFFT2........... Wall max =    6.34424
Timings{0}>                      Wall avg =    6.33636
Timings{0}>                      Wall min =    6.32404
Timings{0}> 
Timings{0}> GatherNUFFT2........ Wall max =   0.653617
Timings{0}>                      Wall avg =    0.64411
Timings{0}>                      Wall min =    0.63325
Timings{0}> 
Timings{0}> ---------------------------------------------
Timings{0}>      Measurement counts:
Timings{0}> ---------------------------------------------
Timings{0}> mainTimer........... Count =          1
Timings{0}> particlesCreation... Count =          0
Timings{0}> dumpData............ Count =         10
Timings{0}> kick................ Count =         20
Timings{0}> drift............... Count =         10
Timings{0}> particleBC.......... Count =         10
Timings{0}> initializeShapeFunc. Count =          0
Timings{0}> findInternal........ Count =          0
Timings{0}> findPeriodic........ Count =          0
Timings{0}> NativeNUFFT::init... Count =          0
Timings{0}> updateParticle...... Count =         10
Timings{0}> locateParticles..... Count =         10
Timings{0}> sendPreprocess...... Count =         10
Timings{0}> particleSend........ Count =         10
Timings{0}> particleRecv........ Count =         10
Timings{0}> particleDestroy..... Count =         10
Timings{0}> ScatterPIFNUFFT..... Count =         20
Timings{0}> NativeNUFFT1........ Count =         10
Timings{0}> scatterTimerNUFFT1.. Count =         10
Timings{0}> binSort............. Count =         40
Timings{0}> binComputeKeys...... Count =         40
Timings{0}> binSortByKey........ Count =         40
Timings{0}> binComputeOffsets... Count =         40
Timings{0}> FFTNUFFT1........... Count =         10
Timings{0}> deconvolutionNUFFT1. Count =         10
Timings{0}> GatherPIFNUFFT...... Count =         10
Timings{0}> NativeNUFFT2........ Count =         30
Timings{0}> PrecorrectionNUFFT2. Count =         30
Timings{0}> FFTNUFFT2........... Count =         30
Timings{0}> GatherNUFFT2........ Count =         30
Timings{0}> ---------------------------------------------
Timings{0}> ---------------------------------------------
Timings{0}>      Per-occurrence statistics:
Timings{0}> ---------------------------------------------
Timings{0}> mainTimer........... n=    1  mean=   17.5947  std=         0  min=   17.5947  max=   17.5947
Timings{0}> dumpData............ n=   10  mean= 0.0237519  std=0.000753267  min= 0.0230708  max= 0.0250248
Timings{0}> kick................ n=   20  mean=3.85715e-05  std=2.89146e-05  min= 9.087e-06  max= 7.299e-05
Timings{0}> drift............... n=   10  mean=5.8847e-06  std=6.62828e-07  min=   4.8e-06  max= 6.816e-06
Timings{0}> particleBC.......... n=   10  mean=9.1036e-06  std=5.01461e-07  min=  8.16e-06  max=1.0016e-05
Timings{0}> updateParticle...... n=   10  mean= 0.0232244  std=9.8376e-05  min= 0.0230033  max= 0.0233452
Timings{0}> locateParticles..... n=   10  mean= 0.0132702  std=2.05138e-05  min= 0.0132489  max= 0.0133159
Timings{0}> sendPreprocess...... n=   10  mean=0.00019936  std=1.63447e-05  min=0.000165499  max=0.000220313
Timings{0}> particleSend........ n=   10  mean=0.000896451  std=3.06638e-05  min=0.000863492  max=0.000951713
Timings{0}> particleRecv........ n=   10  mean=2.38391e-05  std=7.54845e-06  min=1.3183e-05  max=3.4079e-05
Timings{0}> particleDestroy..... n=   10  mean=0.00699583  std=2.97139e-05  min=0.00695107  max= 0.0070414
Timings{0}> ScatterPIFNUFFT..... n=   20  mean=   0.29085  std=  0.298367  min=2.6591e-05  max=  0.581971
Timings{0}> NativeNUFFT1........ n=   10  mean=  0.567034  std=0.00156089  min=  0.566074  max=  0.570101
Timings{0}> scatterTimerNUFFT1.. n=   10  mean=  0.353331  std=0.00159297  min=  0.352388  max=  0.356365
Timings{0}> binSort............. n=   40  mean= 0.0157077  std=5.18418e-05  min= 0.0155819  max= 0.0158503
Timings{0}> binComputeKeys...... n=   40  mean=0.00152249  std=3.02288e-05  min=0.00147307  max=0.00156539
Timings{0}> binSortByKey........ n=   40  mean= 0.0134878  std=4.63644e-05  min= 0.0133753  max= 0.0136307
Timings{0}> binComputeOffsets... n=   40  mean=0.000692025  std=1.31319e-05  min=0.000676874  max=0.000735656
Timings{0}> FFTNUFFT1........... n=   10  mean=  0.210596  std=0.000142846  min=  0.210437  max=   0.21082
Timings{0}> deconvolutionNUFFT1. n=   10  mean=0.00310231  std=0.000109763  min=0.00295933  max=0.00329509
Timings{0}> GatherPIFNUFFT...... n=   10  mean=   1.10987  std=0.00545592  min=   1.09578  max=   1.11461
Timings{0}> NativeNUFFT2........ n=   30  mean=  0.365482  std=0.00207098  min=  0.361184  max=  0.371811
Timings{0}> PrecorrectionNUFFT2. n=   30  mean=0.00875177  std= 0.0018202  min=0.00618322  max= 0.0100646
Timings{0}> FFTNUFFT2........... n=   30  mean=  0.211181  std=0.00266209  min=  0.209382  max=  0.220419
Timings{0}> GatherNUFFT2........ n=   30  mean= 0.0217872  std=0.000548018  min=  0.021382  max= 0.0232325
Timings{0}> ---------------------------------------------
