LandauDampingPIF{0}> Landau damping
LandauDampingPIF{0}> nt 10 Np= 8589934592 Fourier modes = ( 1024 , 1024 , 1024 )
LandauDampingPIF{0}> particles created and initial conditions assigned 
LandauDampingPIF{0}> After init shape function 
LandauDampingPIF{0}> After init NUFFT 
LandauDampingPIF{0}> After update 
[Scatter] Auto-select: OutputFocused (tp=359.0 Mpts/s) for w=9 rho=1.13 (was Atomic)
[Scatter] Cache hit: method=OutputFocused w=9 cx=1 rho=1.13 -> tile=(2,3,3) team=256 osub=1 zb=32 tp=359.0 Mpts/s (rho_csv=1.25)
LandauDampingPIF{0}> After scatter 
LandauDampingPIF{0}> After gather 
LandauDampingPIF{0}> Starting iterations ...
LandauDampingPIF{0}> Finished time step: -2 time: 0.0122718
LandauDampingPIF{0}> Finished time step: -1 time: 0.0245437
LandauDampingPIF{0}> Finished time step: 0 time: 0.0368155
LandauDampingPIF{0}> Finished time step: 1 time: 0.0490874
LandauDampingPIF{0}> Finished time step: 2 time: 0.0613592
LandauDampingPIF{0}> Finished time step: 3 time: 0.0736311
LandauDampingPIF{0}> Finished time step: 4 time: 0.0859029
LandauDampingPIF{0}> Finished time step: 5 time: 0.0981748
LandauDampingPIF{0}> Finished time step: 6 time: 0.110447
LandauDampingPIF{0}> Finished time step: 7 time: 0.122718
LandauDampingPIF{0}> Finished time step: 8 time: 0.13499
LandauDampingPIF{0}> Finished time step: 9 time: 0.147262
LandauDampingPIF{0}> Finished time step: 10 time: 0.159534
LandauDampingPIF{0}> LandauDamping: End.
Timings{0}> ---------------------------------------------
Timings{0}>      Timing results for 256 rank(s):
Timings{0}> ---------------------------------------------
Timings{0}> mainTimer........... Wall tot =    11.5889
Timings{0}> 
Timings{0}> particlesCreation... Wall max =          0
Timings{0}>                      Wall avg =          0
Timings{0}>                      Wall min =          0
Timings{0}> 
Timings{0}> dumpData............ Wall max =   0.175131
Timings{0}>                      Wall avg =   0.127407
Timings{0}>                      Wall min =   0.081213
Timings{0}> 
Timings{0}> kick................ Wall max = 0.000618221
Timings{0}>                      Wall avg = 0.000470398
Timings{0}>                      Wall min = 0.000295609
Timings{0}> 
Timings{0}> drift............... Wall max = 9.9902e-05
Timings{0}>                      Wall avg = 7.13763e-05
Timings{0}>                      Wall min = 5.0687e-05
Timings{0}> 
Timings{0}> particleBC.......... Wall max = 0.000144509
Timings{0}>                      Wall avg = 0.000112763
Timings{0}>                      Wall min = 7.6765e-05
Timings{0}> 
Timings{0}> initializeShapeFunc. Wall max =          0
Timings{0}>                      Wall avg =          0
Timings{0}>                      Wall min =          0
Timings{0}> 
Timings{0}> findInternal........ Wall max =          0
Timings{0}>                      Wall avg =          0
Timings{0}>                      Wall min =          0
Timings{0}> 
Timings{0}> findPeriodic........ Wall max =          0
Timings{0}>                      Wall avg =          0
Timings{0}>                      Wall min =          0
Timings{0}> 
Timings{0}> NativeNUFFT::init... Wall max =          0
Timings{0}>                      Wall avg =          0
Timings{0}>                      Wall min =          0
Timings{0}> 
Timings{0}> updateParticle...... Wall max =    1.75684
Timings{0}>                      Wall avg =    1.00985
Timings{0}>                      Wall min =    0.60364
Timings{0}> 
Timings{0}> locateParticles..... Wall max =  0.0438181
Timings{0}>                      Wall avg =  0.0393534
Timings{0}>                      Wall min =  0.0347814
Timings{0}> 
Timings{0}> sendPreprocess...... Wall max =  0.0129102
Timings{0}>                      Wall avg = 0.00819635
Timings{0}>                      Wall min = 0.00372472
Timings{0}> 
Timings{0}> particleSend........ Wall max =   0.015414
Timings{0}>                      Wall avg =   0.013842
Timings{0}>                      Wall min =  0.0124608
Timings{0}> 
Timings{0}> particleRecv........ Wall max = 0.000765349
Timings{0}>                      Wall avg = 0.000493416
Timings{0}>                      Wall min = 0.000403859
Timings{0}> 
Timings{0}> particleDestroy..... Wall max =  0.0446539
Timings{0}>                      Wall avg =  0.0375442
Timings{0}>                      Wall min =  0.0332961
Timings{0}> 
Timings{0}> ScatterPIFNUFFT..... Wall max =    4.45387
Timings{0}>                      Wall avg =     4.0351
Timings{0}>                      Wall min =    3.32323
Timings{0}> 
Timings{0}> NativeNUFFT1........ Wall max =    4.40976
Timings{0}>                      Wall avg =    3.99179
Timings{0}>                      Wall min =    3.27682
Timings{0}> 
Timings{0}> scatterTimerNUFFT1.. Wall max =    2.79847
Timings{0}>                      Wall avg =    2.23768
Timings{0}>                      Wall min =    1.62638
Timings{0}> 
Timings{0}> binSort............. Wall max =   0.186008
Timings{0}>                      Wall avg =   0.165564
Timings{0}>                      Wall min =   0.147401
Timings{0}> 
Timings{0}> binComputeKeys...... Wall max =  0.0176229
Timings{0}>                      Wall avg =  0.0157256
Timings{0}>                      Wall min =  0.0140276
Timings{0}> 
Timings{0}> binSortByKey........ Wall max =   0.159724
Timings{0}>                      Wall avg =    0.14186
Timings{0}>                      Wall min =   0.126254
Timings{0}> 
Timings{0}> binComputeOffsets... Wall max = 0.00874137
Timings{0}>                      Wall avg = 0.00789016
Timings{0}>                      Wall min = 0.00702505
Timings{0}> 
Timings{0}> FFTNUFFT1........... Wall max =    2.05941
Timings{0}>                      Wall avg =    1.74692
Timings{0}>                      Wall min =    1.57388
Timings{0}> 
Timings{0}> deconvolutionNUFFT1. Wall max = 0.00781582
Timings{0}>                      Wall avg = 0.00716811
Timings{0}>                      Wall min = 0.00664474
Timings{0}> 
Timings{0}> GatherPIFNUFFT...... Wall max =    6.45519
Timings{0}>                      Wall avg =    6.36977
Timings{0}>                      Wall min =    6.28989
Timings{0}> 
Timings{0}> NativeNUFFT2........ Wall max =    6.43112
Timings{0}>                      Wall avg =    6.34537
Timings{0}>                      Wall min =    6.26201
Timings{0}> 
Timings{0}> PrecorrectionNUFFT2. Wall max =  0.0716656
Timings{0}>                      Wall avg =  0.0672916
Timings{0}>                      Wall min =  0.0632878
Timings{0}> 
Timings{0}> FFTNUFFT2........... Wall max =    4.96301
Timings{0}>                      Wall avg =    4.80456
Timings{0}>                      Wall min =    4.66658
Timings{0}> 
Timings{0}> GatherNUFFT2........ Wall max =    0.67129
Timings{0}>                      Wall avg =    0.54322
Timings{0}>                      Wall min =   0.410325
Timings{0}> 
Timings{0}> ---------------------------------------------
Timings{0}>      Measurement counts:
Timings{0}> ---------------------------------------------
Timings{0}> mainTimer........... Count =          1
Timings{0}> particlesCreation... Count =          0
Timings{0}> dumpData............ Count =         10
Timings{0}> kick................ Count =         20
Timings{0}> drift............... Count =         10
Timings{0}> particleBC.......... Count =         10
Timings{0}> initializeShapeFunc. Count =          0
Timings{0}> findInternal........ Count =          0
Timings{0}> findPeriodic........ Count =          0
Timings{0}> NativeNUFFT::init... Count =          0
Timings{0}> updateParticle...... Count =         10
Timings{0}> locateParticles..... Count =         10
Timings{0}> sendPreprocess...... Count =         10
Timings{0}> particleSend........ Count =         10
Timings{0}> particleRecv........ Count =         10
Timings{0}> particleDestroy..... Count =         10
Timings{0}> ScatterPIFNUFFT..... Count =         20
Timings{0}> NativeNUFFT1........ Count =         10
Timings{0}> scatterTimerNUFFT1.. Count =         10
Timings{0}> binSort............. Count =         40
Timings{0}> binComputeKeys...... Count =         40
Timings{0}> binSortByKey........ Count =         40
Timings{0}> binComputeOffsets... Count =         40
Timings{0}> FFTNUFFT1........... Count =         10
Timings{0}> deconvolutionNUFFT1. Count =         10
Timings{0}> GatherPIFNUFFT...... Count =         10
Timings{0}> NativeNUFFT2........ Count =         30
Timings{0}> PrecorrectionNUFFT2. Count =         30
Timings{0}> FFTNUFFT2........... Count =         30
Timings{0}> GatherNUFFT2........ Count =         30
Timings{0}> ---------------------------------------------
Timings{0}> ---------------------------------------------
Timings{0}>      Per-occurrence statistics:
Timings{0}> ---------------------------------------------
Timings{0}> mainTimer........... n=    1  mean=   11.5889  std=         0  min=   11.5889  max=   11.5889
Timings{0}> dumpData............ n=   10  mean=0.00962637  std=0.00187603  min=0.00795224  max=  0.013911
Timings{0}> kick................ n=   20  mean=2.62903e-05  std=1.82538e-05  min= 7.328e-06  max=4.9087e-05
Timings{0}> drift............... n=   10  mean=6.2461e-06  std=4.77149e-07  min= 5.599e-06  max= 7.168e-06
Timings{0}> particleBC.......... n=   10  mean=1.03003e-05  std=3.12525e-06  min= 8.448e-06  max=1.8975e-05
Timings{0}> updateParticle...... n=   10  mean= 0.0705098  std= 0.0468318  min= 0.0115462  max=  0.132448
Timings{0}> locateParticles..... n=   10  mean=0.00426777  std=9.12912e-06  min=0.00425332  max=0.00428126
Timings{0}> sendPreprocess...... n=   10  mean=0.000486946  std=0.000158359  min=0.000418289  max=0.00093568
Timings{0}> particleSend........ n=   10  mean= 0.0014434  std=8.75745e-05  min=0.00132245  max=0.00155636
Timings{0}> particleRecv........ n=   10  mean=4.85808e-05  std=1.73951e-05  min=3.5647e-05  max=9.3021e-05
Timings{0}> particleDestroy..... n=   10  mean=0.00375009  std=1.29318e-05  min=0.00373277  max= 0.0037727
Timings{0}> ScatterPIFNUFFT..... n=   20  mean=  0.215373  std=  0.223425  min=2.0991e-05  max=  0.505496
Timings{0}> NativeNUFFT1........ n=   10  mean=  0.426463  std= 0.0483764  min=  0.325813  max=  0.501144
Timings{0}> scatterTimerNUFFT1.. n=   10  mean=   0.25982  std= 0.0545334  min=  0.164424  max=  0.353029
Timings{0}> binSort............. n=   40  mean=0.00462398  std=5.6602e-05  min=0.00454951  max=0.00475718
Timings{0}> binComputeKeys...... n=   40  mean=0.000436065  std=5.35236e-06  min=0.000425585  max=0.000449585
Timings{0}> binSortByKey........ n=   40  mean=0.00397232  std=5.36977e-05  min=0.00391043  max=0.00410267
Timings{0}> binComputeOffsets... n=   40  mean=0.000214194  std=6.03677e-06  min=0.000201305  max=0.000227832
Timings{0}> FFTNUFFT1........... n=   10  mean=  0.165924  std= 0.0182878  min=  0.147417  max=  0.208857
Timings{0}> deconvolutionNUFFT1. n=   10  mean=0.00071754  std=4.54171e-05  min=0.000675945  max=0.000778149
Timings{0}> GatherPIFNUFFT...... n=   10  mean=  0.643327  std= 0.0119678  min=  0.624253  max=  0.657762
Timings{0}> NativeNUFFT2........ n=   30  mean=  0.213416  std=0.00660608  min=   0.20182  max=  0.229544
Timings{0}> PrecorrectionNUFFT2. n=   30  mean=0.00237396  std=0.000502004  min=0.00165796  max= 0.0027344
Timings{0}> FFTNUFFT2........... n=   30  mean=  0.157081  std=0.00634422  min=  0.148745  max=  0.178376
Timings{0}> GatherNUFFT2........ n=   30  mean= 0.0200219  std=0.00840064  min=0.00906458  max= 0.0443614
Timings{0}> ---------------------------------------------
