
================================================================================
NUFFT Scaling Benchmark
================================================================================
Number of ranks: 64
Grid size:       512^3
Particles:       1073741824 (8 per point)
Tolerance:       0.0001
CSV output:      results/nufft_scaling_64.csv
Component CSV:   results/nufft_components_64.csv

=== Benchmarking NUFFT Type 1 ===
Grid size:       512^3
Total particles: 1073741824
Local particles: 16777216
Spread method:   output_focused
Tolerance:       0.0001
Warmup runs:     3
Benchmark runs:  10
Running warmup...
Running benchmark...

NUFFT Type 1 Results:
  Ranks:       64
  Grid:        512^3
  Particles:   1073741824
  Mean time:   564.686 ms
  Min time:    560.986 ms
  Max time:    572.027 ms
  Stddev:      3.146 ms
  Throughput:  1901.48 Mpts/s

=== Benchmarking NUFFT Type 2 ===
Grid size:       512^3
Total particles: 1073741824
Local particles: 16777216
Gather method:   atomic_sort
Tolerance:       0.00
Warmup runs:     3
Benchmark runs:  10
Running warmup...
Running benchmark...

NUFFT Type 2 Results:
  Ranks:       64
  Grid:        512^3
  Particles:   1073741824
  Mean time:   424.864 ms
  Min time:    417.894 ms
  Max time:    439.215 ms
  Stddev:      6.101 ms
  Throughput:  2527.26 Mpts/s
[CSV] Timings written to results/nufft_scaling_64.csv

==================================================
COMPONENT TIMING BREAKDOWN
==================================================

Type-1 (spreading):
----------------------------------------
Scatter (spreading)          145.54 ms
FFT (forward)                412.74 ms
Deconvolution                  0.08 ms

Type-2 (interpolation):
----------------------------------------
Precorrection                  0.09 ms
FFT (backward)               418.58 ms
Gather (interpolation)        18.43 ms

Total:
----------------------------------------
Complete Type-1              558.38 ms
Complete Type-2              437.14 ms
[CSV] Component timings written to results/nufft_components_64.csv

================================================================================
SUMMARY
================================================================================
Type 1: 564.686 ms (1901.48 Mpts/s)
Type 2: 424.86 ms (2527.26 Mpts/s)
================================================================================
