Hostname=nid005845   , Rank=32   ,Local=0   ,RPN=4   ,CPUs=0-71     ,GPU=0 ,NIC=cxi0 ,numa_nodes=0     ,first_numa=0  ,other_nodes=     
Hostname=nid005775   , Rank=16   ,Local=0   ,RPN=4   ,CPUs=0-71     ,GPU=0 ,NIC=cxi0 ,numa_nodes=0     ,first_numa=0  ,other_nodes=     
Hostname=nid005848   , Rank=36   ,Local=0   ,RPN=4   ,CPUs=0-71     ,GPU=0 ,NIC=cxi0 ,numa_nodes=0     ,first_numa=0  ,other_nodes=     
Hostname=nid005836   , Rank=28   ,Local=0   ,RPN=4   ,CPUs=0-71     ,GPU=0 ,NIC=cxi0 ,numa_nodes=0     ,first_numa=0  ,other_nodes=     
Hostname=nid005845   , Rank=33   ,Local=1   ,RPN=4   ,CPUs=72-143   ,GPU=1 ,NIC=cxi1 ,numa_nodes=1     ,first_numa=1  ,other_nodes=     
Hostname=nid005731   , Rank=13   ,Local=1   ,RPN=4   ,CPUs=72-143   ,GPU=1 ,NIC=cxi1 ,numa_nodes=1     ,first_numa=1  ,other_nodes=     
Hostname=nid005836   , Rank=29   ,Local=1   ,RPN=4   ,CPUs=72-143   ,GPU=1 ,NIC=cxi1 ,numa_nodes=1     ,first_numa=1  ,other_nodes=     
Hostname=nid005845   , Rank=34   ,Local=2   ,RPN=4   ,CPUs=144-215  ,GPU=2 ,NIC=cxi2 ,numa_nodes=2     ,first_numa=2  ,other_nodes=     
Hostname=nid005775   , Rank=17   ,Local=1   ,RPN=4   ,CPUs=72-143   ,GPU=1 ,NIC=cxi1 ,numa_nodes=1     ,first_numa=1  ,other_nodes=     
Hostname=nid005848   , Rank=37   ,Local=1   ,RPN=4   ,CPUs=72-143   ,GPU=1 ,NIC=cxi1 ,numa_nodes=1     ,first_numa=1  ,other_nodes=     
Hostname=nid005845   , Rank=35   ,Local=3   ,RPN=4   ,CPUs=216-287  ,GPU=3 ,NIC=cxi3 ,numa_nodes=3     ,first_numa=3  ,other_nodes=     
Hostname=nid005884   , Rank=48   ,Local=0   ,RPN=4   ,CPUs=0-71     ,GPU=0 ,NIC=cxi0 ,numa_nodes=0     ,first_numa=0  ,other_nodes=     
Hostname=nid005719   , Rank=8    ,Local=0   ,RPN=4   ,CPUs=0-71     ,GPU=0 ,NIC=cxi0 ,numa_nodes=0     ,first_numa=0  ,other_nodes=     
Hostname=nid005775   , Rank=19   ,Local=3   ,RPN=4   ,CPUs=216-287  ,GPU=3 ,NIC=cxi3 ,numa_nodes=3     ,first_numa=3  ,other_nodes=     
Hostname=nid005836   , Rank=30   ,Local=2   ,RPN=4   ,CPUs=144-215  ,GPU=2 ,NIC=cxi2 ,numa_nodes=2     ,first_numa=2  ,other_nodes=     
Hostname=nid005848   , Rank=38   ,Local=2   ,RPN=4   ,CPUs=144-215  ,GPU=2 ,NIC=cxi2 ,numa_nodes=2     ,first_numa=2  ,other_nodes=     
Hostname=nid005775   , Rank=18   ,Local=2   ,RPN=4   ,CPUs=144-215  ,GPU=2 ,NIC=cxi2 ,numa_nodes=2     ,first_numa=2  ,other_nodes=     
Hostname=nid005836   , Rank=31   ,Local=3   ,RPN=4   ,CPUs=216-287  ,GPU=3 ,NIC=cxi3 ,numa_nodes=3     ,first_numa=3  ,other_nodes=     
Hostname=nid005848   , Rank=39   ,Local=3   ,RPN=4   ,CPUs=216-287  ,GPU=3 ,NIC=cxi3 ,numa_nodes=3     ,first_numa=3  ,other_nodes=     
Hostname=nid005884   , Rank=49   ,Local=1   ,RPN=4   ,CPUs=72-143   ,GPU=1 ,NIC=cxi1 ,numa_nodes=1     ,first_numa=1  ,other_nodes=     
Hostname=nid005731   , Rank=14   ,Local=2   ,RPN=4   ,CPUs=144-215  ,GPU=2 ,NIC=cxi2 ,numa_nodes=2     ,first_numa=2  ,other_nodes=     
Hostname=nid005829   , Rank=26   ,Local=2   ,RPN=4   ,CPUs=144-215  ,GPU=2 ,NIC=cxi2 ,numa_nodes=2     ,first_numa=2  ,other_nodes=     
Hostname=nid005884   , Rank=51   ,Local=3   ,RPN=4   ,CPUs=216-287  ,GPU=3 ,NIC=cxi3 ,numa_nodes=3     ,first_numa=3  ,other_nodes=     
Hostname=nid005731   , Rank=15   ,Local=3   ,RPN=4   ,CPUs=216-287  ,GPU=3 ,NIC=cxi3 ,numa_nodes=3     ,first_numa=3  ,other_nodes=     
Hostname=nid005884   , Rank=50   ,Local=2   ,RPN=4   ,CPUs=144-215  ,GPU=2 ,NIC=cxi2 ,numa_nodes=2     ,first_numa=2  ,other_nodes=     
Hostname=nid005829   , Rank=25   ,Local=1   ,RPN=4   ,CPUs=72-143   ,GPU=1 ,NIC=cxi1 ,numa_nodes=1     ,first_numa=1  ,other_nodes=     
Hostname=nid005731   , Rank=12   ,Local=0   ,RPN=4   ,CPUs=0-71     ,GPU=0 ,NIC=cxi0 ,numa_nodes=0     ,first_numa=0  ,other_nodes=     
Hostname=nid006499   , Rank=59   ,Local=3   ,RPN=4   ,CPUs=216-287  ,GPU=3 ,NIC=cxi3 ,numa_nodes=3     ,first_numa=3  ,other_nodes=     
Hostname=nid005829   , Rank=27   ,Local=3   ,RPN=4   ,CPUs=216-287  ,GPU=3 ,NIC=cxi3 ,numa_nodes=3     ,first_numa=3  ,other_nodes=     
Hostname=nid005719   , Rank=10   ,Local=2   ,RPN=4   ,CPUs=144-215  ,GPU=2 ,NIC=cxi2 ,numa_nodes=2     ,first_numa=2  ,other_nodes=     
Hostname=nid005829   , Rank=24   ,Local=0   ,RPN=4   ,CPUs=0-71     ,GPU=0 ,NIC=cxi0 ,numa_nodes=0     ,first_numa=0  ,other_nodes=     
Hostname=nid005719   , Rank=11   ,Local=3   ,RPN=4   ,CPUs=216-287  ,GPU=3 ,NIC=cxi3 ,numa_nodes=3     ,first_numa=3  ,other_nodes=     
Hostname=nid006499   , Rank=57   ,Local=1   ,RPN=4   ,CPUs=72-143   ,GPU=1 ,NIC=cxi1 ,numa_nodes=1     ,first_numa=1  ,other_nodes=     
Hostname=nid006499   , Rank=56   ,Local=0   ,RPN=4   ,CPUs=0-71     ,GPU=0 ,NIC=cxi0 ,numa_nodes=0     ,first_numa=0  ,other_nodes=     
Hostname=nid005851   , Rank=41   ,Local=1   ,RPN=4   ,CPUs=72-143   ,GPU=1 ,NIC=cxi1 ,numa_nodes=1     ,first_numa=1  ,other_nodes=     
Hostname=nid005851   , Rank=40   ,Local=0   ,RPN=4   ,CPUs=0-71     ,GPU=0 ,NIC=cxi0 ,numa_nodes=0     ,first_numa=0  ,other_nodes=     
Hostname=nid005719   , Rank=9    ,Local=1   ,RPN=4   ,CPUs=72-143   ,GPU=1 ,NIC=cxi1 ,numa_nodes=1     ,first_numa=1  ,other_nodes=     
Hostname=nid005851   , Rank=43   ,Local=3   ,RPN=4   ,CPUs=216-287  ,GPU=3 ,NIC=cxi3 ,numa_nodes=3     ,first_numa=3  ,other_nodes=     
Hostname=nid006499   , Rank=58   ,Local=2   ,RPN=4   ,CPUs=144-215  ,GPU=2 ,NIC=cxi2 ,numa_nodes=2     ,first_numa=2  ,other_nodes=     
Hostname=nid005851   , Rank=42   ,Local=2   ,RPN=4   ,CPUs=144-215  ,GPU=2 ,NIC=cxi2 ,numa_nodes=2     ,first_numa=2  ,other_nodes=     
Hostname=nid006497   , Rank=52   ,Local=0   ,RPN=4   ,CPUs=0-71     ,GPU=0 ,NIC=cxi0 ,numa_nodes=0     ,first_numa=0  ,other_nodes=     
Hostname=nid005812   , Rank=20   ,Local=0   ,RPN=4   ,CPUs=0-71     ,GPU=0 ,NIC=cxi0 ,numa_nodes=0     ,first_numa=0  ,other_nodes=     
Hostname=nid005860   , Rank=46   ,Local=2   ,RPN=4   ,CPUs=144-215  ,GPU=2 ,NIC=cxi2 ,numa_nodes=2     ,first_numa=2  ,other_nodes=     
Slurm Job Hostlist: nid[005688,005713,005719,005731,005775,005812,005829,005836,005845,005848,005851,005860,005884,006497,006499,006518]
Hostname=nid005812   , Rank=21   ,Local=1   ,RPN=4   ,CPUs=72-143   ,GPU=1 ,NIC=cxi1 ,numa_nodes=1     ,first_numa=1  ,other_nodes=     
Hostname=nid005688   , Rank=0    ,Local=0   ,RPN=4   ,CPUs=0-71     ,GPU=0 ,NIC=cxi0 ,numa_nodes=0     ,first_numa=0  ,other_nodes=     
Hostname=nid005812   , Rank=22   ,Local=2   ,RPN=4   ,CPUs=144-215  ,GPU=2 ,NIC=cxi2 ,numa_nodes=2     ,first_numa=2  ,other_nodes=     
Hostname=nid005688   , Rank=2    ,Local=2   ,RPN=4   ,CPUs=144-215  ,GPU=2 ,NIC=cxi2 ,numa_nodes=2     ,first_numa=2  ,other_nodes=     
Hostname=nid005812   , Rank=23   ,Local=3   ,RPN=4   ,CPUs=216-287  ,GPU=3 ,NIC=cxi3 ,numa_nodes=3     ,first_numa=3  ,other_nodes=     
Hostname=nid005688   , Rank=1    ,Local=1   ,RPN=4   ,CPUs=72-143   ,GPU=1 ,NIC=cxi1 ,numa_nodes=1     ,first_numa=1  ,other_nodes=     
Hostname=nid005713   , Rank=6    ,Local=2   ,RPN=4   ,CPUs=144-215  ,GPU=2 ,NIC=cxi2 ,numa_nodes=2     ,first_numa=2  ,other_nodes=     
Hostname=nid006497   , Rank=53   ,Local=1   ,RPN=4   ,CPUs=72-143   ,GPU=1 ,NIC=cxi1 ,numa_nodes=1     ,first_numa=1  ,other_nodes=     
Hostname=nid005713   , Rank=5    ,Local=1   ,RPN=4   ,CPUs=72-143   ,GPU=1 ,NIC=cxi1 ,numa_nodes=1     ,first_numa=1  ,other_nodes=     
Hostname=nid005688   , Rank=3    ,Local=3   ,RPN=4   ,CPUs=216-287  ,GPU=3 ,NIC=cxi3 ,numa_nodes=3     ,first_numa=3  ,other_nodes=     
Hostname=nid005713   , Rank=7    ,Local=3   ,RPN=4   ,CPUs=216-287  ,GPU=3 ,NIC=cxi3 ,numa_nodes=3     ,first_numa=3  ,other_nodes=     
Hostname=nid006497   , Rank=54   ,Local=2   ,RPN=4   ,CPUs=144-215  ,GPU=2 ,NIC=cxi2 ,numa_nodes=2     ,first_numa=2  ,other_nodes=     
Hostname=nid005713   , Rank=4    ,Local=0   ,RPN=4   ,CPUs=0-71     ,GPU=0 ,NIC=cxi0 ,numa_nodes=0     ,first_numa=0  ,other_nodes=     
Hostname=nid006497   , Rank=55   ,Local=3   ,RPN=4   ,CPUs=216-287  ,GPU=3 ,NIC=cxi3 ,numa_nodes=3     ,first_numa=3  ,other_nodes=     
Hostname=nid005860   , Rank=44   ,Local=0   ,RPN=4   ,CPUs=0-71     ,GPU=0 ,NIC=cxi0 ,numa_nodes=0     ,first_numa=0  ,other_nodes=     
Hostname=nid005860   , Rank=47   ,Local=3   ,RPN=4   ,CPUs=216-287  ,GPU=3 ,NIC=cxi3 ,numa_nodes=3     ,first_numa=3  ,other_nodes=     
Hostname=nid005860   , Rank=45   ,Local=1   ,RPN=4   ,CPUs=72-143   ,GPU=1 ,NIC=cxi1 ,numa_nodes=1     ,first_numa=1  ,other_nodes=     
Hostname=nid006518   , Rank=61   ,Local=1   ,RPN=4   ,CPUs=72-143   ,GPU=1 ,NIC=cxi1 ,numa_nodes=1     ,first_numa=1  ,other_nodes=     
Hostname=nid006518   , Rank=63   ,Local=3   ,RPN=4   ,CPUs=216-287  ,GPU=3 ,NIC=cxi3 ,numa_nodes=3     ,first_numa=3  ,other_nodes=     
Hostname=nid006518   , Rank=62   ,Local=2   ,RPN=4   ,CPUs=144-215  ,GPU=2 ,NIC=cxi2 ,numa_nodes=2     ,first_numa=2  ,other_nodes=     
Hostname=nid006518   , Rank=60   ,Local=0   ,RPN=4   ,CPUs=0-71     ,GPU=0 ,NIC=cxi0 ,numa_nodes=0     ,first_numa=0  ,other_nodes=     
LandauDampingPIF{0}> Landau damping
LandauDampingPIF{0}> nt 10 Np= 1073741824 Fourier modes = ( 512 , 512 , 512 )
LandauDampingPIF{0}> particles created and initial conditions assigned 
LandauDampingPIF{0}> After init shape function 
LandauDampingPIF{0}> After init NUFFT 
LandauDampingPIF{0}> After update 
[Scatter] Auto-select: OutputFocused (tp=359.0 Mpts/s) for w=9 rho=1.10 (was Atomic)
[Scatter] Cache hit: method=OutputFocused w=9 cx=1 rho=1.10 -> tile=(2,3,3) team=256 osub=1 zb=32 tp=359.0 Mpts/s (rho_csv=1.25)
LandauDampingPIF{0}> After scatter 
LandauDampingPIF{0}> After gather 
LandauDampingPIF{0}> Starting iterations ...
LandauDampingPIF{0}> Finished time step: -2 time: 0.0122718
LandauDampingPIF{0}> Finished time step: -1 time: 0.0245437
LandauDampingPIF{0}> Finished time step: 0 time: 0.0368155
LandauDampingPIF{0}> Finished time step: 1 time: 0.0490874
LandauDampingPIF{0}> Finished time step: 2 time: 0.0613592
LandauDampingPIF{0}> Finished time step: 3 time: 0.0736311
LandauDampingPIF{0}> Finished time step: 4 time: 0.0859029
LandauDampingPIF{0}> Finished time step: 5 time: 0.0981748
LandauDampingPIF{0}> Finished time step: 6 time: 0.110447
LandauDampingPIF{0}> Finished time step: 7 time: 0.122718
LandauDampingPIF{0}> Finished time step: 8 time: 0.13499
LandauDampingPIF{0}> Finished time step: 9 time: 0.147262
LandauDampingPIF{0}> Finished time step: 10 time: 0.159534
LandauDampingPIF{0}> LandauDamping: End.
Timings{0}> ---------------------------------------------
Timings{0}>      Timing results for 64 rank(s):
Timings{0}> ---------------------------------------------
Timings{0}> mainTimer........... Wall tot =    4.93265
Timings{0}> 
Timings{0}> particlesCreation... Wall max =          0
Timings{0}>                      Wall avg =          0
Timings{0}>                      Wall min =          0
Timings{0}> 
Timings{0}> dumpData............ Wall max =  0.0467102
Timings{0}>                      Wall avg =  0.0363216
Timings{0}>                      Wall min =  0.0255067
Timings{0}> 
Timings{0}> kick................ Wall max = 0.000317428
Timings{0}>                      Wall avg = 0.000241543
Timings{0}>                      Wall min = 0.000172892
Timings{0}> 
Timings{0}> drift............... Wall max = 8.7452e-05
Timings{0}>                      Wall avg = 6.4683e-05
Timings{0}>                      Wall min = 4.6303e-05
Timings{0}> 
Timings{0}> initializeShapeFunc. Wall max =          0
Timings{0}>                      Wall avg =          0
Timings{0}>                      Wall min =          0
Timings{0}> 
Timings{0}> findInternal........ Wall max =          0
Timings{0}>                      Wall avg =          0
Timings{0}>                      Wall min =          0
Timings{0}> 
Timings{0}> findPeriodic........ Wall max =          0
Timings{0}>                      Wall avg =          0
Timings{0}>                      Wall min =          0
Timings{0}> 
Timings{0}> NativeNUFFT::init... Wall max =          0
Timings{0}>                      Wall avg =          0
Timings{0}>                      Wall min =          0
Timings{0}> 
Timings{0}> particleBC.......... Wall max = 0.000156088
Timings{0}>                      Wall avg = 0.000126989
Timings{0}>                      Wall min = 9.5486e-05
Timings{0}> 
Timings{0}> updateParticle...... Wall max =     0.5388
Timings{0}>                      Wall avg =   0.373369
Timings{0}>                      Wall min =   0.207956
Timings{0}> 
Timings{0}> locateParticles..... Wall max =  0.0211128
Timings{0}>                      Wall avg =  0.0198068
Timings{0}>                      Wall min =  0.0185862
Timings{0}> 
Timings{0}> sendPreprocess...... Wall max = 0.00533741
Timings{0}>                      Wall avg = 0.00409271
Timings{0}>                      Wall min = 0.00268312
Timings{0}> 
Timings{0}> particleSend........ Wall max = 0.00961697
Timings{0}>                      Wall avg = 0.00917152
Timings{0}>                      Wall min = 0.00875791
Timings{0}> 
Timings{0}> particleRecv........ Wall max = 0.000612909
Timings{0}>                      Wall avg = 0.000419997
Timings{0}>                      Wall min = 0.000347445
Timings{0}> 
Timings{0}> particleDestroy..... Wall max =  0.0185415
Timings{0}>                      Wall avg =  0.0163176
Timings{0}>                      Wall min =  0.0152761
Timings{0}> 
Timings{0}> ScatterPIFNUFFT..... Wall max =    2.05067
Timings{0}>                      Wall avg =    1.88748
Timings{0}>                      Wall min =    1.71981
Timings{0}> 
Timings{0}> NativeNUFFT1........ Wall max =    2.04193
Timings{0}>                      Wall avg =     1.8785
Timings{0}>                      Wall min =    1.71114
Timings{0}> 
Timings{0}> scatterTimerNUFFT1.. Wall max =    1.40367
Timings{0}>                      Wall avg =    1.23357
Timings{0}>                      Wall min =    1.06489
Timings{0}> 
Timings{0}> binSort............. Wall max =  0.0967304
Timings{0}>                      Wall avg =  0.0890944
Timings{0}>                      Wall min =  0.0813891
Timings{0}> 
Timings{0}> binComputeKeys...... Wall max = 0.00929068
Timings{0}>                      Wall avg = 0.00830627
Timings{0}>                      Wall min = 0.00748981
Timings{0}> 
Timings{0}> binSortByKey........ Wall max =  0.0826208
Timings{0}>                      Wall avg =  0.0760748
Timings{0}>                      Wall min =   0.069407
Timings{0}> 
Timings{0}> binComputeOffsets... Wall max = 0.00520316
Timings{0}>                      Wall avg = 0.00462934
Timings{0}>                      Wall min = 0.00426933
Timings{0}> 
Timings{0}> FFTNUFFT1........... Wall max =    0.65068
Timings{0}>                      Wall avg =   0.642871
Timings{0}>                      Wall min =   0.632168
Timings{0}> 
Timings{0}> TwiddleAdd.......... Wall max = 0.000728904
Timings{0}>                      Wall avg = 0.000393286
Timings{0}>                      Wall min = 0.000308023
Timings{0}> 
Timings{0}> subFFTs............. Wall max =   0.650007
Timings{0}>                      Wall avg =    0.64217
Timings{0}>                      Wall min =   0.631457
Timings{0}> 
Timings{0}> deconvolutionNUFFT1. Wall max =  0.0020834
Timings{0}>                      Wall avg = 0.00203827
Timings{0}>                      Wall min = 0.00188641
Timings{0}> 
Timings{0}> GatherPIFNUFFT...... Wall max =    2.63319
Timings{0}>                      Wall avg =    2.62081
Timings{0}>                      Wall min =    2.60784
Timings{0}> 
Timings{0}> NativeNUFFT2........ Wall max =    2.62573
Timings{0}>                      Wall avg =    2.61292
Timings{0}>                      Wall min =    2.59758
Timings{0}> 
Timings{0}> PrecorrectionNUFFT2. Wall max =  0.0200954
Timings{0}>                      Wall avg =  0.0183717
Timings{0}>                      Wall min =  0.0165962
Timings{0}> 
Timings{0}> FFTNUFFT2........... Wall max =    1.97064
Timings{0}>                      Wall avg =    1.94414
Timings{0}>                      Wall min =    1.91526
Timings{0}> 
Timings{0}> subIFFTs............ Wall max =    1.96583
Timings{0}>                      Wall avg =    1.93929
Timings{0}>                      Wall min =    1.91069
Timings{0}> 
Timings{0}> StridedWrite........ Wall max = 0.00163704
Timings{0}>                      Wall avg = 0.00126359
Timings{0}>                      Wall min = 0.000952903
Timings{0}> 
Timings{0}> GatherNUFFT2........ Wall max =   0.196276
Timings{0}>                      Wall avg =   0.181109
Timings{0}>                      Wall min =   0.170261
Timings{0}> 
Timings{0}> ---------------------------------------------
Timings{0}>      Measurement counts:
Timings{0}> ---------------------------------------------
Timings{0}> mainTimer........... Count =          1
Timings{0}> particlesCreation... Count =          0
Timings{0}> dumpData............ Count =         10
Timings{0}> kick................ Count =         20
Timings{0}> drift............... Count =         10
Timings{0}> initializeShapeFunc. Count =          0
Timings{0}> findInternal........ Count =          0
Timings{0}> findPeriodic........ Count =          0
Timings{0}> NativeNUFFT::init... Count =          0
Timings{0}> particleBC.......... Count =         10
Timings{0}> updateParticle...... Count =         10
Timings{0}> locateParticles..... Count =         10
Timings{0}> sendPreprocess...... Count =         10
Timings{0}> particleSend........ Count =         10
Timings{0}> particleRecv........ Count =         10
Timings{0}> particleDestroy..... Count =         10
Timings{0}> ScatterPIFNUFFT..... Count =         20
Timings{0}> NativeNUFFT1........ Count =         10
Timings{0}> scatterTimerNUFFT1.. Count =         10
Timings{0}> binSort............. Count =         40
Timings{0}> binComputeKeys...... Count =         40
Timings{0}> binSortByKey........ Count =         40
Timings{0}> binComputeOffsets... Count =         40
Timings{0}> FFTNUFFT1........... Count =         10
Timings{0}> TwiddleAdd.......... Count =         20
Timings{0}> subFFTs............. Count =         20
Timings{0}> deconvolutionNUFFT1. Count =         10
Timings{0}> GatherPIFNUFFT...... Count =         10
Timings{0}> NativeNUFFT2........ Count =         30
Timings{0}> PrecorrectionNUFFT2. Count =         30
Timings{0}> FFTNUFFT2........... Count =         30
Timings{0}> subIFFTs............ Count =         60
Timings{0}> StridedWrite........ Count =         60
Timings{0}> GatherNUFFT2........ Count =         30
Timings{0}> ---------------------------------------------
Timings{0}> ---------------------------------------------
Timings{0}>      Per-occurrence statistics:
Timings{0}> ---------------------------------------------
Timings{0}> mainTimer........... n=    1  mean=   4.93264  std=         0  min=   4.93264  max=   4.93264
Timings{0}> dumpData............ n=   10  mean=0.00287697  std=0.000438964  min=0.00225949  max=0.00360118
Timings{0}> kick................ n=   20  mean=1.26252e-05  std=5.70582e-06  min= 5.247e-06  max=2.2592e-05
Timings{0}> drift............... n=   10  mean=6.6111e-06  std=6.7921e-07  min= 5.536e-06  max=  7.68e-06
Timings{0}> particleBC.......... n=   10  mean=1.18204e-05  std=1.82547e-06  min= 9.344e-06  max= 1.504e-05
Timings{0}> updateParticle...... n=   10  mean=  0.042084  std= 0.0550858  min=0.00584362  max=  0.168123
Timings{0}> locateParticles..... n=   10  mean=0.00207756  std=7.94562e-06  min=0.00206186  max=0.00209108
Timings{0}> sendPreprocess...... n=   10  mean=0.000317991  std=1.07203e-05  min=0.000302007  max=0.000334327
Timings{0}> particleSend........ n=   10  mean=0.000942211  std=3.51235e-05  min=0.000890088  max=0.00100407
Timings{0}> particleRecv........ n=   10  mean=3.72726e-05  std=2.09631e-06  min=3.5007e-05  max=4.1247e-05
Timings{0}> particleDestroy..... n=   10  mean=0.00158062  std=5.77079e-06  min=0.00157429  max=0.00159096
Timings{0}> ScatterPIFNUFFT..... n=   20  mean= 0.0921121  std= 0.0998396  min= 7.776e-06  max=  0.273219
Timings{0}> NativeNUFFT1........ n=   10  mean=  0.183304  std= 0.0468332  min=  0.112791  max=  0.272331
Timings{0}> scatterTimerNUFFT1.. n=   10  mean=  0.119307  std= 0.0459991  min= 0.0487085  max=  0.210021
Timings{0}> binSort............. n=   40  mean=0.00241826  std=2.88728e-05  min=0.00236358  max=0.00247129
Timings{0}> binComputeKeys...... n=   40  mean=0.000224032  std=6.38729e-06  min=0.000215866  max=0.000240346
Timings{0}> binSortByKey........ n=   40  mean=0.00206552  std=2.58334e-05  min=0.00201521  max=0.00211313
Timings{0}> binComputeOffsets... n=   40  mean=0.000127252  std=7.47504e-06  min=0.000112029  max=0.00014326
Timings{0}> FFTNUFFT1........... n=   10  mean= 0.0637912  std=0.00264655  min=  0.060932  max= 0.0691673
Timings{0}> TwiddleAdd.......... n=   20  mean=1.87562e-05  std=2.33188e-06  min=1.4336e-05  max=2.5663e-05
Timings{0}> subFFTs............. n=   20  mean= 0.0318631  std=   0.00233  min= 0.0296409  max= 0.0381109
Timings{0}> deconvolutionNUFFT1. n=   10  mean=0.000205252  std=1.28707e-06  min=0.00020297  max=0.000207578
Timings{0}> GatherPIFNUFFT...... n=   10  mean=  0.262589  std=0.00661629  min=   0.25713  max=  0.277064
Timings{0}> NativeNUFFT2........ n=   30  mean= 0.0872926  std=0.00412124  min= 0.0836755  max=  0.102609
Timings{0}> PrecorrectionNUFFT2. n=   30  mean=0.000664755  std=0.000246989  min=0.000320151  max=0.000843881
Timings{0}> FFTNUFFT2........... n=   30  mean= 0.0640914  std=0.00403184  min= 0.0605188  max= 0.0787776
Timings{0}> subIFFTs............ n=   60  mean= 0.0319696  std=0.00315269  min= 0.0286606  max=  0.048463
Timings{0}> StridedWrite........ n=   60  mean=2.04933e-05  std=3.77056e-06  min=1.4623e-05  max=3.6735e-05
Timings{0}> GatherNUFFT2........ n=   30  mean=0.00591397  std=0.000525078  min=0.00541988  max= 0.0080393
Timings{0}> ---------------------------------------------
