Hostname=nid005845   , Rank=32   ,Local=0   ,RPN=4   ,CPUs=0-71     ,GPU=0 ,NIC=cxi0 ,numa_nodes=0     ,first_numa=0  ,other_nodes=     
Slurm Job Hostlist: nid[005688,005713,005719,005731,005775,005812,005829,005836,005845,005848,005851,005860,005884,006497,006499,006518]
Hostname=nid005688   , Rank=0    ,Local=0   ,RPN=4   ,CPUs=0-71     ,GPU=0 ,NIC=cxi0 ,numa_nodes=0     ,first_numa=0  ,other_nodes=     
Hostname=nid005688   , Rank=1    ,Local=1   ,RPN=4   ,CPUs=72-143   ,GPU=1 ,NIC=cxi1 ,numa_nodes=1     ,first_numa=1  ,other_nodes=     
Hostname=nid006497   , Rank=52   ,Local=0   ,RPN=4   ,CPUs=0-71     ,GPU=0 ,NIC=cxi0 ,numa_nodes=0     ,first_numa=0  ,other_nodes=     
Hostname=nid006518   , Rank=61   ,Local=1   ,RPN=4   ,CPUs=72-143   ,GPU=1 ,NIC=cxi1 ,numa_nodes=1     ,first_numa=1  ,other_nodes=     
Hostname=nid005688   , Rank=2    ,Local=2   ,RPN=4   ,CPUs=144-215  ,GPU=2 ,NIC=cxi2 ,numa_nodes=2     ,first_numa=2  ,other_nodes=     
Hostname=nid005845   , Rank=33   ,Local=1   ,RPN=4   ,CPUs=72-143   ,GPU=1 ,NIC=cxi1 ,numa_nodes=1     ,first_numa=1  ,other_nodes=     
Hostname=nid005775   , Rank=16   ,Local=0   ,RPN=4   ,CPUs=0-71     ,GPU=0 ,NIC=cxi0 ,numa_nodes=0     ,first_numa=0  ,other_nodes=     
Hostname=nid005719   , Rank=8    ,Local=0   ,RPN=4   ,CPUs=0-71     ,GPU=0 ,NIC=cxi0 ,numa_nodes=0     ,first_numa=0  ,other_nodes=     
Hostname=nid005848   , Rank=36   ,Local=0   ,RPN=4   ,CPUs=0-71     ,GPU=0 ,NIC=cxi0 ,numa_nodes=0     ,first_numa=0  ,other_nodes=     
Hostname=nid005860   , Rank=46   ,Local=2   ,RPN=4   ,CPUs=144-215  ,GPU=2 ,NIC=cxi2 ,numa_nodes=2     ,first_numa=2  ,other_nodes=     
Hostname=nid005688   , Rank=3    ,Local=3   ,RPN=4   ,CPUs=216-287  ,GPU=3 ,NIC=cxi3 ,numa_nodes=3     ,first_numa=3  ,other_nodes=     
Hostname=nid005845   , Rank=34   ,Local=2   ,RPN=4   ,CPUs=144-215  ,GPU=2 ,NIC=cxi2 ,numa_nodes=2     ,first_numa=2  ,other_nodes=     
Hostname=nid005845   , Rank=35   ,Local=3   ,RPN=4   ,CPUs=216-287  ,GPU=3 ,NIC=cxi3 ,numa_nodes=3     ,first_numa=3  ,other_nodes=     
Hostname=nid005848   , Rank=37   ,Local=1   ,RPN=4   ,CPUs=72-143   ,GPU=1 ,NIC=cxi1 ,numa_nodes=1     ,first_numa=1  ,other_nodes=     
Hostname=nid006497   , Rank=53   ,Local=1   ,RPN=4   ,CPUs=72-143   ,GPU=1 ,NIC=cxi1 ,numa_nodes=1     ,first_numa=1  ,other_nodes=     
Hostname=nid005775   , Rank=17   ,Local=1   ,RPN=4   ,CPUs=72-143   ,GPU=1 ,NIC=cxi1 ,numa_nodes=1     ,first_numa=1  ,other_nodes=     
Hostname=nid005848   , Rank=38   ,Local=2   ,RPN=4   ,CPUs=144-215  ,GPU=2 ,NIC=cxi2 ,numa_nodes=2     ,first_numa=2  ,other_nodes=     
Hostname=nid006497   , Rank=54   ,Local=2   ,RPN=4   ,CPUs=144-215  ,GPU=2 ,NIC=cxi2 ,numa_nodes=2     ,first_numa=2  ,other_nodes=     
Hostname=nid005775   , Rank=19   ,Local=3   ,RPN=4   ,CPUs=216-287  ,GPU=3 ,NIC=cxi3 ,numa_nodes=3     ,first_numa=3  ,other_nodes=     
Hostname=nid005848   , Rank=39   ,Local=3   ,RPN=4   ,CPUs=216-287  ,GPU=3 ,NIC=cxi3 ,numa_nodes=3     ,first_numa=3  ,other_nodes=     
Hostname=nid005812   , Rank=21   ,Local=1   ,RPN=4   ,CPUs=72-143   ,GPU=1 ,NIC=cxi1 ,numa_nodes=1     ,first_numa=1  ,other_nodes=     
Hostname=nid005851   , Rank=41   ,Local=1   ,RPN=4   ,CPUs=72-143   ,GPU=1 ,NIC=cxi1 ,numa_nodes=1     ,first_numa=1  ,other_nodes=     
Hostname=nid005860   , Rank=47   ,Local=3   ,RPN=4   ,CPUs=216-287  ,GPU=3 ,NIC=cxi3 ,numa_nodes=3     ,first_numa=3  ,other_nodes=     
Hostname=nid005775   , Rank=18   ,Local=2   ,RPN=4   ,CPUs=144-215  ,GPU=2 ,NIC=cxi2 ,numa_nodes=2     ,first_numa=2  ,other_nodes=     
Hostname=nid006497   , Rank=55   ,Local=3   ,RPN=4   ,CPUs=216-287  ,GPU=3 ,NIC=cxi3 ,numa_nodes=3     ,first_numa=3  ,other_nodes=     
Hostname=nid006499   , Rank=57   ,Local=1   ,RPN=4   ,CPUs=72-143   ,GPU=1 ,NIC=cxi1 ,numa_nodes=1     ,first_numa=1  ,other_nodes=     
Hostname=nid006518   , Rank=62   ,Local=2   ,RPN=4   ,CPUs=144-215  ,GPU=2 ,NIC=cxi2 ,numa_nodes=2     ,first_numa=2  ,other_nodes=     
Hostname=nid006518   , Rank=63   ,Local=3   ,RPN=4   ,CPUs=216-287  ,GPU=3 ,NIC=cxi3 ,numa_nodes=3     ,first_numa=3  ,other_nodes=     
Hostname=nid005860   , Rank=44   ,Local=0   ,RPN=4   ,CPUs=0-71     ,GPU=0 ,NIC=cxi0 ,numa_nodes=0     ,first_numa=0  ,other_nodes=     
Hostname=nid005851   , Rank=40   ,Local=0   ,RPN=4   ,CPUs=0-71     ,GPU=0 ,NIC=cxi0 ,numa_nodes=0     ,first_numa=0  ,other_nodes=     
Hostname=nid005860   , Rank=45   ,Local=1   ,RPN=4   ,CPUs=72-143   ,GPU=1 ,NIC=cxi1 ,numa_nodes=1     ,first_numa=1  ,other_nodes=     
Hostname=nid006518   , Rank=60   ,Local=0   ,RPN=4   ,CPUs=0-71     ,GPU=0 ,NIC=cxi0 ,numa_nodes=0     ,first_numa=0  ,other_nodes=     
Hostname=nid006499   , Rank=56   ,Local=0   ,RPN=4   ,CPUs=0-71     ,GPU=0 ,NIC=cxi0 ,numa_nodes=0     ,first_numa=0  ,other_nodes=     
Hostname=nid005731   , Rank=13   ,Local=1   ,RPN=4   ,CPUs=72-143   ,GPU=1 ,NIC=cxi1 ,numa_nodes=1     ,first_numa=1  ,other_nodes=     
Hostname=nid005719   , Rank=10   ,Local=2   ,RPN=4   ,CPUs=144-215  ,GPU=2 ,NIC=cxi2 ,numa_nodes=2     ,first_numa=2  ,other_nodes=     
Hostname=nid006499   , Rank=59   ,Local=3   ,RPN=4   ,CPUs=216-287  ,GPU=3 ,NIC=cxi3 ,numa_nodes=3     ,first_numa=3  ,other_nodes=     
Hostname=nid005719   , Rank=11   ,Local=3   ,RPN=4   ,CPUs=216-287  ,GPU=3 ,NIC=cxi3 ,numa_nodes=3     ,first_numa=3  ,other_nodes=     
Hostname=nid005851   , Rank=43   ,Local=3   ,RPN=4   ,CPUs=216-287  ,GPU=3 ,NIC=cxi3 ,numa_nodes=3     ,first_numa=3  ,other_nodes=     
Hostname=nid005851   , Rank=42   ,Local=2   ,RPN=4   ,CPUs=144-215  ,GPU=2 ,NIC=cxi2 ,numa_nodes=2     ,first_numa=2  ,other_nodes=     
Hostname=nid006499   , Rank=58   ,Local=2   ,RPN=4   ,CPUs=144-215  ,GPU=2 ,NIC=cxi2 ,numa_nodes=2     ,first_numa=2  ,other_nodes=     
Hostname=nid005719   , Rank=9    ,Local=1   ,RPN=4   ,CPUs=72-143   ,GPU=1 ,NIC=cxi1 ,numa_nodes=1     ,first_numa=1  ,other_nodes=     
Hostname=nid005812   , Rank=20   ,Local=0   ,RPN=4   ,CPUs=0-71     ,GPU=0 ,NIC=cxi0 ,numa_nodes=0     ,first_numa=0  ,other_nodes=     
Hostname=nid005812   , Rank=22   ,Local=2   ,RPN=4   ,CPUs=144-215  ,GPU=2 ,NIC=cxi2 ,numa_nodes=2     ,first_numa=2  ,other_nodes=     
Hostname=nid005836   , Rank=28   ,Local=0   ,RPN=4   ,CPUs=0-71     ,GPU=0 ,NIC=cxi0 ,numa_nodes=0     ,first_numa=0  ,other_nodes=     
Hostname=nid005812   , Rank=23   ,Local=3   ,RPN=4   ,CPUs=216-287  ,GPU=3 ,NIC=cxi3 ,numa_nodes=3     ,first_numa=3  ,other_nodes=     
Hostname=nid005829   , Rank=26   ,Local=2   ,RPN=4   ,CPUs=144-215  ,GPU=2 ,NIC=cxi2 ,numa_nodes=2     ,first_numa=2  ,other_nodes=     
Hostname=nid005884   , Rank=48   ,Local=0   ,RPN=4   ,CPUs=0-71     ,GPU=0 ,NIC=cxi0 ,numa_nodes=0     ,first_numa=0  ,other_nodes=     
Hostname=nid005884   , Rank=49   ,Local=1   ,RPN=4   ,CPUs=72-143   ,GPU=1 ,NIC=cxi1 ,numa_nodes=1     ,first_numa=1  ,other_nodes=     
Hostname=nid005884   , Rank=51   ,Local=3   ,RPN=4   ,CPUs=216-287  ,GPU=3 ,NIC=cxi3 ,numa_nodes=3     ,first_numa=3  ,other_nodes=     
Hostname=nid005836   , Rank=29   ,Local=1   ,RPN=4   ,CPUs=72-143   ,GPU=1 ,NIC=cxi1 ,numa_nodes=1     ,first_numa=1  ,other_nodes=     
Hostname=nid005884   , Rank=50   ,Local=2   ,RPN=4   ,CPUs=144-215  ,GPU=2 ,NIC=cxi2 ,numa_nodes=2     ,first_numa=2  ,other_nodes=     
Hostname=nid005836   , Rank=30   ,Local=2   ,RPN=4   ,CPUs=144-215  ,GPU=2 ,NIC=cxi2 ,numa_nodes=2     ,first_numa=2  ,other_nodes=     
Hostname=nid005829   , Rank=25   ,Local=1   ,RPN=4   ,CPUs=72-143   ,GPU=1 ,NIC=cxi1 ,numa_nodes=1     ,first_numa=1  ,other_nodes=     
Hostname=nid005713   , Rank=5    ,Local=1   ,RPN=4   ,CPUs=72-143   ,GPU=1 ,NIC=cxi1 ,numa_nodes=1     ,first_numa=1  ,other_nodes=     
Hostname=nid005836   , Rank=31   ,Local=3   ,RPN=4   ,CPUs=216-287  ,GPU=3 ,NIC=cxi3 ,numa_nodes=3     ,first_numa=3  ,other_nodes=     
Hostname=nid005829   , Rank=27   ,Local=3   ,RPN=4   ,CPUs=216-287  ,GPU=3 ,NIC=cxi3 ,numa_nodes=3     ,first_numa=3  ,other_nodes=     
Hostname=nid005829   , Rank=24   ,Local=0   ,RPN=4   ,CPUs=0-71     ,GPU=0 ,NIC=cxi0 ,numa_nodes=0     ,first_numa=0  ,other_nodes=     
Hostname=nid005731   , Rank=15   ,Local=3   ,RPN=4   ,CPUs=216-287  ,GPU=3 ,NIC=cxi3 ,numa_nodes=3     ,first_numa=3  ,other_nodes=     
Hostname=nid005731   , Rank=14   ,Local=2   ,RPN=4   ,CPUs=144-215  ,GPU=2 ,NIC=cxi2 ,numa_nodes=2     ,first_numa=2  ,other_nodes=     
Hostname=nid005731   , Rank=12   ,Local=0   ,RPN=4   ,CPUs=0-71     ,GPU=0 ,NIC=cxi0 ,numa_nodes=0     ,first_numa=0  ,other_nodes=     
Hostname=nid005713   , Rank=7    ,Local=3   ,RPN=4   ,CPUs=216-287  ,GPU=3 ,NIC=cxi3 ,numa_nodes=3     ,first_numa=3  ,other_nodes=     
Hostname=nid005713   , Rank=6    ,Local=2   ,RPN=4   ,CPUs=144-215  ,GPU=2 ,NIC=cxi2 ,numa_nodes=2     ,first_numa=2  ,other_nodes=     
Hostname=nid005713   , Rank=4    ,Local=0   ,RPN=4   ,CPUs=0-71     ,GPU=0 ,NIC=cxi0 ,numa_nodes=0     ,first_numa=0  ,other_nodes=     
LandauDampingPIF{0}> Landau damping
LandauDampingPIF{0}> nt 10 Np= 1073741824 Fourier modes = ( 512 , 512 , 512 )
LandauDampingPIF{0}> particles created and initial conditions assigned 
LandauDampingPIF{0}> After init shape function 
LandauDampingPIF{0}> After init NUFFT 
LandauDampingPIF{0}> After update 
[Scatter] Auto-select: OutputFocused (tp=359.0 Mpts/s) for w=9 rho=1.10 (was Atomic)
[Scatter] Cache hit: method=OutputFocused w=9 cx=1 rho=1.10 -> tile=(2,3,3) team=256 osub=1 zb=32 tp=359.0 Mpts/s (rho_csv=1.25)
LandauDampingPIF{0}> After scatter 
LandauDampingPIF{0}> After gather 
LandauDampingPIF{0}> Starting iterations ...
LandauDampingPIF{0}> Finished time step: -2 time: 0.0122718
LandauDampingPIF{0}> Finished time step: -1 time: 0.0245437
LandauDampingPIF{0}> Finished time step: 0 time: 0.0368155
LandauDampingPIF{0}> Finished time step: 1 time: 0.0490874
LandauDampingPIF{0}> Finished time step: 2 time: 0.0613592
LandauDampingPIF{0}> Finished time step: 3 time: 0.0736311
LandauDampingPIF{0}> Finished time step: 4 time: 0.0859029
LandauDampingPIF{0}> Finished time step: 5 time: 0.0981748
LandauDampingPIF{0}> Finished time step: 6 time: 0.110447
LandauDampingPIF{0}> Finished time step: 7 time: 0.122718
LandauDampingPIF{0}> Finished time step: 8 time: 0.13499
LandauDampingPIF{0}> Finished time step: 9 time: 0.147262
LandauDampingPIF{0}> Finished time step: 10 time: 0.159534
LandauDampingPIF{0}> LandauDamping: End.
Timings{0}> ---------------------------------------------
Timings{0}>      Timing results for 64 rank(s):
Timings{0}> ---------------------------------------------
Timings{0}> mainTimer........... Wall tot =    4.96451
Timings{0}> 
Timings{0}> particlesCreation... Wall max =          0
Timings{0}>                      Wall avg =          0
Timings{0}>                      Wall min =          0
Timings{0}> 
Timings{0}> dumpData............ Wall max =  0.0712473
Timings{0}>                      Wall avg =  0.0572804
Timings{0}>                      Wall min =  0.0385858
Timings{0}> 
Timings{0}> kick................ Wall max = 0.000337493
Timings{0}>                      Wall avg = 0.000254007
Timings{0}>                      Wall min = 0.000181755
Timings{0}> 
Timings{0}> drift............... Wall max = 8.5376e-05
Timings{0}>                      Wall avg = 6.53009e-05
Timings{0}>                      Wall min = 4.8704e-05
Timings{0}> 
Timings{0}> particleBC.......... Wall max = 0.000141754
Timings{0}>                      Wall avg = 0.00011857
Timings{0}>                      Wall min = 0.000104254
Timings{0}> 
Timings{0}> initializeShapeFunc. Wall max =          0
Timings{0}>                      Wall avg =          0
Timings{0}>                      Wall min =          0
Timings{0}> 
Timings{0}> findInternal........ Wall max =          0
Timings{0}>                      Wall avg =          0
Timings{0}>                      Wall min =          0
Timings{0}> 
Timings{0}> findPeriodic........ Wall max =          0
Timings{0}>                      Wall avg =          0
Timings{0}>                      Wall min =          0
Timings{0}> 
Timings{0}> NativeNUFFT::init... Wall max =          0
Timings{0}>                      Wall avg =          0
Timings{0}>                      Wall min =          0
Timings{0}> 
Timings{0}> updateParticle...... Wall max =    0.62322
Timings{0}>                      Wall avg =   0.394638
Timings{0}>                      Wall min =   0.206081
Timings{0}> 
Timings{0}> locateParticles..... Wall max =  0.0209665
Timings{0}>                      Wall avg =   0.019728
Timings{0}>                      Wall min =  0.0183614
Timings{0}> 
Timings{0}> sendPreprocess...... Wall max =  0.0054812
Timings{0}>                      Wall avg = 0.00408779
Timings{0}>                      Wall min =   0.002702
Timings{0}> 
Timings{0}> particleSend........ Wall max = 0.00967518
Timings{0}>                      Wall avg = 0.00910688
Timings{0}>                      Wall min = 0.00868916
Timings{0}> 
Timings{0}> particleRecv........ Wall max = 0.000575184
Timings{0}>                      Wall avg = 0.000385461
Timings{0}>                      Wall min = 0.000318678
Timings{0}> 
Timings{0}> particleDestroy..... Wall max =  0.0184301
Timings{0}>                      Wall avg =  0.0162783
Timings{0}>                      Wall min =  0.0152627
Timings{0}> 
Timings{0}> ScatterPIFNUFFT..... Wall max =    2.05046
Timings{0}>                      Wall avg =    1.83679
Timings{0}>                      Wall min =    1.58771
Timings{0}> 
Timings{0}> NativeNUFFT1........ Wall max =    2.02583
Timings{0}>                      Wall avg =    1.81111
Timings{0}>                      Wall min =    1.56128
Timings{0}> 
Timings{0}> scatterTimerNUFFT1.. Wall max =     1.3683
Timings{0}>                      Wall avg =    1.17207
Timings{0}>                      Wall min =   0.937938
Timings{0}> 
Timings{0}> binSort............. Wall max =  0.0956791
Timings{0}>                      Wall avg =  0.0881412
Timings{0}>                      Wall min =  0.0808189
Timings{0}> 
Timings{0}> binComputeKeys...... Wall max = 0.00913517
Timings{0}>                      Wall avg = 0.00818751
Timings{0}>                      Wall min = 0.00741721
Timings{0}> 
Timings{0}> binSortByKey........ Wall max =   0.081856
Timings{0}>                      Wall avg =  0.0753842
Timings{0}>                      Wall min =  0.0691606
Timings{0}> 
Timings{0}> binComputeOffsets... Wall max = 0.00488508
Timings{0}>                      Wall avg = 0.00450338
Timings{0}>                      Wall min = 0.00412544
Timings{0}> 
Timings{0}> FFTNUFFT1........... Wall max =   0.668139
Timings{0}>                      Wall avg =   0.635073
Timings{0}>                      Wall min =    0.59905
Timings{0}> 
Timings{0}> deconvolutionNUFFT1. Wall max = 0.00434726
Timings{0}>                      Wall avg = 0.00393579
Timings{0}>                      Wall min = 0.00342768
Timings{0}> 
Timings{0}> GatherPIFNUFFT...... Wall max =    2.69279
Timings{0}>                      Wall avg =    2.65041
Timings{0}>                      Wall min =     2.6197
Timings{0}> 
Timings{0}> NativeNUFFT2........ Wall max =    2.67782
Timings{0}>                      Wall avg =    2.63626
Timings{0}>                      Wall min =    2.60174
Timings{0}> 
Timings{0}> PrecorrectionNUFFT2. Wall max =  0.0359669
Timings{0}>                      Wall avg =  0.0342412
Timings{0}>                      Wall min =  0.0326931
Timings{0}> 
Timings{0}> FFTNUFFT2........... Wall max =    1.93954
Timings{0}>                      Wall avg =    1.89424
Timings{0}>                      Wall min =    1.84089
Timings{0}> 
Timings{0}> GatherNUFFT2........ Wall max =   0.285114
Timings{0}>                      Wall avg =   0.238651
Timings{0}>                      Wall min =    0.17147
Timings{0}> 
Timings{0}> ---------------------------------------------
Timings{0}>      Measurement counts:
Timings{0}> ---------------------------------------------
Timings{0}> mainTimer........... Count =          1
Timings{0}> particlesCreation... Count =          0
Timings{0}> dumpData............ Count =         10
Timings{0}> kick................ Count =         20
Timings{0}> drift............... Count =         10
Timings{0}> particleBC.......... Count =         10
Timings{0}> initializeShapeFunc. Count =          0
Timings{0}> findInternal........ Count =          0
Timings{0}> findPeriodic........ Count =          0
Timings{0}> NativeNUFFT::init... Count =          0
Timings{0}> updateParticle...... Count =         10
Timings{0}> locateParticles..... Count =         10
Timings{0}> sendPreprocess...... Count =         10
Timings{0}> particleSend........ Count =         10
Timings{0}> particleRecv........ Count =         10
Timings{0}> particleDestroy..... Count =         10
Timings{0}> ScatterPIFNUFFT..... Count =         20
Timings{0}> NativeNUFFT1........ Count =         10
Timings{0}> scatterTimerNUFFT1.. Count =         10
Timings{0}> binSort............. Count =         40
Timings{0}> binComputeKeys...... Count =         40
Timings{0}> binSortByKey........ Count =         40
Timings{0}> binComputeOffsets... Count =         40
Timings{0}> FFTNUFFT1........... Count =         10
Timings{0}> deconvolutionNUFFT1. Count =         10
Timings{0}> GatherPIFNUFFT...... Count =         10
Timings{0}> NativeNUFFT2........ Count =         30
Timings{0}> PrecorrectionNUFFT2. Count =         30
Timings{0}> FFTNUFFT2........... Count =         30
Timings{0}> GatherNUFFT2........ Count =         30
Timings{0}> ---------------------------------------------
Timings{0}> ---------------------------------------------
Timings{0}>      Per-occurrence statistics:
Timings{0}> ---------------------------------------------
Timings{0}> mainTimer........... n=    1  mean=   4.96451  std=         0  min=   4.96451  max=   4.96451
Timings{0}> dumpData............ n=   10  mean=0.00410374  std=0.000561985  min=0.00366313  max=0.00536677
Timings{0}> kick................ n=   20  mean=1.62796e-05  std=6.35437e-06  min= 7.871e-06  max=2.6527e-05
Timings{0}> drift............... n=   10  mean= 7.568e-06  std=1.62626e-06  min= 5.952e-06  max= 1.056e-05
Timings{0}> particleBC.......... n=   10  mean=1.22395e-05  std=1.46143e-06  min=1.0015e-05  max=1.4303e-05
Timings{0}> updateParticle...... n=   10  mean= 0.0424277  std= 0.0496916  min=0.00581085  max=  0.116736
Timings{0}> locateParticles..... n=   10  mean=0.00206857  std=9.52738e-06  min=0.00205598  max=0.00208263
Timings{0}> sendPreprocess...... n=   10  mean=0.000312504  std= 1.747e-05  min=0.000282168  max=0.000344407
Timings{0}> particleSend........ n=   10  mean=0.000932077  std=3.40248e-05  min=0.00089316  max=0.000989541
Timings{0}> particleRecv........ n=   10  mean=3.49654e-05  std=2.8059e-06  min=3.1263e-05  max= 4.083e-05
Timings{0}> particleDestroy..... n=   10  mean=0.00158076  std=6.03255e-06  min=0.00157173  max=0.00159189
Timings{0}> ScatterPIFNUFFT..... n=   20  mean= 0.0917094  std= 0.0967929  min=  7.68e-06  max=  0.236579
Timings{0}> NativeNUFFT1........ n=   10  mean=   0.18079  std= 0.0330753  min=  0.136549  max=  0.233885
Timings{0}> scatterTimerNUFFT1.. n=   10  mean=  0.114967  std= 0.0325647  min= 0.0690243  max=  0.166923
Timings{0}> binSort............. n=   40  mean=0.00239097  std=3.09054e-05  min=0.00234038  max=0.00245913
Timings{0}> binComputeKeys...... n=   40  mean=0.00022199  std=4.9583e-06  min=0.000215898  max=0.000237561
Timings{0}> binSortByKey........ n=   40  mean=0.00204589  std=2.47444e-05  min=0.00200839  max=0.00209982
Timings{0}> binComputeOffsets... n=   40  mean=0.000121987  std=8.17895e-06  min=0.000111837  max=0.000139068
Timings{0}> FFTNUFFT1........... n=   10  mean= 0.0654494  std=0.00208998  min= 0.0601221  max= 0.0677925
Timings{0}> deconvolutionNUFFT1. n=   10  mean=0.000372355  std=3.68398e-05  min=0.000344471  max=0.000436917
Timings{0}> GatherPIFNUFFT...... n=   10  mean=  0.263724  std=0.00251621  min=  0.260531  max=  0.268587
Timings{0}> NativeNUFFT2........ n=   30  mean= 0.0874222  std=0.00247679  min= 0.0818987  max= 0.0917346
Timings{0}> PrecorrectionNUFFT2. n=   30  mean=0.00119397  std=0.000246305  min=0.000841833  max= 0.0013854
Timings{0}> FFTNUFFT2........... n=   30  mean= 0.0626256  std= 0.0029368  min= 0.0546211  max=  0.067749
Timings{0}> GatherNUFFT2........ n=   30  mean=0.00697934  std=0.00184097  min=0.00543291  max= 0.0114774
Timings{0}> ---------------------------------------------
