LandauDampingPIF{0}> Landau damping
LandauDampingPIF{0}> nt 10 Np= 1073741824 Fourier modes = ( 512 , 512 , 512 )
LandauDampingPIF{0}> particles created and initial conditions assigned 
LandauDampingPIF{0}> After init shape function 
LandauDampingPIF{0}> After init NUFFT 
LandauDampingPIF{0}> After update 
[Scatter] Auto-select: OutputFocused (tp=747.1 Mpts/s) for w=5 rho=1.10 (was Atomic)
[Scatter] Cache hit: method=OutputFocused w=5 cx=1 rho=1.10 -> tile=(5,3,5) team=128 osub=1 zb=29 tp=747.1 Mpts/s (rho_csv=1.25)
LandauDampingPIF{0}> After scatter 
LandauDampingPIF{0}> After gather 
LandauDampingPIF{0}> Starting iterations ...
LandauDampingPIF{0}> Finished time step: -2 time: 0.0122718
LandauDampingPIF{0}> Finished time step: -1 time: 0.0245437
LandauDampingPIF{0}> Finished time step: 0 time: 0.0368155
LandauDampingPIF{0}> Finished time step: 1 time: 0.0490874
LandauDampingPIF{0}> Finished time step: 2 time: 0.0613592
LandauDampingPIF{0}> Finished time step: 3 time: 0.0736311
LandauDampingPIF{0}> Finished time step: 4 time: 0.0859029
LandauDampingPIF{0}> Finished time step: 5 time: 0.0981748
LandauDampingPIF{0}> Finished time step: 6 time: 0.110447
LandauDampingPIF{0}> Finished time step: 7 time: 0.122718
LandauDampingPIF{0}> Finished time step: 8 time: 0.13499
LandauDampingPIF{0}> Finished time step: 9 time: 0.147262
LandauDampingPIF{0}> Finished time step: 10 time: 0.159534
LandauDampingPIF{0}> LandauDamping: End.
Timings{0}> ---------------------------------------------
Timings{0}>      Timing results for 64 rank(s):
Timings{0}> ---------------------------------------------
Timings{0}> mainTimer........... Wall tot =     10.745
Timings{0}> 
Timings{0}> particlesCreation... Wall max =          0
Timings{0}>                      Wall avg =          0
Timings{0}>                      Wall min =          0
Timings{0}> 
Timings{0}> dumpData............ Wall max =  0.0730563
Timings{0}>                      Wall avg =  0.0616117
Timings{0}>                      Wall min =  0.0489534
Timings{0}> 
Timings{0}> kick................ Wall max =  0.0200578
Timings{0}>                      Wall avg =  0.0181511
Timings{0}>                      Wall min =  0.0164051
Timings{0}> 
Timings{0}> drift............... Wall max = 0.00986442
Timings{0}>                      Wall avg = 0.00897454
Timings{0}>                      Wall min = 0.00814999
Timings{0}> 
Timings{0}> particleBC.......... Wall max =  0.0199177
Timings{0}>                      Wall avg =  0.0181513
Timings{0}>                      Wall min =  0.0164904
Timings{0}> 
Timings{0}> initializeShapeFunc. Wall max =          0
Timings{0}>                      Wall avg =          0
Timings{0}>                      Wall min =          0
Timings{0}> 
Timings{0}> findInternal........ Wall max =          0
Timings{0}>                      Wall avg =          0
Timings{0}>                      Wall min =          0
Timings{0}> 
Timings{0}> findPeriodic........ Wall max =          0
Timings{0}>                      Wall avg =          0
Timings{0}>                      Wall min =          0
Timings{0}> 
Timings{0}> NativeNUFFT::init... Wall max =          0
Timings{0}>                      Wall avg =          0
Timings{0}>                      Wall min =          0
Timings{0}> 
Timings{0}> updateParticle...... Wall max =  0.0818486
Timings{0}>                      Wall avg =  0.0793712
Timings{0}>                      Wall min =  0.0765664
Timings{0}> 
Timings{0}> locateParticles..... Wall max = 0.00972603
Timings{0}>                      Wall avg = 0.00884742
Timings{0}>                      Wall min = 0.00822224
Timings{0}> 
Timings{0}> sendPreprocess...... Wall max =  0.0102166
Timings{0}>                      Wall avg = 0.00621081
Timings{0}>                      Wall min = 0.00181908
Timings{0}> 
Timings{0}> particleSend........ Wall max =  0.0113985
Timings{0}>                      Wall avg =  0.0111195
Timings{0}>                      Wall min =   0.010874
Timings{0}> 
Timings{0}> particleRecv........ Wall max = 0.000378304
Timings{0}>                      Wall avg = 0.000349989
Timings{0}>                      Wall min = 0.000317881
Timings{0}> 
Timings{0}> particleDestroy..... Wall max =  0.0311003
Timings{0}>                      Wall avg =  0.0274186
Timings{0}>                      Wall min =  0.0256442
Timings{0}> 
Timings{0}> ScatterPIFNUFFT..... Wall max =    2.68898
Timings{0}>                      Wall avg =    2.63153
Timings{0}>                      Wall min =    2.55714
Timings{0}> 
Timings{0}> NativeNUFFT1........ Wall max =    2.65773
Timings{0}>                      Wall avg =     2.6009
Timings{0}>                      Wall min =    2.52531
Timings{0}> 
Timings{0}> scatterTimerNUFFT1.. Wall max =   0.213534
Timings{0}>                      Wall avg =    0.20898
Timings{0}>                      Wall min =   0.201478
Timings{0}> 
Timings{0}> binSort............. Wall max =   0.205495
Timings{0}>                      Wall avg =    0.18785
Timings{0}>                      Wall min =   0.171617
Timings{0}> 
Timings{0}> binComputeKeys...... Wall max =  0.0221006
Timings{0}>                      Wall avg =  0.0201916
Timings{0}>                      Wall min =  0.0183693
Timings{0}> 
Timings{0}> binSortByKey........ Wall max =   0.176778
Timings{0}>                      Wall avg =    0.16144
Timings{0}>                      Wall min =   0.147388
Timings{0}> 
Timings{0}> binComputeOffsets... Wall max = 0.00624293
Timings{0}>                      Wall avg = 0.00582609
Timings{0}>                      Wall min =  0.0054386
Timings{0}> 
Timings{0}> FFTNUFFT1........... Wall max =    2.44531
Timings{0}>                      Wall avg =    2.38915
Timings{0}>                      Wall min =    2.31879
Timings{0}> 
Timings{0}> deconvolutionNUFFT1. Wall max = 0.00423713
Timings{0}>                      Wall avg = 0.00264815
Timings{0}>                      Wall min = 0.00239751
Timings{0}> 
Timings{0}> GatherPIFNUFFT...... Wall max =    7.97049
Timings{0}>                      Wall avg =    7.89737
Timings{0}>                      Wall min =    7.84183
Timings{0}> 
Timings{0}> NativeNUFFT2........ Wall max =    7.89029
Timings{0}>                      Wall avg =    7.81842
Timings{0}>                      Wall min =    7.76066
Timings{0}> 
Timings{0}> PrecorrectionNUFFT2. Wall max =  0.0190905
Timings{0}>                      Wall avg =  0.0143387
Timings{0}>                      Wall min =   0.013613
Timings{0}> 
Timings{0}> FFTNUFFT2........... Wall max =    7.34628
Timings{0}>                      Wall avg =    7.23076
Timings{0}>                      Wall min =    7.09363
Timings{0}> 
Timings{0}> GatherNUFFT2........ Wall max =   0.782389
Timings{0}>                      Wall avg =   0.572731
Timings{0}>                      Wall min =   0.418312
Timings{0}> 
Timings{0}> ---------------------------------------------
Timings{0}>      Measurement counts:
Timings{0}> ---------------------------------------------
Timings{0}> mainTimer........... Count =          1
Timings{0}> particlesCreation... Count =          0
Timings{0}> dumpData............ Count =         10
Timings{0}> kick................ Count =         20
Timings{0}> drift............... Count =         10
Timings{0}> particleBC.......... Count =         10
Timings{0}> initializeShapeFunc. Count =          0
Timings{0}> findInternal........ Count =          0
Timings{0}> findPeriodic........ Count =          0
Timings{0}> NativeNUFFT::init... Count =          0
Timings{0}> updateParticle...... Count =         10
Timings{0}> locateParticles..... Count =         10
Timings{0}> sendPreprocess...... Count =         10
Timings{0}> particleSend........ Count =         10
Timings{0}> particleRecv........ Count =         10
Timings{0}> particleDestroy..... Count =         10
Timings{0}> ScatterPIFNUFFT..... Count =         20
Timings{0}> NativeNUFFT1........ Count =         10
Timings{0}> scatterTimerNUFFT1.. Count =         10
Timings{0}> binSort............. Count =         40
Timings{0}> binComputeKeys...... Count =         40
Timings{0}> binSortByKey........ Count =         40
Timings{0}> binComputeOffsets... Count =         40
Timings{0}> FFTNUFFT1........... Count =         10
Timings{0}> deconvolutionNUFFT1. Count =         10
Timings{0}> GatherPIFNUFFT...... Count =         10
Timings{0}> NativeNUFFT2........ Count =         30
Timings{0}> PrecorrectionNUFFT2. Count =         30
Timings{0}> FFTNUFFT2........... Count =         30
Timings{0}> GatherNUFFT2........ Count =         30
Timings{0}> ---------------------------------------------
Timings{0}> ---------------------------------------------
Timings{0}>      Per-occurrence statistics:
Timings{0}> ---------------------------------------------
Timings{0}> mainTimer........... n=    1  mean=    10.745  std=         0  min=    10.745  max=    10.745
Timings{0}> dumpData............ n=   10  mean= 0.0051332  std=0.000339249  min=0.00454207  max=0.00576296
Timings{0}> kick................ n=   20  mean= 0.0010007  std=9.75711e-06  min=0.000978481  max=0.00101096
Timings{0}> drift............... n=   10  mean=0.000983362  std=3.27905e-06  min=0.000980421  max=0.000991801
Timings{0}> particleBC.......... n=   10  mean=0.00198966  std=3.72437e-06  min=0.00198318  max=0.00199451
Timings{0}> updateParticle...... n=   10  mean=0.00768744  std=0.000738428  min=0.00668676  max=0.00877563
Timings{0}> locateParticles..... n=   10  mean=0.000900522  std=9.32628e-06  min=0.00088782  max=0.000917621
Timings{0}> sendPreprocess...... n=   10  mean=0.000234849  std=4.11951e-05  min=0.000167372  max=0.000281753
Timings{0}> particleSend........ n=   10  mean=0.00113956  std=4.97712e-05  min=0.00107964  max=0.00121119
Timings{0}> particleRecv........ n=   10  mean=3.17881e-05  std=3.38405e-06  min=   2.8e-05  max= 3.874e-05
Timings{0}> particleDestroy..... n=   10  mean=0.00266172  std=1.07133e-05  min=0.00265087  max=0.00267795
Timings{0}> ScatterPIFNUFFT..... n=   20  mean=  0.132983  std=  0.135856  min=0.000565016  max=  0.266425
Timings{0}> NativeNUFFT1........ n=   10  mean=  0.262787  std=0.000525607  min=  0.262163  max=  0.263686
Timings{0}> scatterTimerNUFFT1.. n=   10  mean= 0.0212572  std=0.000219563  min= 0.0210302  max= 0.0216259
Timings{0}> binSort............. n=   40  mean=0.00512113  std=1.45654e-05  min=0.00509273  max=0.00516798
Timings{0}> binComputeKeys...... n=   40  mean=0.000551691  std=2.55638e-06  min=0.000547826  max=0.000559997
Timings{0}> binSortByKey........ n=   40  mean=0.00440425  std=1.15079e-05  min=0.00438325  max=0.00444906
Timings{0}> binComputeOffsets... n=   40  mean=0.000155606  std=2.76674e-06  min=0.000151612  max=0.000163741
Timings{0}> FFTNUFFT1........... n=   10  mean=  0.241098  std=0.000509203  min=  0.240671  max=  0.242193
Timings{0}> deconvolutionNUFFT1. n=   10  mean=0.000420539  std=1.45531e-06  min=0.000418554  max=0.000423324
Timings{0}> GatherPIFNUFFT...... n=   10  mean=  0.787602  std=0.00201345  min=  0.785078  max=  0.792002
Timings{0}> NativeNUFFT2........ n=   30  mean=  0.259724  std=0.00157236  min=  0.257286  max=  0.263017
Timings{0}> PrecorrectionNUFFT2. n=   30  mean=0.000631736  std=1.16777e-05  min=0.000620817  max=0.000670888
Timings{0}> FFTNUFFT2........... n=   30  mean=  0.241852  std= 0.0013298  min=  0.239187  max=  0.244925
Timings{0}> GatherNUFFT2........ n=   30  mean= 0.0172215  std=0.000967078  min= 0.0152067  max= 0.0192608
Timings{0}> ---------------------------------------------
