LandauDampingPIF{0}> Landau damping
LandauDampingPIF{0}> nt 10 Np= 1073741824 Fourier modes = ( 512 , 512 , 512 )
LandauDampingPIF{0}> particles created and initial conditions assigned 
LandauDampingPIF{0}> After init shape function 
LandauDampingPIF{0}> After init NUFFT 
LandauDampingPIF{0}> After update 
[Scatter] Auto-select: OutputFocused (tp=747.1 Mpts/s) for w=5 rho=1.10 (was Atomic)
[Scatter] Cache hit: method=OutputFocused w=5 cx=1 rho=1.10 -> tile=(5,3,5) team=128 osub=1 zb=29 tp=747.1 Mpts/s (rho_csv=1.25)
LandauDampingPIF{0}> After scatter 
LandauDampingPIF{0}> After gather 
LandauDampingPIF{0}> Starting iterations ...
LandauDampingPIF{0}> Finished time step: -2 time: 0.0122718
LandauDampingPIF{0}> Finished time step: -1 time: 0.0245437
LandauDampingPIF{0}> Finished time step: 0 time: 0.0368155
LandauDampingPIF{0}> Finished time step: 1 time: 0.0490874
LandauDampingPIF{0}> Finished time step: 2 time: 0.0613592
LandauDampingPIF{0}> Finished time step: 3 time: 0.0736311
LandauDampingPIF{0}> Finished time step: 4 time: 0.0859029
LandauDampingPIF{0}> Finished time step: 5 time: 0.0981748
LandauDampingPIF{0}> Finished time step: 6 time: 0.110447
LandauDampingPIF{0}> Finished time step: 7 time: 0.122718
LandauDampingPIF{0}> Finished time step: 8 time: 0.13499
LandauDampingPIF{0}> Finished time step: 9 time: 0.147262
LandauDampingPIF{0}> Finished time step: 10 time: 0.159534
LandauDampingPIF{0}> LandauDamping: End.
Timings{0}> ---------------------------------------------
Timings{0}>      Timing results for 64 rank(s):
Timings{0}> ---------------------------------------------
Timings{0}> mainTimer........... Wall tot =     17.638
Timings{0}> 
Timings{0}> particlesCreation... Wall max =          0
Timings{0}>                      Wall avg =          0
Timings{0}>                      Wall min =          0
Timings{0}> 
Timings{0}> dumpData............ Wall max =  0.0444235
Timings{0}>                      Wall avg =  0.0392437
Timings{0}>                      Wall min =  0.0329913
Timings{0}> 
Timings{0}> kick................ Wall max =  0.0196892
Timings{0}>                      Wall avg =  0.0178181
Timings{0}>                      Wall min =  0.0161549
Timings{0}> 
Timings{0}> drift............... Wall max = 0.00973916
Timings{0}>                      Wall avg =  0.0088572
Timings{0}>                      Wall min = 0.00802858
Timings{0}> 
Timings{0}> initializeShapeFunc. Wall max =          0
Timings{0}>                      Wall avg =          0
Timings{0}>                      Wall min =          0
Timings{0}> 
Timings{0}> findInternal........ Wall max =          0
Timings{0}>                      Wall avg =          0
Timings{0}>                      Wall min =          0
Timings{0}> 
Timings{0}> findPeriodic........ Wall max =          0
Timings{0}>                      Wall avg =          0
Timings{0}>                      Wall min =          0
Timings{0}> 
Timings{0}> NativeNUFFT::init... Wall max =          0
Timings{0}>                      Wall avg =          0
Timings{0}>                      Wall min =          0
Timings{0}> 
Timings{0}> particleBC.......... Wall max =  0.0198673
Timings{0}>                      Wall avg =  0.0181012
Timings{0}>                      Wall min =  0.0164361
Timings{0}> 
Timings{0}> updateParticle...... Wall max =  0.0918599
Timings{0}>                      Wall avg =  0.0886092
Timings{0}>                      Wall min =  0.0834431
Timings{0}> 
Timings{0}> locateParticles..... Wall max =  0.0110194
Timings{0}>                      Wall avg = 0.00998951
Timings{0}>                      Wall min = 0.00946798
Timings{0}> 
Timings{0}> sendPreprocess...... Wall max =  0.0105491
Timings{0}>                      Wall avg = 0.00674642
Timings{0}>                      Wall min = 0.00221245
Timings{0}> 
Timings{0}> particleSend........ Wall max =  0.0125106
Timings{0}>                      Wall avg =   0.012232
Timings{0}>                      Wall min =  0.0118668
Timings{0}> 
Timings{0}> particleRecv........ Wall max = 0.000415574
Timings{0}>                      Wall avg = 0.000381854
Timings{0}>                      Wall min = 0.000355572
Timings{0}> 
Timings{0}> particleDestroy..... Wall max =  0.0363617
Timings{0}>                      Wall avg =  0.0326426
Timings{0}>                      Wall min =  0.0306693
Timings{0}> 
Timings{0}> ScatterPIFNUFFT..... Wall max =    4.39805
Timings{0}>                      Wall avg =    4.38801
Timings{0}>                      Wall min =    4.37001
Timings{0}> 
Timings{0}> NativeNUFFT1........ Wall max =    4.38016
Timings{0}>                      Wall avg =       4.37
Timings{0}>                      Wall min =    4.35051
Timings{0}> 
Timings{0}> scatterTimerNUFFT1.. Wall max =   0.249876
Timings{0}>                      Wall avg =   0.242983
Timings{0}>                      Wall min =   0.236283
Timings{0}> 
Timings{0}> binSort............. Wall max =   0.207784
Timings{0}>                      Wall avg =   0.190927
Timings{0}>                      Wall min =   0.175521
Timings{0}> 
Timings{0}> binComputeKeys...... Wall max =  0.0219713
Timings{0}>                      Wall avg =  0.0200549
Timings{0}>                      Wall min =  0.0182479
Timings{0}> 
Timings{0}> binSortByKey........ Wall max =   0.178599
Timings{0}>                      Wall avg =   0.163963
Timings{0}>                      Wall min =   0.150635
Timings{0}> 
Timings{0}> binComputeOffsets... Wall max = 0.00689202
Timings{0}>                      Wall avg =  0.0064872
Timings{0}>                      Wall min = 0.00613919
Timings{0}> 
Timings{0}> FFTNUFFT1........... Wall max =    4.13852
Timings{0}>                      Wall avg =    4.12607
Timings{0}>                      Wall min =    4.10353
Timings{0}> 
Timings{0}> TwiddleAdd.......... Wall max = 0.00758008
Timings{0}>                      Wall avg = 0.00744247
Timings{0}>                      Wall min = 0.00727672
Timings{0}> 
Timings{0}> subFFTs............. Wall max =    4.13051
Timings{0}>                      Wall avg =    4.11807
Timings{0}>                      Wall min =    4.09561
Timings{0}> 
Timings{0}> deconvolutionNUFFT1. Wall max = 0.000855505
Timings{0}>                      Wall avg = 0.000825308
Timings{0}>                      Wall min = 0.000791829
Timings{0}> 
Timings{0}> GatherPIFNUFFT...... Wall max =    13.0807
Timings{0}>                      Wall avg =    13.0639
Timings{0}>                      Wall min =     13.053
Timings{0}> 
Timings{0}> NativeNUFFT2........ Wall max =    13.0177
Timings{0}>                      Wall avg =    13.0012
Timings{0}>                      Wall min =    12.9887
Timings{0}> 
Timings{0}> PrecorrectionNUFFT2. Wall max = 0.00244716
Timings{0}>                      Wall avg = 0.00240795
Timings{0}>                      Wall min = 0.00234756
Timings{0}> 
Timings{0}> FFTNUFFT2........... Wall max =    12.4986
Timings{0}>                      Wall avg =    12.4648
Timings{0}>                      Wall min =    12.4276
Timings{0}> 
Timings{0}> subIFFTs............ Wall max =    12.4599
Timings{0}>                      Wall avg =    12.4261
Timings{0}>                      Wall min =    12.3889
Timings{0}> 
Timings{0}> StridedWrite........ Wall max =  0.0322272
Timings{0}>                      Wall avg =  0.0321082
Timings{0}>                      Wall min =  0.0320215
Timings{0}> 
Timings{0}> GatherNUFFT2........ Wall max =   0.560422
Timings{0}>                      Wall avg =   0.533407
Timings{0}>                      Wall min =   0.496544
Timings{0}> 
Timings{0}> ---------------------------------------------
Timings{0}>      Measurement counts:
Timings{0}> ---------------------------------------------
Timings{0}> mainTimer........... Count =          1
Timings{0}> particlesCreation... Count =          0
Timings{0}> dumpData............ Count =         10
Timings{0}> kick................ Count =         20
Timings{0}> drift............... Count =         10
Timings{0}> initializeShapeFunc. Count =          0
Timings{0}> findInternal........ Count =          0
Timings{0}> findPeriodic........ Count =          0
Timings{0}> NativeNUFFT::init... Count =          0
Timings{0}> particleBC.......... Count =         10
Timings{0}> updateParticle...... Count =         10
Timings{0}> locateParticles..... Count =         10
Timings{0}> sendPreprocess...... Count =         10
Timings{0}> particleSend........ Count =         10
Timings{0}> particleRecv........ Count =         10
Timings{0}> particleDestroy..... Count =         10
Timings{0}> ScatterPIFNUFFT..... Count =         20
Timings{0}> NativeNUFFT1........ Count =         10
Timings{0}> scatterTimerNUFFT1.. Count =         10
Timings{0}> binSort............. Count =         40
Timings{0}> binComputeKeys...... Count =         40
Timings{0}> binSortByKey........ Count =         40
Timings{0}> binComputeOffsets... Count =         40
Timings{0}> FFTNUFFT1........... Count =         10
Timings{0}> TwiddleAdd.......... Count =         20
Timings{0}> subFFTs............. Count =         20
Timings{0}> deconvolutionNUFFT1. Count =         10
Timings{0}> GatherPIFNUFFT...... Count =         10
Timings{0}> NativeNUFFT2........ Count =         30
Timings{0}> PrecorrectionNUFFT2. Count =         30
Timings{0}> FFTNUFFT2........... Count =         30
Timings{0}> subIFFTs............ Count =         60
Timings{0}> StridedWrite........ Count =         60
Timings{0}> GatherNUFFT2........ Count =         30
Timings{0}> ---------------------------------------------
Timings{0}> ---------------------------------------------
Timings{0}>      Per-occurrence statistics:
Timings{0}> ---------------------------------------------
Timings{0}> mainTimer........... n=    1  mean=    17.638  std=         0  min=    17.638  max=    17.638
Timings{0}> dumpData............ n=   10  mean=0.00329913  std=0.00051732  min=0.00255294  max=0.00394706
Timings{0}> kick................ n=   20  mean=0.000979436  std=2.36695e-05  min=0.000955431  max=0.00104297
Timings{0}> drift............... n=   10  mean=0.000970757  std=3.90715e-06  min=0.000965721  max=0.000977292
Timings{0}> particleBC.......... n=   10  mean=0.00198487  std=3.37073e-06  min=0.00198178  max=0.00199098
Timings{0}> updateParticle...... n=   10  mean=0.00857178  std=0.000659832  min=0.00775523  max=0.00953607
Timings{0}> locateParticles..... n=   10  mean=0.00101208  std=4.92966e-05  min=0.00094438  max=0.00108296
Timings{0}> sendPreprocess...... n=   10  mean=0.000305228  std=3.2443e-05  min=0.000273833  max=0.000353395
Timings{0}> particleSend........ n=   10  mean=0.00124638  std=6.64288e-05  min=0.00115877  max=0.00137188
Timings{0}> particleRecv........ n=   10  mean=3.69924e-05  std=3.4588e-06  min= 3.085e-05  max= 4.453e-05
Timings{0}> particleDestroy..... n=   10  mean=0.00315706  std=0.000149089  min=0.00296589  max=0.00332558
Timings{0}> ScatterPIFNUFFT..... n=   20  mean=  0.219459  std=  0.225078  min=9.1221e-05  max=  0.444902
Timings{0}> NativeNUFFT1........ n=   10  mean=  0.437009  std=0.00397349  min=  0.430182  max=  0.443246
Timings{0}> scatterTimerNUFFT1.. n=   10  mean= 0.0247703  std=0.000610296  min= 0.0236921  max= 0.0256169
Timings{0}> binSort............. n=   40  mean=0.00519461  std=3.4876e-05  min=0.00514627  max=0.00527855
Timings{0}> binComputeKeys...... n=   40  mean=0.000547165  std=2.68359e-06  min=0.000544417  max=0.000560206
Timings{0}> binSortByKey........ n=   40  mean=0.00446499  std=2.8796e-05  min=0.00442197  max=0.00451997
Timings{0}> binComputeOffsets... n=   40  mean= 0.0001723  std=6.42174e-06  min=0.000162692  max=0.000194282
Timings{0}> FFTNUFFT1........... n=   10  mean=  0.412104  std=0.00392974  min=  0.405793  max=  0.417818
Timings{0}> TwiddleAdd.......... n=   20  mean=0.000372748  std=1.40854e-05  min=0.000355744  max=0.000399185
Timings{0}> subFFTs............. n=   20  mean=  0.205652  std= 0.0050395  min=  0.198482  max=  0.215494
Timings{0}> deconvolutionNUFFT1. n=   10  mean=8.28227e-05  std=7.94069e-06  min=7.5571e-05  max=9.8081e-05
Timings{0}> GatherPIFNUFFT...... n=   10  mean=   1.30684  std=0.00715192  min=   1.29435  max=   1.31561
Timings{0}> NativeNUFFT2........ n=   30  mean=  0.433346  std=0.00405653  min=  0.426214  max=   0.44305
Timings{0}> PrecorrectionNUFFT2. n=   30  mean=8.06773e-05  std=1.26212e-06  min=7.8901e-05  max=8.4251e-05
Timings{0}> FFTNUFFT2........... n=   30  mean=   0.41476  std=0.00417323  min=  0.407803  max=  0.424871
Timings{0}> subIFFTs............ n=   60  mean=  0.206736  std=0.00318555  min=  0.200529  max=  0.214125
Timings{0}> StridedWrite........ n=   60  mean=0.000534214  std=3.21187e-06  min=0.000529196  max=0.000546537
Timings{0}> GatherNUFFT2........ n=   30  mean= 0.0184873  std=0.00150119  min= 0.0148573  max= 0.0221147
Timings{0}> ---------------------------------------------
