
================================================================================
NUFFT Scaling Benchmark
================================================================================
Number of ranks: 512
Grid size:       1024^3
Particles:       8589934592 (8 per point)
Tolerance:       0.0001
CSV output:      results/nufft_scaling_512_pruned.csv
Component CSV:   results/nufft_components_512_pruned.csv

=== Benchmarking NUFFT Type 1 ===
Grid size:       1024^3
Total particles: 8589934592
Local particles: 16777216
Spread method:   output_focused
Tolerance:       0.0001
Warmup runs:     3
Benchmark runs:  10
Running warmup...
Running benchmark...

NUFFT Type 1 Results:
  Ranks:       512
  Grid:        1024^3
  Particles:   8589934592
  Mean time:   730.281 ms
  Min time:    719.418 ms
  Max time:    747.698 ms
  Stddev:      9.255 ms
  Throughput:  11762.51 Mpts/s

=== Benchmarking NUFFT Type 2 ===
Grid size:       1024^3
Total particles: 8589934592
Local particles: 16777216
Gather method:   atomic_sort
Tolerance:       0.00
Warmup runs:     3
Benchmark runs:  10
Running warmup...
Running benchmark...

NUFFT Type 2 Results:
  Ranks:       512
  Grid:        1024^3
  Particles:   8589934592
  Mean time:   273.356 ms
  Min time:    261.903 ms
  Max time:    300.813 ms
  Stddev:      10.806 ms
  Throughput:  31423.93 Mpts/s
[CSV] Timings written to results/nufft_scaling_512_pruned.csv

==================================================
COMPONENT TIMING BREAKDOWN
==================================================

Type-1 (spreading):
----------------------------------------
Scatter (spreading)          507.52 ms
FFT (forward)                216.73 ms
Deconvolution                  0.10 ms

Type-2 (interpolation):
----------------------------------------
Precorrection                  0.08 ms
FFT (backward)               234.12 ms
Gather (interpolation)        48.53 ms

Total:
----------------------------------------
Complete Type-1              724.36 ms
Complete Type-2              282.75 ms
[CSV] Component timings written to results/nufft_components_512_pruned.csv

================================================================================
SUMMARY
================================================================================
Type 1: 730.281 ms (11762.51 Mpts/s)
Type 2: 273.36 ms (31423.93 Mpts/s)
================================================================================
