LandauDampingPIF{0}> Landau damping
LandauDampingPIF{0}> nt 10 Np= 8589934592 Fourier modes = ( 1024 , 1024 , 1024 )
LandauDampingPIF{0}> particles created and initial conditions assigned 
LandauDampingPIF{0}> After init shape function 
LandauDampingPIF{0}> After init NUFFT 
LandauDampingPIF{0}> After update 
[Scatter] Auto-select: OutputFocused (tp=196.1 Mpts/s) for w=9 rho=1.15 (was Atomic)
[Scatter] Cache hit: method=OutputFocused w=9 cx=1 rho=1.15 -> tile=(2,3,3) team=256 osub=1 zb=26 tp=196.1 Mpts/s (rho_csv=1.25)
LandauDampingPIF{0}> After scatter 
LandauDampingPIF{0}> After gather 
LandauDampingPIF{0}> Starting iterations ...
LandauDampingPIF{0}> Finished time step: -2 time: 0.0122718
LandauDampingPIF{0}> Finished time step: -1 time: 0.0245437
LandauDampingPIF{0}> Finished time step: 0 time: 0.0368155
LandauDampingPIF{0}> Finished time step: 1 time: 0.0490874
LandauDampingPIF{0}> Finished time step: 2 time: 0.0613592
LandauDampingPIF{0}> Finished time step: 3 time: 0.0736311
LandauDampingPIF{0}> Finished time step: 4 time: 0.0859029
LandauDampingPIF{0}> Finished time step: 5 time: 0.0981748
LandauDampingPIF{0}> Finished time step: 6 time: 0.110447
LandauDampingPIF{0}> Finished time step: 7 time: 0.122718
LandauDampingPIF{0}> Finished time step: 8 time: 0.13499
LandauDampingPIF{0}> Finished time step: 9 time: 0.147262
LandauDampingPIF{0}> Finished time step: 10 time: 0.159534
LandauDampingPIF{0}> LandauDamping: End.
Timings{0}> ---------------------------------------------
Timings{0}>      Timing results for 1024 rank(s):
Timings{0}> ---------------------------------------------
Timings{0}> mainTimer........... Wall tot =    20.0967
Timings{0}> 
Timings{0}> particlesCreation... Wall max =          0
Timings{0}>                      Wall avg =          0
Timings{0}>                      Wall min =          0
Timings{0}> 
Timings{0}> dumpData............ Wall max =   0.144122
Timings{0}>                      Wall avg =   0.107516
Timings{0}>                      Wall min =  0.0496744
Timings{0}> 
Timings{0}> kick................ Wall max =  0.0131288
Timings{0}>                      Wall avg = 0.00901568
Timings{0}>                      Wall min = 0.00785831
Timings{0}> 
Timings{0}> drift............... Wall max = 0.00513051
Timings{0}>                      Wall avg = 0.00450193
Timings{0}>                      Wall min = 0.00392504
Timings{0}> 
Timings{0}> initializeShapeFunc. Wall max =          0
Timings{0}>                      Wall avg =          0
Timings{0}>                      Wall min =          0
Timings{0}> 
Timings{0}> findInternal........ Wall max =          0
Timings{0}>                      Wall avg =          0
Timings{0}>                      Wall min =          0
Timings{0}> 
Timings{0}> findPeriodic........ Wall max =          0
Timings{0}>                      Wall avg =          0
Timings{0}>                      Wall min =          0
Timings{0}> 
Timings{0}> NativeNUFFT::init... Wall max =          0
Timings{0}>                      Wall avg =          0
Timings{0}>                      Wall min =          0
Timings{0}> 
Timings{0}> particleBC.......... Wall max =  0.0104609
Timings{0}>                      Wall avg = 0.00916507
Timings{0}>                      Wall min = 0.00798132
Timings{0}> 
Timings{0}> updateParticle...... Wall max =   0.153577
Timings{0}>                      Wall avg =    0.11649
Timings{0}>                      Wall min =  0.0962482
Timings{0}> 
Timings{0}> locateParticles..... Wall max =  0.0114402
Timings{0}>                      Wall avg = 0.00960332
Timings{0}>                      Wall min =  0.0086139
Timings{0}> 
Timings{0}> sendPreprocess...... Wall max =  0.0188996
Timings{0}>                      Wall avg =  0.0155621
Timings{0}>                      Wall min =  0.0111856
Timings{0}> 
Timings{0}> particleSend........ Wall max =  0.0391611
Timings{0}>                      Wall avg =  0.0187538
Timings{0}>                      Wall min =  0.0155642
Timings{0}> 
Timings{0}> particleRecv........ Wall max = 0.00848563
Timings{0}>                      Wall avg = 0.00268647
Timings{0}>                      Wall min = 0.00168187
Timings{0}> 
Timings{0}> particleDestroy..... Wall max =  0.0345962
Timings{0}>                      Wall avg =  0.0284346
Timings{0}>                      Wall min =  0.0258257
Timings{0}> 
Timings{0}> ScatterPIFNUFFT..... Wall max =    5.17758
Timings{0}>                      Wall avg =    5.11986
Timings{0}>                      Wall min =    5.07041
Timings{0}> 
Timings{0}> NativeNUFFT1........ Wall max =    5.16733
Timings{0}>                      Wall avg =    5.10934
Timings{0}>                      Wall min =    5.05949
Timings{0}> 
Timings{0}> scatterTimerNUFFT1.. Wall max =   0.563038
Timings{0}>                      Wall avg =   0.529891
Timings{0}>                      Wall min =   0.475337
Timings{0}> 
Timings{0}> binSort............. Wall max =    0.11463
Timings{0}>                      Wall avg =   0.101733
Timings{0}>                      Wall min =   0.089973
Timings{0}> 
Timings{0}> binComputeKeys...... Wall max =  0.0118893
Timings{0}>                      Wall avg =  0.0104493
Timings{0}>                      Wall min = 0.00914937
Timings{0}> 
Timings{0}> binSortByKey........ Wall max =  0.0979455
Timings{0}>                      Wall avg =  0.0867673
Timings{0}>                      Wall min =  0.0766104
Timings{0}> 
Timings{0}> binComputeOffsets... Wall max =  0.0045201
Timings{0}>                      Wall avg = 0.00409266
Timings{0}>                      Wall min = 0.00377534
Timings{0}> 
Timings{0}> FFTNUFFT1........... Wall max =    4.66776
Timings{0}>                      Wall avg =    4.57894
Timings{0}>                      Wall min =    4.50525
Timings{0}> 
Timings{0}> TwiddleAdd.......... Wall max = 0.00420538
Timings{0}>                      Wall avg = 0.00403361
Timings{0}>                      Wall min = 0.00377422
Timings{0}> 
Timings{0}> subFFTs............. Wall max =    4.66328
Timings{0}>                      Wall avg =    4.57447
Timings{0}>                      Wall min =    4.50077
Timings{0}> 
Timings{0}> deconvolutionNUFFT1. Wall max = 0.000459769
Timings{0}>                      Wall avg = 0.000393127
Timings{0}>                      Wall min = 0.000356781
Timings{0}> 
Timings{0}> GatherPIFNUFFT...... Wall max =    14.7835
Timings{0}>                      Wall avg =    14.7186
Timings{0}>                      Wall min =    14.6555
Timings{0}> 
Timings{0}> NativeNUFFT2........ Wall max =    14.7455
Timings{0}>                      Wall avg =    14.6852
Timings{0}>                      Wall min =    14.6247
Timings{0}> 
Timings{0}> PrecorrectionNUFFT2. Wall max = 0.00171476
Timings{0}>                      Wall avg = 0.00154413
Timings{0}>                      Wall min =  0.0014745
Timings{0}> 
Timings{0}> FFTNUFFT2........... Wall max =    13.8394
Timings{0}>                      Wall avg =    13.7357
Timings{0}>                      Wall min =    13.5969
Timings{0}> 
Timings{0}> subIFFTs............ Wall max =    13.8185
Timings{0}>                      Wall avg =    13.7148
Timings{0}>                      Wall min =     13.576
Timings{0}> 
Timings{0}> StridedWrite........ Wall max =  0.0176062
Timings{0}>                      Wall avg =  0.0168834
Timings{0}>                      Wall min =  0.0166709
Timings{0}> 
Timings{0}> GatherNUFFT2........ Wall max =    1.10514
Timings{0}>                      Wall avg =    0.94736
Timings{0}>                      Wall min =   0.844272
Timings{0}> 
Timings{0}> ---------------------------------------------
Timings{0}>      Measurement counts:
Timings{0}> ---------------------------------------------
Timings{0}> mainTimer........... Count =          1
Timings{0}> particlesCreation... Count =          0
Timings{0}> dumpData............ Count =         10
Timings{0}> kick................ Count =         20
Timings{0}> drift............... Count =         10
Timings{0}> initializeShapeFunc. Count =          0
Timings{0}> findInternal........ Count =          0
Timings{0}> findPeriodic........ Count =          0
Timings{0}> NativeNUFFT::init... Count =          0
Timings{0}> particleBC.......... Count =         10
Timings{0}> updateParticle...... Count =         10
Timings{0}> locateParticles..... Count =         10
Timings{0}> sendPreprocess...... Count =         10
Timings{0}> particleSend........ Count =         10
Timings{0}> particleRecv........ Count =         10
Timings{0}> particleDestroy..... Count =         10
Timings{0}> ScatterPIFNUFFT..... Count =         20
Timings{0}> NativeNUFFT1........ Count =         10
Timings{0}> scatterTimerNUFFT1.. Count =         10
Timings{0}> binSort............. Count =         40
Timings{0}> binComputeKeys...... Count =         40
Timings{0}> binSortByKey........ Count =         40
Timings{0}> binComputeOffsets... Count =         40
Timings{0}> FFTNUFFT1........... Count =         10
Timings{0}> TwiddleAdd.......... Count =         20
Timings{0}> subFFTs............. Count =         20
Timings{0}> deconvolutionNUFFT1. Count =         10
Timings{0}> GatherPIFNUFFT...... Count =         10
Timings{0}> NativeNUFFT2........ Count =         30
Timings{0}> PrecorrectionNUFFT2. Count =         30
Timings{0}> FFTNUFFT2........... Count =         30
Timings{0}> subIFFTs............ Count =         60
Timings{0}> StridedWrite........ Count =         60
Timings{0}> GatherNUFFT2........ Count =         30
Timings{0}> ---------------------------------------------
Timings{0}> ---------------------------------------------
Timings{0}>      Per-occurrence statistics:
Timings{0}> ---------------------------------------------
Timings{0}> mainTimer........... n=    1  mean=   20.0966  std=         0  min=   20.0966  max=   20.0966
Timings{0}> dumpData............ n=   10  mean=0.00614414  std=0.00377182  min=0.00272688  max= 0.0142585
Timings{0}> kick................ n=   20  mean=0.000514164  std=1.21175e-05  min=0.000501074  max=0.000527744
Timings{0}> drift............... n=   10  mean=0.000513021  std=3.78239e-07  min=0.000512554  max=0.000513723
Timings{0}> particleBC.......... n=   10  mean=0.00104494  std=1.25702e-06  min=0.00104336  max=0.00104717
Timings{0}> updateParticle...... n=   10  mean= 0.0137487  std=  0.001203  min=    0.0112  max= 0.0151998
Timings{0}> locateParticles..... n=   10  mean=0.000965847  std=1.00072e-05  min=0.000950977  max=0.000980757
Timings{0}> sendPreprocess...... n=   10  mean=0.00129126  std=0.000255965  min=0.000870047  max=0.00156974
Timings{0}> particleSend........ n=   10  mean=0.00249473  std=0.00110082  min= 0.0016011  max=0.00458424
Timings{0}> particleRecv........ n=   10  mean=0.000261885  std=0.000160107  min=0.000180861  max=0.000573524
Timings{0}> particleDestroy..... n=   10  mean=0.00288088  std=6.47428e-06  min= 0.0028703  max=0.00288773
Timings{0}> ScatterPIFNUFFT..... n=   20  mean=  0.253994  std=  0.260597  min= 4.352e-05  max=  0.521027
Timings{0}> NativeNUFFT1........ n=   10  mean=  0.506878  std=0.00756211  min=    0.4939  max=  0.519988
Timings{0}> scatterTimerNUFFT1.. n=   10  mean= 0.0563038  std=0.00230714  min= 0.0536069  max= 0.0615377
Timings{0}> binSort............. n=   40  mean=0.00286574  std=3.36544e-05  min=0.00280952  max=0.00290882
Timings{0}> binComputeKeys...... n=   40  mean=0.000296296  std=1.95633e-06  min=0.000293742  max=0.000303472
Timings{0}> binSortByKey........ n=   40  mean=0.00244864  std=2.95176e-05  min=0.00239965  max=0.00248948
Timings{0}> binComputeOffsets... n=   40  mean=0.000110499  std=5.0015e-06  min= 0.0001025  max=0.000120371
Timings{0}> FFTNUFFT1........... n=   10  mean=  0.450525  std=0.00748824  min=  0.438297  max=  0.461947
Timings{0}> TwiddleAdd.......... n=   20  mean=0.000202298  std=1.2453e-05  min=0.000185922  max=0.000228342
Timings{0}> subFFTs............. n=   20  mean=  0.225039  std= 0.0114496  min=  0.207861  max=  0.246574
Timings{0}> deconvolutionNUFFT1. n=   10  mean=3.77363e-05  std=2.27246e-06  min= 3.556e-05  max= 4.084e-05
Timings{0}> GatherPIFNUFFT...... n=   10  mean=   1.47811  std= 0.0148878  min=   1.46315  max=   1.50053
Timings{0}> NativeNUFFT2........ n=   30  mean=  0.491453  std= 0.0106775  min=  0.471829  max=  0.511432
Timings{0}> PrecorrectionNUFFT2. n=   30  mean=5.11634e-05  std=1.40139e-06  min= 4.876e-05  max= 5.427e-05
Timings{0}> FFTNUFFT2........... n=   30  mean=  0.454668  std= 0.0112628  min=  0.435787  max=  0.483378
Timings{0}> subIFFTs............ n=   60  mean=  0.226987  std=0.00844143  min=  0.205968  max=  0.246348
Timings{0}> StridedWrite........ n=   60  mean=0.000280523  std=1.96663e-06  min=0.000277392  max=0.000285122
Timings{0}> GatherNUFFT2........ n=   30  mean= 0.0367145  std=0.00612759  min= 0.0245258  max= 0.0498276
Timings{0}> ---------------------------------------------
