LandauDampingPIF{0}> Landau damping
LandauDampingPIF{0}> nt 10 Np= 8589934592 Fourier modes = ( 1024 , 1024 , 1024 )
LandauDampingPIF{0}> particles created and initial conditions assigned 
LandauDampingPIF{0}> After init shape function 
LandauDampingPIF{0}> After init NUFFT 
LandauDampingPIF{0}> After update 
[Scatter] Auto-select: OutputFocused (tp=196.1 Mpts/s) for w=9 rho=1.15 (was Atomic)
[Scatter] Cache hit: method=OutputFocused w=9 cx=1 rho=1.15 -> tile=(2,3,3) team=256 osub=1 zb=26 tp=196.1 Mpts/s (rho_csv=1.25)
LandauDampingPIF{0}> After scatter 
LandauDampingPIF{0}> After gather 
LandauDampingPIF{0}> Starting iterations ...
LandauDampingPIF{0}> Finished time step: -2 time: 0.0122718
LandauDampingPIF{0}> Finished time step: -1 time: 0.0245437
LandauDampingPIF{0}> Finished time step: 0 time: 0.0368155
LandauDampingPIF{0}> Finished time step: 1 time: 0.0490874
LandauDampingPIF{0}> Finished time step: 2 time: 0.0613592
LandauDampingPIF{0}> Finished time step: 3 time: 0.0736311
LandauDampingPIF{0}> Finished time step: 4 time: 0.0859029
LandauDampingPIF{0}> Finished time step: 5 time: 0.0981748
LandauDampingPIF{0}> Finished time step: 6 time: 0.110447
LandauDampingPIF{0}> Finished time step: 7 time: 0.122718
LandauDampingPIF{0}> Finished time step: 8 time: 0.13499
LandauDampingPIF{0}> Finished time step: 9 time: 0.147262
LandauDampingPIF{0}> Finished time step: 10 time: 0.159534
LandauDampingPIF{0}> LandauDamping: End.
Timings{0}> ---------------------------------------------
Timings{0}>      Timing results for 1024 rank(s):
Timings{0}> ---------------------------------------------
Timings{0}> mainTimer........... Wall tot =    6.90426
Timings{0}> 
Timings{0}> particlesCreation... Wall max =          0
Timings{0}>                      Wall avg =          0
Timings{0}>                      Wall min =          0
Timings{0}> 
Timings{0}> dumpData............ Wall max =   0.160571
Timings{0}>                      Wall avg =   0.128451
Timings{0}>                      Wall min =  0.0935984
Timings{0}> 
Timings{0}> kick................ Wall max =  0.0160968
Timings{0}>                      Wall avg = 0.00914335
Timings{0}>                      Wall min = 0.00793791
Timings{0}> 
Timings{0}> drift............... Wall max = 0.00753747
Timings{0}>                      Wall avg =  0.0045745
Timings{0}>                      Wall min = 0.00399206
Timings{0}> 
Timings{0}> particleBC.......... Wall max =  0.0114604
Timings{0}>                      Wall avg = 0.00919081
Timings{0}>                      Wall min =  0.0080047
Timings{0}> 
Timings{0}> initializeShapeFunc. Wall max =          0
Timings{0}>                      Wall avg =          0
Timings{0}>                      Wall min =          0
Timings{0}> 
Timings{0}> findInternal........ Wall max =          0
Timings{0}>                      Wall avg =          0
Timings{0}>                      Wall min =          0
Timings{0}> 
Timings{0}> findPeriodic........ Wall max =          0
Timings{0}>                      Wall avg =          0
Timings{0}>                      Wall min =          0
Timings{0}> 
Timings{0}> NativeNUFFT::init... Wall max =          0
Timings{0}>                      Wall avg =          0
Timings{0}>                      Wall min =          0
Timings{0}> 
Timings{0}> updateParticle...... Wall max =   0.171158
Timings{0}>                      Wall avg =   0.137599
Timings{0}>                      Wall min =   0.112889
Timings{0}> 
Timings{0}> locateParticles..... Wall max =  0.0150687
Timings{0}>                      Wall avg = 0.00789788
Timings{0}>                      Wall min = 0.00712079
Timings{0}> 
Timings{0}> sendPreprocess...... Wall max =  0.0534751
Timings{0}>                      Wall avg =   0.044835
Timings{0}>                      Wall min =  0.0319844
Timings{0}> 
Timings{0}> particleSend........ Wall max =  0.0393295
Timings{0}>                      Wall avg =  0.0173014
Timings{0}>                      Wall min =  0.0141192
Timings{0}> 
Timings{0}> particleRecv........ Wall max =  0.0112764
Timings{0}>                      Wall avg = 0.00283264
Timings{0}>                      Wall min = 0.00168172
Timings{0}> 
Timings{0}> particleDestroy..... Wall max =  0.0309728
Timings{0}>                      Wall avg =  0.0228082
Timings{0}>                      Wall min =  0.0206894
Timings{0}> 
Timings{0}> ScatterPIFNUFFT..... Wall max =     1.8449
Timings{0}>                      Wall avg =    1.80937
Timings{0}>                      Wall min =    1.76108
Timings{0}> 
Timings{0}> NativeNUFFT1........ Wall max =     1.8294
Timings{0}>                      Wall avg =    1.79304
Timings{0}>                      Wall min =     1.7461
Timings{0}> 
Timings{0}> scatterTimerNUFFT1.. Wall max =   0.493328
Timings{0}>                      Wall avg =   0.439348
Timings{0}>                      Wall min =   0.396438
Timings{0}> 
Timings{0}> binSort............. Wall max =   0.116426
Timings{0}>                      Wall avg =   0.099578
Timings{0}>                      Wall min =  0.0876872
Timings{0}> 
Timings{0}> binComputeKeys...... Wall max =  0.0120002
Timings{0}>                      Wall avg =  0.0105354
Timings{0}>                      Wall min = 0.00921763
Timings{0}> 
Timings{0}> binSortByKey........ Wall max =   0.100328
Timings{0}>                      Wall avg =  0.0847731
Timings{0}>                      Wall min =  0.0744606
Timings{0}> 
Timings{0}> binComputeOffsets... Wall max = 0.00421286
Timings{0}>                      Wall avg = 0.00386443
Timings{0}>                      Wall min = 0.00356355
Timings{0}> 
Timings{0}> FFTNUFFT1........... Wall max =    1.40812
Timings{0}>                      Wall avg =      1.352
Timings{0}>                      Wall min =    1.28416
Timings{0}> 
Timings{0}> deconvolutionNUFFT1. Wall max =  0.0085563
Timings{0}>                      Wall avg = 0.00156386
Timings{0}>                      Wall min =  0.0013968
Timings{0}> 
Timings{0}> GatherPIFNUFFT...... Wall max =    4.82461
Timings{0}>                      Wall avg =    4.78469
Timings{0}>                      Wall min =    4.74993
Timings{0}> 
Timings{0}> NativeNUFFT2........ Wall max =    4.78161
Timings{0}>                      Wall avg =    4.74237
Timings{0}>                      Wall min =    4.71034
Timings{0}> 
Timings{0}> PrecorrectionNUFFT2. Wall max =  0.0137097
Timings{0}>                      Wall avg = 0.00840514
Timings{0}>                      Wall min = 0.00802983
Timings{0}> 
Timings{0}> FFTNUFFT2........... Wall max =    4.12362
Timings{0}>                      Wall avg =    4.04256
Timings{0}>                      Wall min =    3.95559
Timings{0}> 
Timings{0}> GatherNUFFT2........ Wall max =   0.808603
Timings{0}>                      Wall avg =   0.690775
Timings{0}>                      Wall min =   0.608767
Timings{0}> 
Timings{0}> ---------------------------------------------
Timings{0}>      Measurement counts:
Timings{0}> ---------------------------------------------
Timings{0}> mainTimer........... Count =          1
Timings{0}> particlesCreation... Count =          0
Timings{0}> dumpData............ Count =         10
Timings{0}> kick................ Count =         20
Timings{0}> drift............... Count =         10
Timings{0}> particleBC.......... Count =         10
Timings{0}> initializeShapeFunc. Count =          0
Timings{0}> findInternal........ Count =          0
Timings{0}> findPeriodic........ Count =          0
Timings{0}> NativeNUFFT::init... Count =          0
Timings{0}> updateParticle...... Count =         10
Timings{0}> locateParticles..... Count =         10
Timings{0}> sendPreprocess...... Count =         10
Timings{0}> particleSend........ Count =         10
Timings{0}> particleRecv........ Count =         10
Timings{0}> particleDestroy..... Count =         10
Timings{0}> ScatterPIFNUFFT..... Count =         20
Timings{0}> NativeNUFFT1........ Count =         10
Timings{0}> scatterTimerNUFFT1.. Count =         10
Timings{0}> binSort............. Count =         40
Timings{0}> binComputeKeys...... Count =         40
Timings{0}> binSortByKey........ Count =         40
Timings{0}> binComputeOffsets... Count =         40
Timings{0}> FFTNUFFT1........... Count =         10
Timings{0}> deconvolutionNUFFT1. Count =         10
Timings{0}> GatherPIFNUFFT...... Count =         10
Timings{0}> NativeNUFFT2........ Count =         30
Timings{0}> PrecorrectionNUFFT2. Count =         30
Timings{0}> FFTNUFFT2........... Count =         30
Timings{0}> GatherNUFFT2........ Count =         30
Timings{0}> ---------------------------------------------
Timings{0}> ---------------------------------------------
Timings{0}>      Per-occurrence statistics:
Timings{0}> ---------------------------------------------
Timings{0}> mainTimer........... n=    1  mean=   6.90423  std=         0  min=   6.90423  max=   6.90423
Timings{0}> dumpData............ n=   10  mean= 0.0098158  std= 0.0105835  min=0.00356528  max= 0.0387773
Timings{0}> kick................ n=   20  mean=0.00052213  std=1.48711e-05  min=0.000505864  max=0.000543674
Timings{0}> drift............... n=   10  mean=0.000520946  std=1.71312e-06  min=0.000518794  max=0.000525054
Timings{0}> particleBC.......... n=   10  mean=0.00104836  std=4.89089e-06  min=0.00104408  max= 0.0010608
Timings{0}> updateParticle...... n=   10  mean= 0.0156364  std=0.00644851  min=0.00944773  max= 0.0312487
Timings{0}> locateParticles..... n=   10  mean=0.000790245  std=1.69042e-05  min=0.000776766  max=0.000822736
Timings{0}> sendPreprocess...... n=   10  mean=0.00444879  std=0.00639894  min=0.000805906  max=  0.021262
Timings{0}> particleSend........ n=   10  mean=0.00261593  std=0.00116201  min= 0.0014567  max= 0.0042228
Timings{0}> particleRecv........ n=   10  mean=0.000403724  std=0.00034758  min=0.000187792  max=0.00112086
Timings{0}> particleDestroy..... n=   10  mean=0.00231457  std=1.13674e-05  min=0.00230253  max= 0.0023389
Timings{0}> ScatterPIFNUFFT..... n=   20  mean= 0.0894564  std=  0.091529  min=0.000293742  max=  0.190952
Timings{0}> NativeNUFFT1........ n=   10  mean=  0.177249  std=0.00456352  min=  0.174001  max=   0.18968
Timings{0}> scatterTimerNUFFT1.. n=   10  mean= 0.0468285  std=0.00352744  min= 0.0432618  max= 0.0546554
Timings{0}> binSort............. n=   40  mean= 0.0028186  std=2.36334e-05  min=0.00277697  max=0.00289864
Timings{0}> binComputeKeys...... n=   40  mean=0.000300004  std=3.46441e-06  min=0.000294332  max=0.000314262
Timings{0}> binSortByKey........ n=   40  mean=0.00240436  std=1.95672e-05  min=0.00236705  max=0.00244964
Timings{0}> binComputeOffsets... n=   40  mean=0.000104157  std=3.78012e-06  min=0.000102091  max=0.000125421
Timings{0}> FFTNUFFT1........... n=   10  mean=  0.130178  std= 0.0040624  min=  0.123027  max=  0.139555
Timings{0}> deconvolutionNUFFT1. n=   10  mean=0.000230086  std=7.14945e-06  min=0.000226052  max=0.000250201
Timings{0}> GatherPIFNUFFT...... n=   10  mean=  0.481038  std= 0.0124235  min=  0.471901  max=  0.503686
Timings{0}> NativeNUFFT2........ n=   30  mean=  0.158809  std=0.00452563  min=  0.154446  max=  0.171475
Timings{0}> PrecorrectionNUFFT2. n=   30  mean=0.000348365  std=4.52935e-06  min=0.000343523  max=0.000356463
Timings{0}> FFTNUFFT2........... n=   30  mean=  0.132668  std=0.00209777  min=  0.130071  max=   0.13862
Timings{0}> GatherNUFFT2........ n=   30  mean= 0.0257724  std=0.00293046  min= 0.0226422  max= 0.0337236
Timings{0}> ---------------------------------------------
