LandauDampingPIF{0}> Landau damping
LandauDampingPIF{0}> nt 10 Np= 1073741824 Fourier modes = ( 512 , 512 , 512 )
LandauDampingPIF{0}> particles created and initial conditions assigned 
LandauDampingPIF{0}> After init shape function 
LandauDampingPIF{0}> After init NUFFT 
LandauDampingPIF{0}> After update 
[Scatter] Auto-select: OutputFocused (tp=747.1 Mpts/s) for w=5 rho=1.06 (was Atomic)
[Scatter] Cache hit: method=OutputFocused w=5 cx=1 rho=1.06 -> tile=(5,3,5) team=128 osub=1 zb=29 tp=747.1 Mpts/s (rho_csv=1.25)
LandauDampingPIF{0}> After scatter 
LandauDampingPIF{0}> After gather 
LandauDampingPIF{0}> Starting iterations ...
LandauDampingPIF{0}> Finished time step: -2 time: 0.0122718
LandauDampingPIF{0}> Finished time step: -1 time: 0.0245437
LandauDampingPIF{0}> Finished time step: 0 time: 0.0368155
LandauDampingPIF{0}> Finished time step: 1 time: 0.0490874
LandauDampingPIF{0}> Finished time step: 2 time: 0.0613592
LandauDampingPIF{0}> Finished time step: 3 time: 0.0736311
LandauDampingPIF{0}> Finished time step: 4 time: 0.0859029
LandauDampingPIF{0}> Finished time step: 5 time: 0.0981748
LandauDampingPIF{0}> Finished time step: 6 time: 0.110447
LandauDampingPIF{0}> Finished time step: 7 time: 0.122718
LandauDampingPIF{0}> Finished time step: 8 time: 0.13499
LandauDampingPIF{0}> Finished time step: 9 time: 0.147262
LandauDampingPIF{0}> Finished time step: 10 time: 0.159534
LandauDampingPIF{0}> LandauDamping: End.
Timings{0}> ---------------------------------------------
Timings{0}>      Timing results for 32 rank(s):
Timings{0}> ---------------------------------------------
Timings{0}> mainTimer........... Wall tot =    32.5001
Timings{0}> 
Timings{0}> particlesCreation... Wall max =          0
Timings{0}>                      Wall avg =          0
Timings{0}>                      Wall min =          0
Timings{0}> 
Timings{0}> dumpData............ Wall max =  0.0625154
Timings{0}>                      Wall avg =  0.0558803
Timings{0}>                      Wall min =  0.0498317
Timings{0}> 
Timings{0}> kick................ Wall max =  0.0375403
Timings{0}>                      Wall avg =   0.035245
Timings{0}>                      Wall min =  0.0330519
Timings{0}> 
Timings{0}> drift............... Wall max =  0.0185844
Timings{0}>                      Wall avg =  0.0174663
Timings{0}>                      Wall min =  0.0163789
Timings{0}> 
Timings{0}> initializeShapeFunc. Wall max =          0
Timings{0}>                      Wall avg =          0
Timings{0}>                      Wall min =          0
Timings{0}> 
Timings{0}> findInternal........ Wall max =          0
Timings{0}>                      Wall avg =          0
Timings{0}>                      Wall min =          0
Timings{0}> 
Timings{0}> findPeriodic........ Wall max =          0
Timings{0}>                      Wall avg =          0
Timings{0}>                      Wall min =          0
Timings{0}> 
Timings{0}> NativeNUFFT::init... Wall max =          0
Timings{0}>                      Wall avg =          0
Timings{0}>                      Wall min =          0
Timings{0}> 
Timings{0}> particleBC.......... Wall max =   0.038226
Timings{0}>                      Wall avg =  0.0359246
Timings{0}>                      Wall min =   0.033689
Timings{0}> 
Timings{0}> updateParticle...... Wall max =   0.139691
Timings{0}>                      Wall avg =   0.134116
Timings{0}>                      Wall min =   0.126127
Timings{0}> 
Timings{0}> locateParticles..... Wall max =  0.0182983
Timings{0}>                      Wall avg =  0.0167724
Timings{0}>                      Wall min =  0.0155577
Timings{0}> 
Timings{0}> sendPreprocess...... Wall max =  0.0134845
Timings{0}>                      Wall avg = 0.00784095
Timings{0}>                      Wall min = 0.00177702
Timings{0}> 
Timings{0}> particleSend........ Wall max =  0.0109517
Timings{0}>                      Wall avg =  0.0106797
Timings{0}>                      Wall min =  0.0102773
Timings{0}> 
Timings{0}> particleRecv........ Wall max = 0.000474722
Timings{0}>                      Wall avg = 0.000304436
Timings{0}>                      Wall min = 0.000277091
Timings{0}> 
Timings{0}> particleDestroy..... Wall max =  0.0645161
Timings{0}>                      Wall avg =  0.0573497
Timings{0}>                      Wall min =  0.0526923
Timings{0}> 
Timings{0}> ScatterPIFNUFFT..... Wall max =    8.16042
Timings{0}>                      Wall avg =    8.13555
Timings{0}>                      Wall min =     8.1105
Timings{0}> 
Timings{0}> NativeNUFFT1........ Wall max =    8.13008
Timings{0}>                      Wall avg =    8.10475
Timings{0}>                      Wall min =    8.07951
Timings{0}> 
Timings{0}> scatterTimerNUFFT1.. Wall max =    0.47758
Timings{0}>                      Wall avg =    0.46636
Timings{0}>                      Wall min =   0.455515
Timings{0}> 
Timings{0}> binSort............. Wall max =   0.393381
Timings{0}>                      Wall avg =   0.369875
Timings{0}>                      Wall min =   0.348265
Timings{0}> 
Timings{0}> binComputeKeys...... Wall max =   0.041736
Timings{0}>                      Wall avg =  0.0392365
Timings{0}>                      Wall min =  0.0367886
Timings{0}> 
Timings{0}> binSortByKey........ Wall max =    0.33905
Timings{0}>                      Wall avg =   0.318861
Timings{0}>                      Wall min =   0.300299
Timings{0}> 
Timings{0}> binComputeOffsets... Wall max =  0.0121641
Timings{0}>                      Wall avg =  0.0113505
Timings{0}>                      Wall min =  0.0106908
Timings{0}> 
Timings{0}> FFTNUFFT1........... Wall max =    7.65984
Timings{0}>                      Wall avg =    7.63691
Timings{0}>                      Wall min =    7.61501
Timings{0}> 
Timings{0}> TwiddleAdd.......... Wall max =  0.0137099
Timings{0}>                      Wall avg =  0.0134573
Timings{0}>                      Wall min =  0.0133238
Timings{0}> 
Timings{0}> subFFTs............. Wall max =    7.64564
Timings{0}>                      Wall avg =    7.62267
Timings{0}>                      Wall min =    7.60078
Timings{0}> 
Timings{0}> deconvolutionNUFFT1. Wall max = 0.00141042
Timings{0}>                      Wall avg = 0.00136668
Timings{0}>                      Wall min =  0.0013287
Timings{0}> 
Timings{0}> GatherPIFNUFFT...... Wall max =     24.089
Timings{0}>                      Wall avg =    24.0687
Timings{0}>                      Wall min =    24.0446
Timings{0}> 
Timings{0}> NativeNUFFT2........ Wall max =    23.9674
Timings{0}>                      Wall avg =    23.9471
Timings{0}>                      Wall min =    23.9234
Timings{0}> 
Timings{0}> PrecorrectionNUFFT2. Wall max = 0.00410077
Timings{0}>                      Wall avg = 0.00405375
Timings{0}>                      Wall min = 0.00401527
Timings{0}> 
Timings{0}> FFTNUFFT2........... Wall max =     23.041
Timings{0}>                      Wall avg =    22.9873
Timings{0}>                      Wall min =    22.9072
Timings{0}> 
Timings{0}> subIFFTs............ Wall max =    22.9677
Timings{0}>                      Wall avg =    22.9139
Timings{0}>                      Wall min =    22.8338
Timings{0}> 
Timings{0}> StridedWrite........ Wall max =  0.0616253
Timings{0}>                      Wall avg =  0.0613046
Timings{0}>                      Wall min =  0.0611525
Timings{0}> 
Timings{0}> GatherNUFFT2........ Wall max =    1.03179
Timings{0}>                      Wall avg =   0.955147
Timings{0}>                      Wall min =   0.903036
Timings{0}> 
Timings{0}> ---------------------------------------------
Timings{0}>      Measurement counts:
Timings{0}> ---------------------------------------------
Timings{0}> mainTimer........... Count =          1
Timings{0}> particlesCreation... Count =          0
Timings{0}> dumpData............ Count =         10
Timings{0}> kick................ Count =         20
Timings{0}> drift............... Count =         10
Timings{0}> initializeShapeFunc. Count =          0
Timings{0}> findInternal........ Count =          0
Timings{0}> findPeriodic........ Count =          0
Timings{0}> NativeNUFFT::init... Count =          0
Timings{0}> particleBC.......... Count =         10
Timings{0}> updateParticle...... Count =         10
Timings{0}> locateParticles..... Count =         10
Timings{0}> sendPreprocess...... Count =         10
Timings{0}> particleSend........ Count =         10
Timings{0}> particleRecv........ Count =         10
Timings{0}> particleDestroy..... Count =         10
Timings{0}> ScatterPIFNUFFT..... Count =         20
Timings{0}> NativeNUFFT1........ Count =         10
Timings{0}> scatterTimerNUFFT1.. Count =         10
Timings{0}> binSort............. Count =         40
Timings{0}> binComputeKeys...... Count =         40
Timings{0}> binSortByKey........ Count =         40
Timings{0}> binComputeOffsets... Count =         40
Timings{0}> FFTNUFFT1........... Count =         10
Timings{0}> TwiddleAdd.......... Count =         20
Timings{0}> subFFTs............. Count =         20
Timings{0}> deconvolutionNUFFT1. Count =         10
Timings{0}> GatherPIFNUFFT...... Count =         10
Timings{0}> NativeNUFFT2........ Count =         30
Timings{0}> PrecorrectionNUFFT2. Count =         30
Timings{0}> FFTNUFFT2........... Count =         30
Timings{0}> subIFFTs............ Count =         60
Timings{0}> StridedWrite........ Count =         60
Timings{0}> GatherNUFFT2........ Count =         30
Timings{0}> ---------------------------------------------
Timings{0}> ---------------------------------------------
Timings{0}>      Per-occurrence statistics:
Timings{0}> ---------------------------------------------
Timings{0}> mainTimer........... n=    1  mean=      32.5  std=         0  min=      32.5  max=      32.5
Timings{0}> dumpData............ n=   10  mean=0.00518493  std=0.000773721  min=0.00438412  max=0.00635491
Timings{0}> kick................ n=   20  mean=0.00187701  std= 2.943e-05  min=0.00184704  max=0.00191036
Timings{0}> drift............... n=   10  mean=0.00185844  std=1.77176e-06  min=0.00185687  max=0.00186226
Timings{0}> particleBC.......... n=   10  mean=0.00382127  std=2.49881e-06  min=0.00381839  max=0.00382671
Timings{0}> updateParticle...... n=   10  mean= 0.0133796  std=0.00207899  min= 0.0107777  max= 0.0166008
Timings{0}> locateParticles..... n=   10  mean=0.00178959  std=1.40797e-05  min=0.00177337  max=0.00181694
Timings{0}> sendPreprocess...... n=   10  mean=0.000206651  std=4.86711e-05  min=0.000147929  max=0.000285659
Timings{0}> particleSend........ n=   10  mean=0.00108993  std=2.79809e-05  min=0.00106689  max=0.00114319
Timings{0}> particleRecv........ n=   10  mean=2.91538e-05  std=3.60325e-06  min= 2.392e-05  max= 3.621e-05
Timings{0}> particleDestroy..... n=   10  mean=0.00553615  std=2.39027e-05  min=0.00549638  max=0.00558186
Timings{0}> ScatterPIFNUFFT..... n=   20  mean=  0.406292  std=  0.417007  min=0.00015801  max=  0.875222
Timings{0}> NativeNUFFT1........ n=   10  mean=  0.809352  std= 0.0242013  min=  0.789531  max=  0.872166
Timings{0}> scatterTimerNUFFT1.. n=   10  mean= 0.0467864  std=0.00165231  min= 0.0459158  max= 0.0514593
Timings{0}> binSort............. n=   40  mean=0.00983453  std=5.56796e-05  min=0.00967602  max=0.00992106
Timings{0}> binComputeKeys...... n=   40  mean=0.00104307  std=5.68417e-06  min=0.00103882  max=0.00106581
Timings{0}> binSortByKey........ n=   40  mean=0.00847625  std=4.30438e-05  min=0.00835476  max=0.00853056
Timings{0}> binComputeOffsets... n=   40  mean=0.000304103  std=1.5899e-05  min=0.000261469  max=0.000323859
Timings{0}> FFTNUFFT1........... n=   10  mean=  0.762416  std= 0.0226549  min=   0.74317  max=   0.82054
Timings{0}> TwiddleAdd.......... n=   20  mean=0.000685495  std=2.27163e-05  min=0.000659418  max=0.000736558
Timings{0}> subFFTs............. n=   20  mean=  0.380484  std= 0.0118726  min=  0.365307  max=  0.410027
Timings{0}> deconvolutionNUFFT1. n=   10  mean=0.000138508  std=9.48342e-06  min=0.00013009  max=0.000153759
Timings{0}> GatherPIFNUFFT...... n=   10  mean=   2.40765  std= 0.0489277  min=   2.36453  max=   2.51947
Timings{0}> NativeNUFFT2........ n=   30  mean=  0.798233  std= 0.0188104  min=  0.772261  max=  0.869036
Timings{0}> PrecorrectionNUFFT2. n=   30  mean=0.000136663  std=3.13298e-06  min=0.000131859  max=0.000144219
Timings{0}> FFTNUFFT2........... n=   30  mean=  0.766272  std= 0.0185721  min=  0.739437  max=  0.835562
Timings{0}> subIFFTs............ n=   60  mean=  0.381913  std= 0.0102604  min=  0.365764  max=  0.421816
Timings{0}> StridedWrite........ n=   60  mean=0.00102183  std=4.98388e-06  min=0.00101392  max=0.00103909
Timings{0}> GatherNUFFT2........ n=   30  mean= 0.0318056  std=0.00301568  min= 0.0252669  max= 0.0375953
Timings{0}> ---------------------------------------------
