
================================================================================
NUFFT Scaling Benchmark
================================================================================
Number of ranks: 256
Grid size:       512^3
Particles:       1073741824 (8 per point)
Tolerance:       0.0001
CSV output:      results/nufft_scaling_256.csv
Component CSV:   results/nufft_components_256.csv

=== Benchmarking NUFFT Type 1 ===
Grid size:       512^3
Total particles: 1073741824
Local particles: 4194304
Spread method:   output_focused
Tolerance:       0.0001
Warmup runs:     3
Benchmark runs:  10
Running warmup...
Running benchmark...

NUFFT Type 1 Results:
  Ranks:       256
  Grid:        512^3
  Particles:   1073741824
  Mean time:   211.923 ms
  Min time:    200.373 ms
  Max time:    240.845 ms
  Stddev:      11.360 ms
  Throughput:  5066.67 Mpts/s

=== Benchmarking NUFFT Type 2 ===
Grid size:       512^3
Total particles: 1073741824
Local particles: 4194304
Gather method:   atomic_sort
Tolerance:       0.00
Warmup runs:     3
Benchmark runs:  10
Running warmup...
Running benchmark...

NUFFT Type 2 Results:
  Ranks:       256
  Grid:        512^3
  Particles:   1073741824
  Mean time:   172.044 ms
  Min time:    167.101 ms
  Max time:    178.050 ms
  Stddev:      3.552 ms
  Throughput:  6241.09 Mpts/s
[CSV] Timings written to results/nufft_scaling_256.csv

==================================================
COMPONENT TIMING BREAKDOWN
==================================================

Type-1 (spreading):
----------------------------------------
Scatter (spreading)           48.17 ms
FFT (forward)                159.69 ms
Deconvolution                  0.03 ms

Type-2 (interpolation):
----------------------------------------
Precorrection                  0.04 ms
FFT (backward)               179.14 ms
Gather (interpolation)         7.31 ms

Total:
----------------------------------------
Complete Type-1              207.90 ms
Complete Type-2              186.52 ms
[CSV] Component timings written to results/nufft_components_256.csv

================================================================================
SUMMARY
================================================================================
Type 1: 211.923 ms (5066.67 Mpts/s)
Type 2: 172.04 ms (6241.09 Mpts/s)
================================================================================
