LandauDampingPIF{0}> Landau damping
LandauDampingPIF{0}> nt 10 Np= 1073741824 Fourier modes = ( 512 , 512 , 512 )
LandauDampingPIF{0}> particles created and initial conditions assigned 
LandauDampingPIF{0}> After init shape function 
LandauDampingPIF{0}> After init NUFFT 
LandauDampingPIF{0}> After update 
[Scatter] Cache hit: method=Tiled w=5 cx=1 rho=1.10 -> tile=(5,5,2) team=64 osub=2 zb=1 tp=566.4 Mpts/s (rho_csv=10.00)
LandauDampingPIF{0}> After scatter 
LandauDampingPIF{0}> After gather 
LandauDampingPIF{0}> Starting iterations ...
LandauDampingPIF{0}> Finished time step: -2 time: 0.0122718
LandauDampingPIF{0}> Finished time step: -1 time: 0.0245437
LandauDampingPIF{0}> Finished time step: 0 time: 0.0368155
LandauDampingPIF{0}> Finished time step: 1 time: 0.0490874
LandauDampingPIF{0}> Finished time step: 2 time: 0.0613592
LandauDampingPIF{0}> Finished time step: 3 time: 0.0736311
LandauDampingPIF{0}> Finished time step: 4 time: 0.0859029
LandauDampingPIF{0}> Finished time step: 5 time: 0.0981748
LandauDampingPIF{0}> Finished time step: 6 time: 0.110447
LandauDampingPIF{0}> Finished time step: 7 time: 0.122718
LandauDampingPIF{0}> Finished time step: 8 time: 0.13499
LandauDampingPIF{0}> Finished time step: 9 time: 0.147262
LandauDampingPIF{0}> Finished time step: 10 time: 0.159534
LandauDampingPIF{0}> LandauDamping: End.
Timings{0}> ---------------------------------------------
Timings{0}>      Timing results for 64 rank(s):
Timings{0}> ---------------------------------------------
Timings{0}> mainTimer........... Wall tot =    12.6595
Timings{0}> 
Timings{0}> particlesCreation... Wall max =          0
Timings{0}>                      Wall avg =          0
Timings{0}>                      Wall min =          0
Timings{0}> 
Timings{0}> dumpData............ Wall max =   0.461273
Timings{0}>                      Wall avg =    0.28211
Timings{0}>                      Wall min =   0.043211
Timings{0}> 
Timings{0}> kick................ Wall max =  0.0242115
Timings{0}>                      Wall avg =  0.0215378
Timings{0}>                      Wall min =  0.0190885
Timings{0}> 
Timings{0}> drift............... Wall max =  0.0117108
Timings{0}>                      Wall avg =  0.0105549
Timings{0}>                      Wall min = 0.00945891
Timings{0}> 
Timings{0}> particleBC.......... Wall max =  0.0340374
Timings{0}>                      Wall avg =  0.0309132
Timings{0}>                      Wall min =  0.0280158
Timings{0}> 
Timings{0}> initializeShapeFunc. Wall max =          0
Timings{0}>                      Wall avg =          0
Timings{0}>                      Wall min =          0
Timings{0}> 
Timings{0}> findInternal........ Wall max =          0
Timings{0}>                      Wall avg =          0
Timings{0}>                      Wall min =          0
Timings{0}> 
Timings{0}> findPeriodic........ Wall max =          0
Timings{0}>                      Wall avg =          0
Timings{0}>                      Wall min =          0
Timings{0}> 
Timings{0}> NativeNUFFT::init... Wall max =          0
Timings{0}>                      Wall avg =          0
Timings{0}>                      Wall min =          0
Timings{0}> 
Timings{0}> updateParticle...... Wall max =   0.186694
Timings{0}>                      Wall avg =   0.172659
Timings{0}>                      Wall min =   0.157134
Timings{0}> 
Timings{0}> locateParticles..... Wall max =  0.0444811
Timings{0}>                      Wall avg =  0.0377265
Timings{0}>                      Wall min =  0.0341337
Timings{0}> 
Timings{0}> sendPreprocess...... Wall max =  0.0221999
Timings{0}>                      Wall avg =  0.0141577
Timings{0}>                      Wall min = 0.00203279
Timings{0}> 
Timings{0}> particleSend........ Wall max =  0.0232981
Timings{0}>                      Wall avg =  0.0189173
Timings{0}>                      Wall min =  0.0156156
Timings{0}> 
Timings{0}> particleRecv........ Wall max = 0.000720198
Timings{0}>                      Wall avg = 0.000469957
Timings{0}>                      Wall min = 0.000413934
Timings{0}> 
Timings{0}> particleDestroy..... Wall max =  0.0881472
Timings{0}>                      Wall avg =  0.0750121
Timings{0}>                      Wall min =  0.0685495
Timings{0}> 
Timings{0}> ScatterPIFNUFFT..... Wall max =    2.25328
Timings{0}>                      Wall avg =    2.19757
Timings{0}>                      Wall min =    2.13825
Timings{0}> 
Timings{0}> NativeNUFFT1........ Wall max =    2.22299
Timings{0}>                      Wall avg =    2.16645
Timings{0}>                      Wall min =     2.1075
Timings{0}> 
Timings{0}> scatterTimerNUFFT1.. Wall max =   0.824228
Timings{0}>                      Wall avg =   0.810967
Timings{0}>                      Wall min =   0.798626
Timings{0}> 
Timings{0}> binSort............. Wall max =  0.0784429
Timings{0}>                      Wall avg =  0.0713254
Timings{0}>                      Wall min =  0.0646821
Timings{0}> 
Timings{0}> binComputeKeys...... Wall max =  0.0060234
Timings{0}>                      Wall avg = 0.00539348
Timings{0}>                      Wall min = 0.00483415
Timings{0}> 
Timings{0}> binSortByKey........ Wall max =  0.0704265
Timings{0}>                      Wall avg =  0.0641188
Timings{0}>                      Wall min =  0.0579575
Timings{0}> 
Timings{0}> binComputeOffsets... Wall max = 0.00212953
Timings{0}>                      Wall avg = 0.00178074
Timings{0}>                      Wall min = 0.00163902
Timings{0}> 
Timings{0}> FFTNUFFT1........... Wall max =    1.39745
Timings{0}>                      Wall avg =     1.3521
Timings{0}>                      Wall min =    1.29801
Timings{0}> 
Timings{0}> deconvolutionNUFFT1. Wall max = 0.00514103
Timings{0}>                      Wall avg = 0.00334753
Timings{0}>                      Wall min =  0.0029929
Timings{0}> 
Timings{0}> GatherPIFNUFFT...... Wall max =    10.1988
Timings{0}>                      Wall avg =     9.9292
Timings{0}>                      Wall min =    9.72108
Timings{0}> 
Timings{0}> NativeNUFFT2........ Wall max =    10.0908
Timings{0}>                      Wall avg =    9.82645
Timings{0}>                      Wall min =    9.62432
Timings{0}> 
Timings{0}> PrecorrectionNUFFT2. Wall max =  0.0228187
Timings{0}>                      Wall avg =  0.0173409
Timings{0}>                      Wall min =  0.0162459
Timings{0}> 
Timings{0}> FFTNUFFT2........... Wall max =    4.76247
Timings{0}>                      Wall avg =    4.39223
Timings{0}>                      Wall min =    3.86785
Timings{0}> 
Timings{0}> GatherNUFFT2........ Wall max =    6.20027
Timings{0}>                      Wall avg =    5.41668
Timings{0}>                      Wall min =    4.85009
Timings{0}> 
Timings{0}> ---------------------------------------------
Timings{0}>      Measurement counts:
Timings{0}> ---------------------------------------------
Timings{0}> mainTimer........... Count =          1
Timings{0}> particlesCreation... Count =          0
Timings{0}> dumpData............ Count =         10
Timings{0}> kick................ Count =         20
Timings{0}> drift............... Count =         10
Timings{0}> particleBC.......... Count =         10
Timings{0}> initializeShapeFunc. Count =          0
Timings{0}> findInternal........ Count =          0
Timings{0}> findPeriodic........ Count =          0
Timings{0}> NativeNUFFT::init... Count =          0
Timings{0}> updateParticle...... Count =         10
Timings{0}> locateParticles..... Count =         10
Timings{0}> sendPreprocess...... Count =         10
Timings{0}> particleSend........ Count =         10
Timings{0}> particleRecv........ Count =         10
Timings{0}> particleDestroy..... Count =         10
Timings{0}> ScatterPIFNUFFT..... Count =         20
Timings{0}> NativeNUFFT1........ Count =         10
Timings{0}> scatterTimerNUFFT1.. Count =         10
Timings{0}> binSort............. Count =         10
Timings{0}> binComputeKeys...... Count =         10
Timings{0}> binSortByKey........ Count =         10
Timings{0}> binComputeOffsets... Count =         10
Timings{0}> FFTNUFFT1........... Count =         10
Timings{0}> deconvolutionNUFFT1. Count =         10
Timings{0}> GatherPIFNUFFT...... Count =         10
Timings{0}> NativeNUFFT2........ Count =         30
Timings{0}> PrecorrectionNUFFT2. Count =         30
Timings{0}> FFTNUFFT2........... Count =         30
Timings{0}> GatherNUFFT2........ Count =         30
Timings{0}> ---------------------------------------------
Timings{0}> ---------------------------------------------
Timings{0}>      Per-occurrence statistics:
Timings{0}> ---------------------------------------------
Timings{0}> mainTimer........... n=    1  mean=   12.6595  std=         0  min=   12.6595  max=   12.6595
Timings{0}> dumpData............ n=   10  mean= 0.0129062  std=0.000595735  min= 0.0121264  max= 0.0138997
Timings{0}> kick................ n=   20  mean=0.00117117  std=2.08873e-05  min=0.00113862  max=0.00120515
Timings{0}> drift............... n=   10  mean=0.00115423  std=7.25672e-06  min= 0.0011452  max=0.00116805
Timings{0}> particleBC.......... n=   10  mean=0.00339886  std=2.24836e-05  min= 0.0033685  max=0.00343438
Timings{0}> updateParticle...... n=   10  mean= 0.0157134  std=0.000439013  min= 0.0152327  max= 0.0166842
Timings{0}> locateParticles..... n=   10  mean=0.00363042  std=6.92762e-05  min=0.00359442  max=0.00382566
Timings{0}> sendPreprocess...... n=   10  mean=0.00105876  std=8.86024e-05  min=0.000884718  max=0.00119486
Timings{0}> particleSend........ n=   10  mean=0.00198947  std=0.000446419  min=0.00167651  max=0.00268855
Timings{0}> particleRecv........ n=   10  mean=4.13934e-05  std=1.66792e-06  min=3.9446e-05  max=4.4917e-05
Timings{0}> particleDestroy..... n=   10  mean=0.00719128  std=4.26375e-05  min=0.00715789  max=0.00730153
Timings{0}> ScatterPIFNUFFT..... n=   20  mean=  0.110099  std=  0.111696  min=0.00125572  max=  0.225202
Timings{0}> NativeNUFFT1........ n=   10  mean=   0.21697  std=0.00375949  min=  0.211258  max=  0.223247
Timings{0}> scatterTimerNUFFT1.. n=   10  mean= 0.0814229  std=0.00128663  min= 0.0794746  max= 0.0844724
Timings{0}> binSort............. n=   10  mean=0.00774032  std=7.76199e-05  min=  0.007685  max=0.00795411
Timings{0}> binComputeKeys...... n=   10  mean=0.00058859  std=2.26419e-06  min=0.000585548  max=0.00059208
Timings{0}> binSortByKey........ n=   10  mean=0.00693849  std=2.04965e-05  min=0.00690621  max=0.00696542
Timings{0}> binComputeOffsets... n=   10  mean=0.000210186  std=6.72205e-05  min=0.000187895  max=0.00040149
Timings{0}> FFTNUFFT1........... n=   10  mean=   0.13504  std=0.00301375  min=  0.131274  max=   0.14124
Timings{0}> deconvolutionNUFFT1. n=   10  mean=0.000503512  std=1.5991e-06  min=0.000501284  max=0.000506474
Timings{0}> GatherPIFNUFFT...... n=   10  mean=   1.00874  std=0.00361514  min=   1.00249  max=   1.01418
Timings{0}> NativeNUFFT2........ n=   30  mean=  0.332585  std=0.00310518  min=  0.325057  max=  0.336993
Timings{0}> PrecorrectionNUFFT2. n=   30  mean=0.000750472  std=1.84456e-05  min=0.000734246  max=0.000780866
Timings{0}> FFTNUFFT2........... n=   30  mean=  0.134214  std=0.00343478  min=  0.127294  max=   0.14126
Timings{0}> GatherNUFFT2........ n=   30  mean=  0.197614  std=0.00225313  min=  0.192915  max=   0.20283
Timings{0}> ---------------------------------------------
