LandauDampingPIF{0}> Landau damping
LandauDampingPIF{0}> nt 10 Np= 1073741824 Fourier modes = ( 512 , 512 , 512 )
LandauDampingPIF{0}> particles created and initial conditions assigned 
LandauDampingPIF{0}> After init shape function 
LandauDampingPIF{0}> After init NUFFT 
LandauDampingPIF{0}> After update 
[Scatter] Auto-select: OutputFocused (tp=196.1 Mpts/s) for w=9 rho=1.06 (was Atomic)
[Scatter] Cache hit: method=OutputFocused w=9 cx=1 rho=1.06 -> tile=(2,3,3) team=256 osub=1 zb=26 tp=196.1 Mpts/s (rho_csv=1.25)
LandauDampingPIF{0}> After scatter 
LandauDampingPIF{0}> After gather 
LandauDampingPIF{0}> Starting iterations ...
LandauDampingPIF{0}> Finished time step: -2 time: 0.0122718
LandauDampingPIF{0}> Finished time step: -1 time: 0.0245437
LandauDampingPIF{0}> Finished time step: 0 time: 0.0368155
LandauDampingPIF{0}> Finished time step: 1 time: 0.0490874
LandauDampingPIF{0}> Finished time step: 2 time: 0.0613592
LandauDampingPIF{0}> Finished time step: 3 time: 0.0736311
LandauDampingPIF{0}> Finished time step: 4 time: 0.0859029
LandauDampingPIF{0}> Finished time step: 5 time: 0.0981748
LandauDampingPIF{0}> Finished time step: 6 time: 0.110447
LandauDampingPIF{0}> Finished time step: 7 time: 0.122718
LandauDampingPIF{0}> Finished time step: 8 time: 0.13499
LandauDampingPIF{0}> Finished time step: 9 time: 0.147262
LandauDampingPIF{0}> Finished time step: 10 time: 0.159534
LandauDampingPIF{0}> LandauDamping: End.
Timings{0}> ---------------------------------------------
Timings{0}>      Timing results for 32 rank(s):
Timings{0}> ---------------------------------------------
Timings{0}> mainTimer........... Wall tot =    34.5177
Timings{0}> 
Timings{0}> particlesCreation... Wall max =          0
Timings{0}>                      Wall avg =          0
Timings{0}>                      Wall min =          0
Timings{0}> 
Timings{0}> dumpData............ Wall max =   0.112036
Timings{0}>                      Wall avg =  0.0808605
Timings{0}>                      Wall min =  0.0475282
Timings{0}> 
Timings{0}> kick................ Wall max =  0.0381341
Timings{0}>                      Wall avg =  0.0358354
Timings{0}>                      Wall min =   0.033624
Timings{0}> 
Timings{0}> drift............... Wall max =  0.0189252
Timings{0}>                      Wall avg =  0.0177824
Timings{0}>                      Wall min =  0.0166788
Timings{0}> 
Timings{0}> initializeShapeFunc. Wall max =          0
Timings{0}>                      Wall avg =          0
Timings{0}>                      Wall min =          0
Timings{0}> 
Timings{0}> findInternal........ Wall max =          0
Timings{0}>                      Wall avg =          0
Timings{0}>                      Wall min =          0
Timings{0}> 
Timings{0}> findPeriodic........ Wall max =          0
Timings{0}>                      Wall avg =          0
Timings{0}>                      Wall min =          0
Timings{0}> 
Timings{0}> NativeNUFFT::init... Wall max =          0
Timings{0}>                      Wall avg =          0
Timings{0}>                      Wall min =          0
Timings{0}> 
Timings{0}> particleBC.......... Wall max =  0.0384321
Timings{0}>                      Wall avg =  0.0360985
Timings{0}>                      Wall min =  0.0338458
Timings{0}> 
Timings{0}> updateParticle...... Wall max =   0.125161
Timings{0}>                      Wall avg =   0.118247
Timings{0}>                      Wall min =   0.110683
Timings{0}> 
Timings{0}> locateParticles..... Wall max =  0.0153889
Timings{0}>                      Wall avg =  0.0143913
Timings{0}>                      Wall min =  0.0137418
Timings{0}> 
Timings{0}> sendPreprocess...... Wall max =  0.0126257
Timings{0}>                      Wall avg = 0.00751056
Timings{0}>                      Wall min = 0.00184324
Timings{0}> 
Timings{0}> particleSend........ Wall max = 0.00979625
Timings{0}>                      Wall avg = 0.00945402
Timings{0}>                      Wall min = 0.00913424
Timings{0}> 
Timings{0}> particleRecv........ Wall max = 0.000468285
Timings{0}>                      Wall avg = 0.000302529
Timings{0}>                      Wall min = 0.000265835
Timings{0}> 
Timings{0}> particleDestroy..... Wall max =  0.0514384
Timings{0}>                      Wall avg =  0.0458791
Timings{0}>                      Wall min =  0.0422708
Timings{0}> 
Timings{0}> ScatterPIFNUFFT..... Wall max =    9.12256
Timings{0}>                      Wall avg =    9.10029
Timings{0}>                      Wall min =    9.07282
Timings{0}> 
Timings{0}> NativeNUFFT1........ Wall max =    9.09345
Timings{0}>                      Wall avg =    9.06935
Timings{0}>                      Wall min =    9.04178
Timings{0}> 
Timings{0}> scatterTimerNUFFT1.. Wall max =    1.54477
Timings{0}>                      Wall avg =     1.5335
Timings{0}>                      Wall min =    1.52443
Timings{0}> 
Timings{0}> binSort............. Wall max =   0.387387
Timings{0}>                      Wall avg =    0.36501
Timings{0}>                      Wall min =    0.34391
Timings{0}> 
Timings{0}> binComputeKeys...... Wall max =  0.0420115
Timings{0}>                      Wall avg =  0.0394968
Timings{0}>                      Wall min =  0.0370269
Timings{0}> 
Timings{0}> binSortByKey........ Wall max =   0.334293
Timings{0}>                      Wall avg =   0.314953
Timings{0}>                      Wall min =    0.29672
Timings{0}> 
Timings{0}> binComputeOffsets... Wall max =   0.010726
Timings{0}>                      Wall avg =  0.0101453
Timings{0}>                      Wall min = 0.00965027
Timings{0}> 
Timings{0}> FFTNUFFT1........... Wall max =    7.55737
Timings{0}>                      Wall avg =    7.53437
Timings{0}>                      Wall min =     7.5059
Timings{0}> 
Timings{0}> TwiddleAdd.......... Wall max =  0.0134102
Timings{0}>                      Wall avg =   0.013373
Timings{0}>                      Wall min =  0.0133006
Timings{0}> 
Timings{0}> subFFTs............. Wall max =    7.54324
Timings{0}>                      Wall avg =    7.52024
Timings{0}>                      Wall min =    7.49177
Timings{0}> 
Timings{0}> deconvolutionNUFFT1. Wall max = 0.00138779
Timings{0}>                      Wall avg = 0.00135656
Timings{0}>                      Wall min = 0.00133761
Timings{0}> 
Timings{0}> GatherPIFNUFFT...... Wall max =    25.1584
Timings{0}>                      Wall avg =    25.1136
Timings{0}>                      Wall min =    25.0628
Timings{0}> 
Timings{0}> NativeNUFFT2........ Wall max =    25.0294
Timings{0}>                      Wall avg =    24.9922
Timings{0}>                      Wall min =    24.9487
Timings{0}> 
Timings{0}> PrecorrectionNUFFT2. Wall max = 0.00405114
Timings{0}>                      Wall avg = 0.00399767
Timings{0}>                      Wall min = 0.00396868
Timings{0}> 
Timings{0}> FFTNUFFT2........... Wall max =    22.7862
Timings{0}>                      Wall avg =    22.6892
Timings{0}>                      Wall min =    22.5775
Timings{0}> 
Timings{0}> subIFFTs............ Wall max =     22.712
Timings{0}>                      Wall avg =     22.615
Timings{0}>                      Wall min =    22.5032
Timings{0}> 
Timings{0}> StridedWrite........ Wall max =  0.0619031
Timings{0}>                      Wall avg =  0.0617779
Timings{0}>                      Wall min =   0.061628
Timings{0}> 
Timings{0}> GatherNUFFT2........ Wall max =    2.44731
Timings{0}>                      Wall avg =    2.29839
Timings{0}>                      Wall min =    2.16803
Timings{0}> 
Timings{0}> ---------------------------------------------
Timings{0}>      Measurement counts:
Timings{0}> ---------------------------------------------
Timings{0}> mainTimer........... Count =          1
Timings{0}> particlesCreation... Count =          0
Timings{0}> dumpData............ Count =         10
Timings{0}> kick................ Count =         20
Timings{0}> drift............... Count =         10
Timings{0}> initializeShapeFunc. Count =          0
Timings{0}> findInternal........ Count =          0
Timings{0}> findPeriodic........ Count =          0
Timings{0}> NativeNUFFT::init... Count =          0
Timings{0}> particleBC.......... Count =         10
Timings{0}> updateParticle...... Count =         10
Timings{0}> locateParticles..... Count =         10
Timings{0}> sendPreprocess...... Count =         10
Timings{0}> particleSend........ Count =         10
Timings{0}> particleRecv........ Count =         10
Timings{0}> particleDestroy..... Count =         10
Timings{0}> ScatterPIFNUFFT..... Count =         20
Timings{0}> NativeNUFFT1........ Count =         10
Timings{0}> scatterTimerNUFFT1.. Count =         10
Timings{0}> binSort............. Count =         40
Timings{0}> binComputeKeys...... Count =         40
Timings{0}> binSortByKey........ Count =         40
Timings{0}> binComputeOffsets... Count =         40
Timings{0}> FFTNUFFT1........... Count =         10
Timings{0}> TwiddleAdd.......... Count =         20
Timings{0}> subFFTs............. Count =         20
Timings{0}> deconvolutionNUFFT1. Count =         10
Timings{0}> GatherPIFNUFFT...... Count =         10
Timings{0}> NativeNUFFT2........ Count =         30
Timings{0}> PrecorrectionNUFFT2. Count =         30
Timings{0}> FFTNUFFT2........... Count =         30
Timings{0}> subIFFTs............ Count =         60
Timings{0}> StridedWrite........ Count =         60
Timings{0}> GatherNUFFT2........ Count =         30
Timings{0}> ---------------------------------------------
Timings{0}> ---------------------------------------------
Timings{0}>      Per-occurrence statistics:
Timings{0}> ---------------------------------------------
Timings{0}> mainTimer........... n=    1  mean=   34.5176  std=         0  min=   34.5176  max=   34.5176
Timings{0}> dumpData............ n=   10  mean=0.00487124  std=0.000524256  min=0.00421769  max=0.00571168
Timings{0}> kick................ n=   20  mean=0.00190671  std=2.78402e-05  min=0.00187778  max=0.00194002
Timings{0}> drift............... n=   10  mean=0.00189252  std=1.47501e-06  min=0.00189082  max=0.00189601
Timings{0}> particleBC.......... n=   10  mean=0.00384321  std=3.11709e-06  min=0.00383766  max=0.00384804
Timings{0}> updateParticle...... n=   10  mean= 0.0116827  std=0.00200906  min=0.00907825  max= 0.0147332
Timings{0}> locateParticles..... n=   10  mean=0.00146769  std=1.06033e-05  min=0.00145373  max= 0.0014859
Timings{0}> sendPreprocess...... n=   10  mean=0.000246772  std= 8.395e-05  min= 0.0001841  max=0.00045881
Timings{0}> particleSend........ n=   10  mean=0.000952882  std=2.31184e-05  min=0.00092695  max=0.00099303
Timings{0}> particleRecv........ n=   10  mean=2.8034e-05  std=3.23438e-06  min= 2.339e-05  max= 3.273e-05
Timings{0}> particleDestroy..... n=   10  mean=0.00443666  std=1.66478e-05  min=0.00441672  max=0.00446112
Timings{0}> ScatterPIFNUFFT..... n=   20  mean=  0.455241  std=  0.466916  min=0.00015613  max=  0.914955
Timings{0}> NativeNUFFT1........ n=   10  mean=  0.907258  std=0.00451395  min=  0.898777  max=  0.911939
Timings{0}> scatterTimerNUFFT1.. n=   10  mean=   0.15346  std=0.000370344  min=  0.153108  max=  0.154115
Timings{0}> binSort............. n=   40  mean= 0.0096801  std=1.65645e-05  min=0.00965953  max=0.00975197
Timings{0}> binComputeKeys...... n=   40  mean=0.00104972  std=2.92691e-06  min=0.00104586  max=0.00105933
Timings{0}> binSortByKey........ n=   40  mean=0.00835401  std=1.52163e-05  min= 0.0083204  max=0.00840545
Timings{0}> binComputeOffsets... n=   40  mean=0.000266268  std= 9.033e-06  min=0.00025943  max=0.00028643
Timings{0}> FFTNUFFT1........... n=   10  mean=  0.753651  std=0.00456992  min=  0.745173  max=  0.758376
Timings{0}> TwiddleAdd.......... n=   20  mean=0.000667728  std=8.34351e-06  min=0.00065307  max=0.00067765
Timings{0}> subFFTs............. n=   20  mean=  0.376121  std=0.00385548  min=  0.367574  max=  0.381958
Timings{0}> deconvolutionNUFFT1. n=   10  mean=0.000136159  std=6.95102e-06  min=0.00012971  max=0.00014974
Timings{0}> GatherPIFNUFFT...... n=   10  mean=    2.5136  std=0.00964873  min=   2.49816  max=   2.53683
Timings{0}> NativeNUFFT2........ n=   30  mean=   0.83357  std=0.00519408  min=  0.825168  max=  0.848472
Timings{0}> PrecorrectionNUFFT2. n=   30  mean=0.00013346  std=1.43689e-06  min=0.00013228  max=0.00013939
Timings{0}> FFTNUFFT2........... n=   30  mean=  0.754589  std=0.00617504  min=  0.739073  max=   0.76832
Timings{0}> subIFFTs............ n=   60  mean=  0.376057  std=0.00569176  min=  0.360233  max=  0.390133
Timings{0}> StridedWrite........ n=   60  mean=0.00103029  std=4.08965e-06  min=0.00102513  max=0.00105119
Timings{0}> GatherNUFFT2........ n=   30  mean= 0.0788283  std=0.00437274  min= 0.0737657  max= 0.0904998
Timings{0}> ---------------------------------------------
