LandauDampingPIF{0}> Landau damping
LandauDampingPIF{0}> nt 10 Np= 1073741824 Fourier modes = ( 512 , 512 , 512 )
LandauDampingPIF{0}> particles created and initial conditions assigned 
LandauDampingPIF{0}> After init shape function 
LandauDampingPIF{0}> After init NUFFT 
LandauDampingPIF{0}> After update 
[Scatter] Auto-select: OutputFocused (tp=33.9 Mpts/s) for w=9 rho=1.03 (was Tiled)
[Scatter] Cache hit: method=OutputFocused w=9 cx=1 rho=1.03 -> tile=(3,5,5) team=256 osub=1 zb=32 tp=33.9 Mpts/s (rho_csv=1.00)
LandauDampingPIF{0}> After scatter 
LandauDampingPIF{0}> After gather 
LandauDampingPIF{0}> Starting iterations ...
LandauDampingPIF{0}> Finished time step: -2 time: 0.0122718
LandauDampingPIF{0}> Finished time step: -1 time: 0.0245437
LandauDampingPIF{0}> Finished time step: 0 time: 0.0368155
LandauDampingPIF{0}> Finished time step: 1 time: 0.0490874
LandauDampingPIF{0}> Finished time step: 2 time: 0.0613592
LandauDampingPIF{0}> Finished time step: 3 time: 0.0736311
LandauDampingPIF{0}> Finished time step: 4 time: 0.0859029
LandauDampingPIF{0}> Finished time step: 5 time: 0.0981748
LandauDampingPIF{0}> Finished time step: 6 time: 0.110447
LandauDampingPIF{0}> Finished time step: 7 time: 0.122718
LandauDampingPIF{0}> Finished time step: 8 time: 0.13499
LandauDampingPIF{0}> Finished time step: 9 time: 0.147262
LandauDampingPIF{0}> Finished time step: 10 time: 0.159534
LandauDampingPIF{0}> LandauDamping: End.
Timings{0}> ---------------------------------------------
Timings{0}>      Timing results for 16 rank(s):
Timings{0}> ---------------------------------------------
Timings{0}> mainTimer........... Wall tot =     165.06
Timings{0}> 
Timings{0}> particlesCreation... Wall max =          0
Timings{0}>                      Wall avg =          0
Timings{0}>                      Wall min =          0
Timings{0}> 
Timings{0}> dumpData............ Wall max =    3.23951
Timings{0}>                      Wall avg =    1.71681
Timings{0}>                      Wall min =   0.209867
Timings{0}> 
Timings{0}> kick................ Wall max =  0.0906598
Timings{0}>                      Wall avg =  0.0857121
Timings{0}>                      Wall min =  0.0814044
Timings{0}> 
Timings{0}> drift............... Wall max =  0.0439421
Timings{0}>                      Wall avg =  0.0417367
Timings{0}>                      Wall min =  0.0397603
Timings{0}> 
Timings{0}> particleBC.......... Wall max =   0.129709
Timings{0}>                      Wall avg =   0.123868
Timings{0}>                      Wall min =   0.119301
Timings{0}> 
Timings{0}> initializeShapeFunc. Wall max =          0
Timings{0}>                      Wall avg =          0
Timings{0}>                      Wall min =          0
Timings{0}> 
Timings{0}> findInternal........ Wall max =          0
Timings{0}>                      Wall avg =          0
Timings{0}>                      Wall min =          0
Timings{0}> 
Timings{0}> findPeriodic........ Wall max =          0
Timings{0}>                      Wall avg =          0
Timings{0}>                      Wall min =          0
Timings{0}> 
Timings{0}> NativeNUFFT::init... Wall max =          0
Timings{0}>                      Wall avg =          0
Timings{0}>                      Wall min =          0
Timings{0}> 
Timings{0}> updateParticle...... Wall max =   0.451471
Timings{0}>                      Wall avg =   0.438296
Timings{0}>                      Wall min =   0.419928
Timings{0}> 
Timings{0}> locateParticles..... Wall max =   0.127267
Timings{0}>                      Wall avg =   0.116863
Timings{0}>                      Wall min =   0.107455
Timings{0}> 
Timings{0}> sendPreprocess...... Wall max =  0.0369197
Timings{0}>                      Wall avg =  0.0194011
Timings{0}>                      Wall min = 0.00152029
Timings{0}> 
Timings{0}> particleSend........ Wall max =  0.0367544
Timings{0}>                      Wall avg =  0.0239941
Timings{0}>                      Wall min =  0.0203305
Timings{0}> 
Timings{0}> particleRecv........ Wall max = 0.00037524
Timings{0}>                      Wall avg = 0.000314741
Timings{0}>                      Wall min = 0.000263814
Timings{0}> 
Timings{0}> particleDestroy..... Wall max =   0.251448
Timings{0}>                      Wall avg =   0.230352
Timings{0}>                      Wall min =   0.210615
Timings{0}> 
Timings{0}> ScatterPIFNUFFT..... Wall max =    21.4921
Timings{0}>                      Wall avg =    21.4646
Timings{0}>                      Wall min =    21.4369
Timings{0}> 
Timings{0}> NativeNUFFT1........ Wall max =    21.3736
Timings{0}>                      Wall avg =    21.3445
Timings{0}>                      Wall min =    21.3185
Timings{0}> 
Timings{0}> scatterTimerNUFFT1.. Wall max =    17.3632
Timings{0}>                      Wall avg =    17.3528
Timings{0}>                      Wall min =    17.3398
Timings{0}> 
Timings{0}> binSort............. Wall max =   0.281731
Timings{0}>                      Wall avg =   0.271104
Timings{0}>                      Wall min =   0.261646
Timings{0}> 
Timings{0}> binComputeKeys...... Wall max =  0.0221588
Timings{0}>                      Wall avg =  0.0212243
Timings{0}>                      Wall min =   0.020435
Timings{0}> 
Timings{0}> binSortByKey........ Wall max =   0.253851
Timings{0}>                      Wall avg =   0.244191
Timings{0}>                      Wall min =    0.23544
Timings{0}> 
Timings{0}> binComputeOffsets... Wall max = 0.00587859
Timings{0}>                      Wall avg = 0.00565316
Timings{0}>                      Wall min = 0.00542559
Timings{0}> 
Timings{0}> FFTNUFFT1........... Wall max =    4.01021
Timings{0}>                      Wall avg =    3.97847
Timings{0}>                      Wall min =    3.95022
Timings{0}> 
Timings{0}> deconvolutionNUFFT1. Wall max =  0.0145663
Timings{0}>                      Wall avg =  0.0131436
Timings{0}>                      Wall min =  0.0118401
Timings{0}> 
Timings{0}> GatherPIFNUFFT...... Wall max =    142.635
Timings{0}>                      Wall avg =    141.134
Timings{0}>                      Wall min =    139.615
Timings{0}> 
Timings{0}> NativeNUFFT2........ Wall max =    142.221
Timings{0}>                      Wall avg =     140.73
Timings{0}>                      Wall min =    139.218
Timings{0}> 
Timings{0}> PrecorrectionNUFFT2. Wall max =  0.0719016
Timings{0}>                      Wall avg =   0.067751
Timings{0}>                      Wall min =  0.0637584
Timings{0}> 
Timings{0}> FFTNUFFT2........... Wall max =    17.2087
Timings{0}>                      Wall avg =    14.1817
Timings{0}>                      Wall min =    11.0587
Timings{0}> 
Timings{0}> GatherNUFFT2........ Wall max =    131.091
Timings{0}>                      Wall avg =     126.48
Timings{0}>                      Wall min =    121.944
Timings{0}> 
Timings{0}> ---------------------------------------------
Timings{0}>      Measurement counts:
Timings{0}> ---------------------------------------------
Timings{0}> mainTimer........... Count =          1
Timings{0}> particlesCreation... Count =          0
Timings{0}> dumpData............ Count =         10
Timings{0}> kick................ Count =         20
Timings{0}> drift............... Count =         10
Timings{0}> particleBC.......... Count =         10
Timings{0}> initializeShapeFunc. Count =          0
Timings{0}> findInternal........ Count =          0
Timings{0}> findPeriodic........ Count =          0
Timings{0}> NativeNUFFT::init... Count =          0
Timings{0}> updateParticle...... Count =         10
Timings{0}> locateParticles..... Count =         10
Timings{0}> sendPreprocess...... Count =         10
Timings{0}> particleSend........ Count =         10
Timings{0}> particleRecv........ Count =         10
Timings{0}> particleDestroy..... Count =         10
Timings{0}> ScatterPIFNUFFT..... Count =         20
Timings{0}> NativeNUFFT1........ Count =         10
Timings{0}> scatterTimerNUFFT1.. Count =         10
Timings{0}> binSort............. Count =         10
Timings{0}> binComputeKeys...... Count =         10
Timings{0}> binSortByKey........ Count =         10
Timings{0}> binComputeOffsets... Count =         10
Timings{0}> FFTNUFFT1........... Count =         10
Timings{0}> deconvolutionNUFFT1. Count =         10
Timings{0}> GatherPIFNUFFT...... Count =         10
Timings{0}> NativeNUFFT2........ Count =         30
Timings{0}> PrecorrectionNUFFT2. Count =         30
Timings{0}> FFTNUFFT2........... Count =         30
Timings{0}> GatherNUFFT2........ Count =         30
Timings{0}> ---------------------------------------------
Timings{0}> ---------------------------------------------
Timings{0}>      Per-occurrence statistics:
Timings{0}> ---------------------------------------------
Timings{0}> mainTimer........... n=    1  mean=    165.06  std=         0  min=    165.06  max=    165.06
Timings{0}> dumpData............ n=   10  mean= 0.0305127  std=   0.01256  min= 0.0170123  max= 0.0534775
Timings{0}> kick................ n=   20  mean= 0.0044725  std=8.0761e-05  min=0.00426269  max=0.00453953
Timings{0}> drift............... n=   10  mean= 0.0043813  std=6.98576e-05  min=0.00429694  max=0.00446336
Timings{0}> particleBC.......... n=   10  mean= 0.0127729  std=7.96222e-05  min= 0.0126754  max= 0.0128982
Timings{0}> updateParticle...... n=   10  mean= 0.0439126  std=0.00455036  min= 0.0412183  max= 0.0554361
Timings{0}> locateParticles..... n=   10  mean= 0.0110354  std=6.95033e-05  min= 0.0109723  max= 0.0112193
Timings{0}> sendPreprocess...... n=   10  mean=0.00177305  std=0.000431976  min= 0.0013017  max=0.00243198
Timings{0}> particleSend........ n=   10  mean=0.00290617  std=0.00206498  min=0.00216722  max=0.00877914
Timings{0}> particleRecv........ n=   10  mean=3.15283e-05  std=1.72469e-06  min=2.8496e-05  max=3.4397e-05
Timings{0}> particleDestroy..... n=   10  mean= 0.0217325  std=9.72375e-05  min= 0.0216089  max= 0.0219253
Timings{0}> ScatterPIFNUFFT..... n=   20  mean=   1.07264  std=   1.09542  min=0.00496017  max=   2.15305
Timings{0}> NativeNUFFT1........ n=   10  mean=   2.13323  std=0.00663286  min=   2.12255  max=     2.146
Timings{0}> scatterTimerNUFFT1.. n=   10  mean=   1.73566  std=0.00371032  min=   1.73348  max=   1.74611
Timings{0}> binSort............. n=   10  mean=  0.027918  std=0.000355195  min= 0.0277743  max= 0.0289264
Timings{0}> binComputeKeys...... n=   10  mean=0.00218738  std=4.16612e-06  min=0.00218268  max=0.00219431
Timings{0}> binSortByKey........ n=   10  mean= 0.0251449  std=0.000352134  min= 0.0250033  max= 0.0261449
Timings{0}> binComputeOffsets... n=   10  mean=0.00058211  std=2.25035e-06  min=0.000578996  max=0.00058637
Timings{0}> FFTNUFFT1........... n=   10  mean=  0.396128  std=0.00529772  min=  0.385759  max=  0.406163
Timings{0}> deconvolutionNUFFT1. n=   10  mean=0.00143585  std=5.91413e-06  min=0.00142818  max=0.00144836
Timings{0}> GatherPIFNUFFT...... n=   10  mean=   14.2548  std= 0.0193569  min=   14.2295  max=   14.2833
Timings{0}> NativeNUFFT2........ n=   30  mean=    4.7379  std= 0.0122605  min=   4.70311  max=   4.76062
Timings{0}> PrecorrectionNUFFT2. n=   30  mean=0.00235817  std=5.29667e-05  min= 0.0023075  max=0.00254263
Timings{0}> FFTNUFFT2........... n=   30  mean=  0.379976  std=0.00988594  min=  0.356172  max=  0.401166
Timings{0}> GatherNUFFT2........ n=   30  mean=   4.35555  std= 0.0053758  min=   4.34459  max=   4.36782
Timings{0}> ---------------------------------------------
