LandauDampingPIF{0}> Landau damping
LandauDampingPIF{0}> nt 10 Np= 1073741824 Fourier modes = ( 512 , 512 , 512 )
LandauDampingPIF{0}> particles created and initial conditions assigned 
LandauDampingPIF{0}> After init shape function 
LandauDampingPIF{0}> After init NUFFT 
LandauDampingPIF{0}> After update 
[Scatter] Auto-select: OutputFocused (tp=33.9 Mpts/s) for w=9 rho=1.03 (was Tiled)
[Scatter] Cache hit: method=OutputFocused w=9 cx=1 rho=1.03 -> tile=(3,5,5) team=256 osub=1 zb=32 tp=33.9 Mpts/s (rho_csv=1.00)
LandauDampingPIF{0}> After scatter 
LandauDampingPIF{0}> After gather 
LandauDampingPIF{0}> Starting iterations ...
LandauDampingPIF{0}> Finished time step: -2 time: 0.0122718
LandauDampingPIF{0}> Finished time step: -1 time: 0.0245437
LandauDampingPIF{0}> Finished time step: 0 time: 0.0368155
LandauDampingPIF{0}> Finished time step: 1 time: 0.0490874
LandauDampingPIF{0}> Finished time step: 2 time: 0.0613592
LandauDampingPIF{0}> Finished time step: 3 time: 0.0736311
LandauDampingPIF{0}> Finished time step: 4 time: 0.0859029
LandauDampingPIF{0}> Finished time step: 5 time: 0.0981748
LandauDampingPIF{0}> Finished time step: 6 time: 0.110447
LandauDampingPIF{0}> Finished time step: 7 time: 0.122718
LandauDampingPIF{0}> Finished time step: 8 time: 0.13499
LandauDampingPIF{0}> Finished time step: 9 time: 0.147262
LandauDampingPIF{0}> Finished time step: 10 time: 0.159534
LandauDampingPIF{0}> LandauDamping: End.
Timings{0}> ---------------------------------------------
Timings{0}>      Timing results for 16 rank(s):
Timings{0}> ---------------------------------------------
Timings{0}> mainTimer........... Wall tot =    165.409
Timings{0}> 
Timings{0}> particlesCreation... Wall max =          0
Timings{0}>                      Wall avg =          0
Timings{0}>                      Wall min =          0
Timings{0}> 
Timings{0}> dumpData............ Wall max =    3.42616
Timings{0}>                      Wall avg =    1.90183
Timings{0}>                      Wall min =   0.192014
Timings{0}> 
Timings{0}> kick................ Wall max =  0.0882893
Timings{0}>                      Wall avg =  0.0844458
Timings{0}>                      Wall min =  0.0807807
Timings{0}> 
Timings{0}> drift............... Wall max =  0.0432123
Timings{0}>                      Wall avg =  0.0415845
Timings{0}>                      Wall min =  0.0401667
Timings{0}> 
Timings{0}> initializeShapeFunc. Wall max =          0
Timings{0}>                      Wall avg =          0
Timings{0}>                      Wall min =          0
Timings{0}> 
Timings{0}> findInternal........ Wall max =          0
Timings{0}>                      Wall avg =          0
Timings{0}>                      Wall min =          0
Timings{0}> 
Timings{0}> findPeriodic........ Wall max =          0
Timings{0}>                      Wall avg =          0
Timings{0}>                      Wall min =          0
Timings{0}> 
Timings{0}> NativeNUFFT::init... Wall max =          0
Timings{0}>                      Wall avg =          0
Timings{0}>                      Wall min =          0
Timings{0}> 
Timings{0}> particleBC.......... Wall max =   0.127889
Timings{0}>                      Wall avg =   0.123534
Timings{0}>                      Wall min =   0.119356
Timings{0}> 
Timings{0}> updateParticle...... Wall max =   0.462098
Timings{0}>                      Wall avg =   0.447485
Timings{0}>                      Wall min =   0.427503
Timings{0}> 
Timings{0}> locateParticles..... Wall max =   0.126843
Timings{0}>                      Wall avg =   0.116878
Timings{0}>                      Wall min =   0.107218
Timings{0}> 
Timings{0}> sendPreprocess...... Wall max =  0.0342459
Timings{0}>                      Wall avg =  0.0177638
Timings{0}>                      Wall min = 0.00125063
Timings{0}> 
Timings{0}> particleSend........ Wall max =  0.0365258
Timings{0}>                      Wall avg =  0.0241508
Timings{0}>                      Wall min =  0.0210519
Timings{0}> 
Timings{0}> particleRecv........ Wall max = 0.000383304
Timings{0}>                      Wall avg = 0.000320591
Timings{0}>                      Wall min = 0.000256819
Timings{0}> 
Timings{0}> particleDestroy..... Wall max =   0.251403
Timings{0}>                      Wall avg =   0.230347
Timings{0}>                      Wall min =   0.210947
Timings{0}> 
Timings{0}> ScatterPIFNUFFT..... Wall max =    21.2126
Timings{0}>                      Wall avg =    21.2026
Timings{0}>                      Wall min =    21.1909
Timings{0}> 
Timings{0}> NativeNUFFT1........ Wall max =    21.1525
Timings{0}>                      Wall avg =    21.1412
Timings{0}>                      Wall min =    21.1311
Timings{0}> 
Timings{0}> scatterTimerNUFFT1.. Wall max =    17.3039
Timings{0}>                      Wall avg =    17.2858
Timings{0}>                      Wall min =    17.2703
Timings{0}> 
Timings{0}> binSort............. Wall max =   0.280275
Timings{0}>                      Wall avg =   0.271016
Timings{0}>                      Wall min =   0.262362
Timings{0}> 
Timings{0}> binComputeKeys...... Wall max =  0.0220602
Timings{0}>                      Wall avg =  0.0213301
Timings{0}>                      Wall min =  0.0204777
Timings{0}> 
Timings{0}> binSortByKey........ Wall max =   0.252451
Timings{0}>                      Wall avg =   0.243966
Timings{0}>                      Wall min =   0.236156
Timings{0}> 
Timings{0}> binComputeOffsets... Wall max = 0.00592185
Timings{0}>                      Wall avg = 0.00566897
Timings{0}>                      Wall min = 0.00545223
Timings{0}> 
Timings{0}> FFTNUFFT1........... Wall max =    3.86288
Timings{0}>                      Wall avg =    3.85254
Timings{0}>                      Wall min =    3.83876
Timings{0}> 
Timings{0}> TwiddleAdd.......... Wall max =  0.0458664
Timings{0}>                      Wall avg =  0.0455535
Timings{0}>                      Wall min =  0.0453255
Timings{0}> 
Timings{0}> subFFTs............. Wall max =    3.81611
Timings{0}>                      Wall avg =     3.8057
Timings{0}>                      Wall min =    3.79165
Timings{0}> 
Timings{0}> deconvolutionNUFFT1. Wall max = 0.00283694
Timings{0}>                      Wall avg = 0.00279239
Timings{0}>                      Wall min = 0.00277404
Timings{0}> 
Timings{0}> GatherPIFNUFFT...... Wall max =    143.307
Timings{0}>                      Wall avg =    141.595
Timings{0}>                      Wall min =    140.073
Timings{0}> 
Timings{0}> NativeNUFFT2........ Wall max =    143.013
Timings{0}>                      Wall avg =    141.309
Timings{0}>                      Wall min =    139.797
Timings{0}> 
Timings{0}> PrecorrectionNUFFT2. Wall max = 0.00884997
Timings{0}>                      Wall avg = 0.00871856
Timings{0}>                      Wall min = 0.00863719
Timings{0}> 
Timings{0}> FFTNUFFT2........... Wall max =    17.6668
Timings{0}>                      Wall avg =    14.6291
Timings{0}>                      Wall min =    11.4309
Timings{0}> 
Timings{0}> subIFFTs............ Wall max =    17.4387
Timings{0}>                      Wall avg =    14.3991
Timings{0}>                      Wall min =    11.1991
Timings{0}> 
Timings{0}> StridedWrite........ Wall max =   0.205374
Timings{0}>                      Wall avg =   0.203702
Timings{0}>                      Wall min =   0.201224
Timings{0}> 
Timings{0}> GatherNUFFT2........ Wall max =    131.573
Timings{0}>                      Wall avg =    126.671
Timings{0}>                      Wall min =    122.121
Timings{0}> 
Timings{0}> ---------------------------------------------
Timings{0}>      Measurement counts:
Timings{0}> ---------------------------------------------
Timings{0}> mainTimer........... Count =          1
Timings{0}> particlesCreation... Count =          0
Timings{0}> dumpData............ Count =         10
Timings{0}> kick................ Count =         20
Timings{0}> drift............... Count =         10
Timings{0}> initializeShapeFunc. Count =          0
Timings{0}> findInternal........ Count =          0
Timings{0}> findPeriodic........ Count =          0
Timings{0}> NativeNUFFT::init... Count =          0
Timings{0}> particleBC.......... Count =         10
Timings{0}> updateParticle...... Count =         10
Timings{0}> locateParticles..... Count =         10
Timings{0}> sendPreprocess...... Count =         10
Timings{0}> particleSend........ Count =         10
Timings{0}> particleRecv........ Count =         10
Timings{0}> particleDestroy..... Count =         10
Timings{0}> ScatterPIFNUFFT..... Count =         20
Timings{0}> NativeNUFFT1........ Count =         10
Timings{0}> scatterTimerNUFFT1.. Count =         10
Timings{0}> binSort............. Count =         10
Timings{0}> binComputeKeys...... Count =         10
Timings{0}> binSortByKey........ Count =         10
Timings{0}> binComputeOffsets... Count =         10
Timings{0}> FFTNUFFT1........... Count =         10
Timings{0}> TwiddleAdd.......... Count =         20
Timings{0}> subFFTs............. Count =         20
Timings{0}> deconvolutionNUFFT1. Count =         10
Timings{0}> GatherPIFNUFFT...... Count =         10
Timings{0}> NativeNUFFT2........ Count =         30
Timings{0}> PrecorrectionNUFFT2. Count =         30
Timings{0}> FFTNUFFT2........... Count =         30
Timings{0}> subIFFTs............ Count =         60
Timings{0}> StridedWrite........ Count =         60
Timings{0}> GatherNUFFT2........ Count =         30
Timings{0}> ---------------------------------------------
Timings{0}> ---------------------------------------------
Timings{0}>      Per-occurrence statistics:
Timings{0}> ---------------------------------------------
Timings{0}> mainTimer........... n=    1  mean=   165.409  std=         0  min=   165.409  max=   165.409
Timings{0}> dumpData............ n=   10  mean= 0.0404188  std= 0.0266248  min=0.00844909  max= 0.0868444
Timings{0}> kick................ n=   20  mean=0.00440252  std=0.000106493  min=0.00428162  max=   0.00454
Timings{0}> drift............... n=   10  mean= 0.0042527  std=1.4491e-05  min=0.00423599  max=0.00427871
Timings{0}> particleBC.......... n=   10  mean= 0.0127394  std=4.99365e-05  min=  0.012682  max= 0.0128208
Timings{0}> updateParticle...... n=   10  mean= 0.0446774  std=0.00390087  min= 0.0423713  max= 0.0546873
Timings{0}> locateParticles..... n=   10  mean= 0.0110091  std=4.34581e-05  min= 0.0109393  max= 0.0110872
Timings{0}> sendPreprocess...... n=   10  mean=0.00181208  std=0.000128743  min=0.00158476  max=0.00195706
Timings{0}> particleSend........ n=   10  mean=0.00286192  std=0.00202177  min=0.00210324  max=0.00860723
Timings{0}> particleRecv........ n=   10  mean=3.09953e-05  std=3.11828e-06  min=2.6722e-05  max=3.6932e-05
Timings{0}> particleDestroy..... n=   10  mean= 0.0216691  std=4.54317e-05  min= 0.0215729  max= 0.0217377
Timings{0}> ScatterPIFNUFFT..... n=   20  mean=    1.0599  std=   1.08681  min=0.000610428  max=   2.13324
Timings{0}> NativeNUFFT1........ n=   10  mean=   2.11349  std=0.00679298  min=   2.10436  max=    2.1276
Timings{0}> scatterTimerNUFFT1.. n=   10  mean=   1.72875  std=0.00556312  min=    1.7262  max=   1.74442
Timings{0}> binSort............. n=   10  mean= 0.0278652  std=3.66569e-05  min= 0.0278219  max= 0.0279536
Timings{0}> binComputeKeys...... n=   10  mean=0.00220571  std=3.56002e-06  min=0.00220042  max=0.00220985
Timings{0}> binSortByKey........ n=   10  mean= 0.0250726  std=3.8253e-05  min= 0.0250327  max= 0.0251681
Timings{0}> binComputeOffsets... n=   10  mean=0.000581943  std=2.73224e-06  min=0.000577694  max=0.00058602
Timings{0}> FFTNUFFT1........... n=   10  mean=  0.384456  std=0.00422139  min=  0.377411  max=  0.390289
Timings{0}> TwiddleAdd.......... n=   20  mean= 0.0022768  std=4.29849e-06  min=0.00226986  max=0.00228163
Timings{0}> subFFTs............. n=   20  mean=  0.189887  std=0.00566741  min=  0.181873  max=  0.201079
Timings{0}> deconvolutionNUFFT1. n=   10  mean=0.000279329  std=3.38104e-06  min=0.000275446  max=0.000287058
Timings{0}> GatherPIFNUFFT...... n=   10  mean=   14.3089  std= 0.0267396  min=   14.2715  max=   14.3523
Timings{0}> NativeNUFFT2........ n=   30  mean=   4.75987  std= 0.0148933  min=   4.72222  max=   4.78796
Timings{0}> PrecorrectionNUFFT2. n=   30  mean=0.000294999  std=3.35963e-05  min=0.000278472  max=0.000453983
Timings{0}> FFTNUFFT2........... n=   30  mean=  0.390233  std= 0.0168054  min=   0.36218  max=  0.430292
Timings{0}> subIFFTs............ n=   60  mean=  0.191277  std= 0.0135122  min=  0.170827  max=  0.238043
Timings{0}> StridedWrite........ n=   60  mean=0.00340351  std=1.85254e-05  min=0.00336307  max=0.00344801
Timings{0}> GatherNUFFT2........ n=   30  mean=   4.36932  std= 0.0115963  min=   4.35625  max=   4.40671
Timings{0}> ---------------------------------------------
