
================================================================================
NUFFT Scaling Benchmark
================================================================================
Number of ranks: 16
Grid size:       512^3
Upsampled grid:  1024^3 (sigma=2)
Particles:       1073741824 (8 per point)
Tolerance:       0.0001
CSV output:      results/nufft_scaling_16_upsampled.csv
Component CSV:   results/nufft_components_16_upsampled.csv

=== Benchmarking NUFFT Type 1 ===
Grid size:       512^3
Upsampled grid:  1024^3 (sigma=2)
Total particles: 1073741824
Local particles: 67108864
Spread method:   output_focused
Tolerance:       0.0001
Warmup runs:     3
Benchmark runs:  10
Running warmup...
Running benchmark...

NUFFT Type 1 Results:
  Ranks:       16
  Grid:        512^3
  Particles:   1073741824
  Mean time:   1472.618 ms
  Min time:    1467.495 ms
  Max time:    1483.538 ms
  Stddev:      4.197 ms
  Throughput:  729.14 Mpts/s

=== Benchmarking NUFFT Type 2 ===
Grid size:       512^3
Upsampled grid:  1024^3 (sigma=2.00)
Total particles: 1073741824
Local particles: 67108864
Gather method:   atomic_sort
Tolerance:       0.00
Warmup runs:     3
Benchmark runs:  10
Running warmup...
Running benchmark...

NUFFT Type 2 Results:
  Ranks:       16
  Grid:        512^3
  Particles:   1073741824
  Mean time:   950.382 ms
  Min time:    947.365 ms
  Max time:    952.310 ms
  Stddev:      1.745 ms
  Throughput:  1129.80 Mpts/s
[CSV] Timings written to results/nufft_scaling_16_upsampled.csv

==================================================
COMPONENT TIMING BREAKDOWN
==================================================

Type-1 (spreading):
----------------------------------------
Scatter (spreading)          569.77 ms
FFT (forward)                850.78 ms
Deconvolution                  1.11 ms

Type-2 (interpolation):
----------------------------------------
Precorrection                  1.89 ms
FFT (backward)               936.51 ms
Gather (interpolation)        94.88 ms

Total:
----------------------------------------
Complete Type-1             1421.68 ms
Complete Type-2             1033.31 ms
[CSV] Component timings written to results/nufft_components_16_upsampled.csv

================================================================================
SUMMARY
================================================================================
Type 1: 1472.618 ms (729.14 Mpts/s)
Type 2: 950.38 ms (1129.80 Mpts/s)
================================================================================
