LandauDampingPIF{0}> Landau damping
LandauDampingPIF{0}> nt 10 Np= 1073741824 Fourier modes = ( 512 , 512 , 512 )
LandauDampingPIF{0}> particles created and initial conditions assigned 
LandauDampingPIF{0}> After init shape function 
LandauDampingPIF{0}> After init NUFFT 
LandauDampingPIF{0}> After update 
[Scatter] Auto-select: OutputFocused (tp=33.9 Mpts/s) for w=9 rho=1.14 (was Tiled)
[Scatter] Cache hit: method=OutputFocused w=9 cx=1 rho=1.14 -> tile=(3,5,5) team=256 osub=1 zb=32 tp=33.9 Mpts/s (rho_csv=1.00)
LandauDampingPIF{0}> After scatter 
LandauDampingPIF{0}> After gather 
LandauDampingPIF{0}> Starting iterations ...
LandauDampingPIF{0}> Finished time step: -2 time: 0.0122718
LandauDampingPIF{0}> Finished time step: -1 time: 0.0245437
LandauDampingPIF{0}> Finished time step: 0 time: 0.0368155
LandauDampingPIF{0}> Finished time step: 1 time: 0.0490874
LandauDampingPIF{0}> Finished time step: 2 time: 0.0613592
LandauDampingPIF{0}> Finished time step: 3 time: 0.0736311
LandauDampingPIF{0}> Finished time step: 4 time: 0.0859029
LandauDampingPIF{0}> Finished time step: 5 time: 0.0981748
LandauDampingPIF{0}> Finished time step: 6 time: 0.110447
LandauDampingPIF{0}> Finished time step: 7 time: 0.122718
LandauDampingPIF{0}> Finished time step: 8 time: 0.13499
LandauDampingPIF{0}> Finished time step: 9 time: 0.147262
LandauDampingPIF{0}> Finished time step: 10 time: 0.159534
LandauDampingPIF{0}> LandauDamping: End.
Timings{0}> ---------------------------------------------
Timings{0}>      Timing results for 512 rank(s):
Timings{0}> ---------------------------------------------
Timings{0}> mainTimer........... Wall tot =    4.78258
Timings{0}> 
Timings{0}> particlesCreation... Wall max =          0
Timings{0}>                      Wall avg =          0
Timings{0}>                      Wall min =          0
Timings{0}> 
Timings{0}> dumpData............ Wall max =   0.250734
Timings{0}>                      Wall avg =   0.136416
Timings{0}>                      Wall min =  0.0257232
Timings{0}> 
Timings{0}> kick................ Wall max = 0.00370759
Timings{0}>                      Wall avg = 0.00295673
Timings{0}>                      Wall min = 0.00254962
Timings{0}> 
Timings{0}> drift............... Wall max = 0.00182127
Timings{0}>                      Wall avg =  0.0014596
Timings{0}>                      Wall min = 0.00125332
Timings{0}> 
Timings{0}> particleBC.......... Wall max = 0.00733761
Timings{0}>                      Wall avg = 0.00417128
Timings{0}>                      Wall min =  0.0035258
Timings{0}> 
Timings{0}> initializeShapeFunc. Wall max =          0
Timings{0}>                      Wall avg =          0
Timings{0}>                      Wall min =          0
Timings{0}> 
Timings{0}> findInternal........ Wall max =          0
Timings{0}>                      Wall avg =          0
Timings{0}>                      Wall min =          0
Timings{0}> 
Timings{0}> findPeriodic........ Wall max =          0
Timings{0}>                      Wall avg =          0
Timings{0}>                      Wall min =          0
Timings{0}> 
Timings{0}> NativeNUFFT::init... Wall max =          0
Timings{0}>                      Wall avg =          0
Timings{0}>                      Wall min =          0
Timings{0}> 
Timings{0}> updateParticle...... Wall max =   0.148756
Timings{0}>                      Wall avg =   0.101224
Timings{0}>                      Wall min =  0.0695303
Timings{0}> 
Timings{0}> locateParticles..... Wall max =  0.0136905
Timings{0}>                      Wall avg =  0.0121098
Timings{0}>                      Wall min =  0.0110656
Timings{0}> 
Timings{0}> sendPreprocess...... Wall max = 0.00948575
Timings{0}>                      Wall avg = 0.00742143
Timings{0}>                      Wall min = 0.00357584
Timings{0}> 
Timings{0}> particleSend........ Wall max =  0.0504876
Timings{0}>                      Wall avg =   0.017956
Timings{0}>                      Wall min =  0.0126368
Timings{0}> 
Timings{0}> particleRecv........ Wall max =  0.0012786
Timings{0}>                      Wall avg = 0.000882624
Timings{0}>                      Wall min = 0.000766205
Timings{0}> 
Timings{0}> particleDestroy..... Wall max =  0.0199551
Timings{0}>                      Wall avg =  0.0153494
Timings{0}>                      Wall min =  0.0129643
Timings{0}> 
Timings{0}> ScatterPIFNUFFT..... Wall max =    1.04067
Timings{0}>                      Wall avg =    1.00564
Timings{0}>                      Wall min =   0.950982
Timings{0}> 
Timings{0}> NativeNUFFT1........ Wall max =    1.03487
Timings{0}>                      Wall avg =    1.00043
Timings{0}>                      Wall min =   0.945653
Timings{0}> 
Timings{0}> scatterTimerNUFFT1.. Wall max =   0.739594
Timings{0}>                      Wall avg =   0.681654
Timings{0}>                      Wall min =   0.613837
Timings{0}> 
Timings{0}> binSort............. Wall max =  0.0143766
Timings{0}>                      Wall avg =  0.0124886
Timings{0}>                      Wall min =  0.0113368
Timings{0}> 
Timings{0}> binComputeKeys...... Wall max = 0.00109093
Timings{0}>                      Wall avg = 0.000831264
Timings{0}>                      Wall min = 0.000714296
Timings{0}> 
Timings{0}> binSortByKey........ Wall max =  0.0129846
Timings{0}>                      Wall avg =  0.0111013
Timings{0}>                      Wall min =  0.0100765
Timings{0}> 
Timings{0}> binComputeOffsets... Wall max = 0.00076595
Timings{0}>                      Wall avg = 0.000524241
Timings{0}>                      Wall min = 0.00047474
Timings{0}> 
Timings{0}> FFTNUFFT1........... Wall max =   0.376467
Timings{0}>                      Wall avg =   0.318153
Timings{0}>                      Wall min =   0.259048
Timings{0}> 
Timings{0}> deconvolutionNUFFT1. Wall max = 0.000991786
Timings{0}>                      Wall avg = 0.000589678
Timings{0}>                      Wall min = 0.000530015
Timings{0}> 
Timings{0}> GatherPIFNUFFT...... Wall max =    3.63909
Timings{0}>                      Wall avg =    3.52659
Timings{0}>                      Wall min =    3.42064
Timings{0}> 
Timings{0}> NativeNUFFT2........ Wall max =    3.62314
Timings{0}>                      Wall avg =    3.51172
Timings{0}>                      Wall min =    3.40647
Timings{0}> 
Timings{0}> PrecorrectionNUFFT2. Wall max = 0.00454006
Timings{0}>                      Wall avg =  0.0033942
Timings{0}>                      Wall min = 0.00307592
Timings{0}> 
Timings{0}> FFTNUFFT2........... Wall max =    1.17564
Timings{0}>                      Wall avg =   0.964323
Timings{0}>                      Wall min =   0.729458
Timings{0}> 
Timings{0}> GatherNUFFT2........ Wall max =    2.88276
Timings{0}>                      Wall avg =    2.54382
Timings{0}>                      Wall min =     2.2407
Timings{0}> 
Timings{0}> ---------------------------------------------
Timings{0}>      Measurement counts:
Timings{0}> ---------------------------------------------
Timings{0}> mainTimer........... Count =          1
Timings{0}> particlesCreation... Count =          0
Timings{0}> dumpData............ Count =         10
Timings{0}> kick................ Count =         20
Timings{0}> drift............... Count =         10
Timings{0}> particleBC.......... Count =         10
Timings{0}> initializeShapeFunc. Count =          0
Timings{0}> findInternal........ Count =          0
Timings{0}> findPeriodic........ Count =          0
Timings{0}> NativeNUFFT::init... Count =          0
Timings{0}> updateParticle...... Count =         10
Timings{0}> locateParticles..... Count =         10
Timings{0}> sendPreprocess...... Count =         10
Timings{0}> particleSend........ Count =         10
Timings{0}> particleRecv........ Count =         10
Timings{0}> particleDestroy..... Count =         10
Timings{0}> ScatterPIFNUFFT..... Count =         20
Timings{0}> NativeNUFFT1........ Count =         10
Timings{0}> scatterTimerNUFFT1.. Count =         10
Timings{0}> binSort............. Count =         10
Timings{0}> binComputeKeys...... Count =         10
Timings{0}> binSortByKey........ Count =         10
Timings{0}> binComputeOffsets... Count =         10
Timings{0}> FFTNUFFT1........... Count =         10
Timings{0}> deconvolutionNUFFT1. Count =         10
Timings{0}> GatherPIFNUFFT...... Count =         10
Timings{0}> NativeNUFFT2........ Count =         30
Timings{0}> PrecorrectionNUFFT2. Count =         30
Timings{0}> FFTNUFFT2........... Count =         30
Timings{0}> GatherNUFFT2........ Count =         30
Timings{0}> ---------------------------------------------
Timings{0}> ---------------------------------------------
Timings{0}>      Per-occurrence statistics:
Timings{0}> ---------------------------------------------
Timings{0}> mainTimer........... n=    1  mean=   4.78215  std=         0  min=   4.78215  max=   4.78215
Timings{0}> dumpData............ n=   10  mean=0.00346427  std=0.00125617  min=0.00180558  max=0.00556072
Timings{0}> kick................ n=   20  mean=0.000169126  std=1.05451e-06  min=0.000167315  max=0.000171032
Timings{0}> drift............... n=   10  mean=0.000162276  std=7.33066e-07  min=0.000161143  max=0.000163547
Timings{0}> particleBC.......... n=   10  mean=0.000475705  std=6.32859e-05  min=0.000451416  max=0.000655593
Timings{0}> updateParticle...... n=   10  mean= 0.0102163  std=0.00436695  min= 0.0066155  max= 0.0205364
Timings{0}> locateParticles..... n=   10  mean=0.00120289  std=6.77123e-06  min=0.00119448  max=0.00121529
Timings{0}> sendPreprocess...... n=   10  mean=0.00061743  std=0.000165303  min=0.000208786  max=0.000755918
Timings{0}> particleSend........ n=   10  mean=0.00173098  std=0.000296593  min=0.00148614  max=0.00224086
Timings{0}> particleRecv........ n=   10  mean=8.80109e-05  std=3.35169e-06  min=8.3963e-05  max=9.4063e-05
Timings{0}> particleDestroy..... n=   10  mean=0.00161765  std=5.59269e-06  min=0.00160826  max= 0.0016262
Timings{0}> ScatterPIFNUFFT..... n=   20  mean= 0.0500217  std= 0.0516812  min=0.000157736  max=  0.117126
Timings{0}> NativeNUFFT1........ n=   10  mean= 0.0994949  std= 0.0106677  min= 0.0840517  max=  0.116736
Timings{0}> scatterTimerNUFFT1.. n=   10  mean= 0.0731833  std=0.00893601  min= 0.0616743  max= 0.0906362
Timings{0}> binSort............. n=   10  mean=0.00136164  std=9.59114e-06  min=0.00134192  max=0.00137798
Timings{0}> binComputeKeys...... n=   10  mean=9.2189e-05  std=1.26667e-06  min=9.0806e-05  max=9.4634e-05
Timings{0}> binSortByKey........ n=   10  mean= 0.0012104  std=9.54201e-06  min=0.00119065  max=0.00122634
Timings{0}> binComputeOffsets... n=   10  mean=5.58515e-05  std=1.31796e-06  min=5.3935e-05  max=5.7832e-05
Timings{0}> FFTNUFFT1........... n=   10  mean= 0.0262265  std=0.00374541  min= 0.0222609  max= 0.0329329
Timings{0}> deconvolutionNUFFT1. n=   10  mean=8.13409e-05  std=8.56387e-07  min=8.0196e-05  max=8.3302e-05
Timings{0}> GatherPIFNUFFT...... n=   10  mean=  0.363123  std=0.00651898  min=  0.355159  max=  0.377185
Timings{0}> NativeNUFFT2........ n=   30  mean=  0.120501  std=0.00345871  min=   0.11553  max=  0.131946
Timings{0}> PrecorrectionNUFFT2. n=   30  mean=0.000139038  std=8.06586e-06  min=0.000128659  max=0.000152546
Timings{0}> FFTNUFFT2........... n=   30  mean= 0.0243153  std=0.00240941  min= 0.0213333  max= 0.0296722
Timings{0}> GatherNUFFT2........ n=   30  mean= 0.0960407  std=0.00218368  min= 0.0930449  max=  0.103997
Timings{0}> ---------------------------------------------
