
================================================================================
NUFFT Scaling Benchmark
================================================================================
Number of ranks: 512
Grid size:       1024^3
Upsampled grid:  2048^3 (sigma=2)
Particles:       8589934592 (8 per point)
Tolerance:       0.0001
CSV output:      results/nufft_scaling_512_upsampled.csv
Component CSV:   results/nufft_components_512_upsampled.csv

=== Benchmarking NUFFT Type 1 ===
Grid size:       1024^3
Upsampled grid:  2048^3 (sigma=2)
Total particles: 8589934592
Local particles: 16777216
Spread method:   output_focused
Tolerance:       0.0001
Warmup runs:     3
Benchmark runs:  10
Running warmup...
Running benchmark...

NUFFT Type 1 Results:
  Ranks:       512
  Grid:        1024^3
  Particles:   8589934592
  Mean time:   723.334 ms
  Min time:    702.853 ms
  Max time:    739.968 ms
  Stddev:      12.534 ms
  Throughput:  11875.47 Mpts/s

=== Benchmarking NUFFT Type 2 ===
Grid size:       1024^3
Upsampled grid:  2048^3 (sigma=2.00)
Total particles: 8589934592
Local particles: 16777216
Gather method:   atomic_sort
Tolerance:       0.00
Warmup runs:     3
Benchmark runs:  10
Running warmup...
Running benchmark...

NUFFT Type 2 Results:
  Ranks:       512
  Grid:        1024^3
  Particles:   8589934592
  Mean time:   270.382 ms
  Min time:    256.250 ms
  Max time:    280.984 ms
  Stddev:      8.066 ms
  Throughput:  31769.60 Mpts/s
[CSV] Timings written to results/nufft_scaling_512_upsampled.csv

==================================================
COMPONENT TIMING BREAKDOWN
==================================================

Type-1 (spreading):
----------------------------------------
Scatter (spreading)          506.47 ms
FFT (forward)                198.88 ms
Deconvolution                  0.50 ms

Type-2 (interpolation):
----------------------------------------
Precorrection                  0.74 ms
FFT (backward)               203.06 ms
Gather (interpolation)        62.15 ms

Total:
----------------------------------------
Complete Type-1              705.85 ms
Complete Type-2              265.96 ms
[CSV] Component timings written to results/nufft_components_512_upsampled.csv

================================================================================
SUMMARY
================================================================================
Type 1: 723.334 ms (11875.47 Mpts/s)
Type 2: 270.38 ms (31769.60 Mpts/s)
================================================================================
