LandauDampingPIF{0}> Landau damping
LandauDampingPIF{0}> nt 10 Np= 1073741824 Fourier modes = ( 512 , 512 , 512 )
LandauDampingPIF{0}> particles created and initial conditions assigned 
LandauDampingPIF{0}> After init shape function 
LandauDampingPIF{0}> After init NUFFT 
LandauDampingPIF{0}> After update 
[Scatter] Auto-select: OutputFocused (tp=359.0 Mpts/s) for w=9 rho=1.03 (was Atomic)
[Scatter] Cache hit: method=OutputFocused w=9 cx=1 rho=1.03 -> tile=(2,3,3) team=256 osub=1 zb=32 tp=359.0 Mpts/s (rho_csv=1.25)
LandauDampingPIF{0}> After scatter 
LandauDampingPIF{0}> After gather 
LandauDampingPIF{0}> Starting iterations ...
LandauDampingPIF{0}> Finished time step: -2 time: 0.0122718
LandauDampingPIF{0}> Finished time step: -1 time: 0.0245437
LandauDampingPIF{0}> Finished time step: 0 time: 0.0368155
LandauDampingPIF{0}> Finished time step: 1 time: 0.0490874
LandauDampingPIF{0}> Finished time step: 2 time: 0.0613592
LandauDampingPIF{0}> Finished time step: 3 time: 0.0736311
LandauDampingPIF{0}> Finished time step: 4 time: 0.0859029
LandauDampingPIF{0}> Finished time step: 5 time: 0.0981748
LandauDampingPIF{0}> Finished time step: 6 time: 0.110447
LandauDampingPIF{0}> Finished time step: 7 time: 0.122718
LandauDampingPIF{0}> Finished time step: 8 time: 0.13499
LandauDampingPIF{0}> Finished time step: 9 time: 0.147262
LandauDampingPIF{0}> Finished time step: 10 time: 0.159534
LandauDampingPIF{0}> LandauDamping: End.
Timings{0}> ---------------------------------------------
Timings{0}>      Timing results for 16 rank(s):
Timings{0}> ---------------------------------------------
Timings{0}> mainTimer........... Wall tot =    10.6683
Timings{0}> 
Timings{0}> particlesCreation... Wall max =          0
Timings{0}>                      Wall avg =          0
Timings{0}>                      Wall min =          0
Timings{0}> 
Timings{0}> dumpData............ Wall max =   0.105297
Timings{0}>                      Wall avg =  0.0810958
Timings{0}>                      Wall min =  0.0597003
Timings{0}> 
Timings{0}> kick................ Wall max = 0.000702507
Timings{0}>                      Wall avg = 0.000601132
Timings{0}>                      Wall min = 0.000474259
Timings{0}> 
Timings{0}> drift............... Wall max = 6.9886e-05
Timings{0}>                      Wall avg =  5.533e-05
Timings{0}>                      Wall min = 3.9903e-05
Timings{0}> 
Timings{0}> initializeShapeFunc. Wall max =          0
Timings{0}>                      Wall avg =          0
Timings{0}>                      Wall min =          0
Timings{0}> 
Timings{0}> findInternal........ Wall max =          0
Timings{0}>                      Wall avg =          0
Timings{0}>                      Wall min =          0
Timings{0}> 
Timings{0}> findPeriodic........ Wall max =          0
Timings{0}>                      Wall avg =          0
Timings{0}>                      Wall min =          0
Timings{0}> 
Timings{0}> NativeNUFFT::init... Wall max =          0
Timings{0}>                      Wall avg =          0
Timings{0}>                      Wall min =          0
Timings{0}> 
Timings{0}> particleBC.......... Wall max = 0.000117053
Timings{0}>                      Wall avg = 0.000100982
Timings{0}>                      Wall min = 8.5116e-05
Timings{0}> 
Timings{0}> updateParticle...... Wall max =   0.214025
Timings{0}>                      Wall avg =   0.170408
Timings{0}>                      Wall min =   0.135432
Timings{0}> 
Timings{0}> locateParticles..... Wall max =   0.071791
Timings{0}>                      Wall avg =  0.0696602
Timings{0}>                      Wall min =  0.0673129
Timings{0}> 
Timings{0}> sendPreprocess...... Wall max = 0.00674136
Timings{0}>                      Wall avg = 0.00439412
Timings{0}>                      Wall min = 0.00212857
Timings{0}> 
Timings{0}> particleSend........ Wall max = 0.00854932
Timings{0}>                      Wall avg = 0.00826088
Timings{0}>                      Wall min = 0.00785902
Timings{0}> 
Timings{0}> particleRecv........ Wall max = 0.000377205
Timings{0}>                      Wall avg = 0.000305175
Timings{0}>                      Wall min = 0.000262744
Timings{0}> 
Timings{0}> particleDestroy..... Wall max =   0.050463
Timings{0}>                      Wall avg =  0.0458176
Timings{0}>                      Wall min =  0.0419883
Timings{0}> 
Timings{0}> ScatterPIFNUFFT..... Wall max =    3.47949
Timings{0}>                      Wall avg =    3.43861
Timings{0}>                      Wall min =     3.3875
Timings{0}> 
Timings{0}> NativeNUFFT1........ Wall max =    3.46239
Timings{0}>                      Wall avg =    3.42163
Timings{0}>                      Wall min =    3.37009
Timings{0}> 
Timings{0}> scatterTimerNUFFT1.. Wall max =    1.93655
Timings{0}>                      Wall avg =    1.89886
Timings{0}>                      Wall min =    1.85226
Timings{0}> 
Timings{0}> binSort............. Wall max =   0.329909
Timings{0}>                      Wall avg =    0.31964
Timings{0}>                      Wall min =    0.30998
Timings{0}> 
Timings{0}> binComputeKeys...... Wall max =  0.0323466
Timings{0}>                      Wall avg =   0.030897
Timings{0}>                      Wall min =   0.029602
Timings{0}> 
Timings{0}> binSortByKey........ Wall max =   0.282473
Timings{0}>                      Wall avg =   0.273944
Timings{0}>                      Wall min =    0.26571
Timings{0}> 
Timings{0}> binComputeOffsets... Wall max =  0.0154327
Timings{0}>                      Wall avg =  0.0146902
Timings{0}>                      Wall min =  0.0140919
Timings{0}> 
Timings{0}> FFTNUFFT1........... Wall max =    1.52717
Timings{0}>                      Wall avg =    1.51519
Timings{0}>                      Wall min =    1.50065
Timings{0}> 
Timings{0}> TwiddleAdd.......... Wall max = 0.000690667
Timings{0}>                      Wall avg = 0.000575086
Timings{0}>                      Wall min = 0.000451216
Timings{0}> 
Timings{0}> subFFTs............. Wall max =    1.52591
Timings{0}>                      Wall avg =    1.51393
Timings{0}>                      Wall min =    1.49946
Timings{0}> 
Timings{0}> deconvolutionNUFFT1. Wall max = 0.00767297
Timings{0}>                      Wall avg = 0.00756462
Timings{0}>                      Wall min = 0.00748396
Timings{0}> 
Timings{0}> GatherPIFNUFFT...... Wall max =    6.97249
Timings{0}>                      Wall avg =    6.93666
Timings{0}>                      Wall min =    6.91274
Timings{0}> 
Timings{0}> NativeNUFFT2........ Wall max =    6.96088
Timings{0}>                      Wall avg =    6.92457
Timings{0}>                      Wall min =    6.89977
Timings{0}> 
Timings{0}> PrecorrectionNUFFT2. Wall max =  0.0750603
Timings{0}>                      Wall avg =  0.0729536
Timings{0}>                      Wall min =  0.0708237
Timings{0}> 
Timings{0}> FFTNUFFT2........... Wall max =    4.62058
Timings{0}>                      Wall avg =    4.56326
Timings{0}>                      Wall min =    4.48267
Timings{0}> 
Timings{0}> subIFFTs............ Wall max =    4.60666
Timings{0}>                      Wall avg =    4.54981
Timings{0}>                      Wall min =    4.46977
Timings{0}> 
Timings{0}> StridedWrite........ Wall max = 0.00226822
Timings{0}>                      Wall avg = 0.00183937
Timings{0}>                      Wall min = 0.00148994
Timings{0}> 
Timings{0}> GatherNUFFT2........ Wall max =   0.475322
Timings{0}>                      Wall avg =   0.432362
Timings{0}>                      Wall min =   0.390849
Timings{0}> 
Timings{0}> ---------------------------------------------
Timings{0}>      Measurement counts:
Timings{0}> ---------------------------------------------
Timings{0}> mainTimer........... Count =          1
Timings{0}> particlesCreation... Count =          0
Timings{0}> dumpData............ Count =         10
Timings{0}> kick................ Count =         20
Timings{0}> drift............... Count =         10
Timings{0}> initializeShapeFunc. Count =          0
Timings{0}> findInternal........ Count =          0
Timings{0}> findPeriodic........ Count =          0
Timings{0}> NativeNUFFT::init... Count =          0
Timings{0}> particleBC.......... Count =         10
Timings{0}> updateParticle...... Count =         10
Timings{0}> locateParticles..... Count =         10
Timings{0}> sendPreprocess...... Count =         10
Timings{0}> particleSend........ Count =         10
Timings{0}> particleRecv........ Count =         10
Timings{0}> particleDestroy..... Count =         10
Timings{0}> ScatterPIFNUFFT..... Count =         20
Timings{0}> NativeNUFFT1........ Count =         10
Timings{0}> scatterTimerNUFFT1.. Count =         10
Timings{0}> binSort............. Count =         40
Timings{0}> binComputeKeys...... Count =         40
Timings{0}> binSortByKey........ Count =         40
Timings{0}> binComputeOffsets... Count =         40
Timings{0}> FFTNUFFT1........... Count =         10
Timings{0}> TwiddleAdd.......... Count =         20
Timings{0}> subFFTs............. Count =         20
Timings{0}> deconvolutionNUFFT1. Count =         10
Timings{0}> GatherPIFNUFFT...... Count =         10
Timings{0}> NativeNUFFT2........ Count =         30
Timings{0}> PrecorrectionNUFFT2. Count =         30
Timings{0}> FFTNUFFT2........... Count =         30
Timings{0}> subIFFTs............ Count =         60
Timings{0}> StridedWrite........ Count =         60
Timings{0}> GatherNUFFT2........ Count =         30
Timings{0}> ---------------------------------------------
Timings{0}> ---------------------------------------------
Timings{0}>      Per-occurrence statistics:
Timings{0}> ---------------------------------------------
Timings{0}> mainTimer........... n=    1  mean=   10.6683  std=         0  min=   10.6683  max=   10.6683
Timings{0}> dumpData............ n=   10  mean=0.00597003  std=0.000220064  min=0.00575489  max=0.00635499
Timings{0}> kick................ n=   20  mean=3.0516e-05  std=2.03125e-05  min= 8.672e-06  max= 5.795e-05
Timings{0}> drift............... n=   10  mean=3.9903e-06  std=2.93361e-07  min= 3.648e-06  max= 4.512e-06
Timings{0}> particleBC.......... n=   10  mean=8.5116e-06  std=3.89744e-07  min= 7.872e-06  max= 9.024e-06
Timings{0}> updateParticle...... n=   10  mean= 0.0136365  std=3.72788e-05  min= 0.0135859  max= 0.0136912
Timings{0}> locateParticles..... n=   10  mean=0.00712012  std=6.94477e-06  min=0.00710883  max=0.00713571
Timings{0}> sendPreprocess...... n=   10  mean=0.000289594  std=2.53712e-05  min=0.000253656  max=0.000333109
Timings{0}> particleSend........ n=   10  mean=0.00083876  std=2.18364e-05  min=0.000804583  max=0.000870212
Timings{0}> particleRecv........ n=   10  mean=2.74521e-05  std=4.67487e-06  min=2.2239e-05  max=3.7375e-05
Timings{0}> particleDestroy..... n=   10  mean=0.00435955  std=1.35216e-05  min=0.00434501  max=0.00439163
Timings{0}> ScatterPIFNUFFT..... n=   20  mean=  0.172966  std=  0.177813  min=1.2192e-05  max=  0.369188
Timings{0}> NativeNUFFT1........ n=   10  mean=  0.344263  std= 0.0168458  min=  0.327389  max=  0.367647
Timings{0}> scatterTimerNUFFT1.. n=   10  mean=  0.193429  std= 0.0168724  min=  0.180628  max=  0.217657
Timings{0}> binSort............. n=   40  mean=0.00822759  std=3.21454e-05  min=0.00815683  max=0.00828978
Timings{0}> binComputeKeys...... n=   40  mean=0.000783248  std=8.57954e-06  min=0.000766856  max=0.000806374
Timings{0}> binSortByKey........ n=   40  mean=0.00705511  std=2.45274e-05  min=0.00700234  max=0.00709756
Timings{0}> binComputeOffsets... n=   40  mean=0.000385817  std=1.00374e-05  min=0.000362996  max=0.000398195
Timings{0}> FFTNUFFT1........... n=   10  mean=  0.150065  std=0.00606341  min=  0.145422  max=  0.166522
Timings{0}> TwiddleAdd.......... n=   20  mean=2.54983e-05  std=3.56532e-06  min=2.1663e-05  max=3.5999e-05
Timings{0}> subFFTs............. n=   20  mean= 0.0749728  std=0.00484601  min= 0.0717464  max=  0.094231
Timings{0}> deconvolutionNUFFT1. n=   10  mean=0.000767297  std=5.41594e-06  min=0.000760455  max=0.000778695
Timings{0}> GatherPIFNUFFT...... n=   10  mean=  0.697249  std=0.00646388  min=  0.688758  max=  0.706666
Timings{0}> NativeNUFFT2........ n=   30  mean=  0.232029  std= 0.0037377  min=  0.226176  max=  0.240296
Timings{0}> PrecorrectionNUFFT2. n=   30  mean=0.00249286  std=0.000937187  min=0.00117862  max=0.00315465
Timings{0}> FFTNUFFT2........... n=   30  mean=  0.149422  std=0.00294712  min=  0.143636  max=  0.154851
Timings{0}> subIFFTs............ n=   60  mean= 0.0744961  std=0.00303117  min= 0.0695949  max= 0.0803154
Timings{0}> StridedWrite........ n=   60  mean=2.54093e-05  std=5.24793e-06  min=2.0703e-05  max=5.7118e-05
Timings{0}> GatherNUFFT2........ n=   30  mean= 0.0158441  std=0.00158881  min= 0.0136179  max=  0.019468
Timings{0}> ---------------------------------------------
