LandauDampingPIF{0}> Landau damping
LandauDampingPIF{0}> nt 10 Np= 1073741824 Fourier modes = ( 512 , 512 , 512 )
LandauDampingPIF{0}> particles created and initial conditions assigned 
LandauDampingPIF{0}> After init shape function 
LandauDampingPIF{0}> After init NUFFT 
LandauDampingPIF{0}> After update 
[Scatter] Auto-select: OutputFocused (tp=747.1 Mpts/s) for w=5 rho=1.11 (was Atomic)
[Scatter] Cache hit: method=OutputFocused w=5 cx=1 rho=1.11 -> tile=(5,3,5) team=128 osub=1 zb=29 tp=747.1 Mpts/s (rho_csv=1.25)
LandauDampingPIF{0}> After scatter 
LandauDampingPIF{0}> After gather 
LandauDampingPIF{0}> Starting iterations ...
LandauDampingPIF{0}> Finished time step: -2 time: 0.0122718
LandauDampingPIF{0}> Finished time step: -1 time: 0.0245437
LandauDampingPIF{0}> Finished time step: 0 time: 0.0368155
LandauDampingPIF{0}> Finished time step: 1 time: 0.0490874
LandauDampingPIF{0}> Finished time step: 2 time: 0.0613592
LandauDampingPIF{0}> Finished time step: 3 time: 0.0736311
LandauDampingPIF{0}> Finished time step: 4 time: 0.0859029
LandauDampingPIF{0}> Finished time step: 5 time: 0.0981748
LandauDampingPIF{0}> Finished time step: 6 time: 0.110447
LandauDampingPIF{0}> Finished time step: 7 time: 0.122718
LandauDampingPIF{0}> Finished time step: 8 time: 0.13499
LandauDampingPIF{0}> Finished time step: 9 time: 0.147262
LandauDampingPIF{0}> Finished time step: 10 time: 0.159534
LandauDampingPIF{0}> LandauDamping: End.
Timings{0}> ---------------------------------------------
Timings{0}>      Timing results for 128 rank(s):
Timings{0}> ---------------------------------------------
Timings{0}> mainTimer........... Wall tot =    5.61748
Timings{0}> 
Timings{0}> particlesCreation... Wall max =          0
Timings{0}>                      Wall avg =          0
Timings{0}>                      Wall min =          0
Timings{0}> 
Timings{0}> dumpData............ Wall max =  0.0610961
Timings{0}>                      Wall avg =  0.0444736
Timings{0}>                      Wall min =  0.0277109
Timings{0}> 
Timings{0}> kick................ Wall max =  0.0101947
Timings{0}>                      Wall avg =  0.0091168
Timings{0}>                      Wall min = 0.00816892
Timings{0}> 
Timings{0}> drift............... Wall max = 0.00507151
Timings{0}>                      Wall avg = 0.00456639
Timings{0}>                      Wall min = 0.00410087
Timings{0}> 
Timings{0}> particleBC.......... Wall max =  0.0101978
Timings{0}>                      Wall avg = 0.00918521
Timings{0}>                      Wall min = 0.00824414
Timings{0}> 
Timings{0}> initializeShapeFunc. Wall max =          0
Timings{0}>                      Wall avg =          0
Timings{0}>                      Wall min =          0
Timings{0}> 
Timings{0}> findInternal........ Wall max =          0
Timings{0}>                      Wall avg =          0
Timings{0}>                      Wall min =          0
Timings{0}> 
Timings{0}> findPeriodic........ Wall max =          0
Timings{0}>                      Wall avg =          0
Timings{0}>                      Wall min =          0
Timings{0}> 
Timings{0}> NativeNUFFT::init... Wall max =          0
Timings{0}>                      Wall avg =          0
Timings{0}>                      Wall min =          0
Timings{0}> 
Timings{0}> updateParticle...... Wall max =  0.0645817
Timings{0}>                      Wall avg =  0.0621353
Timings{0}>                      Wall min =  0.0600442
Timings{0}> 
Timings{0}> locateParticles..... Wall max = 0.00692936
Timings{0}>                      Wall avg = 0.00619977
Timings{0}>                      Wall min = 0.00572407
Timings{0}> 
Timings{0}> sendPreprocess...... Wall max = 0.00819359
Timings{0}>                      Wall avg = 0.00585036
Timings{0}>                      Wall min = 0.00305498
Timings{0}> 
Timings{0}> particleSend........ Wall max =    0.01104
Timings{0}>                      Wall avg =    0.01063
Timings{0}>                      Wall min =  0.0101092
Timings{0}> 
Timings{0}> particleRecv........ Wall max = 0.000419185
Timings{0}>                      Wall avg = 0.000376867
Timings{0}>                      Wall min = 0.000349595
Timings{0}> 
Timings{0}> particleDestroy..... Wall max =  0.0209689
Timings{0}>                      Wall avg =  0.0179668
Timings{0}>                      Wall min =  0.0164283
Timings{0}> 
Timings{0}> ScatterPIFNUFFT..... Wall max =    1.37846
Timings{0}>                      Wall avg =    1.35265
Timings{0}>                      Wall min =    1.32185
Timings{0}> 
Timings{0}> NativeNUFFT1........ Wall max =    1.35932
Timings{0}>                      Wall avg =    1.33438
Timings{0}>                      Wall min =    1.30281
Timings{0}> 
Timings{0}> scatterTimerNUFFT1.. Wall max =   0.120436
Timings{0}>                      Wall avg =   0.115339
Timings{0}>                      Wall min =   0.108941
Timings{0}> 
Timings{0}> binSort............. Wall max =   0.109607
Timings{0}>                      Wall avg =  0.0993888
Timings{0}>                      Wall min =  0.0902445
Timings{0}> 
Timings{0}> binComputeKeys...... Wall max =  0.0116556
Timings{0}>                      Wall avg =  0.0105458
Timings{0}>                      Wall min = 0.00948975
Timings{0}> 
Timings{0}> binSortByKey........ Wall max =  0.0935339
Timings{0}>                      Wall avg =  0.0846476
Timings{0}>                      Wall min =  0.0767814
Timings{0}> 
Timings{0}> binComputeOffsets... Wall max =  0.0040642
Timings{0}>                      Wall avg = 0.00380272
Timings{0}>                      Wall min = 0.00356797
Timings{0}> 
Timings{0}> FFTNUFFT1........... Wall max =    1.24206
Timings{0}>                      Wall avg =    1.21737
Timings{0}>                      Wall min =    1.18735
Timings{0}> 
Timings{0}> deconvolutionNUFFT1. Wall max = 0.00230196
Timings{0}>                      Wall avg = 0.00154393
Timings{0}>                      Wall min =  0.0014073
Timings{0}> 
Timings{0}> GatherPIFNUFFT...... Wall max =    4.14246
Timings{0}>                      Wall avg =    4.11383
Timings{0}>                      Wall min =    4.08516
Timings{0}> 
Timings{0}> NativeNUFFT2........ Wall max =    4.10182
Timings{0}>                      Wall avg =    4.07117
Timings{0}>                      Wall min =    4.04258
Timings{0}> 
Timings{0}> PrecorrectionNUFFT2. Wall max =  0.0103071
Timings{0}>                      Wall avg = 0.00805113
Timings{0}>                      Wall min = 0.00767282
Timings{0}> 
Timings{0}> FFTNUFFT2........... Wall max =    3.83209
Timings{0}>                      Wall avg =    3.69468
Timings{0}>                      Wall min =    3.54668
Timings{0}> 
Timings{0}> GatherNUFFT2........ Wall max =   0.528514
Timings{0}>                      Wall avg =    0.36786
Timings{0}>                      Wall min =   0.237752
Timings{0}> 
Timings{0}> ---------------------------------------------
Timings{0}>      Measurement counts:
Timings{0}> ---------------------------------------------
Timings{0}> mainTimer........... Count =          1
Timings{0}> particlesCreation... Count =          0
Timings{0}> dumpData............ Count =         10
Timings{0}> kick................ Count =         20
Timings{0}> drift............... Count =         10
Timings{0}> particleBC.......... Count =         10
Timings{0}> initializeShapeFunc. Count =          0
Timings{0}> findInternal........ Count =          0
Timings{0}> findPeriodic........ Count =          0
Timings{0}> NativeNUFFT::init... Count =          0
Timings{0}> updateParticle...... Count =         10
Timings{0}> locateParticles..... Count =         10
Timings{0}> sendPreprocess...... Count =         10
Timings{0}> particleSend........ Count =         10
Timings{0}> particleRecv........ Count =         10
Timings{0}> particleDestroy..... Count =         10
Timings{0}> ScatterPIFNUFFT..... Count =         20
Timings{0}> NativeNUFFT1........ Count =         10
Timings{0}> scatterTimerNUFFT1.. Count =         10
Timings{0}> binSort............. Count =         40
Timings{0}> binComputeKeys...... Count =         40
Timings{0}> binSortByKey........ Count =         40
Timings{0}> binComputeOffsets... Count =         40
Timings{0}> FFTNUFFT1........... Count =         10
Timings{0}> deconvolutionNUFFT1. Count =         10
Timings{0}> GatherPIFNUFFT...... Count =         10
Timings{0}> NativeNUFFT2........ Count =         30
Timings{0}> PrecorrectionNUFFT2. Count =         30
Timings{0}> FFTNUFFT2........... Count =         30
Timings{0}> GatherNUFFT2........ Count =         30
Timings{0}> ---------------------------------------------
Timings{0}> ---------------------------------------------
Timings{0}>      Per-occurrence statistics:
Timings{0}> ---------------------------------------------
Timings{0}> mainTimer........... n=    1  mean=   5.61737  std=         0  min=   5.61737  max=   5.61737
Timings{0}> dumpData............ n=   10  mean=0.00323793  std=0.000266995  min=0.00284782  max= 0.0036707
Timings{0}> kick................ n=   20  mean=0.000508928  std=1.34479e-05  min=0.000493997  max=0.000533728
Timings{0}> drift............... n=   10  mean=0.000507151  std=1.78359e-06  min=0.000505197  max=0.000511087
Timings{0}> particleBC.......... n=   10  mean=0.00101868  std=1.62795e-06  min=0.00101585  max=0.00102056
Timings{0}> updateParticle...... n=   10  mean= 0.0060849  std=0.000359839  min=0.00557348  max=0.00652139
Timings{0}> locateParticles..... n=   10  mean=0.000628803  std=9.18934e-06  min=0.000616598  max=0.000642379
Timings{0}> sendPreprocess...... n=   10  mean=0.000361435  std=7.33891e-05  min=0.000245003  max=0.000481177
Timings{0}> particleSend........ n=   10  mean=0.00107572  std=3.5223e-05  min=0.00103814  max= 0.0011385
Timings{0}> particleRecv........ n=   10  mean=3.55082e-05  std=3.63859e-06  min= 2.863e-05  max= 3.978e-05
Timings{0}> particleDestroy..... n=   10  mean=0.00179955  std=9.95883e-06  min=0.00178761  max=0.00181678
Timings{0}> ScatterPIFNUFFT..... n=   20  mean= 0.0668271  std= 0.0682636  min=0.000293754  max=  0.134675
Timings{0}> NativeNUFFT1........ n=   10  mean=  0.131702  std= 0.0010791  min=  0.129105  max=  0.132847
Timings{0}> scatterTimerNUFFT1.. n=   10  mean= 0.0119634  std=0.000176722  min= 0.0117874  max= 0.0123586
Timings{0}> binSort............. n=   40  mean=0.00273562  std=1.53554e-05  min=0.00270084  max=0.00275517
Timings{0}> binComputeKeys...... n=   40  mean=0.000290569  std=1.6649e-06  min=0.000287774  max=0.000294984
Timings{0}> binSortByKey........ n=   40  mean=0.00233453  std=1.21461e-05  min=0.00230635  max=0.00235313
Timings{0}> binComputeOffsets... n=   40  mean=0.000100885  std=2.55168e-06  min=9.6932e-05  max=0.000106561
Timings{0}> FFTNUFFT1........... n=   10  mean=    0.1195  std=0.000996105  min=  0.116966  max=  0.120448
Timings{0}> deconvolutionNUFFT1. n=   10  mean=0.00022574  std=1.10677e-06  min=0.000224013  max=0.000227193
Timings{0}> GatherPIFNUFFT...... n=   10  mean=  0.414246  std=0.00222177  min=  0.411038  max=  0.419061
Timings{0}> NativeNUFFT2........ n=   30  mean=  0.136566  std=0.00109092  min=  0.134608  max=  0.140077
Timings{0}> PrecorrectionNUFFT2. n=   30  mean=0.000340056  std=4.6116e-06  min=0.000334514  max=0.000348295
Timings{0}> FFTNUFFT2........... n=   30  mean=  0.120443  std=0.00146517  min=  0.118251  max=  0.126134
Timings{0}> GatherNUFFT2........ n=   30  mean= 0.0157634  std=0.00109877  min= 0.0135773  max= 0.0182081
Timings{0}> ---------------------------------------------
