LandauDampingPIF{0}> Landau damping
LandauDampingPIF{0}> nt 10 Np= 1073741824 Fourier modes = ( 512 , 512 , 512 )
LandauDampingPIF{0}> particles created and initial conditions assigned 
LandauDampingPIF{0}> After init shape function 
LandauDampingPIF{0}> After init NUFFT 
LandauDampingPIF{0}> After update 
[Scatter] Cache hit: method=Tiled w=5 cx=1 rho=1.10 -> tile=(5,5,2) team=64 osub=2 zb=1 tp=566.4 Mpts/s (rho_csv=10.00)
LandauDampingPIF{0}> After scatter 
LandauDampingPIF{0}> After gather 
LandauDampingPIF{0}> Starting iterations ...
LandauDampingPIF{0}> Finished time step: -2 time: 0.0122718
LandauDampingPIF{0}> Finished time step: -1 time: 0.0245437
LandauDampingPIF{0}> Finished time step: 0 time: 0.0368155
LandauDampingPIF{0}> Finished time step: 1 time: 0.0490874
LandauDampingPIF{0}> Finished time step: 2 time: 0.0613592
LandauDampingPIF{0}> Finished time step: 3 time: 0.0736311
LandauDampingPIF{0}> Finished time step: 4 time: 0.0859029
LandauDampingPIF{0}> Finished time step: 5 time: 0.0981748
LandauDampingPIF{0}> Finished time step: 6 time: 0.110447
LandauDampingPIF{0}> Finished time step: 7 time: 0.122718
LandauDampingPIF{0}> Finished time step: 8 time: 0.13499
LandauDampingPIF{0}> Finished time step: 9 time: 0.147262
LandauDampingPIF{0}> Finished time step: 10 time: 0.159534
LandauDampingPIF{0}> LandauDamping: End.
Timings{0}> ---------------------------------------------
Timings{0}>      Timing results for 64 rank(s):
Timings{0}> ---------------------------------------------
Timings{0}> mainTimer........... Wall tot =     12.449
Timings{0}> 
Timings{0}> particlesCreation... Wall max =          0
Timings{0}>                      Wall avg =          0
Timings{0}>                      Wall min =          0
Timings{0}> 
Timings{0}> dumpData............ Wall max =   0.397364
Timings{0}>                      Wall avg =   0.227355
Timings{0}>                      Wall min =    0.04137
Timings{0}> 
Timings{0}> kick................ Wall max =  0.0244513
Timings{0}>                      Wall avg =  0.0215127
Timings{0}>                      Wall min =  0.0190868
Timings{0}> 
Timings{0}> drift............... Wall max =  0.0119343
Timings{0}>                      Wall avg =  0.0105554
Timings{0}>                      Wall min = 0.00949111
Timings{0}> 
Timings{0}> particleBC.......... Wall max =  0.0339724
Timings{0}>                      Wall avg =  0.0309255
Timings{0}>                      Wall min =  0.0280501
Timings{0}> 
Timings{0}> initializeShapeFunc. Wall max =          0
Timings{0}>                      Wall avg =          0
Timings{0}>                      Wall min =          0
Timings{0}> 
Timings{0}> findInternal........ Wall max =          0
Timings{0}>                      Wall avg =          0
Timings{0}>                      Wall min =          0
Timings{0}> 
Timings{0}> findPeriodic........ Wall max =          0
Timings{0}>                      Wall avg =          0
Timings{0}>                      Wall min =          0
Timings{0}> 
Timings{0}> NativeNUFFT::init... Wall max =          0
Timings{0}>                      Wall avg =          0
Timings{0}>                      Wall min =          0
Timings{0}> 
Timings{0}> updateParticle...... Wall max =   0.184739
Timings{0}>                      Wall avg =   0.173479
Timings{0}>                      Wall min =   0.159902
Timings{0}> 
Timings{0}> locateParticles..... Wall max =  0.0451354
Timings{0}>                      Wall avg =  0.0376643
Timings{0}>                      Wall min =  0.0340191
Timings{0}> 
Timings{0}> sendPreprocess...... Wall max =   0.023189
Timings{0}>                      Wall avg =  0.0151558
Timings{0}>                      Wall min = 0.00223301
Timings{0}> 
Timings{0}> particleSend........ Wall max =  0.0226954
Timings{0}>                      Wall avg =  0.0189643
Timings{0}>                      Wall min =  0.0159336
Timings{0}> 
Timings{0}> particleRecv........ Wall max = 0.000525588
Timings{0}>                      Wall avg = 0.000468055
Timings{0}>                      Wall min = 0.000413777
Timings{0}> 
Timings{0}> particleDestroy..... Wall max =  0.0885714
Timings{0}>                      Wall avg =  0.0750105
Timings{0}>                      Wall min =  0.0681371
Timings{0}> 
Timings{0}> ScatterPIFNUFFT..... Wall max =    2.22789
Timings{0}>                      Wall avg =    2.17884
Timings{0}>                      Wall min =    2.10241
Timings{0}> 
Timings{0}> NativeNUFFT1........ Wall max =    2.19721
Timings{0}>                      Wall avg =    2.14771
Timings{0}>                      Wall min =    2.07177
Timings{0}> 
Timings{0}> scatterTimerNUFFT1.. Wall max =   0.817996
Timings{0}>                      Wall avg =   0.806271
Timings{0}>                      Wall min =    0.79328
Timings{0}> 
Timings{0}> binSort............. Wall max =  0.0781689
Timings{0}>                      Wall avg =  0.0713034
Timings{0}>                      Wall min =  0.0645387
Timings{0}> 
Timings{0}> binComputeKeys...... Wall max = 0.00616922
Timings{0}>                      Wall avg = 0.00537867
Timings{0}>                      Wall min = 0.00469267
Timings{0}> 
Timings{0}> binSortByKey........ Wall max =  0.0704003
Timings{0}>                      Wall avg =  0.0641231
Timings{0}>                      Wall min =  0.0581913
Timings{0}> 
Timings{0}> binComputeOffsets... Wall max = 0.00201657
Timings{0}>                      Wall avg = 0.00176934
Timings{0}>                      Wall min =  0.0016042
Timings{0}> 
Timings{0}> FFTNUFFT1........... Wall max =    1.38585
Timings{0}>                      Wall avg =    1.33806
Timings{0}>                      Wall min =    1.26671
Timings{0}> 
Timings{0}> deconvolutionNUFFT1. Wall max = 0.00515208
Timings{0}>                      Wall avg = 0.00334611
Timings{0}>                      Wall min = 0.00301377
Timings{0}> 
Timings{0}> GatherPIFNUFFT...... Wall max =    9.98352
Timings{0}>                      Wall avg =    9.79143
Timings{0}>                      Wall min =    9.59428
Timings{0}> 
Timings{0}> NativeNUFFT2........ Wall max =    9.87455
Timings{0}>                      Wall avg =    9.68867
Timings{0}>                      Wall min =    9.49785
Timings{0}> 
Timings{0}> PrecorrectionNUFFT2. Wall max =  0.0228948
Timings{0}>                      Wall avg =  0.0173164
Timings{0}>                      Wall min =  0.0163001
Timings{0}> 
Timings{0}> FFTNUFFT2........... Wall max =     4.6825
Timings{0}>                      Wall avg =    4.26458
Timings{0}>                      Wall min =    3.85609
Timings{0}> 
Timings{0}> GatherNUFFT2........ Wall max =    5.99466
Timings{0}>                      Wall avg =    5.40659
Timings{0}>                      Wall min =    4.80658
Timings{0}> 
Timings{0}> ---------------------------------------------
Timings{0}>      Measurement counts:
Timings{0}> ---------------------------------------------
Timings{0}> mainTimer........... Count =          1
Timings{0}> particlesCreation... Count =          0
Timings{0}> dumpData............ Count =         10
Timings{0}> kick................ Count =         20
Timings{0}> drift............... Count =         10
Timings{0}> particleBC.......... Count =         10
Timings{0}> initializeShapeFunc. Count =          0
Timings{0}> findInternal........ Count =          0
Timings{0}> findPeriodic........ Count =          0
Timings{0}> NativeNUFFT::init... Count =          0
Timings{0}> updateParticle...... Count =         10
Timings{0}> locateParticles..... Count =         10
Timings{0}> sendPreprocess...... Count =         10
Timings{0}> particleSend........ Count =         10
Timings{0}> particleRecv........ Count =         10
Timings{0}> particleDestroy..... Count =         10
Timings{0}> ScatterPIFNUFFT..... Count =         20
Timings{0}> NativeNUFFT1........ Count =         10
Timings{0}> scatterTimerNUFFT1.. Count =         10
Timings{0}> binSort............. Count =         10
Timings{0}> binComputeKeys...... Count =         10
Timings{0}> binSortByKey........ Count =         10
Timings{0}> binComputeOffsets... Count =         10
Timings{0}> FFTNUFFT1........... Count =         10
Timings{0}> deconvolutionNUFFT1. Count =         10
Timings{0}> GatherPIFNUFFT...... Count =         10
Timings{0}> NativeNUFFT2........ Count =         30
Timings{0}> PrecorrectionNUFFT2. Count =         30
Timings{0}> FFTNUFFT2........... Count =         30
Timings{0}> GatherNUFFT2........ Count =         30
Timings{0}> ---------------------------------------------
Timings{0}> ---------------------------------------------
Timings{0}>      Per-occurrence statistics:
Timings{0}> ---------------------------------------------
Timings{0}> mainTimer........... n=    1  mean=    12.449  std=         0  min=    12.449  max=    12.449
Timings{0}> dumpData............ n=   10  mean=0.00552877  std=0.000863532  min=0.00480026  max=0.00761852
Timings{0}> kick................ n=   20  mean=0.00122257  std=1.47397e-05  min=0.00118944  max=0.00124121
Timings{0}> drift............... n=   10  mean=0.00119343  std=2.18374e-05  min=0.00114773  max=0.00122048
Timings{0}> particleBC.......... n=   10  mean=0.00338961  std=1.57635e-05  min=0.00337047  max=0.00341459
Timings{0}> updateParticle...... n=   10  mean= 0.0159902  std=0.000383596  min= 0.0154488  max=  0.016791
Timings{0}> locateParticles..... n=   10  mean=0.00362873  std=1.34716e-05  min=0.00360693  max=0.00364446
Timings{0}> sendPreprocess...... n=   10  mean=0.00104275  std=8.38612e-05  min=0.00093984  max=0.00118591
Timings{0}> particleSend........ n=   10  mean=0.00210149  std= 0.0004452  min=0.00179405  max=0.00282053
Timings{0}> particleRecv........ n=   10  mean=4.94588e-05  std=3.14323e-06  min=4.5318e-05  max=5.3965e-05
Timings{0}> particleDestroy..... n=   10  mean=0.00719275  std=5.78922e-05  min=0.00713202  max=0.00732864
Timings{0}> ScatterPIFNUFFT..... n=   20  mean=  0.108253  std=  0.109788  min=0.00125405  max=  0.218912
Timings{0}> NativeNUFFT1........ n=   10  mean=  0.213258  std=0.00290796  min=  0.207158  max=  0.216942
Timings{0}> scatterTimerNUFFT1.. n=   10  mean=   0.08047  std=0.000729115  min= 0.0793239  max= 0.0815765
Timings{0}> binSort............. n=   10  mean=0.00781689  std=1.51059e-05  min=0.00779115  max=0.00783452
Timings{0}> binComputeKeys...... n=   10  mean=0.00057998  std=2.28695e-06  min=0.000577769  max=0.000584591
Timings{0}> binSortByKey........ n=   10  mean=0.00704003  std=1.61577e-05  min=0.00701343  max=0.00706288
Timings{0}> binComputeOffsets... n=   10  mean=0.000192999  std=1.48078e-06  min=0.000190028  max=0.000194918
Timings{0}> FFTNUFFT1........... n=   10  mean=  0.132272  std= 0.0029772  min=  0.125349  max=  0.135282
Timings{0}> deconvolutionNUFFT1. n=   10  mean=0.000511539  std=2.38178e-06  min=0.000507653  max=0.000515398
Timings{0}> GatherPIFNUFFT...... n=   10  mean=  0.998341  std= 0.0048992  min=  0.992303  max=   1.00516
Timings{0}> NativeNUFFT2........ n=   30  mean=  0.329128  std=0.00469036  min=   0.32323  max=  0.338997
Timings{0}> PrecorrectionNUFFT2. n=   30  mean=0.000763161  std=3.79347e-05  min=0.00073901  max=0.000932935
Timings{0}> FFTNUFFT2........... n=   30  mean=  0.128536  std=0.00511826  min=  0.122356  max=  0.139081
Timings{0}> GatherNUFFT2........ n=   30  mean=  0.199822  std=0.00233693  min=  0.195153  max=  0.203302
Timings{0}> ---------------------------------------------

MPICH Slingshot Network Summary: 1 network timeouts

