LandauDampingPIF{0}> Landau damping
LandauDampingPIF{0}> nt 10 Np= 1073741824 Fourier modes = ( 512 , 512 , 512 )
LandauDampingPIF{0}> particles created and initial conditions assigned 
LandauDampingPIF{0}> After init shape function 
LandauDampingPIF{0}> After init NUFFT 
LandauDampingPIF{0}> After update 
[Scatter] Auto-select: OutputFocused (tp=359.0 Mpts/s) for w=9 rho=1.07 (was Atomic)
[Scatter] Cache hit: method=OutputFocused w=9 cx=1 rho=1.07 -> tile=(2,3,3) team=256 osub=1 zb=32 tp=359.0 Mpts/s (rho_csv=1.25)
LandauDampingPIF{0}> After scatter 
LandauDampingPIF{0}> After gather 
LandauDampingPIF{0}> Starting iterations ...
LandauDampingPIF{0}> Finished time step: -2 time: 0.0122718
LandauDampingPIF{0}> Finished time step: -1 time: 0.0245437
LandauDampingPIF{0}> Finished time step: 0 time: 0.0368155
LandauDampingPIF{0}> Finished time step: 1 time: 0.0490874
LandauDampingPIF{0}> Finished time step: 2 time: 0.0613592
LandauDampingPIF{0}> Finished time step: 3 time: 0.0736311
LandauDampingPIF{0}> Finished time step: 4 time: 0.0859029
LandauDampingPIF{0}> Finished time step: 5 time: 0.0981748
LandauDampingPIF{0}> Finished time step: 6 time: 0.110447
LandauDampingPIF{0}> Finished time step: 7 time: 0.122718
LandauDampingPIF{0}> Finished time step: 8 time: 0.13499
LandauDampingPIF{0}> Finished time step: 9 time: 0.147262
LandauDampingPIF{0}> Finished time step: 10 time: 0.159534
LandauDampingPIF{0}> LandauDamping: End.
Timings{0}> ---------------------------------------------
Timings{0}>      Timing results for 32 rank(s):
Timings{0}> ---------------------------------------------
Timings{0}> mainTimer........... Wall tot =    7.34716
Timings{0}> 
Timings{0}> particlesCreation... Wall max =          0
Timings{0}>                      Wall avg =          0
Timings{0}>                      Wall min =          0
Timings{0}> 
Timings{0}> dumpData............ Wall max =  0.0742058
Timings{0}>                      Wall avg =  0.0565383
Timings{0}>                      Wall min =  0.0348514
Timings{0}> 
Timings{0}> kick................ Wall max = 0.000648875
Timings{0}>                      Wall avg = 0.000442759
Timings{0}>                      Wall min = 0.000313687
Timings{0}> 
Timings{0}> drift............... Wall max = 7.6639e-05
Timings{0}>                      Wall avg = 6.31101e-05
Timings{0}>                      Wall min = 5.0079e-05
Timings{0}> 
Timings{0}> initializeShapeFunc. Wall max =          0
Timings{0}>                      Wall avg =          0
Timings{0}>                      Wall min =          0
Timings{0}> 
Timings{0}> findInternal........ Wall max =          0
Timings{0}>                      Wall avg =          0
Timings{0}>                      Wall min =          0
Timings{0}> 
Timings{0}> findPeriodic........ Wall max =          0
Timings{0}>                      Wall avg =          0
Timings{0}>                      Wall min =          0
Timings{0}> 
Timings{0}> NativeNUFFT::init... Wall max =          0
Timings{0}>                      Wall avg =          0
Timings{0}>                      Wall min =          0
Timings{0}> 
Timings{0}> particleBC.......... Wall max = 0.000166718
Timings{0}>                      Wall avg = 0.000126955
Timings{0}>                      Wall min = 8.5118e-05
Timings{0}> 
Timings{0}> updateParticle...... Wall max =   0.620707
Timings{0}>                      Wall avg =   0.354542
Timings{0}>                      Wall min =  0.0850681
Timings{0}> 
Timings{0}> locateParticles..... Wall max =  0.0386781
Timings{0}>                      Wall avg =  0.0368373
Timings{0}>                      Wall min =   0.035078
Timings{0}> 
Timings{0}> sendPreprocess...... Wall max = 0.00602574
Timings{0}>                      Wall avg =  0.0041573
Timings{0}>                      Wall min = 0.00220617
Timings{0}> 
Timings{0}> particleSend........ Wall max = 0.00885996
Timings{0}>                      Wall avg = 0.00831355
Timings{0}>                      Wall min = 0.00781881
Timings{0}> 
Timings{0}> particleRecv........ Wall max = 0.000405843
Timings{0}>                      Wall avg = 0.000333643
Timings{0}>                      Wall min = 0.000267319
Timings{0}> 
Timings{0}> particleDestroy..... Wall max =  0.0304546
Timings{0}>                      Wall avg =   0.027143
Timings{0}>                      Wall min =  0.0249252
Timings{0}> 
Timings{0}> ScatterPIFNUFFT..... Wall max =    3.13083
Timings{0}>                      Wall avg =    2.85919
Timings{0}>                      Wall min =    2.58993
Timings{0}> 
Timings{0}> NativeNUFFT1........ Wall max =    3.11862
Timings{0}>                      Wall avg =    2.84689
Timings{0}>                      Wall min =    2.57749
Timings{0}> 
Timings{0}> scatterTimerNUFFT1.. Wall max =    2.18927
Timings{0}>                      Wall avg =    1.91521
Timings{0}>                      Wall min =    1.64257
Timings{0}> 
Timings{0}> binSort............. Wall max =   0.176062
Timings{0}>                      Wall avg =   0.166363
Timings{0}>                      Wall min =   0.156804
Timings{0}> 
Timings{0}> binComputeKeys...... Wall max =  0.0170793
Timings{0}>                      Wall avg =  0.0159638
Timings{0}>                      Wall min =  0.0148573
Timings{0}> 
Timings{0}> binSortByKey........ Wall max =    0.15061
Timings{0}>                      Wall avg =   0.142347
Timings{0}>                      Wall min =   0.134283
Timings{0}> 
Timings{0}> binComputeOffsets... Wall max = 0.00845027
Timings{0}>                      Wall avg = 0.00795232
Timings{0}>                      Wall min = 0.00740544
Timings{0}> 
Timings{0}> FFTNUFFT1........... Wall max =    0.93989
Timings{0}>                      Wall avg =   0.927753
Timings{0}>                      Wall min =   0.919393
Timings{0}> 
Timings{0}> TwiddleAdd.......... Wall max =   0.000562
Timings{0}>                      Wall avg = 0.000448501
Timings{0}>                      Wall min = 0.000347859
Timings{0}> 
Timings{0}> subFFTs............. Wall max =   0.938986
Timings{0}>                      Wall avg =   0.926876
Timings{0}>                      Wall min =   0.918358
Timings{0}> 
Timings{0}> deconvolutionNUFFT1. Wall max = 0.00395771
Timings{0}>                      Wall avg = 0.00391129
Timings{0}>                      Wall min = 0.00386193
Timings{0}> 
Timings{0}> GatherPIFNUFFT...... Wall max =    4.07496
Timings{0}>                      Wall avg =    4.05266
Timings{0}>                      Wall min =    4.02811
Timings{0}> 
Timings{0}> NativeNUFFT2........ Wall max =    4.06567
Timings{0}>                      Wall avg =      4.043
Timings{0}>                      Wall min =    4.01921
Timings{0}> 
Timings{0}> PrecorrectionNUFFT2. Wall max =  0.0387724
Timings{0}>                      Wall avg =   0.036509
Timings{0}>                      Wall min =  0.0343656
Timings{0}> 
Timings{0}> FFTNUFFT2........... Wall max =    2.85354
Timings{0}>                      Wall avg =    2.81058
Timings{0}>                      Wall min =    2.76296
Timings{0}> 
Timings{0}> subIFFTs............ Wall max =    2.84592
Timings{0}>                      Wall avg =    2.80278
Timings{0}>                      Wall min =    2.75558
Timings{0}> 
Timings{0}> StridedWrite........ Wall max = 0.00195095
Timings{0}>                      Wall avg = 0.00147115
Timings{0}>                      Wall min = 0.00106137
Timings{0}> 
Timings{0}> GatherNUFFT2........ Wall max =   0.281301
Timings{0}>                      Wall avg =   0.264908
Timings{0}>                      Wall min =   0.252975
Timings{0}> 
Timings{0}> ---------------------------------------------
Timings{0}>      Measurement counts:
Timings{0}> ---------------------------------------------
Timings{0}> mainTimer........... Count =          1
Timings{0}> particlesCreation... Count =          0
Timings{0}> dumpData............ Count =         10
Timings{0}> kick................ Count =         20
Timings{0}> drift............... Count =         10
Timings{0}> initializeShapeFunc. Count =          0
Timings{0}> findInternal........ Count =          0
Timings{0}> findPeriodic........ Count =          0
Timings{0}> NativeNUFFT::init... Count =          0
Timings{0}> particleBC.......... Count =         10
Timings{0}> updateParticle...... Count =         10
Timings{0}> locateParticles..... Count =         10
Timings{0}> sendPreprocess...... Count =         10
Timings{0}> particleSend........ Count =         10
Timings{0}> particleRecv........ Count =         10
Timings{0}> particleDestroy..... Count =         10
Timings{0}> ScatterPIFNUFFT..... Count =         20
Timings{0}> NativeNUFFT1........ Count =         10
Timings{0}> scatterTimerNUFFT1.. Count =         10
Timings{0}> binSort............. Count =         40
Timings{0}> binComputeKeys...... Count =         40
Timings{0}> binSortByKey........ Count =         40
Timings{0}> binComputeOffsets... Count =         40
Timings{0}> FFTNUFFT1........... Count =         10
Timings{0}> TwiddleAdd.......... Count =         20
Timings{0}> subFFTs............. Count =         20
Timings{0}> deconvolutionNUFFT1. Count =         10
Timings{0}> GatherPIFNUFFT...... Count =         10
Timings{0}> NativeNUFFT2........ Count =         30
Timings{0}> PrecorrectionNUFFT2. Count =         30
Timings{0}> FFTNUFFT2........... Count =         30
Timings{0}> subIFFTs............ Count =         60
Timings{0}> StridedWrite........ Count =         60
Timings{0}> GatherNUFFT2........ Count =         30
Timings{0}> ---------------------------------------------
Timings{0}> ---------------------------------------------
Timings{0}>      Per-occurrence statistics:
Timings{0}> ---------------------------------------------
Timings{0}> mainTimer........... n=    1  mean=   7.34716  std=         0  min=   7.34716  max=   7.34716
Timings{0}> dumpData............ n=   10  mean=  0.004551  std=0.000353183  min= 0.0038939  max=0.00503447
Timings{0}> kick................ n=   20  mean=3.08981e-05  std=2.32519e-05  min= 5.728e-06  max=5.7118e-05
Timings{0}> drift............... n=   10  mean=5.1071e-06  std=5.58531e-07  min= 4.384e-06  max= 6.272e-06
Timings{0}> particleBC.......... n=   10  mean=1.08192e-05  std=1.0892e-06  min= 9.632e-06  max=1.2864e-05
Timings{0}> updateParticle...... n=   10  mean=0.00851446  std=0.000139536  min=0.00837357  max=0.00876783
Timings{0}> locateParticles..... n=   10  mean=0.00379766  std=9.41138e-06  min=0.00378273  max=0.00381566
Timings{0}> sendPreprocess...... n=   10  mean=0.00028483  std=1.74822e-05  min=0.000254328  max=0.000319894
Timings{0}> particleSend........ n=   10  mean= 0.0008747  std=1.73622e-05  min=0.000854278  max=0.00090154
Timings{0}> particleRecv........ n=   10  mean=3.51829e-05  std=4.51208e-06  min=2.8671e-05  max=4.2974e-05
Timings{0}> particleDestroy..... n=   10  mean=0.00261518  std=9.86091e-06  min=0.00260091  max=0.00263326
Timings{0}> ScatterPIFNUFFT..... n=   20  mean=  0.156223  std=  0.170347  min= 9.247e-06  max=  0.460856
Timings{0}> NativeNUFFT1........ n=   10  mean=  0.311199  std= 0.0839579  min=  0.183764  max=  0.459909
Timings{0}> scatterTimerNUFFT1.. n=   10  mean=  0.218866  std= 0.0841108  min= 0.0934892  max=  0.368826
Timings{0}> binSort............. n=   40  mean=0.00440155  std=4.38134e-05  min=0.00432316  max=0.00446956
Timings{0}> binComputeKeys...... n=   40  mean=0.000423211  std=1.19643e-05  min=0.000407443  max=0.000455538
Timings{0}> binSortByKey........ n=   40  mean=0.00376525  std=3.6208e-05  min=0.00370609  max=0.00382091
Timings{0}> binComputeOffsets... n=   40  mean=0.000211257  std=9.1048e-06  min=0.000198138  max=0.000226905
Timings{0}> FFTNUFFT1........... n=   10  mean= 0.0919393  std=0.00225625  min= 0.0895588  max= 0.0954159
Timings{0}> TwiddleAdd.......... n=   20  mean=  2.81e-05  std=2.93908e-06  min=2.1663e-05  max=3.2927e-05
Timings{0}> subFFTs............. n=   20  mean= 0.0459179  std=0.00200534  min= 0.0431837  max= 0.0516903
Timings{0}> deconvolutionNUFFT1. n=   10  mean=0.000390711  std=1.82985e-06  min=0.000387924  max=0.00039298
Timings{0}> GatherPIFNUFFT...... n=   10  mean=  0.406739  std=0.00880335  min=  0.398305  max=   0.42339
Timings{0}> NativeNUFFT2........ n=   30  mean=  0.135214  std=0.00573508  min=  0.130077  max=  0.155908
Timings{0}> PrecorrectionNUFFT2. n=   30  mean=0.00128278  std=0.000480539  min=0.000608141  max=0.00162635
Timings{0}> FFTNUFFT2........... n=   30  mean= 0.0924435  std= 0.0060203  min= 0.0862995  max=  0.113709
Timings{0}> subIFFTs............ n=   60  mean= 0.0460863  std=0.00448448  min= 0.0414888  max= 0.0704053
Timings{0}> StridedWrite........ n=   60  mean=2.98716e-05  std=7.05246e-06  min=2.0991e-05  max=5.5198e-05
Timings{0}> GatherNUFFT2........ n=   30  mean=0.00934282  std=0.000650103  min=0.00825568  max= 0.0106485
Timings{0}> ---------------------------------------------
