LandauDampingPIF{0}> Landau damping
LandauDampingPIF{0}> nt 10 Np= 1073741824 Fourier modes = ( 512 , 512 , 512 )
LandauDampingPIF{0}> particles created and initial conditions assigned 
LandauDampingPIF{0}> After init shape function 
LandauDampingPIF{0}> After init NUFFT 
LandauDampingPIF{0}> After update 
[Scatter] Auto-select: OutputFocused (tp=359.0 Mpts/s) for w=9 rho=1.07 (was Atomic)
[Scatter] Cache hit: method=OutputFocused w=9 cx=1 rho=1.07 -> tile=(2,3,3) team=256 osub=1 zb=32 tp=359.0 Mpts/s (rho_csv=1.25)
LandauDampingPIF{0}> After scatter 
LandauDampingPIF{0}> After gather 
LandauDampingPIF{0}> Starting iterations ...
LandauDampingPIF{0}> Finished time step: -2 time: 0.0122718
LandauDampingPIF{0}> Finished time step: -1 time: 0.0245437
LandauDampingPIF{0}> Finished time step: 0 time: 0.0368155
LandauDampingPIF{0}> Finished time step: 1 time: 0.0490874
LandauDampingPIF{0}> Finished time step: 2 time: 0.0613592
LandauDampingPIF{0}> Finished time step: 3 time: 0.0736311
LandauDampingPIF{0}> Finished time step: 4 time: 0.0859029
LandauDampingPIF{0}> Finished time step: 5 time: 0.0981748
LandauDampingPIF{0}> Finished time step: 6 time: 0.110447
LandauDampingPIF{0}> Finished time step: 7 time: 0.122718
LandauDampingPIF{0}> Finished time step: 8 time: 0.13499
LandauDampingPIF{0}> Finished time step: 9 time: 0.147262
LandauDampingPIF{0}> Finished time step: 10 time: 0.159534
LandauDampingPIF{0}> LandauDamping: End.
Timings{0}> ---------------------------------------------
Timings{0}>      Timing results for 32 rank(s):
Timings{0}> ---------------------------------------------
Timings{0}> mainTimer........... Wall tot =    7.17826
Timings{0}> 
Timings{0}> particlesCreation... Wall max =          0
Timings{0}>                      Wall avg =          0
Timings{0}>                      Wall min =          0
Timings{0}> 
Timings{0}> dumpData............ Wall max =   0.108679
Timings{0}>                      Wall avg =  0.0883309
Timings{0}>                      Wall min =  0.0675553
Timings{0}> 
Timings{0}> kick................ Wall max = 0.000646316
Timings{0}>                      Wall avg = 0.000492466
Timings{0}>                      Wall min = 0.000370676
Timings{0}> 
Timings{0}> drift............... Wall max = 9.4717e-05
Timings{0}>                      Wall avg = 7.58118e-05
Timings{0}>                      Wall min = 5.7823e-05
Timings{0}> 
Timings{0}> particleBC.......... Wall max = 0.000135962
Timings{0}>                      Wall avg = 0.000109465
Timings{0}>                      Wall min = 8.5535e-05
Timings{0}> 
Timings{0}> initializeShapeFunc. Wall max =          0
Timings{0}>                      Wall avg =          0
Timings{0}>                      Wall min =          0
Timings{0}> 
Timings{0}> findInternal........ Wall max =          0
Timings{0}>                      Wall avg =          0
Timings{0}>                      Wall min =          0
Timings{0}> 
Timings{0}> findPeriodic........ Wall max =          0
Timings{0}>                      Wall avg =          0
Timings{0}>                      Wall min =          0
Timings{0}> 
Timings{0}> NativeNUFFT::init... Wall max =          0
Timings{0}>                      Wall avg =          0
Timings{0}>                      Wall min =          0
Timings{0}> 
Timings{0}> updateParticle...... Wall max =   0.715907
Timings{0}>                      Wall avg =   0.369954
Timings{0}>                      Wall min =  0.0848118
Timings{0}> 
Timings{0}> locateParticles..... Wall max =   0.038779
Timings{0}>                      Wall avg =  0.0368337
Timings{0}>                      Wall min =  0.0347321
Timings{0}> 
Timings{0}> sendPreprocess...... Wall max = 0.00633702
Timings{0}>                      Wall avg =  0.0040914
Timings{0}>                      Wall min = 0.00220179
Timings{0}> 
Timings{0}> particleSend........ Wall max = 0.00874474
Timings{0}>                      Wall avg =  0.0082991
Timings{0}>                      Wall min = 0.00753843
Timings{0}> 
Timings{0}> particleRecv........ Wall max = 0.000384342
Timings{0}>                      Wall avg = 0.000318253
Timings{0}>                      Wall min = 0.000259895
Timings{0}> 
Timings{0}> particleDestroy..... Wall max =  0.0304353
Timings{0}>                      Wall avg =  0.0271293
Timings{0}>                      Wall min =  0.0249949
Timings{0}> 
Timings{0}> ScatterPIFNUFFT..... Wall max =    3.13663
Timings{0}>                      Wall avg =     2.8469
Timings{0}>                      Wall min =    2.49641
Timings{0}> 
Timings{0}> NativeNUFFT1........ Wall max =    3.09261
Timings{0}>                      Wall avg =    2.80346
Timings{0}>                      Wall min =    2.45374
Timings{0}> 
Timings{0}> scatterTimerNUFFT1.. Wall max =    2.25578
Timings{0}>                      Wall avg =    1.96657
Timings{0}>                      Wall min =     1.6159
Timings{0}> 
Timings{0}> binSort............. Wall max =   0.176062
Timings{0}>                      Wall avg =   0.166389
Timings{0}>                      Wall min =   0.156295
Timings{0}> 
Timings{0}> binComputeKeys...... Wall max =  0.0171152
Timings{0}>                      Wall avg =  0.0159312
Timings{0}>                      Wall min =  0.0146528
Timings{0}> 
Timings{0}> binSortByKey........ Wall max =   0.150482
Timings{0}>                      Wall avg =   0.142369
Timings{0}>                      Wall min =    0.13407
Timings{0}> 
Timings{0}> binComputeOffsets... Wall max = 0.00837229
Timings{0}>                      Wall avg = 0.00798933
Timings{0}>                      Wall min = 0.00748386
Timings{0}> 
Timings{0}> FFTNUFFT1........... Wall max =   0.837024
Timings{0}>                      Wall avg =   0.828999
Timings{0}>                      Wall min =   0.819867
Timings{0}> 
Timings{0}> deconvolutionNUFFT1. Wall max = 0.00859686
Timings{0}>                      Wall avg =  0.0078641
Timings{0}>                      Wall min = 0.00730174
Timings{0}> 
Timings{0}> GatherPIFNUFFT...... Wall max =    3.85068
Timings{0}>                      Wall avg =    3.82112
Timings{0}>                      Wall min =    3.80142
Timings{0}> 
Timings{0}> NativeNUFFT2........ Wall max =    3.81516
Timings{0}>                      Wall avg =    3.78675
Timings{0}>                      Wall min =    3.76569
Timings{0}> 
Timings{0}> PrecorrectionNUFFT2. Wall max =  0.0692361
Timings{0}>                      Wall avg =  0.0671686
Timings{0}>                      Wall min =  0.0646481
Timings{0}> 
Timings{0}> FFTNUFFT2........... Wall max =    2.56499
Timings{0}>                      Wall avg =    2.52284
Timings{0}>                      Wall min =    2.47546
Timings{0}> 
Timings{0}> GatherNUFFT2........ Wall max =   0.280751
Timings{0}>                      Wall avg =   0.264855
Timings{0}>                      Wall min =   0.254359
Timings{0}> 
Timings{0}> ---------------------------------------------
Timings{0}>      Measurement counts:
Timings{0}> ---------------------------------------------
Timings{0}> mainTimer........... Count =          1
Timings{0}> particlesCreation... Count =          0
Timings{0}> dumpData............ Count =         10
Timings{0}> kick................ Count =         20
Timings{0}> drift............... Count =         10
Timings{0}> particleBC.......... Count =         10
Timings{0}> initializeShapeFunc. Count =          0
Timings{0}> findInternal........ Count =          0
Timings{0}> findPeriodic........ Count =          0
Timings{0}> NativeNUFFT::init... Count =          0
Timings{0}> updateParticle...... Count =         10
Timings{0}> locateParticles..... Count =         10
Timings{0}> sendPreprocess...... Count =         10
Timings{0}> particleSend........ Count =         10
Timings{0}> particleRecv........ Count =         10
Timings{0}> particleDestroy..... Count =         10
Timings{0}> ScatterPIFNUFFT..... Count =         20
Timings{0}> NativeNUFFT1........ Count =         10
Timings{0}> scatterTimerNUFFT1.. Count =         10
Timings{0}> binSort............. Count =         40
Timings{0}> binComputeKeys...... Count =         40
Timings{0}> binSortByKey........ Count =         40
Timings{0}> binComputeOffsets... Count =         40
Timings{0}> FFTNUFFT1........... Count =         10
Timings{0}> deconvolutionNUFFT1. Count =         10
Timings{0}> GatherPIFNUFFT...... Count =         10
Timings{0}> NativeNUFFT2........ Count =         30
Timings{0}> PrecorrectionNUFFT2. Count =         30
Timings{0}> FFTNUFFT2........... Count =         30
Timings{0}> GatherNUFFT2........ Count =         30
Timings{0}> ---------------------------------------------
Timings{0}> ---------------------------------------------
Timings{0}>      Per-occurrence statistics:
Timings{0}> ---------------------------------------------
Timings{0}> mainTimer........... n=    1  mean=   7.17825  std=         0  min=   7.17825  max=   7.17825
Timings{0}> dumpData............ n=   10  mean= 0.0074119  std=0.000821028  min=0.00643417  max=0.00916449
Timings{0}> kick................ n=   20  mean=3.20773e-05  std=2.13525e-05  min= 9.504e-06  max=6.1438e-05
Timings{0}> drift............... n=   10  mean=8.3967e-06  std=9.76666e-07  min=  6.72e-06  max=   9.6e-06
Timings{0}> particleBC.......... n=   10  mean=1.18299e-05  std=9.22721e-07  min=1.0144e-05  max=1.3056e-05
Timings{0}> updateParticle...... n=   10  mean=0.00849814  std=0.000112895  min=0.00829568  max=0.00870524
Timings{0}> locateParticles..... n=   10  mean=0.00381619  std=7.68325e-06  min=0.00380324  max=0.00382856
Timings{0}> sendPreprocess...... n=   10  mean=0.000260459  std=1.5658e-05  min=0.000236504  max=0.000287448
Timings{0}> particleSend........ n=   10  mean=0.000835226  std=1.68914e-05  min=0.000811016  max=0.000857318
Timings{0}> particleRecv........ n=   10  mean=3.21302e-05  std=2.72664e-06  min=2.5695e-05  max=3.5839e-05
Timings{0}> particleDestroy..... n=   10  mean=0.00260628  std=1.09495e-05  min=0.00258654  max=0.00263106
Timings{0}> ScatterPIFNUFFT..... n=   20  mean=  0.156625  std=  0.172677  min=1.4432e-05  max=  0.487596
Timings{0}> NativeNUFFT1........ n=   10  mean=  0.308799  std= 0.0919157  min=  0.176141  max=  0.483103
Timings{0}> scatterTimerNUFFT1.. n=   10  mean=  0.225543  std= 0.0922039  min= 0.0936151  max=     0.401
Timings{0}> binSort............. n=   40  mean=0.00440154  std=3.80365e-05  min=0.00432845  max=0.00447628
Timings{0}> binComputeKeys...... n=   40  mean=0.000427879  std=1.27048e-05  min=0.000409907  max=0.000453331
Timings{0}> binSortByKey........ n=   40  mean=0.00376206  std=2.95776e-05  min=0.00371186  max=0.00381969
Timings{0}> binComputeOffsets... n=   40  mean=0.000209307  std=8.27656e-06  min=0.00019785  max=0.000231609
Timings{0}> FFTNUFFT1........... n=   10  mean= 0.0825158  std=0.00136679  min= 0.0805754  max= 0.0844791
Timings{0}> deconvolutionNUFFT1. n=   10  mean=0.000737482  std=8.33432e-05  min=0.000667468  max=0.000842662
Timings{0}> GatherPIFNUFFT...... n=   10  mean=  0.383369  std=0.00316434  min=  0.379033  max=  0.388592
Timings{0}> NativeNUFFT2........ n=   30  mean=  0.126763  std=0.00156676  min=  0.123649  max=  0.129495
Timings{0}> PrecorrectionNUFFT2. n=   30  mean=0.00229978  std=0.00047862  min=0.00161768  max=0.00265752
Timings{0}> FFTNUFFT2........... n=   30  mean= 0.0832366  std=0.00189815  min= 0.0795083  max= 0.0873555
Timings{0}> GatherNUFFT2........ n=   30  mean=0.00902858  std=0.000786498  min=0.00815204  max= 0.0105572
Timings{0}> ---------------------------------------------
