
================================================================================
NUFFT Scaling Benchmark
================================================================================
Number of ranks: 256
Grid size:       1024^3
Upsampled grid:  2048^3 (sigma=2)
Particles:       8589934592 (8 per point)
Tolerance:       0.0001
CSV output:      results/nufft_scaling_256_upsampled.csv
Component CSV:   results/nufft_components_256_upsampled.csv

=== Benchmarking NUFFT Type 1 ===
Grid size:       1024^3
Upsampled grid:  2048^3 (sigma=2)
Total particles: 8589934592
Local particles: 33554432
Spread method:   output_focused
Tolerance:       0.0001
Warmup runs:     3
Benchmark runs:  10
Running warmup...
Running benchmark...

NUFFT Type 1 Results:
  Ranks:       256
  Grid:        1024^3
  Particles:   8589934592
  Mean time:   815.905 ms
  Min time:    814.944 ms
  Max time:    817.345 ms
  Stddev:      0.777 ms
  Throughput:  10528.11 Mpts/s

=== Benchmarking NUFFT Type 2 ===
Grid size:       1024^3
Upsampled grid:  2048^3 (sigma=2.00)
Total particles: 8589934592
Local particles: 33554432
Gather method:   atomic_sort
Tolerance:       0.00
Warmup runs:     3
Benchmark runs:  10
Running warmup...
Running benchmark...

NUFFT Type 2 Results:
  Ranks:       256
  Grid:        1024^3
  Particles:   8589934592
  Mean time:   554.783 ms
  Min time:    553.761 ms
  Max time:    556.508 ms
  Stddev:      0.827 ms
  Throughput:  15483.41 Mpts/s
[CSV] Timings written to results/nufft_scaling_256_upsampled.csv

==================================================
COMPONENT TIMING BREAKDOWN
==================================================

Type-1 (spreading):
----------------------------------------
Scatter (spreading)          287.05 ms
FFT (forward)                490.33 ms
Deconvolution                  0.82 ms

Type-2 (interpolation):
----------------------------------------
Precorrection                  1.21 ms
FFT (backward)               541.02 ms
Gather (interpolation)        37.74 ms

Total:
----------------------------------------
Complete Type-1              778.22 ms
Complete Type-2              579.98 ms
[CSV] Component timings written to results/nufft_components_256_upsampled.csv

================================================================================
SUMMARY
================================================================================
Type 1: 815.905 ms (10528.11 Mpts/s)
Type 2: 554.78 ms (15483.41 Mpts/s)
================================================================================
