
================================================================================
NUFFT Scaling Benchmark
================================================================================
Number of ranks: 64
Grid size:       512^3
Upsampled grid:  1024^3 (sigma=2)
Particles:       1073741824 (8 per point)
Tolerance:       0.0001
CSV output:      results/nufft_scaling_64_upsampled.csv
Component CSV:   results/nufft_components_64_upsampled.csv

=== Benchmarking NUFFT Type 1 ===
Grid size:       512^3
Upsampled grid:  1024^3 (sigma=2)
Total particles: 1073741824
Local particles: 16777216
Spread method:   output_focused
Tolerance:       0.0001
Warmup runs:     3
Benchmark runs:  10
Running warmup...
Running benchmark...

NUFFT Type 1 Results:
  Ranks:       64
  Grid:        512^3
  Particles:   1073741824
  Mean time:   650.856 ms
  Min time:    648.785 ms
  Max time:    653.452 ms
  Stddev:      1.893 ms
  Throughput:  1649.74 Mpts/s

=== Benchmarking NUFFT Type 2 ===
Grid size:       512^3
Upsampled grid:  1024^3 (sigma=2.00)
Total particles: 1073741824
Local particles: 16777216
Gather method:   atomic_sort
Tolerance:       0.00
Warmup runs:     3
Benchmark runs:  10
Running warmup...
Running benchmark...

NUFFT Type 2 Results:
  Ranks:       64
  Grid:        512^3
  Particles:   1073741824
  Mean time:   193.358 ms
  Min time:    191.084 ms
  Max time:    198.645 ms
  Stddev:      2.000 ms
  Throughput:  5553.14 Mpts/s
[CSV] Timings written to results/nufft_scaling_64_upsampled.csv

==================================================
COMPONENT TIMING BREAKDOWN
==================================================

Type-1 (spreading):
----------------------------------------
Scatter (spreading)          507.40 ms
FFT (forward)                130.06 ms
Deconvolution                  0.50 ms

Type-2 (interpolation):
----------------------------------------
Precorrection                  0.73 ms
FFT (backward)               132.24 ms
Gather (interpolation)        55.23 ms

Total:
----------------------------------------
Complete Type-1              637.96 ms
Complete Type-2              188.21 ms
[CSV] Component timings written to results/nufft_components_64_upsampled.csv

================================================================================
SUMMARY
================================================================================
Type 1: 650.856 ms (1649.74 Mpts/s)
Type 2: 193.36 ms (5553.14 Mpts/s)
================================================================================
