Hostname=nid005780   , Rank=1    ,Local=1   ,RPN=4   ,CPUs=72-143   ,GPU=1 ,NIC=cxi1 ,numa_nodes=1     ,first_numa=1  ,other_nodes=     
Hostname=nid005781   , Rank=5    ,Local=1   ,RPN=4   ,CPUs=72-143   ,GPU=1 ,NIC=cxi1 ,numa_nodes=1     ,first_numa=1  ,other_nodes=     
Slurm Job Hostlist: nid[005780-005781]
Hostname=nid005780   , Rank=0    ,Local=0   ,RPN=4   ,CPUs=0-71     ,GPU=0 ,NIC=cxi0 ,numa_nodes=0     ,first_numa=0  ,other_nodes=     
Hostname=nid005780   , Rank=2    ,Local=2   ,RPN=4   ,CPUs=144-215  ,GPU=2 ,NIC=cxi2 ,numa_nodes=2     ,first_numa=2  ,other_nodes=     
Hostname=nid005780   , Rank=3    ,Local=3   ,RPN=4   ,CPUs=216-287  ,GPU=3 ,NIC=cxi3 ,numa_nodes=3     ,first_numa=3  ,other_nodes=     
Hostname=nid005781   , Rank=4    ,Local=0   ,RPN=4   ,CPUs=0-71     ,GPU=0 ,NIC=cxi0 ,numa_nodes=0     ,first_numa=0  ,other_nodes=     
Hostname=nid005781   , Rank=6    ,Local=2   ,RPN=4   ,CPUs=144-215  ,GPU=2 ,NIC=cxi2 ,numa_nodes=2     ,first_numa=2  ,other_nodes=     
Hostname=nid005781   , Rank=7    ,Local=3   ,RPN=4   ,CPUs=216-287  ,GPU=3 ,NIC=cxi3 ,numa_nodes=3     ,first_numa=3  ,other_nodes=     
LandauDampingPIF{0}> Landau damping
LandauDampingPIF{0}> nt 10 Np= 268435456 Fourier modes = ( 256 , 256 , 512 )
LandauDampingPIF{0}> particles created and initial conditions assigned 
LandauDampingPIF{0}> After init shape function 
LandauDampingPIF{0}> After init NUFFT 
LandauDampingPIF{0}> After update 
[Scatter] Auto-select: OutputFocused (tp=1350.0 Mpts/s) for w=5 rho=1.00 (was Atomic)
[Scatter] Cache hit: method=OutputFocused w=5 cx=1 rho=1.00 -> tile=(3,3,7) team=64 osub=1 zb=32 tp=1350.0 Mpts/s (rho_csv=1.25)
LandauDampingPIF{0}> After scatter 
LandauDampingPIF{0}> After gather 
LandauDampingPIF{0}> Starting iterations ...
LandauDampingPIF{0}> Finished time step: -2 time: 0.0122718
LandauDampingPIF{0}> Finished time step: -1 time: 0.0245437
LandauDampingPIF{0}> Finished time step: 0 time: 0.0368155
LandauDampingPIF{0}> Finished time step: 1 time: 0.0490874
LandauDampingPIF{0}> Finished time step: 2 time: 0.0613592
LandauDampingPIF{0}> Finished time step: 3 time: 0.0736311
LandauDampingPIF{0}> Finished time step: 4 time: 0.0859029
LandauDampingPIF{0}> Finished time step: 5 time: 0.0981748
LandauDampingPIF{0}> Finished time step: 6 time: 0.110447
LandauDampingPIF{0}> Finished time step: 7 time: 0.122718
LandauDampingPIF{0}> Finished time step: 8 time: 0.13499
LandauDampingPIF{0}> Finished time step: 9 time: 0.147262
LandauDampingPIF{0}> Finished time step: 10 time: 0.159534
LandauDampingPIF{0}> LandauDamping: End.
Timings{0}> ---------------------------------------------
Timings{0}>      Timing results for 8 rank(s):
Timings{0}> ---------------------------------------------
Timings{0}> mainTimer........... Wall tot =     3.1834
Timings{0}> 
Timings{0}> particlesCreation... Wall max =          0
Timings{0}>                      Wall avg =          0
Timings{0}>                      Wall min =          0
Timings{0}> 
Timings{0}> dumpData............ Wall max =  0.0768627
Timings{0}>                      Wall avg =  0.0724945
Timings{0}>                      Wall min =   0.069242
Timings{0}> 
Timings{0}> kick................ Wall max = 0.000642477
Timings{0}>                      Wall avg = 0.000549269
Timings{0}>                      Wall min = 0.000477452
Timings{0}> 
Timings{0}> drift............... Wall max = 9.2191e-05
Timings{0}>                      Wall avg = 8.89744e-05
Timings{0}>                      Wall min = 8.4094e-05
Timings{0}> 
Timings{0}> particleBC.......... Wall max = 0.000134363
Timings{0}>                      Wall avg = 0.000115783
Timings{0}>                      Wall min = 0.000104444
Timings{0}> 
Timings{0}> initializeShapeFunc. Wall max =          0
Timings{0}>                      Wall avg =          0
Timings{0}>                      Wall min =          0
Timings{0}> 
Timings{0}> findInternal........ Wall max =          0
Timings{0}>                      Wall avg =          0
Timings{0}>                      Wall min =          0
Timings{0}> 
Timings{0}> findPeriodic........ Wall max =          0
Timings{0}>                      Wall avg =          0
Timings{0}>                      Wall min =          0
Timings{0}> 
Timings{0}> NativeNUFFT::init... Wall max =          0
Timings{0}>                      Wall avg =          0
Timings{0}>                      Wall min =          0
Timings{0}> 
Timings{0}> updateParticle...... Wall max =  0.0687349
Timings{0}>                      Wall avg =  0.0684642
Timings{0}>                      Wall min =   0.068226
Timings{0}> 
Timings{0}> locateParticles..... Wall max =  0.0353859
Timings{0}>                      Wall avg =  0.0351527
Timings{0}>                      Wall min =  0.0349697
Timings{0}> 
Timings{0}> sendPreprocess...... Wall max = 0.00200304
Timings{0}>                      Wall avg = 0.00193346
Timings{0}>                      Wall min = 0.00160091
Timings{0}> 
Timings{0}> particleSend........ Wall max = 0.00448071
Timings{0}>                      Wall avg = 0.00429542
Timings{0}>                      Wall min = 0.00414214
Timings{0}> 
Timings{0}> particleRecv........ Wall max = 0.000228311
Timings{0}>                      Wall avg = 0.000206421
Timings{0}>                      Wall min = 0.000187642
Timings{0}> 
Timings{0}> particleDestroy..... Wall max =  0.0228418
Timings{0}>                      Wall avg =  0.0211071
Timings{0}>                      Wall min =  0.0194408
Timings{0}> 
Timings{0}> ScatterPIFNUFFT..... Wall max =   0.809847
Timings{0}>                      Wall avg =   0.807983
Timings{0}>                      Wall min =    0.80572
Timings{0}> 
Timings{0}> NativeNUFFT1........ Wall max =   0.766352
Timings{0}>                      Wall avg =   0.764362
Timings{0}>                      Wall min =    0.76237
Timings{0}> 
Timings{0}> scatterTimerNUFFT1.. Wall max =   0.202003
Timings{0}>                      Wall avg =   0.200799
Timings{0}>                      Wall min =   0.199365
Timings{0}> 
Timings{0}> binSort............. Wall max =   0.169015
Timings{0}>                      Wall avg =    0.16721
Timings{0}>                      Wall min =    0.16554
Timings{0}> 
Timings{0}> binComputeKeys...... Wall max =   0.016517
Timings{0}>                      Wall avg =  0.0161342
Timings{0}>                      Wall min =   0.015844
Timings{0}> 
Timings{0}> binSortByKey........ Wall max =   0.144506
Timings{0}>                      Wall avg =   0.142888
Timings{0}>                      Wall min =   0.141548
Timings{0}> 
Timings{0}> binComputeOffsets... Wall max =  0.0083802
Timings{0}>                      Wall avg = 0.00805633
Timings{0}>                      Wall min = 0.00767863
Timings{0}> 
Timings{0}> FFTNUFFT1........... Wall max =    0.55542
Timings{0}>                      Wall avg =   0.554239
Timings{0}>                      Wall min =   0.553142
Timings{0}> 
Timings{0}> deconvolutionNUFFT1. Wall max =  0.0100785
Timings{0}>                      Wall avg =  0.0092837
Timings{0}>                      Wall min = 0.00756925
Timings{0}> 
Timings{0}> GatherPIFNUFFT...... Wall max =    2.18946
Timings{0}>                      Wall avg =    2.17338
Timings{0}>                      Wall min =    2.16041
Timings{0}> 
Timings{0}> NativeNUFFT2........ Wall max =    2.13698
Timings{0}>                      Wall avg =    2.13263
Timings{0}>                      Wall min =    2.12866
Timings{0}> 
Timings{0}> PrecorrectionNUFFT2. Wall max =  0.0677858
Timings{0}>                      Wall avg =  0.0672917
Timings{0}>                      Wall min =  0.0667845
Timings{0}> 
Timings{0}> FFTNUFFT2........... Wall max =    1.67385
Timings{0}>                      Wall avg =    1.66999
Timings{0}>                      Wall min =    1.66515
Timings{0}> 
Timings{0}> GatherNUFFT2........ Wall max =   0.211389
Timings{0}>                      Wall avg =   0.206553
Timings{0}>                      Wall min =   0.202135
Timings{0}> 
Timings{0}> ---------------------------------------------
Timings{0}>      Measurement counts:
Timings{0}> ---------------------------------------------
Timings{0}> mainTimer........... Count =          1
Timings{0}> particlesCreation... Count =          0
Timings{0}> dumpData............ Count =         10
Timings{0}> kick................ Count =         20
Timings{0}> drift............... Count =         10
Timings{0}> particleBC.......... Count =         10
Timings{0}> initializeShapeFunc. Count =          0
Timings{0}> findInternal........ Count =          0
Timings{0}> findPeriodic........ Count =          0
Timings{0}> NativeNUFFT::init... Count =          0
Timings{0}> updateParticle...... Count =         10
Timings{0}> locateParticles..... Count =         10
Timings{0}> sendPreprocess...... Count =         10
Timings{0}> particleSend........ Count =         10
Timings{0}> particleRecv........ Count =         10
Timings{0}> particleDestroy..... Count =         10
Timings{0}> ScatterPIFNUFFT..... Count =         20
Timings{0}> NativeNUFFT1........ Count =         10
Timings{0}> scatterTimerNUFFT1.. Count =         10
Timings{0}> binSort............. Count =         40
Timings{0}> binComputeKeys...... Count =         40
Timings{0}> binSortByKey........ Count =         40
Timings{0}> binComputeOffsets... Count =         40
Timings{0}> FFTNUFFT1........... Count =         10
Timings{0}> deconvolutionNUFFT1. Count =         10
Timings{0}> GatherPIFNUFFT...... Count =         10
Timings{0}> NativeNUFFT2........ Count =         30
Timings{0}> PrecorrectionNUFFT2. Count =         30
Timings{0}> FFTNUFFT2........... Count =         30
Timings{0}> GatherNUFFT2........ Count =         30
Timings{0}> ---------------------------------------------
Timings{0}> ---------------------------------------------
Timings{0}>      Per-occurrence statistics:
Timings{0}> ---------------------------------------------
Timings{0}> mainTimer........... n=    1  mean=    3.1834  std=         0  min=    3.1834  max=    3.1834
Timings{0}> dumpData............ n=   10  mean=0.00718088  std=0.000609646  min=0.00634987  max=0.00793523
Timings{0}> kick................ n=   20  mean=3.21239e-05  std=2.04956e-05  min= 6.944e-06  max=5.6286e-05
Timings{0}> drift............... n=   10  mean=9.0333e-06  std=1.18736e-06  min= 7.264e-06  max=1.1328e-05
Timings{0}> particleBC.......... n=   10  mean=1.34363e-05  std=4.77113e-06  min=1.0048e-05  max=2.6463e-05
Timings{0}> updateParticle...... n=   10  mean= 0.0068226  std=5.88627e-05  min=0.00674135  max= 0.0068999
Timings{0}> locateParticles..... n=   10  mean=0.00349697  std=9.16014e-06  min=0.00348785  max=0.00351928
Timings{0}> sendPreprocess...... n=   10  mean=0.00019854  std=1.73941e-05  min=0.000176026  max=0.00022188
Timings{0}> particleSend........ n=   10  mean=0.000437419  std=1.95107e-05  min=0.000409651  max=0.000484624
Timings{0}> particleRecv........ n=   10  mean=2.0377e-05  std=3.04658e-06  min=1.3504e-05  max=2.5311e-05
Timings{0}> particleDestroy..... n=   10  mean=0.00194408  std=9.8354e-06  min=0.00192256  max=0.00195657
Timings{0}> ScatterPIFNUFFT..... n=   20  mean=  0.040286  std= 0.0412802  min=4.1951e-05  max= 0.0806098
Timings{0}> NativeNUFFT1........ n=   10  mean=  0.076237  std=0.000433567  min= 0.0759113  max= 0.0770679
Timings{0}> scatterTimerNUFFT1.. n=   10  mean= 0.0201455  std=0.000393829  min= 0.0198761  max= 0.0209327
Timings{0}> binSort............. n=   40  mean=0.00422537  std=4.55368e-05  min=0.00410313  max=0.00428223
Timings{0}> binComputeKeys...... n=   40  mean=0.000398894  std=8.82374e-06  min=0.000384851  max=0.000416946
Timings{0}> binSortByKey........ n=   40  mean=0.00361264  std=3.65763e-05  min=0.00351585  max=0.00365549
Timings{0}> binComputeOffsets... n=   40  mean=0.000209505  std=6.69409e-06  min=0.000188793  max=0.000223352
Timings{0}> FFTNUFFT1........... n=   10  mean= 0.0553291  std=6.58637e-05  min= 0.0552286  max= 0.0554112
Timings{0}> deconvolutionNUFFT1. n=   10  mean=0.000756925  std=5.5148e-05  min=0.000697289  max=0.00083594
Timings{0}> GatherPIFNUFFT...... n=   10  mean=  0.218946  std=0.000886752  min=  0.218349  max=  0.221417
Timings{0}> NativeNUFFT2........ n=   30  mean= 0.0712328  std=0.000683313  min= 0.0702342  max= 0.0739388
Timings{0}> PrecorrectionNUFFT2. n=   30  mean=0.00225953  std=0.000452395  min=0.00158715  max=0.00259406
Timings{0}> FFTNUFFT2........... n=   30  mean= 0.0557239  std=0.000737872  min= 0.0552698  max= 0.0582862
Timings{0}> GatherNUFFT2........ n=   30  mean=0.00704629  std=5.30097e-05  min=0.00685091  max=0.00717218
Timings{0}> ---------------------------------------------
