LandauDampingPIF{0}> Landau damping
LandauDampingPIF{0}> nt 10 Np= 536870912 Fourier modes = ( 256 , 512 , 512 )
LandauDampingPIF{0}> particles created and initial conditions assigned 
LandauDampingPIF{0}> After init shape function 
LandauDampingPIF{0}> After init NUFFT 
LandauDampingPIF{0}> After update 
[Scatter] Auto-select: OutputFocused (tp=747.1 Mpts/s) for w=5 rho=1.03 (was Atomic)
[Scatter] Cache hit: method=OutputFocused w=5 cx=1 rho=1.03 -> tile=(5,3,5) team=128 osub=1 zb=29 tp=747.1 Mpts/s (rho_csv=1.25)
LandauDampingPIF{0}> After scatter 
LandauDampingPIF{0}> After gather 
LandauDampingPIF{0}> Starting iterations ...
LandauDampingPIF{0}> Finished time step: -2 time: 0.0122718
LandauDampingPIF{0}> Finished time step: -1 time: 0.0245437
LandauDampingPIF{0}> Finished time step: 0 time: 0.0368155
LandauDampingPIF{0}> Finished time step: 1 time: 0.0490874
LandauDampingPIF{0}> Finished time step: 2 time: 0.0613592
LandauDampingPIF{0}> Finished time step: 3 time: 0.0736311
LandauDampingPIF{0}> Finished time step: 4 time: 0.0859029
LandauDampingPIF{0}> Finished time step: 5 time: 0.0981748
LandauDampingPIF{0}> Finished time step: 6 time: 0.110447
LandauDampingPIF{0}> Finished time step: 7 time: 0.122718
LandauDampingPIF{0}> Finished time step: 8 time: 0.13499
LandauDampingPIF{0}> Finished time step: 9 time: 0.147262
LandauDampingPIF{0}> Finished time step: 10 time: 0.159534
LandauDampingPIF{0}> LandauDamping: End.
Timings{0}> ---------------------------------------------
Timings{0}>      Timing results for 16 rank(s):
Timings{0}> ---------------------------------------------
Timings{0}> mainTimer........... Wall tot =    20.4394
Timings{0}> 
Timings{0}> particlesCreation... Wall max =          0
Timings{0}>                      Wall avg =          0
Timings{0}>                      Wall min =          0
Timings{0}> 
Timings{0}> dumpData............ Wall max =   0.115895
Timings{0}>                      Wall avg =  0.0998476
Timings{0}>                      Wall min =  0.0838848
Timings{0}> 
Timings{0}> kick................ Wall max =   0.037562
Timings{0}>                      Wall avg =  0.0363613
Timings{0}>                      Wall min =  0.0350001
Timings{0}> 
Timings{0}> drift............... Wall max =  0.0187595
Timings{0}>                      Wall avg =  0.0179049
Timings{0}>                      Wall min =  0.0172127
Timings{0}> 
Timings{0}> particleBC.......... Wall max =  0.0372512
Timings{0}>                      Wall avg =   0.036096
Timings{0}>                      Wall min =  0.0349533
Timings{0}> 
Timings{0}> initializeShapeFunc. Wall max =          0
Timings{0}>                      Wall avg =          0
Timings{0}>                      Wall min =          0
Timings{0}> 
Timings{0}> findInternal........ Wall max =          0
Timings{0}>                      Wall avg =          0
Timings{0}>                      Wall min =          0
Timings{0}> 
Timings{0}> findPeriodic........ Wall max =          0
Timings{0}>                      Wall avg =          0
Timings{0}>                      Wall min =          0
Timings{0}> 
Timings{0}> NativeNUFFT::init... Wall max =          0
Timings{0}>                      Wall avg =          0
Timings{0}>                      Wall min =          0
Timings{0}> 
Timings{0}> updateParticle...... Wall max =  0.0809015
Timings{0}>                      Wall avg =  0.0786317
Timings{0}>                      Wall min =  0.0761419
Timings{0}> 
Timings{0}> locateParticles..... Wall max =  0.0143842
Timings{0}>                      Wall avg =   0.013948
Timings{0}>                      Wall min =  0.0134957
Timings{0}> 
Timings{0}> sendPreprocess...... Wall max = 0.00729833
Timings{0}>                      Wall avg = 0.00427447
Timings{0}>                      Wall min = 0.00132555
Timings{0}> 
Timings{0}> particleSend........ Wall max = 0.00698641
Timings{0}>                      Wall avg = 0.00685096
Timings{0}>                      Wall min = 0.00667783
Timings{0}> 
Timings{0}> particleRecv........ Wall max = 0.000229582
Timings{0}>                      Wall avg = 0.000212303
Timings{0}>                      Wall min = 0.000202093
Timings{0}> 
Timings{0}> particleDestroy..... Wall max =  0.0454731
Timings{0}>                      Wall avg =  0.0413275
Timings{0}>                      Wall min =  0.0378416
Timings{0}> 
Timings{0}> ScatterPIFNUFFT..... Wall max =     5.1321
Timings{0}>                      Wall avg =    4.92138
Timings{0}>                      Wall min =    4.70937
Timings{0}> 
Timings{0}> NativeNUFFT1........ Wall max =    5.07447
Timings{0}>                      Wall avg =    4.86269
Timings{0}>                      Wall min =     4.6503
Timings{0}> 
Timings{0}> scatterTimerNUFFT1.. Wall max =   0.380379
Timings{0}>                      Wall avg =   0.377903
Timings{0}>                      Wall min =   0.372957
Timings{0}> 
Timings{0}> binSort............. Wall max =   0.375893
Timings{0}>                      Wall avg =   0.364166
Timings{0}>                      Wall min =   0.352817
Timings{0}> 
Timings{0}> binComputeKeys...... Wall max =  0.0407857
Timings{0}>                      Wall avg =  0.0395419
Timings{0}>                      Wall min =  0.0382888
Timings{0}> 
Timings{0}> binSortByKey........ Wall max =   0.324573
Timings{0}>                      Wall avg =   0.314343
Timings{0}>                      Wall min =   0.304456
Timings{0}> 
Timings{0}> binComputeOffsets... Wall max =  0.0101775
Timings{0}>                      Wall avg = 0.00988753
Timings{0}>                      Wall min =   0.009614
Timings{0}> 
Timings{0}> FFTNUFFT1........... Wall max =    4.68901
Timings{0}>                      Wall avg =    4.47904
Timings{0}>                      Wall min =     4.2637
Timings{0}> 
Timings{0}> deconvolutionNUFFT1. Wall max = 0.00610432
Timings{0}>                      Wall avg = 0.00562935
Timings{0}>                      Wall min = 0.00516481
Timings{0}> 
Timings{0}> GatherPIFNUFFT...... Wall max =    15.4184
Timings{0}>                      Wall avg =    15.2006
Timings{0}>                      Wall min =    15.0013
Timings{0}> 
Timings{0}> NativeNUFFT2........ Wall max =    15.2619
Timings{0}>                      Wall avg =    15.0462
Timings{0}>                      Wall min =    14.8442
Timings{0}> 
Timings{0}> PrecorrectionNUFFT2. Wall max =  0.0304089
Timings{0}>                      Wall avg =  0.0291159
Timings{0}>                      Wall min =  0.0278479
Timings{0}> 
Timings{0}> FFTNUFFT2........... Wall max =    14.0791
Timings{0}>                      Wall avg =    13.6059
Timings{0}>                      Wall min =    13.2381
Timings{0}> 
Timings{0}> GatherNUFFT2........ Wall max =     1.9928
Timings{0}>                      Wall avg =    1.41056
Timings{0}>                      Wall min =   0.734216
Timings{0}> 
Timings{0}> ---------------------------------------------
Timings{0}>      Measurement counts:
Timings{0}> ---------------------------------------------
Timings{0}> mainTimer........... Count =          1
Timings{0}> particlesCreation... Count =          0
Timings{0}> dumpData............ Count =         10
Timings{0}> kick................ Count =         20
Timings{0}> drift............... Count =         10
Timings{0}> particleBC.......... Count =         10
Timings{0}> initializeShapeFunc. Count =          0
Timings{0}> findInternal........ Count =          0
Timings{0}> findPeriodic........ Count =          0
Timings{0}> NativeNUFFT::init... Count =          0
Timings{0}> updateParticle...... Count =         10
Timings{0}> locateParticles..... Count =         10
Timings{0}> sendPreprocess...... Count =         10
Timings{0}> particleSend........ Count =         10
Timings{0}> particleRecv........ Count =         10
Timings{0}> particleDestroy..... Count =         10
Timings{0}> ScatterPIFNUFFT..... Count =         20
Timings{0}> NativeNUFFT1........ Count =         10
Timings{0}> scatterTimerNUFFT1.. Count =         10
Timings{0}> binSort............. Count =         40
Timings{0}> binComputeKeys...... Count =         40
Timings{0}> binSortByKey........ Count =         40
Timings{0}> binComputeOffsets... Count =         40
Timings{0}> FFTNUFFT1........... Count =         10
Timings{0}> deconvolutionNUFFT1. Count =         10
Timings{0}> GatherPIFNUFFT...... Count =         10
Timings{0}> NativeNUFFT2........ Count =         30
Timings{0}> PrecorrectionNUFFT2. Count =         30
Timings{0}> FFTNUFFT2........... Count =         30
Timings{0}> GatherNUFFT2........ Count =         30
Timings{0}> ---------------------------------------------
Timings{0}> ---------------------------------------------
Timings{0}>      Per-occurrence statistics:
Timings{0}> ---------------------------------------------
Timings{0}> mainTimer........... n=    1  mean=   20.4394  std=         0  min=   20.4394  max=   20.4394
Timings{0}> dumpData............ n=   10  mean=0.00961952  std=9.12451e-05  min=0.00947884  max=0.00973448
Timings{0}> kick................ n=   20  mean= 0.0018781  std=5.14151e-06  min=0.00186908  max=0.00188581
Timings{0}> drift............... n=   10  mean=0.00184539  std=2.47537e-06  min=0.00184104  max=0.00185075
Timings{0}> particleBC.......... n=   10  mean=0.00372287  std=3.71134e-06  min=0.00371919  max= 0.0037305
Timings{0}> updateParticle...... n=   10  mean=0.00761419  std=0.000112887  min=0.00752806  max=0.00783325
Timings{0}> locateParticles..... n=   10  mean=0.00141947  std=6.24701e-06  min=0.00140884  max=0.00142793
Timings{0}> sendPreprocess...... n=   10  mean=0.000165513  std=3.14202e-05  min=0.000139992  max=0.000247933
Timings{0}> particleSend........ n=   10  mean=0.000690294  std=1.87046e-05  min=0.000674166  max=0.000722477
Timings{0}> particleRecv........ n=   10  mean=2.07091e-05  std=2.53969e-06  min= 1.772e-05  max= 2.393e-05
Timings{0}> particleDestroy..... n=   10  mean=0.00395502  std=2.21475e-05  min=0.00393002  max=0.00400684
Timings{0}> ScatterPIFNUFFT..... n=   20  mean=  0.235469  std=  0.240435  min=0.00111783  max=  0.470279
Timings{0}> NativeNUFFT1........ n=   10  mean=   0.46503  std=0.000331905  min=  0.464383  max=  0.465463
Timings{0}> scatterTimerNUFFT1.. n=   10  mean= 0.0380379  std=0.000212019  min= 0.0379286  max= 0.0386252
Timings{0}> binSort............. n=   40  mean=0.00939734  std=2.85615e-05  min=0.00934291  max=0.00943421
Timings{0}> binComputeKeys...... n=   40  mean=0.00101935  std=2.0589e-06  min=0.00101523  max=0.00102348
Timings{0}> binSortByKey........ n=   40  mean=0.00811432  std=2.52402e-05  min=0.00806463  max=0.00814603
Timings{0}> binComputeOffsets... n=   40  mean=0.000253816  std=3.84916e-06  min=0.000249322  max=0.000273763
Timings{0}> FFTNUFFT1........... n=   10  mean=   0.42637  std=0.00035365  min=  0.425818  max=  0.426892
Timings{0}> deconvolutionNUFFT1. n=   10  mean=0.000609556  std=3.81167e-06  min=0.000603736  max=0.000614036
Timings{0}> GatherPIFNUFFT...... n=   10  mean=   1.54184  std=0.00155494  min=   1.53875  max=   1.54457
Timings{0}> NativeNUFFT2........ n=   30  mean=  0.508731  std= 0.0209538  min=  0.492547  max=   0.53948
Timings{0}> PrecorrectionNUFFT2. n=   30  mean=0.00101346  std=1.62726e-05  min=0.000989359  max=0.00104346
Timings{0}> FFTNUFFT2........... n=   30  mean=   0.44127  std= 0.0210687  min=  0.425669  max=  0.476177
Timings{0}> GatherNUFFT2........ n=   30  mean= 0.0664267  std=0.00256746  min=  0.059509  max= 0.0736194
Timings{0}> ---------------------------------------------
