LandauDampingPIF{0}> Landau damping
LandauDampingPIF{0}> nt 10 Np= 536870912 Fourier modes = ( 256 , 512 , 512 )
LandauDampingPIF{0}> particles created and initial conditions assigned 
LandauDampingPIF{0}> After init shape function 
LandauDampingPIF{0}> After init NUFFT 
LandauDampingPIF{0}> After update 
[Scatter] Auto-select: OutputFocused (tp=747.1 Mpts/s) for w=5 rho=1.03 (was Atomic)
[Scatter] Cache hit: method=OutputFocused w=5 cx=1 rho=1.03 -> tile=(5,3,5) team=128 osub=1 zb=29 tp=747.1 Mpts/s (rho_csv=1.25)
LandauDampingPIF{0}> After scatter 
LandauDampingPIF{0}> After gather 
LandauDampingPIF{0}> Starting iterations ...
LandauDampingPIF{0}> Finished time step: -2 time: 0.0122718
LandauDampingPIF{0}> Finished time step: -1 time: 0.0245437
LandauDampingPIF{0}> Finished time step: 0 time: 0.0368155
LandauDampingPIF{0}> Finished time step: 1 time: 0.0490874
LandauDampingPIF{0}> Finished time step: 2 time: 0.0613592
LandauDampingPIF{0}> Finished time step: 3 time: 0.0736311
LandauDampingPIF{0}> Finished time step: 4 time: 0.0859029
LandauDampingPIF{0}> Finished time step: 5 time: 0.0981748
LandauDampingPIF{0}> Finished time step: 6 time: 0.110447
LandauDampingPIF{0}> Finished time step: 7 time: 0.122718
LandauDampingPIF{0}> Finished time step: 8 time: 0.13499
LandauDampingPIF{0}> Finished time step: 9 time: 0.147262
LandauDampingPIF{0}> Finished time step: 10 time: 0.159534
LandauDampingPIF{0}> LandauDamping: End.
Timings{0}> ---------------------------------------------
Timings{0}>      Timing results for 16 rank(s):
Timings{0}> ---------------------------------------------
Timings{0}> mainTimer........... Wall tot =    29.4816
Timings{0}> 
Timings{0}> particlesCreation... Wall max =          0
Timings{0}>                      Wall avg =          0
Timings{0}>                      Wall min =          0
Timings{0}> 
Timings{0}> dumpData............ Wall max =    0.06361
Timings{0}>                      Wall avg =  0.0554043
Timings{0}>                      Wall min =    0.04507
Timings{0}> 
Timings{0}> kick................ Wall max =  0.0365521
Timings{0}>                      Wall avg =  0.0353218
Timings{0}>                      Wall min =  0.0341298
Timings{0}> 
Timings{0}> drift............... Wall max =  0.0181101
Timings{0}>                      Wall avg =  0.0175047
Timings{0}>                      Wall min =  0.0169124
Timings{0}> 
Timings{0}> initializeShapeFunc. Wall max =          0
Timings{0}>                      Wall avg =          0
Timings{0}>                      Wall min =          0
Timings{0}> 
Timings{0}> findInternal........ Wall max =          0
Timings{0}>                      Wall avg =          0
Timings{0}>                      Wall min =          0
Timings{0}> 
Timings{0}> findPeriodic........ Wall max =          0
Timings{0}>                      Wall avg =          0
Timings{0}>                      Wall min =          0
Timings{0}> 
Timings{0}> NativeNUFFT::init... Wall max =          0
Timings{0}>                      Wall avg =          0
Timings{0}>                      Wall min =          0
Timings{0}> 
Timings{0}> particleBC.......... Wall max =    0.03713
Timings{0}>                      Wall avg =  0.0359516
Timings{0}>                      Wall min =  0.0347781
Timings{0}> 
Timings{0}> updateParticle...... Wall max =  0.0948437
Timings{0}>                      Wall avg =   0.091841
Timings{0}>                      Wall min =   0.087619
Timings{0}> 
Timings{0}> locateParticles..... Wall max =  0.0161186
Timings{0}>                      Wall avg =   0.015062
Timings{0}>                      Wall min =  0.0142855
Timings{0}> 
Timings{0}> sendPreprocess...... Wall max =  0.0076346
Timings{0}>                      Wall avg = 0.00472505
Timings{0}>                      Wall min = 0.00151777
Timings{0}> 
Timings{0}> particleSend........ Wall max = 0.00803218
Timings{0}>                      Wall avg = 0.00766386
Timings{0}>                      Wall min = 0.00739268
Timings{0}> 
Timings{0}> particleRecv........ Wall max = 0.000258423
Timings{0}>                      Wall avg = 0.000231215
Timings{0}>                      Wall min = 0.000213943
Timings{0}> 
Timings{0}> particleDestroy..... Wall max =  0.0562428
Timings{0}>                      Wall avg =  0.0499541
Timings{0}>                      Wall min =  0.0445316
Timings{0}> 
Timings{0}> ScatterPIFNUFFT..... Wall max =    7.37786
Timings{0}>                      Wall avg =    7.35314
Timings{0}>                      Wall min =    7.32918
Timings{0}> 
Timings{0}> NativeNUFFT1........ Wall max =     7.3458
Timings{0}>                      Wall avg =    7.32087
Timings{0}>                      Wall min =     7.2962
Timings{0}> 
Timings{0}> scatterTimerNUFFT1.. Wall max =   0.453507
Timings{0}>                      Wall avg =   0.447906
Timings{0}>                      Wall min =   0.442003
Timings{0}> 
Timings{0}> binSort............. Wall max =   0.380203
Timings{0}>                      Wall avg =   0.367762
Timings{0}>                      Wall min =   0.355476
Timings{0}> 
Timings{0}> binComputeKeys...... Wall max =  0.0405797
Timings{0}>                      Wall avg =  0.0392979
Timings{0}>                      Wall min =  0.0380135
Timings{0}> 
Timings{0}> binSortByKey........ Wall max =   0.327767
Timings{0}>                      Wall avg =   0.317071
Timings{0}>                      Wall min =   0.306463
Timings{0}> 
Timings{0}> binComputeOffsets... Wall max =   0.011511
Timings{0}>                      Wall avg =  0.0109729
Timings{0}>                      Wall min =  0.0104362
Timings{0}> 
Timings{0}> FFTNUFFT1........... Wall max =    6.89331
Timings{0}>                      Wall avg =    6.87145
Timings{0}>                      Wall min =    6.84278
Timings{0}> 
Timings{0}> TwiddleAdd.......... Wall max =  0.0136156
Timings{0}>                      Wall avg =  0.0135007
Timings{0}>                      Wall min =  0.0134221
Timings{0}> 
Timings{0}> subFFTs............. Wall max =    6.87909
Timings{0}>                      Wall avg =    6.85718
Timings{0}>                      Wall min =    6.82843
Timings{0}> 
Timings{0}> deconvolutionNUFFT1. Wall max = 0.00142447
Timings{0}>                      Wall avg = 0.00138907
Timings{0}>                      Wall min = 0.00135006
Timings{0}> 
Timings{0}> GatherPIFNUFFT...... Wall max =    21.9115
Timings{0}>                      Wall avg =     21.876
Timings{0}>                      Wall min =    21.8536
Timings{0}> 
Timings{0}> NativeNUFFT2........ Wall max =    21.7864
Timings{0}>                      Wall avg =    21.7545
Timings{0}>                      Wall min =    21.7288
Timings{0}> 
Timings{0}> PrecorrectionNUFFT2. Wall max = 0.00427025
Timings{0}>                      Wall avg =  0.0041732
Timings{0}>                      Wall min = 0.00411597
Timings{0}> 
Timings{0}> FFTNUFFT2........... Wall max =     20.906
Timings{0}>                      Wall avg =    20.8422
Timings{0}>                      Wall min =    20.7558
Timings{0}> 
Timings{0}> subIFFTs............ Wall max =    20.8321
Timings{0}>                      Wall avg =    20.7685
Timings{0}>                      Wall min =    20.6819
Timings{0}> 
Timings{0}> StridedWrite........ Wall max =  0.0617434
Timings{0}>                      Wall avg =  0.0616055
Timings{0}>                      Wall min =  0.0613782
Timings{0}> 
Timings{0}> GatherNUFFT2........ Wall max =    1.02574
Timings{0}>                      Wall avg =   0.907514
Timings{0}>                      Wall min =   0.842029
Timings{0}> 
Timings{0}> ---------------------------------------------
Timings{0}>      Measurement counts:
Timings{0}> ---------------------------------------------
Timings{0}> mainTimer........... Count =          1
Timings{0}> particlesCreation... Count =          0
Timings{0}> dumpData............ Count =         10
Timings{0}> kick................ Count =         20
Timings{0}> drift............... Count =         10
Timings{0}> initializeShapeFunc. Count =          0
Timings{0}> findInternal........ Count =          0
Timings{0}> findPeriodic........ Count =          0
Timings{0}> NativeNUFFT::init... Count =          0
Timings{0}> particleBC.......... Count =         10
Timings{0}> updateParticle...... Count =         10
Timings{0}> locateParticles..... Count =         10
Timings{0}> sendPreprocess...... Count =         10
Timings{0}> particleSend........ Count =         10
Timings{0}> particleRecv........ Count =         10
Timings{0}> particleDestroy..... Count =         10
Timings{0}> ScatterPIFNUFFT..... Count =         20
Timings{0}> NativeNUFFT1........ Count =         10
Timings{0}> scatterTimerNUFFT1.. Count =         10
Timings{0}> binSort............. Count =         40
Timings{0}> binComputeKeys...... Count =         40
Timings{0}> binSortByKey........ Count =         40
Timings{0}> binComputeOffsets... Count =         40
Timings{0}> FFTNUFFT1........... Count =         10
Timings{0}> TwiddleAdd.......... Count =         20
Timings{0}> subFFTs............. Count =         20
Timings{0}> deconvolutionNUFFT1. Count =         10
Timings{0}> GatherPIFNUFFT...... Count =         10
Timings{0}> NativeNUFFT2........ Count =         30
Timings{0}> PrecorrectionNUFFT2. Count =         30
Timings{0}> FFTNUFFT2........... Count =         30
Timings{0}> subIFFTs............ Count =         60
Timings{0}> StridedWrite........ Count =         60
Timings{0}> GatherNUFFT2........ Count =         30
Timings{0}> ---------------------------------------------
Timings{0}> ---------------------------------------------
Timings{0}>      Per-occurrence statistics:
Timings{0}> ---------------------------------------------
Timings{0}> mainTimer........... n=    1  mean=   29.4816  std=         0  min=   29.4816  max=   29.4816
Timings{0}> dumpData............ n=   10  mean=  0.004507  std=0.000287547  min=0.00422912  max=0.00497035
Timings{0}> kick................ n=   20  mean=0.00181878  std=2.83141e-05  min=0.00179024  max=0.00185106
Timings{0}> drift............... n=   10  mean=0.00180118  std=1.9075e-06  min=0.00179933  max=0.00180566
Timings{0}> particleBC.......... n=   10  mean=0.00370449  std=4.57463e-06  min=0.00369895  max=0.00371085
Timings{0}> updateParticle...... n=   10  mean= 0.0087619  std=0.000136911  min=0.00861092  max=0.00905322
Timings{0}> locateParticles..... n=   10  mean=0.00152163  std=1.41023e-05  min=0.00150909  max= 0.0015505
Timings{0}> sendPreprocess...... n=   10  mean=0.000235771  std=4.29788e-05  min=0.000188882  max=0.000309793
Timings{0}> particleSend........ n=   10  mean=0.000783222  std=2.31496e-05  min=0.000757158  max=0.000823618
Timings{0}> particleRecv........ n=   10  mean=2.15554e-05  std=2.04744e-06  min=1.9441e-05  max=2.6061e-05
Timings{0}> particleDestroy..... n=   10  mean=0.00491812  std=9.54426e-05  min=0.00485617  max=0.00518211
Timings{0}> ScatterPIFNUFFT..... n=   20  mean=  0.366459  std=   0.37585  min=0.000158191  max=  0.744419
Timings{0}> NativeNUFFT1........ n=   10  mean=   0.72962  std=0.00763121  min=  0.717332  max=  0.741214
Timings{0}> scatterTimerNUFFT1.. n=   10  mean= 0.0451902  std=0.000321473  min= 0.0446271  max= 0.0455845
Timings{0}> binSort............. n=   40  mean=0.00950508  std=6.22485e-05  min=0.00939011  max=0.00958688
Timings{0}> binComputeKeys...... n=   40  mean=0.00101316  std=5.66932e-06  min= 0.0010077  max=0.00103134
Timings{0}> binSortByKey........ n=   40  mean=0.00819418  std=4.90812e-05  min= 0.0081042  max=0.00825823
Timings{0}> binComputeOffsets... n=   40  mean=0.000287145  std=1.88246e-05  min=0.000254203  max=0.000314513
Timings{0}> FFTNUFFT1........... n=   10  mean=  0.684278  std=0.00786658  min=  0.671869  max=  0.696441
Timings{0}> TwiddleAdd.......... n=   20  mean=0.000679146  std=1.46401e-05  min=0.000662727  max=0.000735287
Timings{0}> subFFTs............. n=   20  mean=  0.341421  std=0.00549571  min=  0.330975  max=  0.354368
Timings{0}> deconvolutionNUFFT1. n=   10  mean=0.000139335  std=7.04102e-06  min=0.000135181  max=0.000156112
Timings{0}> GatherPIFNUFFT...... n=   10  mean=   2.19115  std= 0.0110948  min=   2.16899  max=   2.20899
Timings{0}> NativeNUFFT2........ n=   30  mean=  0.726212  std=0.00807393  min=  0.710643  max=  0.747103
Timings{0}> PrecorrectionNUFFT2. n=   30  mean=0.000140114  std=2.9324e-06  min=0.000136131  max=0.000147582
Timings{0}> FFTNUFFT2........... n=   30  mean=  0.691861  std=0.00838232  min=   0.67475  max=  0.709871
Timings{0}> subIFFTs............ n=   60  mean=  0.344699  std=0.00668725  min=  0.332431  max=  0.360892
Timings{0}> StridedWrite........ n=   60  mean=0.00102906  std=5.05439e-06  min=0.00101985  max= 0.0010408
Timings{0}> GatherNUFFT2........ n=   30  mean= 0.0341912  std=0.00262297  min=  0.026069  max= 0.0394607
Timings{0}> ---------------------------------------------
