LandauDampingPIF{0}> Landau damping
LandauDampingPIF{0}> nt 10 Np= 8589934592 Fourier modes = ( 1024 , 1024 , 1024 )
LandauDampingPIF{0}> particles created and initial conditions assigned 
LandauDampingPIF{0}> After init shape function 
LandauDampingPIF{0}> After init NUFFT 
LandauDampingPIF{0}> After update 
[Scatter] Auto-select: OutputFocused (tp=747.1 Mpts/s) for w=5 rho=1.14 (was Atomic)
[Scatter] Cache hit: method=OutputFocused w=5 cx=1 rho=1.14 -> tile=(5,3,5) team=128 osub=1 zb=29 tp=747.1 Mpts/s (rho_csv=1.25)
LandauDampingPIF{0}> After scatter 
LandauDampingPIF{0}> After gather 
LandauDampingPIF{0}> Starting iterations ...
LandauDampingPIF{0}> Finished time step: -2 time: 0.0122718
LandauDampingPIF{0}> Finished time step: -1 time: 0.0245437
LandauDampingPIF{0}> Finished time step: 0 time: 0.0368155
LandauDampingPIF{0}> Finished time step: 1 time: 0.0490874
LandauDampingPIF{0}> Finished time step: 2 time: 0.0613592
LandauDampingPIF{0}> Finished time step: 3 time: 0.0736311
LandauDampingPIF{0}> Finished time step: 4 time: 0.0859029
LandauDampingPIF{0}> Finished time step: 5 time: 0.0981748
LandauDampingPIF{0}> Finished time step: 6 time: 0.110447
LandauDampingPIF{0}> Finished time step: 7 time: 0.122718
LandauDampingPIF{0}> Finished time step: 8 time: 0.13499
LandauDampingPIF{0}> Finished time step: 9 time: 0.147262
LandauDampingPIF{0}> Finished time step: 10 time: 0.159534
LandauDampingPIF{0}> LandauDamping: End.
Timings{0}> ---------------------------------------------
Timings{0}>      Timing results for 512 rank(s):
Timings{0}> ---------------------------------------------
Timings{0}> mainTimer........... Wall tot =    11.2111
Timings{0}> 
Timings{0}> particlesCreation... Wall max =          0
Timings{0}>                      Wall avg =          0
Timings{0}>                      Wall min =          0
Timings{0}> 
Timings{0}> dumpData............ Wall max =   0.155892
Timings{0}>                      Wall avg =   0.106501
Timings{0}>                      Wall min =  0.0519729
Timings{0}> 
Timings{0}> kick................ Wall max =  0.0214546
Timings{0}>                      Wall avg =  0.0180688
Timings{0}>                      Wall min =  0.0157467
Timings{0}> 
Timings{0}> drift............... Wall max =   0.010225
Timings{0}>                      Wall avg = 0.00897576
Timings{0}>                      Wall min = 0.00783408
Timings{0}> 
Timings{0}> particleBC.......... Wall max =  0.0206783
Timings{0}>                      Wall avg =   0.018158
Timings{0}>                      Wall min =  0.0158467
Timings{0}> 
Timings{0}> initializeShapeFunc. Wall max =          0
Timings{0}>                      Wall avg =          0
Timings{0}>                      Wall min =          0
Timings{0}> 
Timings{0}> findInternal........ Wall max =          0
Timings{0}>                      Wall avg =          0
Timings{0}>                      Wall min =          0
Timings{0}> 
Timings{0}> findPeriodic........ Wall max =          0
Timings{0}>                      Wall avg =          0
Timings{0}>                      Wall min =          0
Timings{0}> 
Timings{0}> NativeNUFFT::init... Wall max =          0
Timings{0}>                      Wall avg =          0
Timings{0}>                      Wall min =          0
Timings{0}> 
Timings{0}> updateParticle...... Wall max =   0.185647
Timings{0}>                      Wall avg =   0.162977
Timings{0}>                      Wall min =   0.145079
Timings{0}> 
Timings{0}> locateParticles..... Wall max =  0.0136926
Timings{0}>                      Wall avg =  0.0112325
Timings{0}>                      Wall min =   0.010096
Timings{0}> 
Timings{0}> sendPreprocess...... Wall max =  0.0253531
Timings{0}>                      Wall avg =  0.0193904
Timings{0}>                      Wall min = 0.00865864
Timings{0}> 
Timings{0}> particleSend........ Wall max =  0.0519351
Timings{0}>                      Wall avg =  0.0267557
Timings{0}>                      Wall min =  0.0144769
Timings{0}> 
Timings{0}> particleRecv........ Wall max =  0.0132058
Timings{0}>                      Wall avg = 0.00726005
Timings{0}>                      Wall min = 0.00212034
Timings{0}> 
Timings{0}> particleDestroy..... Wall max =  0.0423884
Timings{0}>                      Wall avg =  0.0358613
Timings{0}>                      Wall min =  0.0317667
Timings{0}> 
Timings{0}> ScatterPIFNUFFT..... Wall max =    2.78079
Timings{0}>                      Wall avg =    2.73084
Timings{0}>                      Wall min =    2.68562
Timings{0}> 
Timings{0}> NativeNUFFT1........ Wall max =    2.75455
Timings{0}>                      Wall avg =    2.70496
Timings{0}>                      Wall min =     2.6593
Timings{0}> 
Timings{0}> scatterTimerNUFFT1.. Wall max =   0.237587
Timings{0}>                      Wall avg =    0.22145
Timings{0}>                      Wall min =   0.204102
Timings{0}> 
Timings{0}> binSort............. Wall max =   0.212981
Timings{0}>                      Wall avg =   0.187985
Timings{0}>                      Wall min =   0.165142
Timings{0}> 
Timings{0}> binComputeKeys...... Wall max =  0.0229479
Timings{0}>                      Wall avg =  0.0202093
Timings{0}>                      Wall min =  0.0177046
Timings{0}> 
Timings{0}> binSortByKey........ Wall max =   0.183265
Timings{0}>                      Wall avg =   0.161515
Timings{0}>                      Wall min =   0.141666
Timings{0}> 
Timings{0}> binComputeOffsets... Wall max = 0.00642706
Timings{0}>                      Wall avg = 0.00585212
Timings{0}>                      Wall min = 0.00532688
Timings{0}> 
Timings{0}> FFTNUFFT1........... Wall max =    2.53172
Timings{0}>                      Wall avg =    2.48072
Timings{0}>                      Wall min =    2.44571
Timings{0}> 
Timings{0}> deconvolutionNUFFT1. Wall max = 0.00427385
Timings{0}>                      Wall avg = 0.00266254
Timings{0}>                      Wall min = 0.00239237
Timings{0}> 
Timings{0}> GatherPIFNUFFT...... Wall max =    8.18596
Timings{0}>                      Wall avg =    8.13621
Timings{0}>                      Wall min =    8.07947
Timings{0}> 
Timings{0}> NativeNUFFT2........ Wall max =    8.10359
Timings{0}>                      Wall avg =    8.05653
Timings{0}>                      Wall min =    8.00389
Timings{0}> 
Timings{0}> PrecorrectionNUFFT2. Wall max =  0.0189955
Timings{0}>                      Wall avg =  0.0143512
Timings{0}>                      Wall min =  0.0136049
Timings{0}> 
Timings{0}> FFTNUFFT2........... Wall max =    7.67243
Timings{0}>                      Wall avg =    7.47263
Timings{0}>                      Wall min =    7.35924
Timings{0}> 
Timings{0}> GatherNUFFT2........ Wall max =   0.714301
Timings{0}>                      Wall avg =   0.568933
Timings{0}>                      Wall min =   0.393687
Timings{0}> 
Timings{0}> ---------------------------------------------
Timings{0}>      Measurement counts:
Timings{0}> ---------------------------------------------
Timings{0}> mainTimer........... Count =          1
Timings{0}> particlesCreation... Count =          0
Timings{0}> dumpData............ Count =         10
Timings{0}> kick................ Count =         20
Timings{0}> drift............... Count =         10
Timings{0}> particleBC.......... Count =         10
Timings{0}> initializeShapeFunc. Count =          0
Timings{0}> findInternal........ Count =          0
Timings{0}> findPeriodic........ Count =          0
Timings{0}> NativeNUFFT::init... Count =          0
Timings{0}> updateParticle...... Count =         10
Timings{0}> locateParticles..... Count =         10
Timings{0}> sendPreprocess...... Count =         10
Timings{0}> particleSend........ Count =         10
Timings{0}> particleRecv........ Count =         10
Timings{0}> particleDestroy..... Count =         10
Timings{0}> ScatterPIFNUFFT..... Count =         20
Timings{0}> NativeNUFFT1........ Count =         10
Timings{0}> scatterTimerNUFFT1.. Count =         10
Timings{0}> binSort............. Count =         40
Timings{0}> binComputeKeys...... Count =         40
Timings{0}> binSortByKey........ Count =         40
Timings{0}> binComputeOffsets... Count =         40
Timings{0}> FFTNUFFT1........... Count =         10
Timings{0}> deconvolutionNUFFT1. Count =         10
Timings{0}> GatherPIFNUFFT...... Count =         10
Timings{0}> NativeNUFFT2........ Count =         30
Timings{0}> PrecorrectionNUFFT2. Count =         30
Timings{0}> FFTNUFFT2........... Count =         30
Timings{0}> GatherNUFFT2........ Count =         30
Timings{0}> ---------------------------------------------
Timings{0}> ---------------------------------------------
Timings{0}>      Per-occurrence statistics:
Timings{0}> ---------------------------------------------
Timings{0}> mainTimer........... n=    1  mean=    11.211  std=         0  min=    11.211  max=    11.211
Timings{0}> dumpData............ n=   10  mean=0.00747168  std=0.000572768  min=0.00700137  max=0.00870734
Timings{0}> kick................ n=   20  mean=0.00102832  std=2.10396e-05  min=0.00100602  max=0.00105416
Timings{0}> drift............... n=   10  mean=0.00102046  std=1.51957e-06  min=0.00101852  max=0.00102247
Timings{0}> particleBC.......... n=   10  mean=0.00206615  std=2.70518e-06  min=0.00206069  max=0.00207076
Timings{0}> updateParticle...... n=   10  mean=  0.015839  std=0.00338077  min= 0.0122994  max= 0.0239702
Timings{0}> locateParticles..... n=   10  mean=0.00112271  std=8.25204e-06  min=0.00111133  max=0.00113576
Timings{0}> sendPreprocess...... n=   10  mean=0.00145727  std=0.00227996  min=0.000612802  max=0.00792654
Timings{0}> particleSend........ n=   10  mean=0.00294222  std=0.00185066  min=0.00139721  max=0.00596158
Timings{0}> particleRecv........ n=   10  mean=0.000229128  std=0.000220923  min=  8.85e-05  max=0.000603992
Timings{0}> particleDestroy..... n=   10  mean=0.00353474  std=7.49825e-06  min=0.00352556  max=0.00354799
Timings{0}> ScatterPIFNUFFT..... n=   20  mean=  0.137256  std=  0.140242  min=0.000563071  max=  0.275332
Timings{0}> NativeNUFFT1........ n=   10  mean=  0.271728  std=0.00107556  min=  0.270194  max=  0.273163
Timings{0}> scatterTimerNUFFT1.. n=   10  mean= 0.0232272  std=0.00106628  min= 0.0216778  max= 0.0252465
Timings{0}> binSort............. n=   40  mean=0.00531341  std=2.39476e-05  min=0.00526603  max=0.00536293
Timings{0}> binComputeKeys...... n=   40  mean=0.000572009  std=1.95772e-06  min=0.000567331  max=0.000576182
Timings{0}> binSortByKey........ n=   40  mean=0.00457155  std=1.93123e-05  min=0.00453102  max=0.00460125
Timings{0}> binComputeOffsets... n=   40  mean=0.000160082  std=5.39826e-06  min=0.00015549  max=0.00019032
Timings{0}> FFTNUFFT1........... n=   10  mean=  0.248066  std=0.00125504  min=  0.246308  max=  0.250332
Timings{0}> deconvolutionNUFFT1. n=   10  mean=0.000422257  std=1.31058e-06  min=0.000420311  max=0.000424191
Timings{0}> GatherPIFNUFFT...... n=   10  mean=   0.81528  std=0.00385938  min=  0.812097  max=  0.825059
Timings{0}> NativeNUFFT2........ n=   30  mean=  0.268851  std=0.00215247  min=  0.265557  max=  0.274313
Timings{0}> PrecorrectionNUFFT2. n=   30  mean=0.000632692  std=8.69081e-06  min=0.000624362  max=0.000648762
Timings{0}> FFTNUFFT2........... n=   30  mean=  0.246915  std=0.00186559  min=  0.242399  max=  0.250923
Timings{0}> GatherNUFFT2........ n=   30  mean= 0.0212829  std=0.00185915  min= 0.0167695  max= 0.0254133
Timings{0}> ---------------------------------------------
