LandauDampingPIF{0}> Landau damping
LandauDampingPIF{0}> nt 10 Np= 8589934592 Fourier modes = ( 1024 , 1024 , 1024 )
LandauDampingPIF{0}> particles created and initial conditions assigned 
LandauDampingPIF{0}> After init shape function 
LandauDampingPIF{0}> After init NUFFT 
LandauDampingPIF{0}> After update 
[Scatter] Auto-select: OutputFocused (tp=747.1 Mpts/s) for w=5 rho=1.14 (was Atomic)
[Scatter] Cache hit: method=OutputFocused w=5 cx=1 rho=1.14 -> tile=(5,3,5) team=128 osub=1 zb=29 tp=747.1 Mpts/s (rho_csv=1.25)
LandauDampingPIF{0}> After scatter 
LandauDampingPIF{0}> After gather 
LandauDampingPIF{0}> Starting iterations ...
LandauDampingPIF{0}> Finished time step: -2 time: 0.0122718
LandauDampingPIF{0}> Finished time step: -1 time: 0.0245437
LandauDampingPIF{0}> Finished time step: 0 time: 0.0368155
LandauDampingPIF{0}> Finished time step: 1 time: 0.0490874
LandauDampingPIF{0}> Finished time step: 2 time: 0.0613592
LandauDampingPIF{0}> Finished time step: 3 time: 0.0736311
LandauDampingPIF{0}> Finished time step: 4 time: 0.0859029
LandauDampingPIF{0}> Finished time step: 5 time: 0.0981748
LandauDampingPIF{0}> Finished time step: 6 time: 0.110447
LandauDampingPIF{0}> Finished time step: 7 time: 0.122718
LandauDampingPIF{0}> Finished time step: 8 time: 0.13499
LandauDampingPIF{0}> Finished time step: 9 time: 0.147262
LandauDampingPIF{0}> Finished time step: 10 time: 0.159534
LandauDampingPIF{0}> LandauDamping: End.
Timings{0}> ---------------------------------------------
Timings{0}>      Timing results for 512 rank(s):
Timings{0}> ---------------------------------------------
Timings{0}> mainTimer........... Wall tot =     27.495
Timings{0}> 
Timings{0}> particlesCreation... Wall max =          0
Timings{0}>                      Wall avg =          0
Timings{0}>                      Wall min =          0
Timings{0}> 
Timings{0}> dumpData............ Wall max =   0.140029
Timings{0}>                      Wall avg =  0.0881247
Timings{0}>                      Wall min =   0.054917
Timings{0}> 
Timings{0}> kick................ Wall max =  0.0202239
Timings{0}>                      Wall avg =  0.0177585
Timings{0}>                      Wall min =  0.0155063
Timings{0}> 
Timings{0}> drift............... Wall max =   0.010049
Timings{0}>                      Wall avg =  0.0088243
Timings{0}>                      Wall min = 0.00770478
Timings{0}> 
Timings{0}> initializeShapeFunc. Wall max =          0
Timings{0}>                      Wall avg =          0
Timings{0}>                      Wall min =          0
Timings{0}> 
Timings{0}> findInternal........ Wall max =          0
Timings{0}>                      Wall avg =          0
Timings{0}>                      Wall min =          0
Timings{0}> 
Timings{0}> findPeriodic........ Wall max =          0
Timings{0}>                      Wall avg =          0
Timings{0}>                      Wall min =          0
Timings{0}> 
Timings{0}> NativeNUFFT::init... Wall max =          0
Timings{0}>                      Wall avg =          0
Timings{0}>                      Wall min =          0
Timings{0}> 
Timings{0}> particleBC.......... Wall max =  0.0205964
Timings{0}>                      Wall avg =  0.0180826
Timings{0}>                      Wall min =  0.0157842
Timings{0}> 
Timings{0}> updateParticle...... Wall max =   0.177629
Timings{0}>                      Wall avg =   0.165255
Timings{0}>                      Wall min =   0.151731
Timings{0}> 
Timings{0}> locateParticles..... Wall max =   0.017111
Timings{0}>                      Wall avg =   0.013903
Timings{0}>                      Wall min =  0.0124347
Timings{0}> 
Timings{0}> sendPreprocess...... Wall max =  0.0191219
Timings{0}>                      Wall avg =  0.0131036
Timings{0}>                      Wall min = 0.00498329
Timings{0}> 
Timings{0}> particleSend........ Wall max =  0.0462834
Timings{0}>                      Wall avg =  0.0270333
Timings{0}>                      Wall min =  0.0163365
Timings{0}> 
Timings{0}> particleRecv........ Wall max =   0.012028
Timings{0}>                      Wall avg = 0.00583007
Timings{0}>                      Wall min = 0.00167395
Timings{0}> 
Timings{0}> particleDestroy..... Wall max =  0.0532121
Timings{0}>                      Wall avg =   0.044854
Timings{0}>                      Wall min =  0.0397026
Timings{0}> 
Timings{0}> ScatterPIFNUFFT..... Wall max =    6.77477
Timings{0}>                      Wall avg =    6.70173
Timings{0}>                      Wall min =    6.65194
Timings{0}> 
Timings{0}> NativeNUFFT1........ Wall max =    6.75687
Timings{0}>                      Wall avg =    6.68473
Timings{0}>                      Wall min =    6.63452
Timings{0}> 
Timings{0}> scatterTimerNUFFT1.. Wall max =   0.278805
Timings{0}>                      Wall avg =   0.258338
Timings{0}>                      Wall min =   0.235179
Timings{0}> 
Timings{0}> binSort............. Wall max =   0.217342
Timings{0}>                      Wall avg =   0.192146
Timings{0}>                      Wall min =   0.169165
Timings{0}> 
Timings{0}> binComputeKeys...... Wall max =  0.0227326
Timings{0}>                      Wall avg =  0.0200176
Timings{0}>                      Wall min =  0.0175378
Timings{0}> 
Timings{0}> binSortByKey........ Wall max =   0.186871
Timings{0}>                      Wall avg =   0.165011
Timings{0}>                      Wall min =   0.145174
Timings{0}> 
Timings{0}> binComputeOffsets... Wall max = 0.00744554
Timings{0}>                      Wall avg = 0.00669011
Timings{0}>                      Wall min = 0.00602117
Timings{0}> 
Timings{0}> FFTNUFFT1........... Wall max =    6.48853
Timings{0}>                      Wall avg =    6.42548
Timings{0}>                      Wall min =    6.36913
Timings{0}> 
Timings{0}> TwiddleAdd.......... Wall max = 0.00772293
Timings{0}>                      Wall avg = 0.00759917
Timings{0}>                      Wall min = 0.00750017
Timings{0}> 
Timings{0}> subFFTs............. Wall max =    6.48038
Timings{0}>                      Wall avg =    6.41731
Timings{0}>                      Wall min =    6.36097
Timings{0}> 
Timings{0}> deconvolutionNUFFT1. Wall max = 0.00117316
Timings{0}>                      Wall avg = 0.000799269
Timings{0}>                      Wall min = 0.000767939
Timings{0}> 
Timings{0}> GatherPIFNUFFT...... Wall max =    20.5423
Timings{0}>                      Wall avg =    20.4813
Timings{0}>                      Wall min =    20.4273
Timings{0}> 
Timings{0}> NativeNUFFT2........ Wall max =    20.4812
Timings{0}>                      Wall avg =    20.4178
Timings{0}>                      Wall min =    20.3615
Timings{0}> 
Timings{0}> PrecorrectionNUFFT2. Wall max = 0.00254838
Timings{0}>                      Wall avg = 0.00242789
Timings{0}>                      Wall min = 0.00238435
Timings{0}> 
Timings{0}> FFTNUFFT2........... Wall max =    19.7901
Timings{0}>                      Wall avg =    19.6835
Timings{0}>                      Wall min =    19.6099
Timings{0}> 
Timings{0}> subIFFTs............ Wall max =    19.7513
Timings{0}>                      Wall avg =    19.6448
Timings{0}>                      Wall min =    19.5711
Timings{0}> 
Timings{0}> StridedWrite........ Wall max =  0.0325713
Timings{0}>                      Wall avg =  0.0321239
Timings{0}>                      Wall min =  0.0319718
Timings{0}> 
Timings{0}> GatherNUFFT2........ Wall max =   0.836633
Timings{0}>                      Wall avg =   0.731248
Timings{0}>                      Wall min =   0.637068
Timings{0}> 
Timings{0}> ---------------------------------------------
Timings{0}>      Measurement counts:
Timings{0}> ---------------------------------------------
Timings{0}> mainTimer........... Count =          1
Timings{0}> particlesCreation... Count =          0
Timings{0}> dumpData............ Count =         10
Timings{0}> kick................ Count =         20
Timings{0}> drift............... Count =         10
Timings{0}> initializeShapeFunc. Count =          0
Timings{0}> findInternal........ Count =          0
Timings{0}> findPeriodic........ Count =          0
Timings{0}> NativeNUFFT::init... Count =          0
Timings{0}> particleBC.......... Count =         10
Timings{0}> updateParticle...... Count =         10
Timings{0}> locateParticles..... Count =         10
Timings{0}> sendPreprocess...... Count =         10
Timings{0}> particleSend........ Count =         10
Timings{0}> particleRecv........ Count =         10
Timings{0}> particleDestroy..... Count =         10
Timings{0}> ScatterPIFNUFFT..... Count =         20
Timings{0}> NativeNUFFT1........ Count =         10
Timings{0}> scatterTimerNUFFT1.. Count =         10
Timings{0}> binSort............. Count =         40
Timings{0}> binComputeKeys...... Count =         40
Timings{0}> binSortByKey........ Count =         40
Timings{0}> binComputeOffsets... Count =         40
Timings{0}> FFTNUFFT1........... Count =         10
Timings{0}> TwiddleAdd.......... Count =         20
Timings{0}> subFFTs............. Count =         20
Timings{0}> deconvolutionNUFFT1. Count =         10
Timings{0}> GatherPIFNUFFT...... Count =         10
Timings{0}> NativeNUFFT2........ Count =         30
Timings{0}> PrecorrectionNUFFT2. Count =         30
Timings{0}> FFTNUFFT2........... Count =         30
Timings{0}> subIFFTs............ Count =         60
Timings{0}> StridedWrite........ Count =         60
Timings{0}> GatherNUFFT2........ Count =         30
Timings{0}> ---------------------------------------------
Timings{0}> ---------------------------------------------
Timings{0}>      Per-occurrence statistics:
Timings{0}> ---------------------------------------------
Timings{0}> mainTimer........... n=    1  mean=    27.495  std=         0  min=    27.495  max=    27.495
Timings{0}> dumpData............ n=   10  mean=0.00812659  std=0.00318459  min=0.00298881  max= 0.0133644
Timings{0}> kick................ n=   20  mean= 0.0010112  std=1.78031e-05  min=0.000991733  max=0.00102984
Timings{0}> drift............... n=   10  mean= 0.0010049  std=2.45315e-06  min=0.00100294  max=0.00101123
Timings{0}> particleBC.......... n=   10  mean=0.00205938  std=2.61307e-06  min=0.00205657  max= 0.0020657
Timings{0}> updateParticle...... n=   10  mean=  0.016719  std=0.00176192  min= 0.0144321  max= 0.0204044
Timings{0}> locateParticles..... n=   10  mean=0.00139106  std=8.93086e-06  min=0.00137926  max=0.00140453
Timings{0}> sendPreprocess...... n=   10  mean=0.000804991  std=0.000117955  min=0.000716543  max= 0.0011166
Timings{0}> particleSend........ n=   10  mean= 0.0029207  std=0.00159497  min=0.00156251  max=0.00557948
Timings{0}> particleRecv........ n=   10  mean=0.000228766  std=0.00023326  min= 8.537e-05  max=0.000731132
Timings{0}> particleDestroy..... n=   10  mean=0.00440779  std=1.51974e-05  min=0.00439282  max=0.00444301
Timings{0}> ScatterPIFNUFFT..... n=   20  mean=  0.332986  std=  0.341562  min=9.5751e-05  max=  0.674675
Timings{0}> NativeNUFFT1........ n=   10  mean=  0.664069  std=0.00618588  min=  0.654825  max=  0.672833
Timings{0}> scatterTimerNUFFT1.. n=   10  mean= 0.0270593  std=0.000926166  min= 0.0257675  max= 0.0289458
Timings{0}> binSort............. n=   40  mean= 0.0054185  std=1.5036e-05  min=0.00538749  max=0.00544446
Timings{0}> binComputeKeys...... n=   40  mean=0.00056683  std=1.59398e-06  min=0.000564752  max=0.000574002
Timings{0}> binSortByKey........ n=   40  mean=0.00465859  std=1.29696e-05  min= 0.0046309  max=0.00467792
Timings{0}> binComputeOffsets... n=   40  mean=0.000182847  std=2.0124e-06  min=0.000178961  max=0.000189321
Timings{0}> FFTNUFFT1........... n=   10  mean=  0.636913  std=0.00633787  min=  0.628088  max=  0.646975
Timings{0}> TwiddleAdd.......... n=   20  mean=0.000379758  std=1.67032e-05  min=0.000360752  max=0.000401282
Timings{0}> subFFTs............. n=   20  mean=  0.318048  std=0.00850339  min=  0.306012  max=  0.332823
Timings{0}> deconvolutionNUFFT1. n=   10  mean=8.59071e-05  std=1.12219e-05  min= 7.967e-05  max=0.00011438
Timings{0}> GatherPIFNUFFT...... n=   10  mean=   2.05216  std= 0.0199135  min=   2.02661  max=   2.08461
Timings{0}> NativeNUFFT2........ n=   30  mean=  0.681682  std= 0.0134054  min=  0.654652  max=  0.714514
Timings{0}> PrecorrectionNUFFT2. n=   30  mean=8.08094e-05  std=1.25344e-06  min= 7.916e-05  max= 8.601e-05
Timings{0}> FFTNUFFT2........... n=   30  mean=  0.653881  std= 0.0139332  min=  0.624959  max=  0.684794
Timings{0}> subIFFTs............ n=   60  mean=  0.326297  std= 0.0121549  min=  0.301071  max=  0.349138
Timings{0}> StridedWrite........ n=   60  mean=0.000533355  std=1.90815e-06  min=0.000529082  max=0.000538062
Timings{0}> GatherNUFFT2........ n=   30  mean= 0.0277019  std=0.00704927  min= 0.0173914  max= 0.0421793
Timings{0}> ---------------------------------------------
