Kokkos::OpenMP::initialize WARNING: OMP_PROC_BIND environment variable not set
  In general, for best performance with OpenMP 4.0 or better set OMP_PROC_BIND=spread and OMP_PLACES=threads
  For best performance with OpenMP 3.1 set OMP_PROC_BIND=true
  For unit testing set OMP_PROC_BIND=false

MPI detected: For OpenMP binding to work as intended, MPI ranks must be bound to exclusive CPU sets.

Kokkos::OpenMP::initialize WARNING: OMP_PROC_BIND environment variable not set
  In general, for best performance with OpenMP 4.0 or better set OMP_PROC_BIND=spread and OMP_PLACES=threads
  For best performance with OpenMP 3.1 set OMP_PROC_BIND=true
  For unit testing set OMP_PROC_BIND=false

MPI detected: For OpenMP binding to work as intended, MPI ranks must be bound to exclusive CPU sets.

Kokkos::OpenMP::initialize WARNING: OMP_PROC_BIND environment variable not set
  In general, for best performance with OpenMP 4.0 or better set OMP_PROC_BIND=spread and OMP_PLACES=threads
  For best performance with OpenMP 3.1 set OMP_PROC_BIND=true
  For unit testing set OMP_PROC_BIND=false

MPI detected: For OpenMP binding to work as intended, MPI ranks must be bound to exclusive CPU sets.

Kokkos::OpenMP::initialize WARNING: OMP_PROC_BIND environment variable not set
  In general, for best performance with OpenMP 4.0 or better set OMP_PROC_BIND=spread and OMP_PLACES=threads
  For best performance with OpenMP 3.1 set OMP_PROC_BIND=true
  For unit testing set OMP_PROC_BIND=false

MPI detected: For OpenMP binding to work as intended, MPI ranks must be bound to exclusive CPU sets.

Kokkos::OpenMP::initialize WARNING: OMP_PROC_BIND environment variable not set
  In general, for best performance with OpenMP 4.0 or better set OMP_PROC_BIND=spread and OMP_PLACES=threads
  For best performance with OpenMP 3.1 set OMP_PROC_BIND=true
  For unit testing set OMP_PROC_BIND=false

MPI detected: For OpenMP binding to work as intended, MPI ranks must be bound to exclusive CPU sets.

Kokkos::OpenMP::initialize WARNING: OMP_PROC_BIND environment variable not set
  In general, for best performance with OpenMP 4.0 or better set OMP_PROC_BIND=spread and OMP_PLACES=threads
  For best performance with OpenMP 3.1 set OMP_PROC_BIND=true
  For unit testing set OMP_PROC_BIND=false

MPI detected: For OpenMP binding to work as intended, MPI ranks must be bound to exclusive CPU sets.

Kokkos::OpenMP::initialize WARNING: OMP_PROC_BIND environment variable not set
  In general, for best performance with OpenMP 4.0 or better set OMP_PROC_BIND=spread and OMP_PLACES=threads
  For best performance with OpenMP 3.1 set OMP_PROC_BIND=true
  For unit testing set OMP_PROC_BIND=false
Kokkos::OpenMP::initialize WARNING: OMP_PROC_BIND environment variable not set
  In general, for best performance with OpenMP 4.0 or better set OMP_PROC_BIND=spread and OMP_PLACES=threads
  For best performance with OpenMP 3.1 set OMP_PROC_BIND=true
  For unit testing set OMP_PROC_BIND=false

MPI detected: For OpenMP binding to work as intended, MPI ranks must be bound to exclusive CPU sets.

Kokkos::OpenMP::initialize WARNING: OMP_PROC_BIND environment variable not set
  In general, for best performance with OpenMP 4.0 or better set OMP_PROC_BIND=spread and OMP_PLACES=threads
  For best performance with OpenMP 3.1 set OMP_PROC_BIND=true
  For unit testing set OMP_PROC_BIND=false

MPI detected: For OpenMP binding to work as intended, MPI ranks must be bound to exclusive CPU sets.

Kokkos::OpenMP::initialize WARNING: OMP_PROC_BIND environment variable not set
  In general, for best performance with OpenMP 4.0 or better set OMP_PROC_BIND=spread and OMP_PLACES=threads
  For best performance with OpenMP 3.1 set OMP_PROC_BIND=true
  For unit testing set OMP_PROC_BIND=false

MPI detected: For OpenMP binding to work as intended, MPI ranks must be bound to exclusive CPU sets.


Kokkos::OpenMP::initialize WARNING: OMP_PROC_BIND environment variable not set
  In general, for best performance with OpenMP 4.0 or better set OMP_PROC_BIND=spread and OMP_PLACES=threads
  For best performance with OpenMP 3.1 set OMP_PROC_BIND=true
  For unit testing set OMP_PROC_BIND=false

MPI detected: For OpenMP binding to work as intended, MPI ranks must be bound to exclusive CPU sets.

Kokkos::OpenMP::initialize WARNING: OMP_PROC_BIND environment variable not set
  In general, for best performance with OpenMP 4.0 or better set OMP_PROC_BIND=spread and OMP_PLACES=threads
  For best performance with OpenMP 3.1 set OMP_PROC_BIND=true
  For unit testing set OMP_PROC_BIND=false

MPI detected: For OpenMP binding to work as intended, MPI ranks must be bound to exclusive CPU sets.

Kokkos::OpenMP::initialize WARNING: OMP_PROC_BIND environment variable not set
  In general, for best performance with OpenMP 4.0 or better set OMP_PROC_BIND=spread and OMP_PLACES=threads
  For best performance with OpenMP 3.1 set OMP_PROC_BIND=true
  For unit testing set OMP_PROC_BIND=false

MPI detected: For OpenMP binding to work as intended, MPI ranks must be bound to exclusive CPU sets.

MPI detected: For OpenMP binding to work as intended, MPI ranks must be bound to exclusive CPU sets.

Kokkos::OpenMP::initialize WARNING: OMP_PROC_BIND environment variable not set
  In general, for best performance with OpenMP 4.0 or better set OMP_PROC_BIND=spread and OMP_PLACES=threads
  For best performance with OpenMP 3.1 set OMP_PROC_BIND=true
  For unit testing set OMP_PROC_BIND=false

MPI detected: For OpenMP binding to work as intended, MPI ranks must be bound to exclusive CPU sets.

Kokkos::OpenMP::initialize WARNING: OMP_PROC_BIND environment variable not set
  In general, for best performance with OpenMP 4.0 or better set OMP_PROC_BIND=spread and OMP_PLACES=threads
  For best performance with OpenMP 3.1 set OMP_PROC_BIND=true
  For unit testing set OMP_PROC_BIND=false

MPI detected: For OpenMP binding to work as intended, MPI ranks must be bound to exclusive CPU sets.

Kokkos::OpenMP::initialize WARNING: OMP_PROC_BIND environment variable not set
  In general, for best performance with OpenMP 4.0 or better set OMP_PROC_BIND=spread and OMP_PLACES=threads
  For best performance with OpenMP 3.1 set OMP_PROC_BIND=true
  For unit testing set OMP_PROC_BIND=false

Kokkos::OpenMP::initialize WARNING: OMP_PROC_BIND environment variable not set
  In general, for best performance with OpenMP 4.0 or better set OMP_PROC_BIND=spread and OMP_PLACES=threads
  For best performance with OpenMP 3.1 set OMP_PROC_BIND=true
  For unit testing set OMP_PROC_BIND=false

MPI detected: For OpenMP binding to work as intended, MPI ranks must be bound to exclusive CPU sets.

Kokkos::OpenMP::initialize WARNING: OMP_PROC_BIND environment variable not set
  In general, for best performance with OpenMP 4.0 or better set OMP_PROC_BIND=spread and OMP_PLACES=threads
  For best performance with OpenMP 3.1 set OMP_PROC_BIND=true
  For unit testing set OMP_PROC_BIND=false

Kokkos::OpenMP::initialize WARNING: OMP_PROC_BIND environment variable not set
  In general, for best performance with OpenMP 4.0 or better set OMP_PROC_BIND=spread and OMP_PLACES=threads
  For best performance with OpenMP 3.1 set OMP_PROC_BIND=true
  For unit testing set OMP_PROC_BIND=false

MPI detected: For OpenMP binding to work as intended, MPI ranks must be bound to exclusive CPU sets.

MPI detected: For OpenMP binding to work as intended, MPI ranks must be bound to exclusive CPU sets.

Kokkos::OpenMP::initialize WARNING: OMP_PROC_BIND environment variable not set
  In general, for best performance with OpenMP 4.0 or better set OMP_PROC_BIND=spread and OMP_PLACES=threads
  For best performance with OpenMP 3.1 set OMP_PROC_BIND=true
  For unit testing set OMP_PROC_BIND=false

MPI detected: For OpenMP binding to work as intended, MPI ranks must be bound to exclusive CPU sets.

Kokkos::OpenMP::initialize WARNING: OMP_PROC_BIND environment variable not set
  In general, for best performance with OpenMP 4.0 or better set OMP_PROC_BIND=spread and OMP_PLACES=threads
  For best performance with OpenMP 3.1 set OMP_PROC_BIND=true
  For unit testing set OMP_PROC_BIND=false

MPI detected: For OpenMP binding to work as intended, MPI ranks must be bound to exclusive CPU sets.

Kokkos::OpenMP::initialize WARNING: OMP_PROC_BIND environment variable not set
  In general, for best performance with OpenMP 4.0 or better set OMP_PROC_BIND=spread and OMP_PLACES=threads
  For best performance with OpenMP 3.1 set OMP_PROC_BIND=true
  For unit testing set OMP_PROC_BIND=false

MPI detected: For OpenMP binding to work as intended, MPI ranks must be bound to exclusive CPU sets.

Kokkos::OpenMP::initialize WARNING: OMP_PROC_BIND environment variable not set
  In general, for best performance with OpenMP 4.0 or better set OMP_PROC_BIND=spread and OMP_PLACES=threads
  For best performance with OpenMP 3.1 set OMP_PROC_BIND=true
  For unit testing set OMP_PROC_BIND=false

MPI detected: For OpenMP binding to work as intended, MPI ranks must be bound to exclusive CPU sets.
Kokkos::OpenMP::initialize WARNING: OMP_PROC_BIND environment variable not set
  In general, for best performance with OpenMP 4.0 or better set OMP_PROC_BIND=spread and OMP_PLACES=threads
  For best performance with OpenMP 3.1 set OMP_PROC_BIND=true
  For unit testing set OMP_PROC_BIND=false

MPI detected: For OpenMP binding to work as intended, MPI ranks must be bound to exclusive CPU sets.

Kokkos::OpenMP::initialize WARNING: OMP_PROC_BIND environment variable not set
  In general, for best performance with OpenMP 4.0 or better set OMP_PROC_BIND=spread and OMP_PLACES=threads
  For best performance with OpenMP 3.1 set OMP_PROC_BIND=true
  For unit testing set OMP_PROC_BIND=false

MPI detected: For OpenMP binding to work as intended, MPI ranks must be bound to exclusive CPU sets.

Kokkos::OpenMP::initialize WARNING: OMP_PROC_BIND environment variable not set
  In general, for best performance with OpenMP 4.0 or better set OMP_PROC_BIND=spread and OMP_PLACES=threads
  For best performance with OpenMP 3.1 set OMP_PROC_BIND=true
  For unit testing set OMP_PROC_BIND=false

MPI detected: For OpenMP binding to work as intended, MPI ranks must be bound to exclusive CPU sets.


Kokkos::OpenMP::initialize WARNING: OMP_PROC_BIND environment variable not set
  In general, for best performance with OpenMP 4.0 or better set OMP_PROC_BIND=spread and OMP_PLACES=threads
  For best performance with OpenMP 3.1 set OMP_PROC_BIND=true
  For unit testing set OMP_PROC_BIND=false

MPI detected: For OpenMP binding to work as intended, MPI ranks must be bound to exclusive CPU sets.

MPI detected: For OpenMP binding to work as intended, MPI ranks must be bound to exclusive CPU sets.

Kokkos::OpenMP::initialize WARNING: OMP_PROC_BIND environment variable not set
  In general, for best performance with OpenMP 4.0 or better set OMP_PROC_BIND=spread and OMP_PLACES=threads
  For best performance with OpenMP 3.1 set OMP_PROC_BIND=true
  For unit testing set OMP_PROC_BIND=false

MPI detected: For OpenMP binding to work as intended, MPI ranks must be bound to exclusive CPU sets.

Kokkos::OpenMP::initialize WARNING: OMP_PROC_BIND environment variable not set
  In general, for best performance with OpenMP 4.0 or better set OMP_PROC_BIND=spread and OMP_PLACES=threads
  For best performance with OpenMP 3.1 set OMP_PROC_BIND=true
  For unit testing set OMP_PROC_BIND=false

Kokkos::OpenMP::initialize WARNING: OMP_PROC_BIND environment variable not set
  In general, for best performance with OpenMP 4.0 or better set OMP_PROC_BIND=spread and OMP_PLACES=threads
  For best performance with OpenMP 3.1 set OMP_PROC_BIND=true
  For unit testing set OMP_PROC_BIND=false

MPI detected: For OpenMP binding to work as intended, MPI ranks must be bound to exclusive CPU sets.

MPI detected: For OpenMP binding to work as intended, MPI ranks must be bound to exclusive CPU sets.

Kokkos::OpenMP::initialize WARNING: OMP_PROC_BIND environment variable not set
  In general, for best performance with OpenMP 4.0 or better set OMP_PROC_BIND=spread and OMP_PLACES=threads
  For best performance with OpenMP 3.1 set OMP_PROC_BIND=true
  For unit testing set OMP_PROC_BIND=false

MPI detected: For OpenMP binding to work as intended, MPI ranks must be bound to exclusive CPU sets.

Kokkos::OpenMP::initialize WARNING: OMP_PROC_BIND environment variable not set
  In general, for best performance with OpenMP 4.0 or better set OMP_PROC_BIND=spread and OMP_PLACES=threads
  For best performance with OpenMP 3.1 set OMP_PROC_BIND=true
  For unit testing set OMP_PROC_BIND=false

MPI detected: For OpenMP binding to work as intended, MPI ranks must be bound to exclusive CPU sets.

Kokkos::OpenMP::initialize WARNING: OMP_PROC_BIND environment variable not set
  In general, for best performance with OpenMP 4.0 or better set OMP_PROC_BIND=spread and OMP_PLACES=threads
  For best performance with OpenMP 3.1 set OMP_PROC_BIND=true
  For unit testing set OMP_PROC_BIND=false

MPI detected: For OpenMP binding to work as intended, MPI ranks must be bound to exclusive CPU sets.

Kokkos::OpenMP::initialize WARNING: OMP_PROC_BIND environment variable not set
  In general, for best performance with OpenMP 4.0 or better set OMP_PROC_BIND=spread and OMP_PLACES=threads
  For best performance with OpenMP 3.1 set OMP_PROC_BIND=true
  For unit testing set OMP_PROC_BIND=false

MPI detected: For OpenMP binding to work as intended, MPI ranks must be bound to exclusive CPU sets.

Kokkos::OpenMP::initialize WARNING: OMP_PROC_BIND environment variable not set
  In general, for best performance with OpenMP 4.0 or better set OMP_PROC_BIND=spread and OMP_PLACES=threads
  For best performance with OpenMP 3.1 set OMP_PROC_BIND=true
  For unit testing set OMP_PROC_BIND=false

MPI detected: For OpenMP binding to work as intended, MPI ranks must be bound to exclusive CPU sets.

Kokkos::OpenMP::initialize WARNING: OMP_PROC_BIND environment variable not set
  In general, for best performance with OpenMP 4.0 or better set OMP_PROC_BIND=spread and OMP_PLACES=threads
  For best performance with OpenMP 3.1 set OMP_PROC_BIND=true
  For unit testing set OMP_PROC_BIND=false

MPI detected: For OpenMP binding to work as intended, MPI ranks must be bound to exclusive CPU sets.

Kokkos::OpenMP::initialize WARNING: OMP_PROC_BIND environment variable not set
  In general, for best performance with OpenMP 4.0 or better set OMP_PROC_BIND=spread and OMP_PLACES=threads
  For best performance with OpenMP 3.1 set OMP_PROC_BIND=true
  For unit testing set OMP_PROC_BIND=false

MPI detected: For OpenMP binding to work as intended, MPI ranks must be bound to exclusive CPU sets.

Kokkos::OpenMP::initialize WARNING: OMP_PROC_BIND environment variable not set
  In general, for best performance with OpenMP 4.0 or better set OMP_PROC_BIND=spread and OMP_PLACES=threads
  For best performance with OpenMP 3.1 set OMP_PROC_BIND=true
  For unit testing set OMP_PROC_BIND=false

MPI detected: For OpenMP binding to work as intended, MPI ranks must be bound to exclusive CPU sets.

Kokkos::OpenMP::initialize WARNING: OMP_PROC_BIND environment variable not set
  In general, for best performance with OpenMP 4.0 or better set OMP_PROC_BIND=spread and OMP_PLACES=threads
  For best performance with OpenMP 3.1 set OMP_PROC_BIND=true
  For unit testing set OMP_PROC_BIND=false

MPI detected: For OpenMP binding to work as intended, MPI ranks must be bound to exclusive CPU sets.

Kokkos::OpenMP::initialize WARNING: OMP_PROC_BIND environment variable not set
  In general, for best performance with OpenMP 4.0 or better set OMP_PROC_BIND=spread and OMP_PLACES=threads
  For best performance with OpenMP 3.1 set OMP_PROC_BIND=true
  For unit testing set OMP_PROC_BIND=false

MPI detected: For OpenMP binding to work as intended, MPI ranks must be bound to exclusive CPU sets.

Kokkos::OpenMP::initialize WARNING: OMP_PROC_BIND environment variable not set
  In general, for best performance with OpenMP 4.0 or better set OMP_PROC_BIND=spread and OMP_PLACES=threads
  For best performance with OpenMP 3.1 set OMP_PROC_BIND=true
  For unit testing set OMP_PROC_BIND=false

MPI detected: For OpenMP binding to work as intended, MPI ranks must be bound to exclusive CPU sets.

Kokkos::OpenMP::initialize WARNING: OMP_PROC_BIND environment variable not set
  In general, for best performance with OpenMP 4.0 or better set OMP_PROC_BIND=spread and OMP_PLACES=threads
  For best performance with OpenMP 3.1 set OMP_PROC_BIND=true
  For unit testing set OMP_PROC_BIND=false

MPI detected: For OpenMP binding to work as intended, MPI ranks must be bound to exclusive CPU sets.

Kokkos::OpenMP::initialize WARNING: OMP_PROC_BIND environment variable not set
  In general, for best performance with OpenMP 4.0 or better set OMP_PROC_BIND=spread and OMP_PLACES=threads
  For best performance with OpenMP 3.1 set OMP_PROC_BIND=true
  For unit testing set OMP_PROC_BIND=false

MPI detected: For OpenMP binding to work as intended, MPI ranks must be bound to exclusive CPU sets.

Kokkos::OpenMP::initialize WARNING: OMP_PROC_BIND environment variable not set
  In general, for best performance with OpenMP 4.0 or better set OMP_PROC_BIND=spread and OMP_PLACES=threads
  For best performance with OpenMP 3.1 set OMP_PROC_BIND=true
  For unit testing set OMP_PROC_BIND=false

MPI detected: For OpenMP binding to work as intended, MPI ranks must be bound to exclusive CPU sets.

Kokkos::OpenMP::initialize WARNING: OMP_PROC_BIND environment variable not set
  In general, for best performance with OpenMP 4.0 or better set OMP_PROC_BIND=spread and OMP_PLACES=threads
  For best performance with OpenMP 3.1 set OMP_PROC_BIND=true
  For unit testing set OMP_PROC_BIND=false

MPI detected: For OpenMP binding to work as intended, MPI ranks must be bound to exclusive CPU sets.

Kokkos::OpenMP::initialize WARNING: OMP_PROC_BIND environment variable not set
  In general, for best performance with OpenMP 4.0 or better set OMP_PROC_BIND=spread and OMP_PLACES=threads
  For best performance with OpenMP 3.1 set OMP_PROC_BIND=true
  For unit testing set OMP_PROC_BIND=false

MPI detected: For OpenMP binding to work as intended, MPI ranks must be bound to exclusive CPU sets.

Kokkos::OpenMP::initialize WARNING: OMP_PROC_BIND environment variable not set
  In general, for best performance with OpenMP 4.0 or better set OMP_PROC_BIND=spread and OMP_PLACES=threads
  For best performance with OpenMP 3.1 set OMP_PROC_BIND=true
  For unit testing set OMP_PROC_BIND=false

MPI detected: For OpenMP binding to work as intended, MPI ranks must be bound to exclusive CPU sets.

Kokkos::OpenMP::initialize WARNING: OMP_PROC_BIND environment variable not set
  In general, for best performance with OpenMP 4.0 or better set OMP_PROC_BIND=spread and OMP_PLACES=threads
  For best performance with OpenMP 3.1 set OMP_PROC_BIND=true
  For unit testing set OMP_PROC_BIND=false

MPI detected: For OpenMP binding to work as intended, MPI ranks must be bound to exclusive CPU sets.

Kokkos::OpenMP::initialize WARNING: OMP_PROC_BIND environment variable not set
  In general, for best performance with OpenMP 4.0 or better set OMP_PROC_BIND=spread and OMP_PLACES=threads
  For best performance with OpenMP 3.1 set OMP_PROC_BIND=true
  For unit testing set OMP_PROC_BIND=false

MPI detected: For OpenMP binding to work as intended, MPI ranks must be bound to exclusive CPU sets.

Kokkos::OpenMP::initialize WARNING: OMP_PROC_BIND environment variable not set
  In general, for best performance with OpenMP 4.0 or better set OMP_PROC_BIND=spread and OMP_PLACES=threads
  For best performance with OpenMP 3.1 set OMP_PROC_BIND=true
  For unit testing set OMP_PROC_BIND=false

MPI detected: For OpenMP binding to work as intended, MPI ranks must be bound to exclusive CPU sets.

Kokkos::OpenMP::initialize WARNING: OMP_PROC_BIND environment variable not set
  In general, for best performance with OpenMP 4.0 or better set OMP_PROC_BIND=spread and OMP_PLACES=threads
  For best performance with OpenMP 3.1 set OMP_PROC_BIND=true
  For unit testing set OMP_PROC_BIND=false

MPI detected: For OpenMP binding to work as intended, MPI ranks must be bound to exclusive CPU sets.

Kokkos::OpenMP::initialize WARNING: OMP_PROC_BIND environment variable not set
  In general, for best performance with OpenMP 4.0 or better set OMP_PROC_BIND=spread and OMP_PLACES=threads
  For best performance with OpenMP 3.1 set OMP_PROC_BIND=true
  For unit testing set OMP_PROC_BIND=false

MPI detected: For OpenMP binding to work as intended, MPI ranks must be bound to exclusive CPU sets.

Kokkos::OpenMP::initialize WARNING: OMP_PROC_BIND environment variable not set
  In general, for best performance with OpenMP 4.0 or better set OMP_PROC_BIND=spread and OMP_PLACES=threads
  For best performance with OpenMP 3.1 set OMP_PROC_BIND=true
  For unit testing set OMP_PROC_BIND=false

MPI detected: For OpenMP binding to work as intended, MPI ranks must be bound to exclusive CPU sets.

Kokkos::OpenMP::initialize WARNING: OMP_PROC_BIND environment variable not set
  In general, for best performance with OpenMP 4.0 or better set OMP_PROC_BIND=spread and OMP_PLACES=threads
  For best performance with OpenMP 3.1 set OMP_PROC_BIND=true
  For unit testing set OMP_PROC_BIND=false

MPI detected: For OpenMP binding to work as intended, MPI ranks must be bound to exclusive CPU sets.

Kokkos::OpenMP::initialize WARNING: OMP_PROC_BIND environment variable not set
  In general, for best performance with OpenMP 4.0 or better set OMP_PROC_BIND=spread and OMP_PLACES=threads
  For best performance with OpenMP 3.1 set OMP_PROC_BIND=true
  For unit testing set OMP_PROC_BIND=false

MPI detected: For OpenMP binding to work as intended, MPI ranks must be bound to exclusive CPU sets.

Kokkos::OpenMP::initialize WARNING: OMP_PROC_BIND environment variable not set
  In general, for best performance with OpenMP 4.0 or better set OMP_PROC_BIND=spread and OMP_PLACES=threads
  For best performance with OpenMP 3.1 set OMP_PROC_BIND=true
  For unit testing set OMP_PROC_BIND=false

MPI detected: For OpenMP binding to work as intended, MPI ranks must be bound to exclusive CPU sets.

Kokkos::OpenMP::initialize WARNING: OMP_PROC_BIND environment variable not set
  In general, for best performance with OpenMP 4.0 or better set OMP_PROC_BIND=spread and OMP_PLACES=threads
  For best performance with OpenMP 3.1 set OMP_PROC_BIND=true
  For unit testing set OMP_PROC_BIND=false

MPI detected: For OpenMP binding to work as intended, MPI ranks must be bound to exclusive CPU sets.

Kokkos::OpenMP::initialize WARNING: OMP_PROC_BIND environment variable not set
  In general, for best performance with OpenMP 4.0 or better set OMP_PROC_BIND=spread and OMP_PLACES=threads
  For best performance with OpenMP 3.1 set OMP_PROC_BIND=true
  For unit testing set OMP_PROC_BIND=false

MPI detected: For OpenMP binding to work as intended, MPI ranks must be bound to exclusive CPU sets.

Kokkos::OpenMP::initialize WARNING: OMP_PROC_BIND environment variable not set
  In general, for best performance with OpenMP 4.0 or better set OMP_PROC_BIND=spread and OMP_PLACES=threads
  For best performance with OpenMP 3.1 set OMP_PROC_BIND=true
  For unit testing set OMP_PROC_BIND=false

MPI detected: For OpenMP binding to work as intended, MPI ranks must be bound to exclusive CPU sets.

Kokkos::OpenMP::initialize WARNING: OMP_PROC_BIND environment variable not set
  In general, for best performance with OpenMP 4.0 or better set OMP_PROC_BIND=spread and OMP_PLACES=threads
  For best performance with OpenMP 3.1 set OMP_PROC_BIND=true
  For unit testing set OMP_PROC_BIND=false

MPI detected: For OpenMP binding to work as intended, MPI ranks must be bound to exclusive CPU sets.

Kokkos::OpenMP::initialize WARNING: OMP_PROC_BIND environment variable not set
  In general, for best performance with OpenMP 4.0 or better set OMP_PROC_BIND=spread and OMP_PLACES=threads
  For best performance with OpenMP 3.1 set OMP_PROC_BIND=true
  For unit testing set OMP_PROC_BIND=false

MPI detected: For OpenMP binding to work as intended, MPI ranks must be bound to exclusive CPU sets.

Kokkos::OpenMP::initialize WARNING: OMP_PROC_BIND environment variable not set
  In general, for best performance with OpenMP 4.0 or better set OMP_PROC_BIND=spread and OMP_PLACES=threads
  For best performance with OpenMP 3.1 set OMP_PROC_BIND=true
  For unit testing set OMP_PROC_BIND=false

MPI detected: For OpenMP binding to work as intended, MPI ranks must be bound to exclusive CPU sets.

Kokkos::OpenMP::initialize WARNING: OMP_PROC_BIND environment variable not set
  In general, for best performance with OpenMP 4.0 or better set OMP_PROC_BIND=spread and OMP_PLACES=threads
  For best performance with OpenMP 3.1 set OMP_PROC_BIND=true
  For unit testing set OMP_PROC_BIND=false

MPI detected: For OpenMP binding to work as intended, MPI ranks must be bound to exclusive CPU sets.

Kokkos::OpenMP::initialize WARNING: OMP_PROC_BIND environment variable not set
  In general, for best performance with OpenMP 4.0 or better set OMP_PROC_BIND=spread and OMP_PLACES=threads
  For best performance with OpenMP 3.1 set OMP_PROC_BIND=true
  For unit testing set OMP_PROC_BIND=false

MPI detected: For OpenMP binding to work as intended, MPI ranks must be bound to exclusive CPU sets.

terminate called after throwing an instance of 'std::runtime_error'
  what():  Kokkos ERROR: HIP memory space failed to allocate 503.8 MiB (label="").
terminate called after throwing an instance of 'std::runtime_error'
  what():  Kokkos ERROR: HIP memory space failed to allocate 503.8 MiB (label="").
terminate called after throwing an instance of 'std::runtime_error'
  what():  Kokkos ERROR: HIP memory space failed to allocate 503.8 MiB (label="").
terminate called after throwing an instance of 'std::runtime_error'
  what():  Kokkos ERROR: HIP memory space failed to allocate 503.8 MiB (label="").
terminate called after throwing an instance of 'std::runtime_error'
  what():  Kokkos ERROR: HIP memory space failed to allocate 503.8 MiB (label="").
terminate called after throwing an instance of 'std::runtime_error'
  what():  Kokkos ERROR: HIP memory space failed to allocate 503.7 MiB (label="").
terminate called after throwing an instance of 'std::runtime_error'
  what():  Kokkos ERROR: HIP memory space failed to allocate 503.8 MiB (label="").
terminate called after throwing an instance of 'std::runtime_error'
  what():  Kokkos ERROR: HIP memory space failed to allocate 503.8 MiB (label="").
terminate called after throwing an instance of 'std::runtime_error'
  what():  Kokkos ERROR: HIP memory space failed to allocate 503.8 MiB (label="").
terminate called after throwing an instance of 'std::runtime_error'
  what():  Kokkos ERROR: HIP memory space failed to allocate 503.7 MiB (label="").
terminate called after throwing an instance of 'std::runtime_error'
  what():  Kokkos ERROR: HIP memory space failed to allocate 503.8 MiB (label="").
terminate called after throwing an instance of 'std::runtime_error'
  what():  Kokkos ERROR: HIP memory space failed to allocate 503.7 MiB (label="").
terminate called after throwing an instance of 'std::runtime_error'
  what():  Kokkos ERROR: HIP memory space failed to allocate 503.8 MiB (label="").
terminate called after throwing an instance of 'std::runtime_error'
  what():  Kokkos ERROR: HIP memory space failed to allocate 503.8 MiB (label="").
terminate called after throwing an instance of 'std::runtime_error'
  what():  Kokkos ERROR: HIP memory space failed to allocate 503.8 MiB (label="").
terminate called after throwing an instance of 'std::runtime_error'
  what():  Kokkos ERROR: HIP memory space failed to allocate 503.8 MiB (label="").
terminate called after throwing an instance of 'std::runtime_error'
  what():  Kokkos ERROR: HIP memory space failed to allocate 503.8 MiB (label="").
terminate called after throwing an instance of 'std::runtime_error'
  what():  Kokkos ERROR: HIP memory space failed to allocate 503.7 MiB (label="").
terminate called after throwing an instance of 'std::runtime_error'
  what():  Kokkos ERROR: HIP memory space failed to allocate 503.8 MiB (label="").
terminate called after throwing an instance of 'std::runtime_error'
  what():  Kokkos ERROR: HIP memory space failed to allocate 503.8 MiB (label="").
terminate called after throwing an instance of 'std::runtime_error'
  what():  Kokkos ERROR: HIP memory space failed to allocate 503.7 MiB (label="").
terminate called after throwing an instance of 'std::runtime_error'
  what():  Kokkos ERROR: HIP memory space failed to allocate 503.7 MiB (label="").
terminate called after throwing an instance of 'std::runtime_error'
  what():  Kokkos ERROR: HIP memory space failed to allocate 503.8 MiB (label="").
terminate called after throwing an instance of 'std::runtime_error'
  what():  Kokkos ERROR: HIP memory space failed to allocate 503.8 MiB (label="").
MPICH ERROR [Rank 54] [job id 16798912.0] [Tue Mar 17 18:18:25 2026] [nid007457] - Abort(67743233) (rank 54 in comm 0): Fatal error in PMPI_Irecv: Invalid buffer pointer, error stack:
PMPI_Irecv(166): MPI_Irecv(buf=(nil), count=184298000, MPI_BYTE, src=63, tag=10001, MPI_COMM_WORLD, request=0x7ffd655fe214) failed
PMPI_Irecv(120): Null buffer pointer

aborting job:
Fatal error in PMPI_Irecv: Invalid buffer pointer, error stack:
PMPI_Irecv(166): MPI_Irecv(buf=(nil), count=184298000, MPI_BYTE, src=63, tag=10001, MPI_COMM_WORLD, request=0x7ffd655fe214) failed
PMPI_Irecv(120): Null buffer pointer
MPICH ERROR [Rank 63] [job id 16798912.0] [Tue Mar 17 18:18:25 2026] [nid007458] - Abort(134852097) (rank 63 in comm 0): Fatal error in PMPI_Irecv: Invalid buffer pointer, error stack:
PMPI_Irecv(166): MPI_Irecv(buf=(nil), count=184331440, MPI_BYTE, src=62, tag=10001, MPI_COMM_WORLD, request=0x7fffa350f0c4) failed
PMPI_Irecv(120): Null buffer pointer

aborting job:
Fatal error in PMPI_Irecv: Invalid buffer pointer, error stack:
PMPI_Irecv(166): MPI_Irecv(buf=(nil), count=184331440, MPI_BYTE, src=62, tag=10001, MPI_COMM_WORLD, request=0x7fffa350f0c4) failed
PMPI_Irecv(120): Null buffer pointer
MPICH ERROR [Rank 0] [job id 16798912.0] [Tue Mar 17 18:18:25 2026] [nid005327] - Abort(805940737) (rank 0 in comm 0): Fatal error in PMPI_Irecv: Invalid buffer pointer, error stack:
PMPI_Irecv(166): MPI_Irecv(buf=(nil), count=184308000, MPI_BYTE, src=63, tag=10001, MPI_COMM_WORLD, request=0x7ffe06f51594) failed
PMPI_Irecv(120): Null buffer pointer

aborting job:
Fatal error in PMPI_Irecv: Invalid buffer pointer, error stack:
PMPI_Irecv(166): MPI_Irecv(buf=(nil), count=184308000, MPI_BYTE, src=63, tag=10001, MPI_COMM_WORLD, request=0x7ffe06f51594) failed
PMPI_Irecv(120): Null buffer pointer
MPICH ERROR [Rank 36] [job id 16798912.0] [Tue Mar 17 18:18:25 2026] [nid005417] - Abort(134852097) (rank 36 in comm 0): Fatal error in PMPI_Irecv: Invalid buffer pointer, error stack:
PMPI_Irecv(166): MPI_Irecv(buf=(nil), count=184404320, MPI_BYTE, src=63, tag=10001, MPI_COMM_WORLD, request=0x7fffdf02e1a4) failed
PMPI_Irecv(120): Null buffer pointer

aborting job:
Fatal error in PMPI_Irecv: Invalid buffer pointer, error stack:
PMPI_Irecv(166): MPI_Irecv(buf=(nil), count=184404320, MPI_BYTE, src=63, tag=10001, MPI_COMM_WORLD, request=0x7fffdf02e1a4) failed
PMPI_Irecv(120): Null buffer pointer
MPICH ERROR [Rank 27] [job id 16798912.0] [Tue Mar 17 18:18:25 2026] [nid005414] - Abort(336178689) (rank 27 in comm 0): Fatal error in PMPI_Irecv: Invalid buffer pointer, error stack:
PMPI_Irecv(166): MPI_Irecv(buf=(nil), count=184313280, MPI_BYTE, src=63, tag=10001, MPI_COMM_WORLD, request=0x7ffecbb09b14) failed
PMPI_Irecv(120): Null buffer pointer

aborting job:
Fatal error in PMPI_Irecv: Invalid buffer pointer, error stack:
PMPI_Irecv(166): MPI_Irecv(buf=(nil), count=184313280, MPI_BYTE, src=63, tag=10001, MPI_COMM_WORLD, request=0x7ffecbb09b14) failed
PMPI_Irecv(120): Null buffer pointer
MPICH ERROR [Rank 9] [job id 16798912.0] [Tue Mar 17 18:18:25 2026] [nid005337] - Abort(537505281) (rank 9 in comm 0): Fatal error in PMPI_Irecv: Invalid buffer pointer, error stack:
PMPI_Irecv(166): MPI_Irecv(buf=(nil), count=184278880, MPI_BYTE, src=63, tag=10001, MPI_COMM_WORLD, request=0x7fffd4963d74) failed
PMPI_Irecv(120): Null buffer pointer

aborting job:
Fatal error in PMPI_Irecv: Invalid buffer pointer, error stack:
PMPI_Irecv(166): MPI_Irecv(buf=(nil), count=184278880, MPI_BYTE, src=63, tag=10001, MPI_COMM_WORLD, request=0x7fffd4963d74) failed
PMPI_Irecv(120): Null buffer pointer
MPICH ERROR [Rank 18] [job id 16798912.0] [Tue Mar 17 18:18:25 2026] [nid005409] - Abort(269069825) (rank 18 in comm 0): Fatal error in PMPI_Irecv: Invalid buffer pointer, error stack:
PMPI_Irecv(166): MPI_Irecv(buf=(nil), count=184389440, MPI_BYTE, src=63, tag=10001, MPI_COMM_WORLD, request=0x7ffd7757d914) failed
PMPI_Irecv(120): Null buffer pointer

aborting job:
Fatal error in PMPI_Irecv: Invalid buffer pointer, error stack:
PMPI_Irecv(166): MPI_Irecv(buf=(nil), count=184389440, MPI_BYTE, src=63, tag=10001, MPI_COMM_WORLD, request=0x7ffd7757d914) failed
PMPI_Irecv(120): Null buffer pointer
MPICH ERROR [Rank 45] [job id 16798912.0] [Tue Mar 17 18:18:25 2026] [nid005432] - Abort(671723009) (rank 45 in comm 0): Fatal error in PMPI_Irecv: Invalid buffer pointer, error stack:
PMPI_Irecv(166): MPI_Irecv(buf=(nil), count=184329520, MPI_BYTE, src=63, tag=10001, MPI_COMM_WORLD, request=0x7ffcf78f4b54) failed
PMPI_Irecv(120): Null buffer pointer

aborting job:
Fatal error in PMPI_Irecv: Invalid buffer pointer, error stack:
PMPI_Irecv(166): MPI_Irecv(buf=(nil), count=184329520, MPI_BYTE, src=63, tag=10001, MPI_COMM_WORLD, request=0x7ffcf78f4b54) failed
PMPI_Irecv(120): Null buffer pointer
GTL_DEBUG: [63] hsa_amd_ipc_memory_attach (in gtlt_hsa_ops.c at line 1806): HSA_STATUS_ERROR_INVALID_ARGUMENT: One of the actual arguments does not meet a precondition stated in the documentation of the corresponding formal argument.
GTL_DEBUG: [63] hsa_amd_ipc_memory_attach (in gtlt_hsa_ops.c at line 1806): HSA_STATUS_ERROR_INVALID_ARGUMENT: One of the actual arguments does not meet a precondition stated in the documentation of the corresponding formal argument.
srun: error: nid005417: tasks 32,37-38: Aborted
srun: Terminating StepId=16798912.0
GTL_DEBUG: [0] hsa_amd_ipc_memory_attach (in gtlt_hsa_ops.c at line 1806): HSA_STATUS_ERROR_INVALID_ARGUMENT: One of the actual arguments does not meet a precondition stated in the documentation of the corresponding formal argument.
GTL_DEBUG: [0] hsa_amd_ipc_memory_attach (in gtlt_hsa_ops.c at line 1806): HSA_STATUS_ERROR_INVALID_ARGUMENT: One of the actual arguments does not meet a precondition stated in the documentation of the corresponding formal argument.
srun: error: nid007457: tasks 50,52,55: Aborted
srun: error: nid005337: tasks 11,13: Aborted
srun: error: nid005327: tasks 1-2,4: Aborted
srun: error: nid005414: tasks 25-26,31: Aborted
GTL_DEBUG: [0] hsa_amd_ipc_memory_attach (in gtlt_hsa_ops.c at line 1806): HSA_STATUS_ERROR_INVALID_ARGUMENT: One of the actual arguments does not meet a precondition stated in the documentation of the corresponding formal argument.
MPICH ERROR [Rank 0] [job id 16798912.0] [Tue Mar 17 18:18:25 2026] [nid005327] - Abort(826894978) (rank 0 in comm 0): Fatal error in PMPI_Finalize: Invalid count, error stack:
PMPI_Finalize(214)........................: MPI_Finalize failed
PMPI_Finalize(161)........................: 
MPID_Finalize(718)........................: 
MPIDI_CRAY_ofi_gather_cxi_counters(729)...: 
MPIR_CRAY_Barrier(214)....................: 
MPIR_Barrier_impl(165)....................: 
MPIR_Barrier_intra_auto(109)..............: 
MPIR_Barrier_intra_dissemination(45)......: 
MPIC_Sendrecv(341)........................: 
MPIC_Wait(71).............................: 
MPIR_Wait_impl(41)........................: 
MPID_Progress_wait(201)...................: 
MPIDI_Progress_test(105)..................: 
MPIDI_SHMI_progress(118)..................: 
MPIDI_POSIX_progress(412).................: 
MPIDI_CRAY_Common_lmt_ctrl_send_rts_cb(64): 
srun: error: nid007458: tasks 59,61-62: Aborted
MPIDI_CRAY_Common_lmt_handle_recv(44).....: 
MPIDI_CRAY_Common_lmt_import_mem(218).....: 
(unknown)(): Invalid count

aborting job:
Fatal error in PMPI_Finalize: Invalid count, error stack:
PMPI_Finalize(214)........................: MPI_Finalize failed
PMPI_Finalize(161)........................: 
MPID_Finalize(718)........................: 
MPIDI_CRAY_ofi_gather_cxi_counters(729)...: 
MPIR_CRAY_Barrier(214)....................: 
MPIR_Barrier_impl(165)....................: 
MPIR_Barrier_intra_auto(109)..............: 
MPIR_Barrier_intra_dissemination(45)......: 
MPIC_Sendrecv(341)........................: 
MPIC_Wait(71).............................: 
MPIR_Wait_impl(41)........................: 
MPID_Progress_wait(201)...................: 
MPIDI_Progress_test(105)..................: 
MPIDI_SHMI_progress(118)..................: 
MPIDI_POSIX_progress(412).................: 
MPIDI_CRAY_Common_lmt_ctrl_send_rts_cb(64): 
MPIDI_CRAY_Common_lmt_handle_recv(44).....: 
MPIDI_CRAY_Common_lmt_import_mem(218).....: 
(unknown)(): Invalid count
slurmstepd: error: *** STEP 16798912.0 ON nid005327 CANCELLED AT 2026-03-17T18:18:25 ***
srun: error: nid005409: tasks 16,19,22: Aborted
srun: error: nid005432: tasks 41,44,47: Aborted
slurmstepd: error: Failed to destroy CXI Service ID 5 (cxi0): Device or resource busy
srun: error: nid005337: tasks 9-10,12,14-15: Terminated
slurmstepd: error: Failed to destroy CXI Service ID 5 (cxi0): Device or resource busy
slurmstepd: error: Failed to destroy CXI Service ID 5 (cxi0): Device or resource busy
slurmstepd: error: Failed to destroy CXI Service ID 5 (cxi0): Device or resource busy
slurmstepd: error: Failed to destroy CXI Service ID 5 (cxi0): Device or resource busy
slurmstepd: error: Failed to destroy CXI Service ID 5 (cxi0): Device or resource busy
slurmstepd: error: Failed to destroy CXI Service ID 5 (cxi0): Device or resource busy
slurmstepd: error: Failed to destroy CXI Service ID 5 (cxi2): Device or resource busy
slurmstepd: error: Failed to destroy CXI Service ID 5 (cxi2): Device or resource busy
slurmstepd: error: Failed to destroy CXI Service ID 5 (cxi2): Device or resource busy
slurmstepd: error: Failed to destroy CXI Service ID 5 (cxi0): Device or resource busy
slurmstepd: error: Failed to destroy CXI Service ID 5 (cxi2): Device or resource busy
slurmstepd: error: Failed to destroy CXI Service ID 5 (cxi3): Device or resource busy
slurmstepd: error: Failed to destroy CXI Service ID 5 (cxi2): Device or resource busy
srun: error: nid005432: tasks 40,42-43,45-46: Terminated
srun: error: nid005327: tasks 0,3,5-7: Terminated
srun: error: nid005409: tasks 17-18,20-21,23: Terminated
srun: error: nid005417: tasks 33-36,39: Terminated
srun: error: nid005414: tasks 24,27-30: Terminated
srun: error: nid007457: tasks 48-49,51,53-54: Terminated
srun: error: nid007458: tasks 56-58,60,63: Terminated
srun: error: nid005337: task 8: Aborted (core dumped)
srun: Force Terminated StepId=16798912.0
