Kokkos::OpenMP::initialize WARNING: OMP_PROC_BIND environment variable not set
  In general, for best performance with OpenMP 4.0 or better set OMP_PROC_BIND=spread and OMP_PLACES=threads
  For best performance with OpenMP 3.1 set OMP_PROC_BIND=true
  For unit testing set OMP_PROC_BIND=false

MPI detected: For OpenMP binding to work as intended, MPI ranks must be bound to exclusive CPU sets.

Kokkos::OpenMP::initialize WARNING: OMP_PROC_BIND environment variable not set
  In general, for best performance with OpenMP 4.0 or better set OMP_PROC_BIND=spread and OMP_PLACES=threads
  For best performance with OpenMP 3.1 set OMP_PROC_BIND=true
  For unit testing set OMP_PROC_BIND=false

MPI detected: For OpenMP binding to work as intended, MPI ranks must be bound to exclusive CPU sets.

Kokkos::OpenMP::initialize WARNING: OMP_PROC_BIND environment variable not set
  In general, for best performance with OpenMP 4.0 or better set OMP_PROC_BIND=spread and OMP_PLACES=threads
  For best performance with OpenMP 3.1 set OMP_PROC_BIND=true
  For unit testing set OMP_PROC_BIND=false

MPI detected: For OpenMP binding to work as intended, MPI ranks must be bound to exclusive CPU sets.

Kokkos::OpenMP::initialize WARNING: OMP_PROC_BIND environment variable not set
  In general, for best performance with OpenMP 4.0 or better set OMP_PROC_BIND=spread and OMP_PLACES=threads
  For best performance with OpenMP 3.1 set OMP_PROC_BIND=true
  For unit testing set OMP_PROC_BIND=false

MPI detected: For OpenMP binding to work as intended, MPI ranks must be bound to exclusive CPU sets.

Kokkos::OpenMP::initialize WARNING: OMP_PROC_BIND environment variable not set
  In general, for best performance with OpenMP 4.0 or better set OMP_PROC_BIND=spread and OMP_PLACES=threads
  For best performance with OpenMP 3.1 set OMP_PROC_BIND=true
  For unit testing set OMP_PROC_BIND=false

MPI detected: For OpenMP binding to work as intended, MPI ranks must be bound to exclusive CPU sets.

Kokkos::OpenMP::initialize WARNING: OMP_PROC_BIND environment variable not set
  In general, for best performance with OpenMP 4.0 or better set OMP_PROC_BIND=spread and OMP_PLACES=threads
  For best performance with OpenMP 3.1 set OMP_PROC_BIND=true
  For unit testing set OMP_PROC_BIND=false

MPI detected: For OpenMP binding to work as intended, MPI ranks must be bound to exclusive CPU sets.

Kokkos::OpenMP::initialize WARNING: OMP_PROC_BIND environment variable not set
  In general, for best performance with OpenMP 4.0 or better set OMP_PROC_BIND=spread and OMP_PLACES=threads
  For best performance with OpenMP 3.1 set OMP_PROC_BIND=true
  For unit testing set OMP_PROC_BIND=false

MPI detected: For OpenMP binding to work as intended, MPI ranks must be bound to exclusive CPU sets.

Kokkos::OpenMP::initialize WARNING: OMP_PROC_BIND environment variable not set
  In general, for best performance with OpenMP 4.0 or better set OMP_PROC_BIND=spread and OMP_PLACES=threads
  For best performance with OpenMP 3.1 set OMP_PROC_BIND=true
  For unit testing set OMP_PROC_BIND=false

MPI detected: For OpenMP binding to work as intended, MPI ranks must be bound to exclusive CPU sets.

terminate called after throwing an instance of 'std::runtime_error'
terminate called after throwing an instance of 'std::runtime_error'
terminate called after throwing an instance of 'std::runtime_error'
terminate called after throwing an instance of 'std::runtime_error'
terminate called after throwing an instance of 'std::runtime_error'
terminate called after throwing an instance of 'std::runtime_error'
  what():  cudaMalloc() failed with message: out of memory
terminate called after throwing an instance of 'std::runtime_error'
  what():  cudaMalloc() failed with message: out of memory
  what():  cudaMalloc() failed with message: out of memory
terminate called after throwing an instance of 'std::runtime_error'
  what():  cudaMalloc() failed with message: out of memory
  what():  cudaMalloc() failed with message: out of memory
[jwb0734:2068373] *** Process received signal ***
[jwb0734:2068373] Signal: Aborted (6)
[jwb0734:2068373] Signal code:  (-6)
  what():  cudaMalloc() failed with message: out of memory
[jwb0734:2068372] *** Process received signal ***
[jwb0734:2068372] Signal: Aborted (6)
[jwb0734:2068372] Signal code:  (-6)
  what():  cudaMalloc() failed with message: out of memory
[jwb0734:2068375] *** Process received signal ***
[jwb0734:2068375] Signal: Aborted (6)
[jwb0734:2068375] Signal code:  (-6)
  what():  cudaMalloc() failed with message: out of memory
[jwb0734:2068374] *** Process received signal ***
[jwb0734:2068374] Signal: Aborted (6)
[jwb0734:2068374] Signal code:  (-6)
[jwb0443:3433783] *** Process received signal ***
[jwb0443:3433783] Signal: Aborted (6)
[jwb0443:3433783] Signal code:  (-6)
[jwb0443:3433785] *** Process received signal ***
[jwb0443:3433785] Signal: Aborted (6)
[jwb0443:3433785] Signal code:  (-6)
[jwb0443:3433784] *** Process received signal ***
[jwb0443:3433784] Signal: Aborted (6)
[jwb0443:3433784] Signal code:  (-6)
[jwb0734:2068373] [ 0] /usr/lib64/libc.so.6(+0x3fc30)[0x14cdfd230c30]
[jwb0734:2068373] [ 1] /usr/lib64/libc.so.6(+0x8d02c)[0x14cdfd27e02c]
[jwb0734:2068373] [ 2] /usr/lib64/libc.so.6(raise+0x16)[0x14cdfd230b86]
[jwb0734:2068373] [ 3] /usr/lib64/libc.so.6(abort+0xd3)[0x14cdfd21a873]
[jwb0734:2068373] [ 4] /p/software/default/stages/2026/software/GCCcore/14.3.0/lib64/libstdc++.so.6(+0xadc3d)[0x14cdfd4d5c3d]
[jwb0734:2068373] [ 5] /p/software/default/stages/2026/software/GCCcore/14.3.0/lib64/libstdc++.so.6(+0xbf14a)[0x14cdfd4e714a]
[jwb0734:2068373] [ 6] /p/software/default/stages/2026/software/GCCcore/14.3.0/lib64/libstdc++.so.6(_ZSt10unexpectedv+0x0)[0x14cdfd4d57e9]
[jwb0734:2068373] [ 7] /p/software/default/stages/2026/software/GCCcore/14.3.0/lib64/libstdc++.so.6(+0xbf3c7)[0x14cdfd4e73c7]
[jwb0734:2068373] [ 8] /p/home/jusers/fischill1/juwels/ippl/build_fin/alpine/ElectrostaticPIF/LandauDampingPIF(_ZN6heffte4cuda11check_errorE9cudaErrorPKc+0xb4)[0x462aa4]
[jwb0443:3433786] *** Process received signal ***
[jwb0443:3433786] Signal: Aborted (6)
[jwb0443:3433786] Signal code:  (-6)
[jwb0734:2068372] [ 0] /usr/lib64/libc.so.6(+0x3fc30)[0x14ad8b992c30]
[jwb0734:2068372] [ 1] /usr/lib64/libc.so.6(+0x8d02c)[0x14ad8b9e002c]
[jwb0734:2068372] [ 2] /usr/lib64/libc.so.6(raise+0x16)[0x14ad8b992b86]
[jwb0734:2068372] [ 3] /usr/lib64/libc.so.6(abort+0xd3)[0x14ad8b97c873]
[jwb0734:2068372] [ 4] /p/software/default/stages/2026/software/GCCcore/14.3.0/lib64/libstdc++.so.6(+0xadc3d)[0x14ad8bc37c3d]
[jwb0734:2068372] [ 5] /p/software/default/stages/2026/software/GCCcore/14.3.0/lib64/libstdc++.so.6(+0xbf14a)[0x14ad8bc4914a]
[jwb0734:2068372] [ 6] /p/software/default/stages/2026/software/GCCcore/14.3.0/lib64/libstdc++.so.6(_ZSt10unexpectedv+0x0)[0x14ad8bc377e9]
[jwb0734:2068372] [ 7] /p/software/default/stages/2026/software/GCCcore/14.3.0/lib64/libstdc++.so.6(+0xbf3c7)[0x14ad8bc493c7]
[jwb0734:2068372] [ 8] /p/home/jusers/fischill1/juwels/ippl/build_fin/alpine/ElectrostaticPIF/LandauDampingPIF(_ZN6heffte4cuda11check_errorE9cudaErrorPKc+0xb4)[0x462aa4]
[jwb0443:3433784] [ 0] /usr/lib64/libc.so.6(+0x3fc30)[0x14ab6b2ccc30]
[jwb0443:3433784] [ 1] /usr/lib64/libc.so.6(+0x8d02c)[0x14ab6b31a02c]
[jwb0443:3433784] [ 2] /usr/lib64/libc.so.6(raise+0x16)[0x14ab6b2ccb86]
[jwb0443:3433784] [ 3] /usr/lib64/libc.so.6(abort+0xd3)[0x14ab6b2b6873]
[jwb0443:3433784] [ 4] /p/software/default/stages/2026/software/GCCcore/14.3.0/lib64/libstdc++.so.6(+0xadc3d)[0x14ab6b571c3d]
[jwb0734:2068372] [ 9] /p/home/jusers/fischill1/juwels/ippl/build_fin/alpine/[jwb0443:3433786] [ 0] /usr/lib64/libc.so.6(+0x3fc30)[0x151a710a2c30]
[jwb0443:3433786] [ 1] /usr/lib64/libc.so.6(+0x8d02c)[0x151a710f002c]
[jwb0443:3433786] [ 2] /usr/lib64/libc.so.6(raise+0x16)[0x151a710a2b86]
[jwb0443:3433786] [ 3] /usr/lib64/libc.so.6(abort+0xd3)[0x151a7108c873]
[jwb0443:3433786] [ 4] /p/software/default/stages/2026/software/GCCcore/14.3.0/lib64/libstdc++.so.6(+0xadc3d)[0x151a71347c3d]
[jwb0443:3433786] [ 5] /p/software/default/stages/2026/software/GCCcore/14.3.0/lib64/libstdc++.so.6(+0xbf14a)[0x151a7135914a]
[jwb0443:3433786] [ 6] /p/software/default/stages/2026/software/GCCcore/14.3.0/lib64/libstdc++.so.6(_ZSt10unexpectedv+0x0)[0x151a713477e9]
[jwb0443:3433786] [ 7] /p/software/default/stages/2026/software/GCCcore/14.3.0/lib64/libstdc++.so.6(+0xbf3c7)[0x151a713593c7]
[jwb0443:3433786] [ 8] /p/home/jusers/fischill1/juwels/ippl/build_fin/alpine/ElectrostaticPIF/LandauDampingPIF(_ZN6heffte4cuda11check_errorE9cudaErrorPKc+0xb4)[0x462aa4]
[jwb0734:2068373] [ 9] /p/home/jusers/fischill1/juwels/ippl/build_fin/alpine/ElectrostaticPIF/LandauDampingPIF[0x5df596]
[jwb0734:2068373] [10] /p/home/jusers/fischill1/juwels/ippl/build_fin/alpine/ElectrostaticPIF/LandauDampingPIF[0x5e062e]
[jwb0734:2068373] [11] /p/home/jusers/fischill1/juwels/ippl/build_fin/alpine/ElectrostaticPIF/LandauDampingPIF[0x5e220b]
[jwb0734:2068373] [12] /p/home/jusers/fischill1/juwels/ippl/build_fin/alpine/ElectrostaticPIF/LandauDampingPIF[0x5e2e68]
[jwb0734:2068373] [13] /p/home/jusers/fischill1/juwels/ippl/build_fin/alpine/ElectrostaticPIF/LandauDampingPIF[0x5e3837]
[jwb0734:2068373] [14] /p/home/jusers/fischill1/juwels/ippl/build_fin/alpine/ElectrostaticPIF/LandauDampingPIF[0x423714]
[jwb0734:2068373] [15] /usr/lib64/libc.so.6(+0x2a610)[0x14cdfd21b610]
[jwb0734:2068373] [16] /usr/lib64/libc.so.6(__libc_start_main+0x80)[0x14cdfd21b6c0]
[jwb0734:2068373] [17] /p/home/jusers/fischill1/juwels/ippl/build_fin/alpine/ElectrostaticPIF/LandauDampingPIF[0x425995]
[jwb0443:3433786] [ 9] /p/home/jusers/fischill1/juwels/ippl/build_fin/alpine/[jwb0734:2068373] *** End of error message ***
ElectrostaticPIF/LandauDampingPIF[0x5df596]
[jwb0443:3433786] [10] /p/home/jusers/fischill1/juwels/ippl/build_fin/alpine/ElectrostaticPIF/LandauDampingPIF[0x5e062e]
[jwb0443:3433786] [11] /p/home/jusers/fischill1/juwels/ippl/build_fin/alpine/ElectrostaticPIF/LandauDampingPIF[0x5e220b]
[jwb0443:3433786] [12] /p/home/jusers/fischill1/juwels/ippl/build_fin/alpine/ElectrostaticPIF/LandauDampingPIF[0x5e2e68]
[jwb0443:3433786] [13] /p/home/jusers/fischill1/juwels/ippl/build_fin/alpine/ElectrostaticPIF/LandauDampingPIF[0x5e3837]
ElectrostaticPIF/LandauDampingPIF[0x5df596]
[jwb0734:2068372] [10] /p/home/jusers/fischill1/juwels/ippl/build_fin/alpine/ElectrostaticPIF/LandauDampingPIF[0x5e062e]
[jwb0734:2068372] [11] /p/home/jusers/fischill1/juwels/ippl/build_fin/alpine/ElectrostaticPIF/LandauDampingPIF[0x5e220b]
[jwb0443:3433786] [14] /p/home/jusers/fischill1/juwels/ippl/build_fin/alpine/ElectrostaticPIF/LandauDampingPIF[0x423714]
[jwb0443:3433786] [15] /usr/lib64/libc.so.6(+0x2a610)[0x151a7108d610]
[jwb0734:2068375] [ 0] /usr/lib64/libc.so.6(+0x3fc30)[0x1476661a6c30]
[jwb0734:2068375] [ 1] /usr/lib64/libc.so.6(+0x8d02c)[0x1476661f402c]
[jwb0734:2068375] [ 2] /usr/lib64/libc.so.6(raise+0x16)[0x1476661a6b86]
[jwb0734:2068375] [ 3] /usr/lib64/libc.so.6(abort+0xd3)[0x147666190873]
[jwb0734:2068375] [ 4] /p/software/default/stages/2026/software/GCCcore/14.3.0/lib64/libstdc++.so.6(+0xadc3d)[0x14766644bc3d]
[jwb0734:2068375] [ 5] /p/software/default/stages/2026/software/GCCcore/14.3.0/lib64/libstdc++.so.6(+0xbf14a)[0x14766645d14a]
[jwb0734:2068375] [ 6] /p/software/default/stages/2026/software/GCCcore/14.3.0/lib64/libstdc++.so.6(_ZSt10unexpectedv+0x0)[0x14766644b7e9]
[jwb0734:2068375] [ 7] /p/software/default/stages/2026/software/GCCcore/14.3.0/lib64/libstdc++.so.6(+0xbf3c7)[0x14766645d3c7]
[jwb0734:2068375] [ 8] /p/home/jusers/fischill1/juwels/ippl/build_fin/alpine/ElectrostaticPIF/LandauDampingPIF(_ZN6heffte4cuda11check_errorE9cudaErrorPKc+0xb4)[0x462aa4]
[jwb0443:3433786] [16] /usr/lib64/libc.so.6(__libc_start_main+0x80)[0x151a7108d6c0]
[jwb0734:2068375] [ 9] /p/home/jusers/fischill1/juwels/ippl/build_fin/alpine/[jwb0443:3433783] [ 0] /usr/lib64/libc.so.6(+0x3fc30)[0x147085aeac30]
[jwb0443:3433783] [ 1] /usr/lib64/libc.so.6(+0x8d02c)[0x147085b3802c]
[jwb0443:3433783] [ 2] /usr/lib64/libc.so.6(raise+0x16)[0x147085aeab86]
[jwb0443:3433783] [ 3] /usr/lib64/libc.so.6(abort+0xd3)[0x147085ad4873]
[jwb0443:3433783] [ 4] /p/software/default/stages/2026/software/GCCcore/14.3.0/lib64/libstdc++.so.6(+0xadc3d)[0x147085d8fc3d]
[jwb0443:3433783] [ 5] /p/software/default/stages/2026/software/GCCcore/14.3.0/lib64/libstdc++.so.6(+0xbf14a)[0x147085da114a]
[jwb0443:3433783] [ 6] /p/software/default/stages/2026/software/GCCcore/14.3.0/lib64/libstdc++.so.6(_ZSt10unexpectedv+0x0)[0x147085d8f7e9]
[jwb0443:3433783] [ 7] /p/software/default/stages/2026/software/GCCcore/14.3.0/lib64/libstdc++.so.6(+0xbf3c7)[0x147085da13c7]
[jwb0443:3433783] [ 8] /p/home/jusers/fischill1/juwels/ippl/build_fin/alpine/ElectrostaticPIF/LandauDampingPIF(_ZN6heffte4cuda11check_errorE9cudaErrorPKc+0xb4)[0x462aa4]
[jwb0734:2068372] [12] /p/home/jusers/fischill1/juwels/ippl/build_fin/alpine/ElectrostaticPIF/LandauDampingPIF[0x5e2e68]
[jwb0734:2068372] [13] /p/home/jusers/fischill1/juwels/ippl/build_fin/alpine/ElectrostaticPIF/LandauDampingPIF[0x5e3837]
[jwb0734:2068372] [14] /p/home/jusers/fischill1/juwels/ippl/build_fin/alpine/ElectrostaticPIF/LandauDampingPIF[0x423714]
[jwb0734:2068372] [15] /usr/lib64/libc.so.6(+0x2a610)[0x14ad8b97d610]
[jwb0734:2068372] [16] /usr/lib64/libc.so.6(__libc_start_main+0x80)[0x14ad8b97d6c0]
[jwb0734:2068372] [17] /p/home/jusers/fischill1/juwels/ippl/build_fin/alpine/ElectrostaticPIF/LandauDampingPIF[0x425995]
[jwb0734:2068372] *** End of error message ***
[jwb0443:3433783] [ 9] /p/home/jusers/fischill1/juwels/ippl/build_fin/alpine/ElectrostaticPIF/LandauDampingPIF[0x5df596]
[jwb0734:2068375] [10] /p/home/jusers/fischill1/juwels/ippl/build_fin/alpine/ElectrostaticPIF/LandauDampingPIF[0x5e062e]
[jwb0734:2068375] [11] /p/home/jusers/fischill1/juwels/ippl/build_fin/alpine/ElectrostaticPIF/LandauDampingPIF[0x5e220b]
[jwb0734:2068375] [12] /p/home/jusers/fischill1/juwels/ippl/build_fin/alpine/ElectrostaticPIF/LandauDampingPIF[0x5e2e68]
[jwb0734:2068375] [13] /p/home/jusers/fischill1/juwels/ippl/build_fin/alpine/ElectrostaticPIF/LandauDampingPIF[0x5e3837]
[jwb0443:3433786] [17] /p/home/jusers/fischill1/juwels/ippl/build_fin/alpine/ElectrostaticPIF/LandauDampingPIF[0x425995]
[jwb0443:3433786] *** End of error message ***
[jwb0734:2068374] [ 0] /usr/lib64/libc.so.6(+0x3fc30)[0x154ee0d23c30]
[jwb0734:2068374] [ 1] /usr/lib64/libc.so.6(+0x8d02c)[0x154ee0d7102c]
[jwb0734:2068374] [ 2] /usr/lib64/libc.so.6(raise+0x16)[0x154ee0d23b86]
[jwb0734:2068374] [ 3] /usr/lib64/libc.so.6(abort+0xd3)[0x154ee0d0d873]
[jwb0734:2068374] [ 4] /p/software/default/stages/2026/software/GCCcore/14.3.0/lib64/libstdc++.so.6(+0xadc3d)[0x154ee0fc8c3d]
[jwb0734:2068374] [ 5] /p/software/default/stages/2026/software/GCCcore/14.3.0/lib64/libstdc++.so.6(+0xbf14a)[0x154ee0fda14a]
[jwb0734:2068374] [ 6] /p/software/default/stages/2026/software/GCCcore/14.3.0/lib64/libstdc++.so.6(_ZSt10unexpectedv+0x0)[0x154ee0fc87e9]
[jwb0734:2068374] [ 7] /p/software/default/stages/2026/software/GCCcore/14.3.0/lib64/libstdc++.so.6(+0xbf3c7)[0x154ee0fda3c7]
[jwb0734:2068374] [ 8] /p/home/jusers/fischill1/juwels/ippl/build_fin/alpine/ElectrostaticPIF/LandauDampingPIF(_ZN6heffte4cuda11check_errorE9cudaErrorPKc+0xb4)[0x462aa4]
ElectrostaticPIF/LandauDampingPIF[0x5df596]
[jwb0443:3433783] [10] /p/home/jusers/fischill1/juwels/ippl/build_fin/alpine/ElectrostaticPIF/LandauDampingPIF[0x5e062e]
[jwb0443:3433783] [11] /p/home/jusers/fischill1/juwels/ippl/build_fin/alpine/ElectrostaticPIF/LandauDampingPIF[0x5e220b]
[jwb0443:3433783] [12] /p/home/jusers/fischill1/juwels/ippl/build_fin/alpine/ElectrostaticPIF/LandauDampingPIF[0x5e2e68]
[jwb0443:3433783] [13] /p/home/jusers/fischill1/juwels/ippl/build_fin/alpine/ElectrostaticPIF/LandauDampingPIF[0x5e3837]
[jwb0443:3433783] [14] /p/home/jusers/fischill1/juwels/ippl/build_fin/alpine/ElectrostaticPIF/LandauDampingPIF[0x423714]
[jwb0443:3433783] [15] /usr/lib64/libc.so.6(+0x2a610)[0x147085ad5610]
[jwb0443:3433783] [16] /usr/lib64/libc.so.6(__libc_start_main+0x80)[0x147085ad56c0]
[jwb0443:3433783] [17] /p/home/jusers/fischill1/juwels/ippl/build_fin/alpine/ElectrostaticPIF/LandauDampingPIF[0x425995]
[jwb0443:3433783] *** End of error message ***
[jwb0734:2068374] [ 9] /p/home/jusers/fischill1/juwels/ippl/build_fin/alpine/[jwb0443:3433785] [ 0] /usr/lib64/libc.so.6(+0x3fc30)[0x15238bc29c30]
[jwb0443:3433785] [ 1] /usr/lib64/libc.so.6(+0x8d02c)[0x15238bc7702c]
[jwb0443:3433785] [ 2] /usr/lib64/libc.so.6(raise+0x16)[0x15238bc29b86]
[jwb0443:3433785] [ 3] /usr/lib64/libc.so.6(abort+0xd3)[0x15238bc13873]
[jwb0443:3433785] [ 4] /p/software/default/stages/2026/software/GCCcore/14.3.0/lib64/libstdc++.so.6(+0xadc3d)[0x15238becec3d]
[jwb0443:3433785] [ 5] /p/software/default/stages/2026/software/GCCcore/14.3.0/lib64/libstdc++.so.6(+0xbf14a)[0x15238bee014a]
[jwb0443:3433785] [ 6] /p/software/default/stages/2026/software/GCCcore/14.3.0/lib64/libstdc++.so.6(_ZSt10unexpectedv+0x0)[0x15238bece7e9]
[jwb0443:3433785] [ 7] /p/software/default/stages/2026/software/GCCcore/14.3.0/lib64/libstdc++.so.6(+0xbf3c7)[0x15238bee03c7]
[jwb0443:3433785] [ 8] /p/home/jusers/fischill1/juwels/ippl/build_fin/alpine/ElectrostaticPIF/LandauDampingPIF(_ZN6heffte4cuda11check_errorE9cudaErrorPKc+0xb4)[0x462aa4]
[jwb0734:2068375] [14] /p/home/jusers/fischill1/juwels/ippl/build_fin/alpine/ElectrostaticPIF/LandauDampingPIF[0x423714]
[jwb0734:2068375] [15] /usr/lib64/libc.so.6(+0x2a610)[0x147666191610]
[jwb0734:2068375] [16] /usr/lib64/libc.so.6(__libc_start_main+0x80)[0x1476661916c0]
[jwb0734:2068375] [17] /p/home/jusers/fischill1/juwels/ippl/build_fin/alpine/ElectrostaticPIF/LandauDampingPIF[0x425995]
[jwb0734:2068375] *** End of error message ***
[jwb0443:3433785] [ 9] /p/home/jusers/fischill1/juwels/ippl/build_fin/alpine/ElectrostaticPIF/LandauDampingPIF[0x5df596]
[jwb0734:2068374] [10] /p/home/jusers/fischill1/juwels/ippl/build_fin/alpine/ElectrostaticPIF/LandauDampingPIF[0x5e062e]
[jwb0734:2068374] [11] /p/home/jusers/fischill1/juwels/ippl/build_fin/alpine/ElectrostaticPIF/LandauDampingPIF[0x5e220b]
[jwb0734:2068374] [12] /p/home/jusers/fischill1/juwels/ippl/build_fin/alpine/ElectrostaticPIF/LandauDampingPIF[0x5e2e68]
[jwb0734:2068374] [13] /p/home/jusers/fischill1/juwels/ippl/build_fin/alpine/ElectrostaticPIF/LandauDampingPIF[0x5e3837]
[jwb0734:2068374] [14] /p/home/jusers/fischill1/juwels/ippl/build_fin/alpine/ElectrostaticPIF/LandauDampingPIF[0x423714]
[jwb0734:2068374] [15] /usr/lib64/libc.so.6(+0x2a610)[0x154ee0d0e610]
[jwb0734:2068374] [16] /usr/lib64/libc.so.6(__libc_start_main+0x80)[0x154ee0d0e6c0]
[jwb0734:2068374] [17] /p/home/jusers/fischill1/juwels/ippl/build_fin/alpine/ElectrostaticPIF/LandauDampingPIF[0x425995]
[jwb0734:2068374] *** End of error message ***
ElectrostaticPIF/LandauDampingPIF[0x5df596]
[jwb0443:3433785] [10] /p/home/jusers/fischill1/juwels/ippl/build_fin/alpine/ElectrostaticPIF/LandauDampingPIF[0x5e062e]
[jwb0443:3433785] [11] /p/home/jusers/fischill1/juwels/ippl/build_fin/alpine/ElectrostaticPIF/LandauDampingPIF[0x5e220b]
[jwb0443:3433784] [ 5] /p/software/default/stages/2026/software/GCCcore/14.3.0/lib64/libstdc++.so.6(+0xbf14a)[0x14ab6b58314a]
[jwb0443:3433784] [ 6] /p/software/default/stages/2026/software/GCCcore/14.3.0/lib64/libstdc++.so.6(_ZSt10unexpectedv+0x0)[0x14ab6b5717e9]
[jwb0443:3433784] [ 7] /p/software/default/stages/2026/software/GCCcore/14.3.0/lib64/libstdc++.so.6(+0xbf3c7)[0x14ab6b5833c7]
[jwb0443:3433784] [ 8] /p/home/jusers/fischill1/juwels/ippl/build_fin/alpine/ElectrostaticPIF/LandauDampingPIF(_ZN6heffte4cuda11check_errorE9cudaErrorPKc+0xb4)[0x462aa4]
[jwb0443:3433784] [ 9] /p/home/jusers/fischill1/juwels/ippl/build_fin/alpine/ElectrostaticPIF/LandauDampingPIF[0x5df596]
[jwb0443:3433784] [10] /p/home/jusers/fischill1/juwels/ippl/build_fin/alpine/ElectrostaticPIF/LandauDampingPIF[0x5e062e]
[jwb0443:3433784] [11] /p/home/jusers/fischill1/juwels/ippl/build_fin/alpine/ElectrostaticPIF/LandauDampingPIF[0x5e220b]
[jwb0443:3433784] [12] /p/home/jusers/fischill1/juwels/ippl/build_fin/alpine/ElectrostaticPIF/LandauDampingPIF[0x5e2e68]
[jw[jwb0443:3433785] [12] /p/home/jusers/fischill1/juwels/ippl/build_fin/alpine/ElectrostaticPIF/LandauDampingPIF[0x5e2e68]
[jwb0443:3433785] [13] /p/home/jusers/fischill1/juwels/ippl/build_fin/alpine/ElectrostaticPIF/LandauDampingPIF[0x5e3837]
[jwb0443:3433785] [14] /p/home/jusers/fischill1/juwels/ippl/build_fin/alpine/ElectrostaticPIF/LandauDampingPIF[0x423714]
[jwb0443:3433785] [15] /usr/lib64/libc.so.6(+0x2a610)[0x15238bc14610]
[jwb0443:3433785] [16] /usr/lib64/libc.so.6(__libc_start_main+0x80)[0x15238bc146c0]
[jwb0443:3433785] [17] /p/home/jusers/fischill1/juwels/ippl/build_fin/alpine/ElectrostaticPIF/LandauDampingPIF[0x425995]
[jwb0443:3433785] *** End of error message ***
b0443:3433784] [13] /p/home/jusers/fischill1/juwels/ippl/build_fin/alpine/ElectrostaticPIF/LandauDampingPIF[0x5e3837]
[jwb0443:3433784] [14] /p/home/jusers/fischill1/juwels/ippl/build_fin/alpine/ElectrostaticPIF/LandauDampingPIF[0x423714]
[jwb0443:3433784] [15] /usr/lib64/libc.so.6(+0x2a610)[0x14ab6b2b7610]
[jwb0443:3433784] [16] /usr/lib64/libc.so.6(__libc_start_main+0x80)[0x14ab6b2b76c0]
[jwb0443:3433784] [17] /p/home/jusers/fischill1/juwels/ippl/build_fin/alpine/ElectrostaticPIF/LandauDampingPIF[0x425995]
[jwb0443:3433784] *** End of error message ***
srun: error: jwb0734: tasks 4-7: Aborted (core dumped)
srun: error: jwb0443: tasks 0-3: Aborted (core dumped)
