========================================
Single-Node NUFFT Benchmark
========================================
Mode:            all
Kernel grid:     144^3
Breakdown grids: 64,96,128,160
Rhos (kernels):  10
Tolerances:      1e-2,1e-3,1e-4,1e-5,1e-6,1e-7,1e-8
Warmup:          5
Runs:            20
Max GPU memory:  40 GB
========================================

============================================================
KERNEL THROUGHPUT vs TOLERANCE (grid=144^3)
============================================================

--- rho = 10 ---
  Np=29859840  est. memory: 3.1 GB
[Scatter] Cache hit: method=Atomic w=3 cx=1 rho=0.22 -> tile=(1,1,1) team=32 osub=4 zb=1 tp=76.0 Mpts/s (rho_csv=1.25)
  Type1          Atomic tol=1e-02  237.5 Mpts/s  (125.718 ms)
[Scatter] Cache hit: method=Tiled w=3 cx=1 rho=0.22 -> tile=(6,6,4) team=64 osub=4 zb=1 tp=990.3 Mpts/s (rho_csv=1.25)
  Type1           Tiled tol=1e-02  701.3 Mpts/s  (42.575 ms)
[Scatter] Cache hit: method=OutputFocused w=3 cx=1 rho=0.22 -> tile=(3,3,8) team=64 osub=1 zb=29 tp=1169.9 Mpts/s (rho_csv=1.25)
  Type1   Grid-Parallel tol=1e-02  839.6 Mpts/s  (35.566 ms)
  Type2          Direct tol=1e-02  784.3 Mpts/s  (38.072 ms)
  Type2          Sorted tol=1e-02  917.5 Mpts/s  (32.544 ms)
[Scatter] Cache hit: method=Atomic w=4 cx=1 rho=0.22 -> tile=(1,1,1) team=32 osub=4 zb=1 tp=57.9 Mpts/s (rho_csv=1.25)
  Type1          Atomic tol=1e-03  112.2 Mpts/s  (266.027 ms)
[Scatter] Cache hit: method=Tiled w=4 cx=1 rho=0.22 -> tile=(6,5,6) team=64 osub=2 zb=1 tp=512.8 Mpts/s (rho_csv=1.25)
  Type1           Tiled tol=1e-03  486.0 Mpts/s  (61.436 ms)
[Scatter] Cache hit: method=OutputFocused w=4 cx=1 rho=0.22 -> tile=(3,4,4) team=64 osub=1 zb=32 tp=1127.7 Mpts/s (rho_csv=1.25)
  Type1   Grid-Parallel tol=1e-03  825.5 Mpts/s  (36.174 ms)
  Type2          Direct tol=1e-03  405.1 Mpts/s  (73.709 ms)
  Type2          Sorted tol=1e-03  700.8 Mpts/s  (42.609 ms)
[Scatter] Cache hit: method=Atomic w=5 cx=1 rho=0.22 -> tile=(1,1,1) team=32 osub=4 zb=1 tp=36.9 Mpts/s (rho_csv=1.25)
  Type1          Atomic tol=1e-04  60.1 Mpts/s  (497.106 ms)
[Scatter] Cache hit: method=Tiled w=5 cx=1 rho=0.22 -> tile=(5,5,4) team=64 osub=7 zb=1 tp=293.4 Mpts/s (rho_csv=1.25)
  Type1           Tiled tol=1e-04  223.4 Mpts/s  (133.673 ms)
[Scatter] Cache hit: method=OutputFocused w=5 cx=1 rho=0.22 -> tile=(5,3,5) team=128 osub=1 zb=29 tp=747.1 Mpts/s (rho_csv=1.25)
  Type1   Grid-Parallel tol=1e-04  625.9 Mpts/s  (47.710 ms)
  Type2          Direct tol=1e-04  225.2 Mpts/s  (132.610 ms)
  Type2          Sorted tol=1e-04  480.9 Mpts/s  (62.090 ms)
[Scatter] Cache hit: method=Atomic w=6 cx=1 rho=0.22 -> tile=(1,1,1) team=32 osub=4 zb=1 tp=20.3 Mpts/s (rho_csv=1.25)
  Type1          Atomic tol=1e-05  36.0 Mpts/s  (828.763 ms)
[Scatter] Cache hit: method=Tiled w=6 cx=1 rho=0.22 -> tile=(5,3,3) team=64 osub=3 zb=1 tp=154.8 Mpts/s (rho_csv=1.25)
  Type1           Tiled tol=1e-05  83.5 Mpts/s  (357.500 ms)
[Scatter] Cache hit: method=OutputFocused w=6 cx=1 rho=0.22 -> tile=(4,5,3) team=128 osub=1 zb=32 tp=596.5 Mpts/s (rho_csv=1.25)
  Type1   Grid-Parallel tol=1e-05  494.1 Mpts/s  (60.433 ms)
  Type2          Direct tol=1e-05  139.8 Mpts/s  (213.563 ms)
  Type2          Sorted tol=1e-05  324.9 Mpts/s  (91.918 ms)
[Scatter] Cache hit: method=Atomic w=7 cx=1 rho=0.22 -> tile=(1,1,1) team=32 osub=4 zb=1 tp=14.6 Mpts/s (rho_csv=1.25)
  Type1          Atomic tol=1e-06  23.2 Mpts/s  (1289.831 ms)
[Scatter] Cache hit: method=Tiled w=7 cx=1 rho=0.22 -> tile=(4,3,4) team=64 osub=7 zb=1 tp=92.5 Mpts/s (rho_csv=1.25)
  Type1           Tiled tol=1e-06  49.8 Mpts/s  (599.027 ms)
[Scatter] Cache hit: method=OutputFocused w=7 cx=1 rho=0.22 -> tile=(5,4,2) team=128 osub=1 zb=32 tp=376.8 Mpts/s (rho_csv=1.25)
  Type1   Grid-Parallel tol=1e-06  321.0 Mpts/s  (93.009 ms)
  Type2          Direct tol=1e-06  92.5 Mpts/s  (322.788 ms)
  Type2          Sorted tol=1e-06  217.4 Mpts/s  (137.329 ms)
[Scatter] Cache hit: method=Atomic w=8 cx=1 rho=0.22 -> tile=(1,1,1) team=32 osub=4 zb=1 tp=11.5 Mpts/s (rho_csv=1.25)
  Type1          Atomic tol=1e-07  15.9 Mpts/s  (1878.350 ms)
[Scatter] Cache hit: method=Tiled w=8 cx=1 rho=0.22 -> tile=(4,3,3) team=64 osub=4 zb=1 tp=44.0 Mpts/s (rho_csv=1.25)
  Type1           Tiled tol=1e-07  24.2 Mpts/s  (1235.253 ms)
[Scatter] Cache hit: method=OutputFocused w=8 cx=1 rho=0.22 -> tile=(5,4,4) team=256 osub=1 zb=32 tp=304.6 Mpts/s (rho_csv=1.25)
  Type1   Grid-Parallel tol=1e-07  273.5 Mpts/s  (109.168 ms)
  Type2          Direct tol=1e-07  66.4 Mpts/s  (449.916 ms)
  Type2          Sorted tol=1e-07  161.5 Mpts/s  (184.888 ms)
[Scatter] Cache hit: method=Atomic w=9 cx=1 rho=0.22 -> tile=(1,1,1) team=32 osub=4 zb=1 tp=8.1 Mpts/s (rho_csv=1.25)
  Type1          Atomic tol=1e-08  11.2 Mpts/s  (2660.144 ms)
[Scatter] Cache hit: method=Tiled w=9 cx=1 rho=0.22 -> tile=(3,3,3) team=64 osub=4 zb=1 tp=19.9 Mpts/s (rho_csv=1.25)
  Type1           Tiled tol=1e-08  11.2 Mpts/s  (2663.030 ms)
[Scatter] Cache hit: method=OutputFocused w=9 cx=1 rho=0.22 -> tile=(2,3,3) team=256 osub=1 zb=26 tp=196.1 Mpts/s (rho_csv=1.25)
  Type1   Grid-Parallel tol=1e-08  94.6 Mpts/s  (315.797 ms)
  Type2          Direct tol=1e-08  44.5 Mpts/s  (670.730 ms)
  Type2          Sorted tol=1e-08  114.2 Mpts/s  (261.414 ms)

============================================================
NUFFT TIMING BREAKDOWN (rho=5.000, tol=1e-04)
============================================================

--- grid = 64^3 ---
  Type1        Spreading: 1.726 ms  (69.3%)
  Type1              FFT: 0.746 ms  (29.9%)
  Type1    Deconvolution: 0.019 ms  (0.8%)
  Type2    Precorrection: 0.025 ms  (1.3%)
  Type2              FFT: 0.780 ms  (41.2%)
  Type2    Interpolation: 1.086 ms  (57.4%)

--- grid = 96^3 ---
  Type1        Spreading: 6.259 ms  (82.1%)
  Type1              FFT: 1.336 ms  (17.5%)
  Type1    Deconvolution: 0.027 ms  (0.4%)
  Type2    Precorrection: 0.041 ms  (0.5%)
  Type2              FFT: 1.611 ms  (19.7%)
  Type2    Interpolation: 6.534 ms  (79.8%)

--- grid = 128^3 ---
  Type1        Spreading: 11.836 ms  (80.8%)
  Type1              FFT: 2.741 ms  (18.7%)
  Type1    Deconvolution: 0.069 ms  (0.5%)
  Type2    Precorrection: 0.073 ms  (0.7%)
  Type2              FFT: 3.090 ms  (27.5%)
  Type2    Interpolation: 8.054 ms  (71.8%)

--- grid = 160^3 ---
  Type1        Spreading: 35.392 ms  (86.7%)
  Type1              FFT: 5.286 ms  (13.0%)
  Type1    Deconvolution: 0.123 ms  (0.3%)
  Type2    Precorrection: 0.127 ms  (0.2%)
  Type2              FFT: 7.155 ms  (13.2%)
  Type2    Interpolation: 46.963 ms  (86.6%)

Kernel results written to: bench_kernels.csv
Breakdown results written to: bench_breakdown.csv
