LandauDampingPIF{0}> Landau damping
LandauDampingPIF{0}> nt 10 Np= 8589934592 Fourier modes = ( 1024 , 1024 , 1024 )
LandauDampingPIF{0}> particles created and initial conditions assigned 
LandauDampingPIF{0}> After init shape function 
LandauDampingPIF{0}> After init NUFFT 
LandauDampingPIF{0}> After update 
[Scatter] Auto-select: OutputFocused (tp=747.1 Mpts/s) for w=5 rho=1.15 (was Atomic)
[Scatter] Cache hit: method=OutputFocused w=5 cx=1 rho=1.15 -> tile=(5,3,5) team=128 osub=1 zb=29 tp=747.1 Mpts/s (rho_csv=1.25)
LandauDampingPIF{0}> After scatter 
LandauDampingPIF{0}> After gather 
LandauDampingPIF{0}> Starting iterations ...
LandauDampingPIF{0}> Finished time step: -2 time: 0.0122718
LandauDampingPIF{0}> Finished time step: -1 time: 0.0245437
LandauDampingPIF{0}> Finished time step: 0 time: 0.0368155
LandauDampingPIF{0}> Finished time step: 1 time: 0.0490874
LandauDampingPIF{0}> Finished time step: 2 time: 0.0613592
LandauDampingPIF{0}> Finished time step: 3 time: 0.0736311
LandauDampingPIF{0}> Finished time step: 4 time: 0.0859029
LandauDampingPIF{0}> Finished time step: 5 time: 0.0981748
LandauDampingPIF{0}> Finished time step: 6 time: 0.110447
LandauDampingPIF{0}> Finished time step: 7 time: 0.122718
LandauDampingPIF{0}> Finished time step: 8 time: 0.13499
LandauDampingPIF{0}> Finished time step: 9 time: 0.147262
LandauDampingPIF{0}> Finished time step: 10 time: 0.159534
LandauDampingPIF{0}> LandauDamping: End.
Timings{0}> ---------------------------------------------
Timings{0}>      Timing results for 1024 rank(s):
Timings{0}> ---------------------------------------------
Timings{0}> mainTimer........... Wall tot =    6.31486
Timings{0}> 
Timings{0}> particlesCreation... Wall max =          0
Timings{0}>                      Wall avg =          0
Timings{0}>                      Wall min =          0
Timings{0}> 
Timings{0}> dumpData............ Wall max =   0.158435
Timings{0}>                      Wall avg =   0.139625
Timings{0}>                      Wall min =    0.11092
Timings{0}> 
Timings{0}> kick................ Wall max =   0.015453
Timings{0}>                      Wall avg = 0.00912322
Timings{0}>                      Wall min = 0.00793901
Timings{0}> 
Timings{0}> drift............... Wall max =  0.0127224
Timings{0}>                      Wall avg = 0.00459193
Timings{0}>                      Wall min = 0.00398258
Timings{0}> 
Timings{0}> particleBC.......... Wall max =  0.0168079
Timings{0}>                      Wall avg = 0.00921108
Timings{0}>                      Wall min = 0.00799796
Timings{0}> 
Timings{0}> initializeShapeFunc. Wall max =          0
Timings{0}>                      Wall avg =          0
Timings{0}>                      Wall min =          0
Timings{0}> 
Timings{0}> findInternal........ Wall max =          0
Timings{0}>                      Wall avg =          0
Timings{0}>                      Wall min =          0
Timings{0}> 
Timings{0}> findPeriodic........ Wall max =          0
Timings{0}>                      Wall avg =          0
Timings{0}>                      Wall min =          0
Timings{0}> 
Timings{0}> NativeNUFFT::init... Wall max =          0
Timings{0}>                      Wall avg =          0
Timings{0}>                      Wall min =          0
Timings{0}> 
Timings{0}> updateParticle...... Wall max =   0.185857
Timings{0}>                      Wall avg =   0.169499
Timings{0}>                      Wall min =   0.155748
Timings{0}> 
Timings{0}> locateParticles..... Wall max = 0.00930556
Timings{0}>                      Wall avg = 0.00786917
Timings{0}>                      Wall min = 0.00707159
Timings{0}> 
Timings{0}> sendPreprocess...... Wall max =  0.0646753
Timings{0}>                      Wall avg =   0.056151
Timings{0}>                      Wall min =  0.0428073
Timings{0}> 
Timings{0}> particleSend........ Wall max =  0.0365002
Timings{0}>                      Wall avg =  0.0230628
Timings{0}>                      Wall min =  0.0146512
Timings{0}> 
Timings{0}> particleRecv........ Wall max =  0.0110196
Timings{0}>                      Wall avg = 0.00520511
Timings{0}>                      Wall min = 0.00184943
Timings{0}> 
Timings{0}> particleDestroy..... Wall max =  0.0293388
Timings{0}>                      Wall avg =  0.0228304
Timings{0}>                      Wall min =  0.0207133
Timings{0}> 
Timings{0}> ScatterPIFNUFFT..... Wall max =    1.55538
Timings{0}>                      Wall avg =    1.52378
Timings{0}>                      Wall min =    1.49159
Timings{0}> 
Timings{0}> NativeNUFFT1........ Wall max =    1.54111
Timings{0}>                      Wall avg =    1.50861
Timings{0}>                      Wall min =    1.47453
Timings{0}> 
Timings{0}> scatterTimerNUFFT1.. Wall max =    0.17374
Timings{0}>                      Wall avg =   0.145673
Timings{0}>                      Wall min =   0.127828
Timings{0}> 
Timings{0}> binSort............. Wall max =   0.116572
Timings{0}>                      Wall avg =  0.0996315
Timings{0}>                      Wall min =  0.0876771
Timings{0}> 
Timings{0}> binComputeKeys...... Wall max =  0.0183527
Timings{0}>                      Wall avg =  0.0105769
Timings{0}>                      Wall min = 0.00923021
Timings{0}> 
Timings{0}> binSortByKey........ Wall max =   0.100401
Timings{0}>                      Wall avg =  0.0848145
Timings{0}>                      Wall min =  0.0744571
Timings{0}> 
Timings{0}> binComputeOffsets... Wall max =  0.0103809
Timings{0}>                      Wall avg = 0.00383354
Timings{0}>                      Wall min = 0.00353666
Timings{0}> 
Timings{0}> FFTNUFFT1........... Wall max =    1.39768
Timings{0}>                      Wall avg =    1.36125
Timings{0}>                      Wall min =    1.32898
Timings{0}> 
Timings{0}> deconvolutionNUFFT1. Wall max = 0.00234916
Timings{0}>                      Wall avg =  0.0015549
Timings{0}>                      Wall min = 0.00140801
Timings{0}> 
Timings{0}> GatherPIFNUFFT...... Wall max =    4.47215
Timings{0}>                      Wall avg =    4.43723
Timings{0}>                      Wall min =    4.41028
Timings{0}> 
Timings{0}> NativeNUFFT2........ Wall max =    4.43162
Timings{0}>                      Wall avg =    4.39511
Timings{0}>                      Wall min =     4.3671
Timings{0}> 
Timings{0}> PrecorrectionNUFFT2. Wall max =  0.0151051
Timings{0}>                      Wall avg = 0.00807855
Timings{0}>                      Wall min = 0.00767493
Timings{0}> 
Timings{0}> FFTNUFFT2........... Wall max =    4.11819
Timings{0}>                      Wall avg =    4.04224
Timings{0}>                      Wall min =    3.96876
Timings{0}> 
Timings{0}> GatherNUFFT2........ Wall max =   0.440548
Timings{0}>                      Wall avg =   0.344189
Timings{0}>                      Wall min =   0.282192
Timings{0}> 
Timings{0}> ---------------------------------------------
Timings{0}>      Measurement counts:
Timings{0}> ---------------------------------------------
Timings{0}> mainTimer........... Count =          1
Timings{0}> particlesCreation... Count =          0
Timings{0}> dumpData............ Count =         10
Timings{0}> kick................ Count =         20
Timings{0}> drift............... Count =         10
Timings{0}> particleBC.......... Count =         10
Timings{0}> initializeShapeFunc. Count =          0
Timings{0}> findInternal........ Count =          0
Timings{0}> findPeriodic........ Count =          0
Timings{0}> NativeNUFFT::init... Count =          0
Timings{0}> updateParticle...... Count =         10
Timings{0}> locateParticles..... Count =         10
Timings{0}> sendPreprocess...... Count =         10
Timings{0}> particleSend........ Count =         10
Timings{0}> particleRecv........ Count =         10
Timings{0}> particleDestroy..... Count =         10
Timings{0}> ScatterPIFNUFFT..... Count =         20
Timings{0}> NativeNUFFT1........ Count =         10
Timings{0}> scatterTimerNUFFT1.. Count =         10
Timings{0}> binSort............. Count =         40
Timings{0}> binComputeKeys...... Count =         40
Timings{0}> binSortByKey........ Count =         40
Timings{0}> binComputeOffsets... Count =         40
Timings{0}> FFTNUFFT1........... Count =         10
Timings{0}> deconvolutionNUFFT1. Count =         10
Timings{0}> GatherPIFNUFFT...... Count =         10
Timings{0}> NativeNUFFT2........ Count =         30
Timings{0}> PrecorrectionNUFFT2. Count =         30
Timings{0}> FFTNUFFT2........... Count =         30
Timings{0}> GatherNUFFT2........ Count =         30
Timings{0}> ---------------------------------------------
Timings{0}> ---------------------------------------------
Timings{0}>      Per-occurrence statistics:
Timings{0}> ---------------------------------------------
Timings{0}> mainTimer........... n=    1  mean=   6.31478  std=         0  min=   6.31478  max=   6.31478
Timings{0}> dumpData............ n=   10  mean= 0.0128141  std= 0.0112124  min=0.00352335  max= 0.0389501
Timings{0}> kick................ n=   20  mean=0.00052136  std=1.47844e-05  min=0.000505184  max=0.000543934
Timings{0}> drift............... n=   10  mean=0.000519874  std=9.79814e-07  min=0.000518994  max=0.000522454
Timings{0}> particleBC.......... n=   10  mean=0.00104715  std=4.31694e-06  min=0.00104133  max=0.00105699
Timings{0}> updateParticle...... n=   10  mean= 0.0164591  std= 0.0060476  min= 0.0101933  max= 0.0308463
Timings{0}> locateParticles..... n=   10  mean=0.000785725  std=1.44211e-05  min=0.000769836  max=0.000818396
Timings{0}> sendPreprocess...... n=   10  mean=0.00537355  std=0.00582024  min=0.000920286  max= 0.0194668
Timings{0}> particleSend........ n=   10  mean=0.00261117  std= 0.0011535  min=0.00149034  max=0.00445538
Timings{0}> particleRecv........ n=   10  mean=0.000285955  std=0.000192339  min=0.000181912  max=0.000671455
Timings{0}> particleDestroy..... n=   10  mean=0.00231593  std=1.06609e-05  min=0.00230299  max=0.00234026
Timings{0}> ScatterPIFNUFFT..... n=   20  mean= 0.0756893  std= 0.0774368  min=0.000293382  max=  0.162076
Timings{0}> NativeNUFFT1........ n=   10  mean=  0.149762  std=0.00531753  min=  0.145045  max=  0.160853
Timings{0}> scatterTimerNUFFT1.. n=   10  mean= 0.0153928  std=0.00246952  min= 0.0127072  max= 0.0204886
Timings{0}> binSort............. n=   40  mean= 0.0028188  std=2.49925e-05  min=0.00277572  max= 0.0028775
Timings{0}> binComputeKeys...... n=   40  mean=0.000299169  std=2.9522e-06  min=0.000294492  max=0.000312442
Timings{0}> binSortByKey........ n=   40  mean=0.00240542  std=1.98368e-05  min=0.00236901  max=0.00244011
Timings{0}> binComputeOffsets... n=   40  mean=0.000104232  std=4.34303e-06  min=9.9141e-05  max=0.000120551
Timings{0}> FFTNUFFT1........... n=   10  mean=  0.134129  std=0.00329829  min=  0.129954  max=  0.140109
Timings{0}> deconvolutionNUFFT1. n=   10  mean=0.000227505  std=5.82867e-06  min=0.000224691  max=0.000243961
Timings{0}> GatherPIFNUFFT...... n=   10  mean=   0.44612  std= 0.0135047  min=  0.436223  max=  0.473248
Timings{0}> NativeNUFFT2........ n=   30  mean=   0.14718  std=0.00502953  min=  0.140382  max=   0.16143
Timings{0}> PrecorrectionNUFFT2. n=   30  mean= 0.0003406  std=4.38985e-06  min=0.000335662  max=0.000350193
Timings{0}> FFTNUFFT2........... n=   30  mean=  0.132723  std=0.00282468  min=  0.129248  max=  0.140908
Timings{0}> GatherNUFFT2........ n=   30  mean= 0.0140968  std=0.00278519  min= 0.0107679  max= 0.0211525
Timings{0}> ---------------------------------------------
