Kokkos::OpenMP::initialize WARNING: OMP_PROC_BIND environment variable not set
  In general, for best performance with OpenMP 4.0 or better set OMP_PROC_BIND=spread and OMP_PLACES=threads
  For best performance with OpenMP 3.1 set OMP_PROC_BIND=true
  For unit testing set OMP_PROC_BIND=false

MPI detected: For OpenMP binding to work as intended, MPI ranks must be bound to exclusive CPU sets.

Kokkos::OpenMP::initialize WARNING: OMP_PROC_BIND environment variable not set
  In general, for best performance with OpenMP 4.0 or better set OMP_PROC_BIND=spread and OMP_PLACES=threads
  For best performance with OpenMP 3.1 set OMP_PROC_BIND=true
  For unit testing set OMP_PROC_BIND=false

MPI detected: For OpenMP binding to work as intended, MPI ranks must be bound to exclusive CPU sets.

Kokkos::OpenMP::initialize WARNING: OMP_PROC_BIND environment variable not set
  In general, for best performance with OpenMP 4.0 or better set OMP_PROC_BIND=spread and OMP_PLACES=threads
  For best performance with OpenMP 3.1 set OMP_PROC_BIND=true
  For unit testing set OMP_PROC_BIND=false

MPI detected: For OpenMP binding to work as intended, MPI ranks must be bound to exclusive CPU sets.

Kokkos::OpenMP::initialize WARNING: OMP_PROC_BIND environment variable not set
  In general, for best performance with OpenMP 4.0 or better set OMP_PROC_BIND=spread and OMP_PLACES=threads
  For best performance with OpenMP 3.1 set OMP_PROC_BIND=true
  For unit testing set OMP_PROC_BIND=false

MPI detected: For OpenMP binding to work as intended, MPI ranks must be bound to exclusive CPU sets.

terminate called after throwing an instance of 'std::runtime_error'
  what():  Kokkos ERROR: Cuda memory space failed to allocate 1 GiB (label="").
[jwb0374:3407166] *** Process received signal ***
[jwb0374:3407166] Signal: Aborted (6)
[jwb0374:3407166] Signal code:  (-6)
[jwb0374:3407166] [ 0] /usr/lib64/libc.so.6(+0x3fc30)[0x147820e76c30]
[jwb0374:3407166] [ 1] /usr/lib64/libc.so.6(+0x8d02c)[0x147820ec402c]
[jwb0374:3407166] [ 2] /usr/lib64/libc.so.6(raise+0x16)[0x147820e76b86]
[jwb0374:3407166] [ 3] /usr/lib64/libc.so.6(abort+0xd3)[0x147820e60873]
[jwb0374:3407166] [ 4] /p/software/default/stages/2026/software/GCCcore/14.3.0/lib64/libstdc++.so.6(+0xadc3d)[0x14782111bc3d]
[jwb0374:3407166] [ 5] /p/software/default/stages/2026/software/GCCcore/14.3.0/lib64/libstdc++.so.6(+0xbf14a)[0x14782112d14a]
[jwb0374:3407166] [ 6] /p/software/default/stages/2026/software/GCCcore/14.3.0/lib64/libstdc++.so.6(_ZSt10unexpectedv+0x0)[0x14782111b7e9]
[jwb0374:3407166] [ 7] /p/software/default/stages/2026/software/GCCcore/14.3.0/lib64/libstdc++.so.6(+0xbf3c7)[0x14782112d3c7]
[jwb0374:3407166] [ 8] /p/home/jusers/fischill1/juwels/ippl/build_fin/_deps/kokkos-build/core/src/libkokkoscore.so.5.0(_ZN6Kokkos4Impl15throw_bad_allocESt17basic_string_viewIcSt11char_traitsIcEEmS4_+0x115)[0x1478215bbe05]
[jwb0374:3407166] [ 9] /p/home/jusers/fischill1/juwels/ippl/build_fin/_deps/kokkos-build/core/src/libkokkoscore.so.5.0(_ZNK6Kokkos9CudaSpace13impl_allocateEPKcmm28Kokkos_Profiling_SpaceHandle+0x219)[0x1478215ce319]
[jwb0374:3407166] [10] /p/home/jusers/fischill1/juwels/ippl/build_fin/_deps/kokkos-build/core/src/libkokkoscore.so.5.0(_ZNK6Kokkos9CudaSpace8allocateEPKcmm+0x65)[0x1478215ce395]
[jwb0374:3407166] [11] /p/home/jusers/fischill1/juwels/ippl/build_fin/_deps/kokkos-build/core/src/libkokkoscore.so.5.0(_ZN6Kokkos4Impl44HostInaccessibleSharedAllocationRecordCommonINS_9CudaSpaceEEC2ERKS2_RKNSt7__cxx1112basic_stringIcSt11char_traitsIcESaIcEEEmPFvPNS0_22SharedAllocationRecordIvvEEE+0x30)[0x1478215d0260]
[jwb0374:3407166] [12] /p/home/jusers/fischill1/juwels/ippl/build_fin/test/FFT/PaperBenchmarks/BenchmarkNUFFT[0x4a5fc8]
[jwb0374:3407166] [13] /p/home/jusers/fischill1/juwels/ippl/build_fin/test/FFT/PaperBenchmarks/BenchmarkNUFFT[0x43df39]
[jwb0374:3407166] [14] /p/home/jusers/fischill1/juwels/ippl/build_fin/test/FFT/PaperBenchmarks/BenchmarkNUFFT[0x4f3611]
[jwb0374:3407166] [15] /p/home/jusers/fischill1/juwels/ippl/build_fin/test/FFT/PaperBenchmarks/BenchmarkNUFFT[0x4f5a79]
[jwb0374:3407166] [16] /p/home/jusers/fischill1/juwels/ippl/build_fin/test/FFT/PaperBenchmarks/BenchmarkNUFFT[0x4455c8]
[jwb0374:3407166] [17] /p/home/jusers/fischill1/juwels/ippl/build_fin/test/FFT/PaperBenchmarks/BenchmarkNUFFT[0x4215cc]
[jwb0374:3407166] [18] /usr/lib64/libc.so.6(+0x2a610)[0x147820e61610]
[jwb0374:3407166] [19] /usr/lib64/libc.so.6(__libc_start_main+0x80)[0x147820e616c0]
[jwb0374:3407166] [20] /p/home/jusers/fischill1/juwels/ippl/build_fin/test/FFT/PaperBenchmarks/BenchmarkNUFFT[0x4221d5]
[jwb0374:3407166] *** End of error message ***
terminate called after throwing an instance of 'std::runtime_error'
  what():  Kokkos ERROR: Cuda memory space failed to allocate 1 GiB (label="").
[jwb0374:3407167] *** Process received signal ***
[jwb0374:3407167] Signal: Aborted (6)
[jwb0374:3407167] Signal code:  (-6)
[jwb0374:3407167] [ 0] /usr/lib64/libc.so.6(+0x3fc30)[0x147a6e791c30]
[jwb0374:3407167] [ 1] /usr/lib64/libc.so.6(+0x8d02c)[0x147a6e7df02c]
[jwb0374:3407167] [ 2] /usr/lib64/libc.so.6(raise+0x16)[0x147a6e791b86]
[jwb0374:3407167] [ 3] /usr/lib64/libc.so.6(abort+0xd3)[0x147a6e77b873]
[jwb0374:3407167] [ 4] /p/software/default/stages/2026/software/GCCcore/14.3.0/lib64/libstdc++.so.6(+0xadc3d)[0x147a6ea36c3d]
[jwb0374:3407167] [ 5] /p/software/default/stages/2026/software/GCCcore/14.3.0/lib64/libstdc++.so.6(+0xbf14a)[0x147a6ea4814a]
[jwb0374:3407167] [ 6] /p/software/default/stages/2026/software/GCCcore/14.3.0/lib64/libstdc++.so.6(_ZSt10unexpectedv+0x0)[0x147a6ea367e9]
[jwb0374:3407167] [ 7] /p/software/default/stages/2026/software/GCCcore/14.3.0/lib64/libstdc++.so.6(+0xbf3c7)[0x147a6ea483c7]
[jwb0374:3407167] [ 8] /p/home/jusers/fischill1/juwels/ippl/build_fin/_deps/kokkos-build/core/src/libkokkoscore.so.5.0(_ZN6Kokkos4Impl15throw_bad_allocESt17basic_string_viewIcSt11char_traitsIcEEmS4_+0x115)[0x147a6eed6e05]
[jwb0374:3407167] [ 9] /p/home/jusers/fischill1/juwels/ippl/build_fin/_deps/kokkos-build/core/src/libkokkoscore.so.5.0(_ZNK6Kokkos9CudaSpace13impl_allocateEPKcmm28Kokkos_Profiling_SpaceHandle+0x219)[0x147a6eee9319]
[jwb0374:3407167] [10] /p/home/jusers/fischill1/juwels/ippl/build_fin/_deps/kokkos-build/core/src/libkokkoscore.so.5.0(_ZNK6Kokkos9CudaSpace8allocateEPKcmm+0x65)[0x147a6eee9395]
[jwb0374:3407167] [11] /p/home/jusers/fischill1/juwels/ippl/build_fin/_deps/kokkos-build/core/src/libkokkoscore.so.5.0(_ZN6Kokkos4Impl44HostInaccessibleSharedAllocationRecordCommonINS_9CudaSpaceEEC2ERKS2_RKNSt7__cxx1112basic_stringIcSt11char_traitsIcESaIcEEEmPFvPNS0_22SharedAllocationRecordIvvEEE+0x30)[0x147a6eeeb260]
[jwb0374:3407167] [12] /p/home/jusers/fischill1/juwels/ippl/build_fin/test/FFT/PaperBenchmarks/BenchmarkNUFFT[0x4a5fc8]
[jwb0374:3407167] [13] /p/home/jusers/fischill1/juwels/ippl/build_fin/test/FFT/PaperBenchmarks/BenchmarkNUFFT[0x43df39]
[jwb0374:3407167] [14] /p/home/jusers/fischill1/juwels/ippl/build_fin/test/FFT/PaperBenchmarks/BenchmarkNUFFT[0x4f3611]
[jwb0374:3407167] [15] /p/home/jusers/fischill1/juwels/ippl/build_fin/test/FFT/PaperBenchmarks/BenchmarkNUFFT[0x4f5a79]
[jwb0374:3407167] [16] /p/home/jusers/fischill1/juwels/ippl/build_fin/test/FFT/PaperBenchmarks/BenchmarkNUFFT[0x4455c8]
[jwb0374:3407167] [17] /p/home/jusers/fischill1/juwels/ippl/build_fin/test/FFT/PaperBenchmarks/BenchmarkNUFFT[0x4215cc]
[jwb0374:3407167] [18] /usr/lib64/libc.so.6(+0x2a610)[0x147a6e77c610]
[jwb0374:3407167] [19] /usr/lib64/libc.so.6(__libc_start_main+0x80)[0x147a6e77c6c0]
[jwb0374:3407167] [20] /p/home/jusers/fischill1/juwels/ippl/build_fin/test/FFT/PaperBenchmarks/BenchmarkNUFFT[0x4221d5]
[jwb0374:3407167] *** End of error message ***
terminate called after throwing an instance of 'std::runtime_error'
  what():  Kokkos ERROR: Cuda memory space failed to allocate 1 GiB (label="").
[jwb0374:3407165] *** Process received signal ***
[jwb0374:3407165] Signal: Aborted (6)
[jwb0374:3407165] Signal code:  (-6)
terminate called after throwing an instance of 'std::runtime_error'
  what():  Kokkos ERROR: Cuda memory space failed to allocate 1 GiB (label="").
[jwb0374:3407168] *** Process received signal ***
[jwb0374:3407168] Signal: Aborted (6)
[jwb0374:3407168] Signal code:  (-6)
[jwb0374:3407165] [ 0] /usr/lib64/libc.so.6(+0x3fc30)[0x14d21b693c30]
[jwb0374:3407165] [ 1] /usr/lib64/libc.so.6(+0x8d02c)[0x14d21b6e102c]
[jwb0374:3407165] [ 2] /usr/lib64/libc.so.6(raise+0x16)[0x14d21b693b86]
[jwb0374:3407165] [ 3] /usr/lib64/libc.so.6(abort+0xd3)[0x14d21b67d873]
[jwb0374:3407165] [ 4] /p/software/default/stages/2026/software/GCCcore/14.3.0/lib64/libstdc++.so.6(+0xadc3d)[0x14d21b938c3d]
[jwb0374:3407165] [ 5] /p/software/default/stages/2026/software/GCCcore/14.3.0/lib64/libstdc++.so.6(+0xbf14a)[0x14d21b94a14a]
[jwb0374:3407165] [ 6] /p/software/default/stages/2026/software/GCCcore/14.3.0/lib64/libstdc++.so.6(_ZSt10unexpectedv+0x0)[0x14d21b9387e9]
[jwb0374:3407165] [ 7] /p/software/default/stages/2026/software/GCCcore/14.3.0/lib64/libstdc++.so.6(+0xbf3c7)[0x14d21b94a3c7]
[jwb0374:3407165] [ 8] /p/home/jusers/fischill1/juwels/ippl/build_fin/_deps/kokkos-build/core/src/libkokkoscore.so.5.0(_ZN6Kokkos4Impl15throw_bad_allocESt17basic_string_viewIcSt11char_traitsIcEEmS4_+0x115)[0x14d21bdd8e05]
[jwb0374:3407165] [ 9] /p/home/jusers/fischill1/juwels/ippl/build_fin/_deps/kokkos-build/core/src/libkokkoscore.so.5.0(_ZNK6Kokkos9CudaSpace13impl_allocateEPKcmm28Kokkos_Profiling_SpaceHandle+0x219)[0x14d21bdeb319]
[jwb0374:3407165] [10] /p/home/jusers/fischill1/juwels/ippl/build_fin/_deps/kokkos-build/core/src/libkokkoscore.so.5.0(_ZNK6Kokkos9CudaSpace8allocateEPKcmm+0x65)[0x14d21bdeb395]
[jwb0374:3407165] [11] /p/home/jusers/fischill1/juwels/ippl/build_fin/_deps/kokkos-build/core/src/libkokkoscore.so.5.0(_ZN6Kokkos4Impl44HostInaccessibleSharedAllocationRecordCommonINS_9CudaSpaceEEC2ERKS2_RKNSt7__cxx1112basic_stringIcSt11char_traitsIcESaIcEEEmPFvPNS0_22SharedAllocationRecordIvvEEE+0x30)[0x14d21bded260]
[jwb0374:3407165] [12] /p/home/jusers/fischill1/juwels/ippl/build_fin/test/FFT/PaperBenchmarks/BenchmarkNUFFT[0x4a5fc8]
[jwb0374:3407165] [13] /p/home/jusers/fischill1/juwels/ippl/build_fin/test/FFT/PaperBenchmarks/BenchmarkNUFFT[0x43df39]
[jwb0374:3407165] [14] /p/home/jusers/fischill1/juwels/ippl/build_fin/test/FFT/PaperBenchmarks/BenchmarkNUFFT[0x4f3611]
[jwb0374:3407165] [15] /p/home/jusers/fischill1/juwels/ippl/build_fin/test/FFT/PaperBenchmarks/BenchmarkNUFFT[0x4f5a79]
[jwb0374:3407165] [16] /p/home/jusers/fischill1/juwels/ippl/build_fin/test/FFT/PaperBenchmarks/BenchmarkNUFFT[0x4455c8]
[jwb0374:3407168] [ 0] /usr/lib64/libc.so.6(+0x3fc30)[0x14dec2a1dc30]
[jwb0374:3407168] [ 1] /usr/lib64/libc.so.6(+0x8d02c)[0x14dec2a6b02c]
[jwb0374:3407168] [ 2] /usr/lib64/libc.so.6(raise+0x16)[0x14dec2a1db86]
[jwb0374:3407168] [ 3] /usr/lib64/libc.so.6(abort+0xd3)[0x14dec2a07873]
[jwb0374:3407168] [ 4] /p/software/default/stages/2026/software/GCCcore/14.3.0/lib64/libstdc++.so.6(+0xadc3d)[0x14dec2cc2c3d]
[jwb0374:3407168] [ 5] /p/software/default/stages/2026/software/GCCcore/14.3.0/lib64/libstdc++.so.6(+0xbf14a)[0x14dec2cd414a]
[jwb0374:3407168] [ 6] /p/software/default/stages/2026/software/GCCcore/14.3.0/lib64/libstdc++.so.6(_ZSt10unexpectedv+0x0)[0x14dec2cc27e9]
[jwb0374:3407168] [ 7] /p/software/default/stages/2026/software/GCCcore/14.3.0/lib64/libstdc++.so.6(+0xbf3c7)[0x14dec2cd43c7]
[jwb0374:3407168] [ 8] /p/home/jusers/fischill1/juwels/ippl/build_fin/_deps/kokkos-build/core/src/libkokkoscore.so.5.0(_ZN6Kokkos4Impl15throw_bad_allocESt17basic_string_viewIcSt11char_traitsIcEEmS4_+0x115)[0x14dec3162e05]
[jwb0374:3407168] [ 9] /p[jwb0374:3407165] [17] /p/home/jusers/fischill1/juwels/ippl/build_fin/test/FFT/PaperBenchmarks/BenchmarkNUFFT[0x4215cc]
[jwb0374:3407165] [18] /usr/lib64/libc.so.6(+0x2a610)[0x14d21b67e610]
[jwb0374:3407165] [19] /usr/lib64/libc.so.6(__libc_start_main+0x80)[0x14d21b67e6c0]
[jwb0374:3407165] [20] /p/home/jusers/fischill1/juwels/ippl/build_fin/test/FFT/PaperBenchmarks/BenchmarkNUFFT[0x4221d5]
[jwb0374:3407165] *** End of error message ***
/home/jusers/fischill1/juwels/ippl/build_fin/_deps/kokkos-build/core/src/libkokkoscore.so.5.0(_ZNK6Kokkos9CudaSpace13impl_allocateEPKcmm28Kokkos_Profiling_SpaceHandle+0x219)[0x14dec3175319]
[jwb0374:3407168] [10] /p/home/jusers/fischill1/juwels/ippl/build_fin/_deps/kokkos-build/core/src/libkokkoscore.so.5.0(_ZNK6Kokkos9CudaSpace8allocateEPKcmm+0x65)[0x14dec3175395]
[jwb0374:3407168] [11] /p/home/jusers/fischill1/juwels/ippl/build_fin/_deps/kokkos-build/core/src/libkokkoscore.so.5.0(_ZN6Kokkos4Impl44HostInaccessibleSharedAllocationRecordCommonINS_9CudaSpaceEEC2ERKS2_RKNSt7__cxx1112basic_stringIcSt11char_traitsIcESaIcEEEmPFvPNS0_22SharedAllocationRecordIvvEEE+0x30)[0x14dec3177260]
[jwb0374:3407168] [12] /p/home/jusers/fischill1/juwels/ippl/build_fin/test/FFT/PaperBenchmarks/BenchmarkNUFFT[0x4a5fc8]
[jwb0374:3407168] [13] /p/home/jusers/fischill1/juwels/ippl/build_fin/test/FFT/PaperBenchmarks/BenchmarkNUFFT[0x43df39]
[jwb0374:3407168] [14] /p/home/jusers/fischill1/juwels/ippl/build_fin/test/FFT/PaperBenchmarks/BenchmarkNUFFT[0x4f3611]
[jwb0374:3407168] [15] /p/home/jusers/fischill1/juwels/ippl/build_fin/test/FFT/PaperBenchmarks/BenchmarkNUFFT[0x4f5a79]
[jwb0374:3407168] [16] /p/home/jusers/fischill1/juwels/ippl/build_fin/test/FFT/PaperBenchmarks/BenchmarkNUFFT[0x4455c8]
[jwb0374:3407168] [17] /p/home/jusers/fischill1/juwels/ippl/build_fin/test/FFT/PaperBenchmarks/BenchmarkNUFFT[0x4215cc]
[jwb0374:3407168] [18] /usr/lib64/libc.so.6(+0x2a610)[0x14dec2a08610]
[jwb0374:3407168] [19] /usr/lib64/libc.so.6(__libc_start_main+0x80)[0x14dec2a086c0]
[jwb0374:3407168] [20] /p/home/jusers/fischill1/juwels/ippl/build_fin/test/FFT/PaperBenchmarks/BenchmarkNUFFT[0x4221d5]
[jwb0374:3407168] *** End of error message ***
srun: error: jwb0374: tasks 0-3: Aborted (core dumped)
