LandauDampingPIF{0}> Landau damping
LandauDampingPIF{0}> nt 10 Np= 1073741824 Fourier modes = ( 512 , 512 , 512 )
LandauDampingPIF{0}> particles created and initial conditions assigned 
LandauDampingPIF{0}> After init shape function 
LandauDampingPIF{0}> After init NUFFT 
LandauDampingPIF{0}> After update 
[Scatter] Auto-select: OutputFocused (tp=359.0 Mpts/s) for w=9 rho=1.15 (was Atomic)
[Scatter] Cache hit: method=OutputFocused w=9 cx=1 rho=1.15 -> tile=(2,3,3) team=256 osub=1 zb=32 tp=359.0 Mpts/s (rho_csv=1.25)
LandauDampingPIF{0}> After scatter 
LandauDampingPIF{0}> After gather 
LandauDampingPIF{0}> Starting iterations ...
LandauDampingPIF{0}> Finished time step: -2 time: 0.0122718
LandauDampingPIF{0}> Finished time step: -1 time: 0.0245437
LandauDampingPIF{0}> Finished time step: 0 time: 0.0368155
LandauDampingPIF{0}> Finished time step: 1 time: 0.0490874
LandauDampingPIF{0}> Finished time step: 2 time: 0.0613592
LandauDampingPIF{0}> Finished time step: 3 time: 0.0736311
LandauDampingPIF{0}> Finished time step: 4 time: 0.0859029
LandauDampingPIF{0}> Finished time step: 5 time: 0.0981748
LandauDampingPIF{0}> Finished time step: 6 time: 0.110447
LandauDampingPIF{0}> Finished time step: 7 time: 0.122718
LandauDampingPIF{0}> Finished time step: 8 time: 0.13499
LandauDampingPIF{0}> Finished time step: 9 time: 0.147262
LandauDampingPIF{0}> Finished time step: 10 time: 0.159534
LandauDampingPIF{0}> LandauDamping: End.
Timings{0}> ---------------------------------------------
Timings{0}>      Timing results for 1024 rank(s):
Timings{0}> ---------------------------------------------
Timings{0}> mainTimer........... Wall tot =    1.28273
Timings{0}> 
Timings{0}> particlesCreation... Wall max =          0
Timings{0}>                      Wall avg =          0
Timings{0}>                      Wall min =          0
Timings{0}> 
Timings{0}> dumpData............ Wall max =  0.0324029
Timings{0}>                      Wall avg =  0.0288409
Timings{0}>                      Wall min =  0.0228186
Timings{0}> 
Timings{0}> kick................ Wall max = 0.000171613
Timings{0}>                      Wall avg = 0.00010887
Timings{0}>                      Wall min =  8.755e-05
Timings{0}> 
Timings{0}> drift............... Wall max = 8.3581e-05
Timings{0}>                      Wall avg = 5.30071e-05
Timings{0}>                      Wall min = 4.0575e-05
Timings{0}> 
Timings{0}> particleBC.......... Wall max = 0.000131742
Timings{0}>                      Wall avg = 9.78502e-05
Timings{0}>                      Wall min = 7.8429e-05
Timings{0}> 
Timings{0}> initializeShapeFunc. Wall max =          0
Timings{0}>                      Wall avg =          0
Timings{0}>                      Wall min =          0
Timings{0}> 
Timings{0}> findInternal........ Wall max =          0
Timings{0}>                      Wall avg =          0
Timings{0}>                      Wall min =          0
Timings{0}> 
Timings{0}> findPeriodic........ Wall max =          0
Timings{0}>                      Wall avg =          0
Timings{0}>                      Wall min =          0
Timings{0}> 
Timings{0}> NativeNUFFT::init... Wall max =          0
Timings{0}>                      Wall avg =          0
Timings{0}>                      Wall min =          0
Timings{0}> 
Timings{0}> updateParticle...... Wall max =   0.294372
Timings{0}>                      Wall avg =   0.119568
Timings{0}>                      Wall min =  0.0262161
Timings{0}> 
Timings{0}> locateParticles..... Wall max = 0.00284421
Timings{0}>                      Wall avg = 0.00258531
Timings{0}>                      Wall min = 0.00241109
Timings{0}> 
Timings{0}> sendPreprocess...... Wall max = 0.00394704
Timings{0}>                      Wall avg = 0.00374221
Timings{0}>                      Wall min = 0.00348344
Timings{0}> 
Timings{0}> particleSend........ Wall max =  0.0106156
Timings{0}>                      Wall avg = 0.00815027
Timings{0}>                      Wall min = 0.00767893
Timings{0}> 
Timings{0}> particleRecv........ Wall max = 0.00108618
Timings{0}>                      Wall avg = 0.000897854
Timings{0}>                      Wall min = 0.000834764
Timings{0}> 
Timings{0}> particleDestroy..... Wall max = 0.00346954
Timings{0}>                      Wall avg = 0.00301908
Timings{0}>                      Wall min = 0.00275473
Timings{0}> 
Timings{0}> ScatterPIFNUFFT..... Wall max =    0.92022
Timings{0}>                      Wall avg =   0.824809
Timings{0}>                      Wall min =   0.649797
Timings{0}> 
Timings{0}> NativeNUFFT1........ Wall max =   0.910561
Timings{0}>                      Wall avg =   0.816745
Timings{0}>                      Wall min =   0.641917
Timings{0}> 
Timings{0}> scatterTimerNUFFT1.. Wall max =   0.706615
Timings{0}>                      Wall avg =    0.51557
Timings{0}>                      Wall min =   0.261665
Timings{0}> 
Timings{0}> binSort............. Wall max =   0.012513
Timings{0}>                      Wall avg =  0.0107403
Timings{0}>                      Wall min = 0.00997784
Timings{0}> 
Timings{0}> binComputeKeys...... Wall max = 0.00133471
Timings{0}>                      Wall avg = 0.00102936
Timings{0}>                      Wall min = 0.000925382
Timings{0}> 
Timings{0}> binSortByKey........ Wall max =  0.0103838
Timings{0}>                      Wall avg = 0.00868904
Timings{0}>                      Wall min = 0.00806302
Timings{0}> 
Timings{0}> binComputeOffsets... Wall max =  0.0010889
Timings{0}>                      Wall avg = 0.000996955
Timings{0}>                      Wall min = 0.000929251
Timings{0}> 
Timings{0}> FFTNUFFT1........... Wall max =   0.473981
Timings{0}>                      Wall avg =   0.300863
Timings{0}>                      Wall min =   0.165066
Timings{0}> 
Timings{0}> deconvolutionNUFFT1. Wall max = 0.000514192
Timings{0}>                      Wall avg = 0.000298293
Timings{0}>                      Wall min = 0.000275482
Timings{0}> 
Timings{0}> GatherPIFNUFFT...... Wall max =   0.309639
Timings{0}>                      Wall avg =   0.300613
Timings{0}>                      Wall min =   0.288706
Timings{0}> 
Timings{0}> NativeNUFFT2........ Wall max =   0.303474
Timings{0}>                      Wall avg =   0.294262
Timings{0}>                      Wall min =   0.283152
Timings{0}> 
Timings{0}> PrecorrectionNUFFT2. Wall max =  0.0079004
Timings{0}>                      Wall avg = 0.00306334
Timings{0}>                      Wall min = 0.00280749
Timings{0}> 
Timings{0}> FFTNUFFT2........... Wall max =   0.201208
Timings{0}>                      Wall avg =   0.191502
Timings{0}>                      Wall min =   0.178624
Timings{0}> 
Timings{0}> GatherNUFFT2........ Wall max =  0.0874915
Timings{0}>                      Wall avg =  0.0679393
Timings{0}>                      Wall min =  0.0599935
Timings{0}> 
Timings{0}> ---------------------------------------------
Timings{0}>      Measurement counts:
Timings{0}> ---------------------------------------------
Timings{0}> mainTimer........... Count =          1
Timings{0}> particlesCreation... Count =          0
Timings{0}> dumpData............ Count =         10
Timings{0}> kick................ Count =         20
Timings{0}> drift............... Count =         10
Timings{0}> particleBC.......... Count =         10
Timings{0}> initializeShapeFunc. Count =          0
Timings{0}> findInternal........ Count =          0
Timings{0}> findPeriodic........ Count =          0
Timings{0}> NativeNUFFT::init... Count =          0
Timings{0}> updateParticle...... Count =         10
Timings{0}> locateParticles..... Count =         10
Timings{0}> sendPreprocess...... Count =         10
Timings{0}> particleSend........ Count =         10
Timings{0}> particleRecv........ Count =         10
Timings{0}> particleDestroy..... Count =         10
Timings{0}> ScatterPIFNUFFT..... Count =         20
Timings{0}> NativeNUFFT1........ Count =         10
Timings{0}> scatterTimerNUFFT1.. Count =         10
Timings{0}> binSort............. Count =         40
Timings{0}> binComputeKeys...... Count =         40
Timings{0}> binSortByKey........ Count =         40
Timings{0}> binComputeOffsets... Count =         40
Timings{0}> FFTNUFFT1........... Count =         10
Timings{0}> deconvolutionNUFFT1. Count =         10
Timings{0}> GatherPIFNUFFT...... Count =         10
Timings{0}> NativeNUFFT2........ Count =         30
Timings{0}> PrecorrectionNUFFT2. Count =         30
Timings{0}> FFTNUFFT2........... Count =         30
Timings{0}> GatherNUFFT2........ Count =         30
Timings{0}> ---------------------------------------------
Timings{0}> ---------------------------------------------
Timings{0}>      Per-occurrence statistics:
Timings{0}> ---------------------------------------------
Timings{0}> mainTimer........... n=    1  mean=    1.2827  std=         0  min=    1.2827  max=    1.2827
Timings{0}> dumpData............ n=   10  mean= 0.0023769  std= 0.0022044  min=0.000949407  max=0.00662608
Timings{0}> kick................ n=   20  mean=8.58065e-06  std=4.06874e-06  min=  3.84e-06  max=  1.52e-05
Timings{0}> drift............... n=   10  mean=4.9374e-06  std=5.15538e-07  min= 4.128e-06  max= 5.888e-06
Timings{0}> particleBC.......... n=   10  mean=9.1613e-06  std=5.87215e-07  min=  8.32e-06  max= 9.952e-06
Timings{0}> updateParticle...... n=   10  mean= 0.0120747  std= 0.0130391  min= 0.0024954  max=  0.038366
Timings{0}> locateParticles..... n=   10  mean=0.000267764  std=2.39477e-06  min=0.000263863  max=0.000271287
Timings{0}> sendPreprocess...... n=   10  mean=0.000365629  std=0.000187586  min=0.00028271  max=0.000895841
Timings{0}> particleSend........ n=   10  mean=0.000806276  std=2.68056e-05  min=0.000780549  max=0.000849827
Timings{0}> particleRecv........ n=   10  mean=8.89986e-05  std=1.96047e-06  min=8.7325e-05  max=9.4141e-05
Timings{0}> particleDestroy..... n=   10  mean=0.000302873  std=1.48867e-06  min=0.000300982  max=0.000306262
Timings{0}> ScatterPIFNUFFT..... n=   20  mean= 0.0410563  std= 0.0444364  min= 3.584e-06  max=    0.1176
Timings{0}> NativeNUFFT1........ n=   10  mean= 0.0813417  std= 0.0205858  min= 0.0580547  max=  0.116868
Timings{0}> scatterTimerNUFFT1.. n=   10  mean= 0.0530949  std= 0.0252312  min= 0.0243119  max=  0.100772
Timings{0}> binSort............. n=   40  mean=0.000281797  std=3.00293e-06  min=0.000275286  max=0.000289078
Timings{0}> binComputeKeys...... n=   40  mean=2.73335e-05  std=1.09488e-06  min=2.5119e-05  max=3.0239e-05
Timings{0}> binSortByKey........ n=   40  mean=0.000228876  std=2.81282e-06  min=0.000224057  max=0.000237112
Timings{0}> binComputeOffsets... n=   40  mean=2.51351e-05  std=1.01361e-06  min=2.3775e-05  max=2.7423e-05
Timings{0}> FFTNUFFT1........... n=   10  mean= 0.0282136  std=  0.022219  min=0.00507615  max= 0.0720102
Timings{0}> deconvolutionNUFFT1. n=   10  mean=3.14868e-05  std=2.29708e-06  min=2.8607e-05  max=3.5966e-05
Timings{0}> GatherPIFNUFFT...... n=   10  mean= 0.0308445  std=0.00275036  min= 0.0265321  max= 0.0357442
Timings{0}> NativeNUFFT2........ n=   30  mean= 0.0100814  std=0.00192881  min=0.00758633  max=  0.016043
Timings{0}> PrecorrectionNUFFT2. n=   30  mean=0.000110084  std=1.99881e-05  min=8.0829e-05  max=0.000128668
Timings{0}> FFTNUFFT2........... n=   30  mean=0.00613273  std=0.00152805  min=0.00427515  max= 0.0101763
Timings{0}> GatherNUFFT2........ n=   30  mean=0.00267364  std=0.000904372  min=0.00202745  max=0.00528817
Timings{0}> ---------------------------------------------
