
================================================================================
NUFFT Scaling Benchmark
================================================================================
Number of ranks: 1024
Grid size:       1024^3
Upsampled grid:  2048^3 (sigma=2)
Particles:       8589934592 (8 per point)
Tolerance:       0.0001
CSV output:      results/nufft_scaling_1024_upsampled.csv
Component CSV:   results/nufft_components_1024_upsampled.csv

=== Benchmarking NUFFT Type 1 ===
Grid size:       1024^3
Upsampled grid:  2048^3 (sigma=2)
Total particles: 8589934592
Local particles: 8388608
Spread method:   output_focused
Tolerance:       0.0001
Warmup runs:     3
Benchmark runs:  10
Running warmup...
Running benchmark...

NUFFT Type 1 Results:
  Ranks:       1024
  Grid:        1024^3
  Particles:   8589934592
  Mean time:   376.059 ms
  Min time:    369.790 ms
  Max time:    392.981 ms
  Stddev:      7.211 ms
  Throughput:  22842.00 Mpts/s

=== Benchmarking NUFFT Type 2 ===
Grid size:       1024^3
Upsampled grid:  2048^3 (sigma=2.00)
Total particles: 8589934592
Local particles: 8388608
Gather method:   atomic_sort
Tolerance:       0.00
Warmup runs:     3
Benchmark runs:  10
Running warmup...
Running benchmark...

NUFFT Type 2 Results:
  Ranks:       1024
  Grid:        1024^3
  Particles:   8589934592
  Mean time:   144.003 ms
  Min time:    137.882 ms
  Max time:    158.840 ms
  Stddev:      6.298 ms
  Throughput:  59651.06 Mpts/s
[CSV] Timings written to results/nufft_scaling_1024_upsampled.csv

==================================================
COMPONENT TIMING BREAKDOWN
==================================================

Type-1 (spreading):
----------------------------------------
Scatter (spreading)          254.99 ms
FFT (forward)                105.63 ms
Deconvolution                  0.27 ms

Type-2 (interpolation):
----------------------------------------
Precorrection                  0.41 ms
FFT (backward)               103.98 ms
Gather (interpolation)        32.77 ms

Total:
----------------------------------------
Complete Type-1              360.90 ms
Complete Type-2              137.17 ms
[CSV] Component timings written to results/nufft_components_1024_upsampled.csv

================================================================================
SUMMARY
================================================================================
Type 1: 376.059 ms (22842.00 Mpts/s)
Type 2: 144.00 ms (59651.06 Mpts/s)
================================================================================
