LandauDampingPIF{0}> Landau damping
LandauDampingPIF{0}> nt 10 Np= 1073741824 Fourier modes = ( 512 , 512 , 512 )
LandauDampingPIF{0}> particles created and initial conditions assigned 
LandauDampingPIF{0}> After init shape function 
LandauDampingPIF{0}> After init NUFFT 
LandauDampingPIF{0}> After update 
[Scatter] Auto-select: OutputFocused (tp=196.1 Mpts/s) for w=9 rho=1.15 (was Atomic)
[Scatter] Cache hit: method=OutputFocused w=9 cx=1 rho=1.15 -> tile=(2,3,3) team=256 osub=1 zb=26 tp=196.1 Mpts/s (rho_csv=1.25)
LandauDampingPIF{0}> After scatter 
LandauDampingPIF{0}> After gather 
LandauDampingPIF{0}> Starting iterations ...
LandauDampingPIF{0}> Finished time step: -2 time: 0.0122718
LandauDampingPIF{0}> Finished time step: -1 time: 0.0245437
LandauDampingPIF{0}> Finished time step: 0 time: 0.0368155
LandauDampingPIF{0}> Finished time step: 1 time: 0.0490874
LandauDampingPIF{0}> Finished time step: 2 time: 0.0613592
LandauDampingPIF{0}> Finished time step: 3 time: 0.0736311
LandauDampingPIF{0}> Finished time step: 4 time: 0.0859029
LandauDampingPIF{0}> Finished time step: 5 time: 0.0981748
LandauDampingPIF{0}> Finished time step: 6 time: 0.110447
LandauDampingPIF{0}> Finished time step: 7 time: 0.122718
LandauDampingPIF{0}> Finished time step: 8 time: 0.13499
LandauDampingPIF{0}> Finished time step: 9 time: 0.147262
LandauDampingPIF{0}> Finished time step: 10 time: 0.159534
LandauDampingPIF{0}> LandauDamping: End.
Timings{0}> ---------------------------------------------
Timings{0}>      Timing results for 1024 rank(s):
Timings{0}> ---------------------------------------------
Timings{0}> mainTimer........... Wall tot =    1.50532
Timings{0}> 
Timings{0}> particlesCreation... Wall max =          0
Timings{0}>                      Wall avg =          0
Timings{0}>                      Wall min =          0
Timings{0}> 
Timings{0}> dumpData............ Wall max =  0.0962944
Timings{0}>                      Wall avg =  0.0850156
Timings{0}>                      Wall min =  0.0701273
Timings{0}> 
Timings{0}> kick................ Wall max =   0.001478
Timings{0}>                      Wall avg =  0.0012946
Timings{0}>                      Wall min = 0.00112269
Timings{0}> 
Timings{0}> drift............... Wall max = 0.000786515
Timings{0}>                      Wall avg = 0.000688609
Timings{0}>                      Wall min =  0.0005905
Timings{0}> 
Timings{0}> particleBC.......... Wall max = 0.00121652
Timings{0}>                      Wall avg = 0.000847046
Timings{0}>                      Wall min = 0.000665478
Timings{0}> 
Timings{0}> initializeShapeFunc. Wall max =          0
Timings{0}>                      Wall avg =          0
Timings{0}>                      Wall min =          0
Timings{0}> 
Timings{0}> findInternal........ Wall max =          0
Timings{0}>                      Wall avg =          0
Timings{0}>                      Wall min =          0
Timings{0}> 
Timings{0}> findPeriodic........ Wall max =          0
Timings{0}>                      Wall avg =          0
Timings{0}>                      Wall min =          0
Timings{0}> 
Timings{0}> NativeNUFFT::init... Wall max =          0
Timings{0}>                      Wall avg =          0
Timings{0}>                      Wall min =          0
Timings{0}> 
Timings{0}> updateParticle...... Wall max =  0.0897307
Timings{0}>                      Wall avg =  0.0721356
Timings{0}>                      Wall min =  0.0657907
Timings{0}> 
Timings{0}> locateParticles..... Wall max = 0.00909734
Timings{0}>                      Wall avg = 0.00297878
Timings{0}>                      Wall min = 0.00280115
Timings{0}> 
Timings{0}> sendPreprocess...... Wall max =  0.0337614
Timings{0}>                      Wall avg =  0.0291794
Timings{0}>                      Wall min =  0.0230413
Timings{0}> 
Timings{0}> particleSend........ Wall max =  0.0186419
Timings{0}>                      Wall avg =  0.0120721
Timings{0}>                      Wall min =  0.0112574
Timings{0}> 
Timings{0}> particleRecv........ Wall max = 0.00220261
Timings{0}>                      Wall avg = 0.00171434
Timings{0}>                      Wall min =  0.0015381
Timings{0}> 
Timings{0}> particleDestroy..... Wall max =  0.0112549
Timings{0}>                      Wall avg = 0.00496379
Timings{0}>                      Wall min = 0.00447117
Timings{0}> 
Timings{0}> ScatterPIFNUFFT..... Wall max =   0.381819
Timings{0}>                      Wall avg =   0.369305
Timings{0}>                      Wall min =   0.351629
Timings{0}> 
Timings{0}> NativeNUFFT1........ Wall max =    0.37427
Timings{0}>                      Wall avg =   0.362507
Timings{0}>                      Wall min =   0.345582
Timings{0}> 
Timings{0}> scatterTimerNUFFT1.. Wall max =    0.12149
Timings{0}>                      Wall avg =  0.0994232
Timings{0}>                      Wall min =  0.0800205
Timings{0}> 
Timings{0}> binSort............. Wall max =  0.0214812
Timings{0}>                      Wall avg =  0.0195693
Timings{0}>                      Wall min =  0.0178894
Timings{0}> 
Timings{0}> binComputeKeys...... Wall max = 0.00231319
Timings{0}>                      Wall avg = 0.00209043
Timings{0}>                      Wall min = 0.00190206
Timings{0}> 
Timings{0}> binSortByKey........ Wall max =  0.0172252
Timings{0}>                      Wall avg =  0.0155258
Timings{0}>                      Wall min =  0.0140698
Timings{0}> 
Timings{0}> binComputeOffsets... Wall max = 0.00174493
Timings{0}>                      Wall avg = 0.00155706
Timings{0}>                      Wall min = 0.00148017
Timings{0}> 
Timings{0}> FFTNUFFT1........... Wall max =   0.283115
Timings{0}>                      Wall avg =   0.262592
Timings{0}>                      Wall min =   0.241533
Timings{0}> 
Timings{0}> deconvolutionNUFFT1. Wall max = 0.000473435
Timings{0}>                      Wall avg = 0.00037513
Timings{0}>                      Wall min = 0.000346073
Timings{0}> 
Timings{0}> GatherPIFNUFFT...... Wall max =   0.978839
Timings{0}>                      Wall avg =   0.961718
Timings{0}>                      Wall min =   0.944906
Timings{0}> 
Timings{0}> NativeNUFFT2........ Wall max =   0.968878
Timings{0}>                      Wall avg =   0.951178
Timings{0}>                      Wall min =   0.934951
Timings{0}> 
Timings{0}> PrecorrectionNUFFT2. Wall max = 0.00751556
Timings{0}>                      Wall avg = 0.00199289
Timings{0}>                      Wall min = 0.00183716
Timings{0}> 
Timings{0}> FFTNUFFT2........... Wall max =   0.778443
Timings{0}>                      Wall avg =   0.757259
Timings{0}>                      Wall min =   0.736486
Timings{0}> 
Timings{0}> GatherNUFFT2........ Wall max =   0.224249
Timings{0}>                      Wall avg =   0.191351
Timings{0}>                      Wall min =   0.167799
Timings{0}> 
Timings{0}> ---------------------------------------------
Timings{0}>      Measurement counts:
Timings{0}> ---------------------------------------------
Timings{0}> mainTimer........... Count =          1
Timings{0}> particlesCreation... Count =          0
Timings{0}> dumpData............ Count =         10
Timings{0}> kick................ Count =         20
Timings{0}> drift............... Count =         10
Timings{0}> particleBC.......... Count =         10
Timings{0}> initializeShapeFunc. Count =          0
Timings{0}> findInternal........ Count =          0
Timings{0}> findPeriodic........ Count =          0
Timings{0}> NativeNUFFT::init... Count =          0
Timings{0}> updateParticle...... Count =         10
Timings{0}> locateParticles..... Count =         10
Timings{0}> sendPreprocess...... Count =         10
Timings{0}> particleSend........ Count =         10
Timings{0}> particleRecv........ Count =         10
Timings{0}> particleDestroy..... Count =         10
Timings{0}> ScatterPIFNUFFT..... Count =         20
Timings{0}> NativeNUFFT1........ Count =         10
Timings{0}> scatterTimerNUFFT1.. Count =         10
Timings{0}> binSort............. Count =         40
Timings{0}> binComputeKeys...... Count =         40
Timings{0}> binSortByKey........ Count =         40
Timings{0}> binComputeOffsets... Count =         40
Timings{0}> FFTNUFFT1........... Count =         10
Timings{0}> deconvolutionNUFFT1. Count =         10
Timings{0}> GatherPIFNUFFT...... Count =         10
Timings{0}> NativeNUFFT2........ Count =         30
Timings{0}> PrecorrectionNUFFT2. Count =         30
Timings{0}> FFTNUFFT2........... Count =         30
Timings{0}> GatherNUFFT2........ Count =         30
Timings{0}> ---------------------------------------------
Timings{0}> ---------------------------------------------
Timings{0}>      Per-occurrence statistics:
Timings{0}> ---------------------------------------------
Timings{0}> mainTimer........... n=    1  mean=   1.50522  std=         0  min=   1.50522  max=   1.50522
Timings{0}> dumpData............ n=   10  mean=0.00916134  std=0.00570349  min=0.00325659  max= 0.0221737
Timings{0}> kick................ n=   20  mean=  7.39e-05  std=9.39051e-06  min= 6.329e-05  max=8.7291e-05
Timings{0}> drift............... n=   10  mean=7.79487e-05  std=1.38373e-06  min=7.6641e-05  max=  8.16e-05
Timings{0}> particleBC.......... n=   10  mean=0.000121139  std=1.48834e-06  min=0.00011893  max=0.00012344
Timings{0}> updateParticle...... n=   10  mean=0.00787124  std=0.00251384  min=0.00521298  max= 0.0122343
Timings{0}> locateParticles..... n=   10  mean=0.000298087  std=1.22797e-05  min=0.000280412  max=0.000318782
Timings{0}> sendPreprocess...... n=   10  mean=0.00285636  std=0.00283859  min=0.00139362  max=0.00855125
Timings{0}> particleSend........ n=   10  mean=0.00116116  std=4.20608e-05  min=0.00109072  max=0.00122965
Timings{0}> particleRecv........ n=   10  mean=0.000173673  std=3.7581e-06  min=0.000167482  max=0.000178481
Timings{0}> particleDestroy..... n=   10  mean=0.000497484  std=2.43768e-05  min=0.000474523  max=0.000546244
Timings{0}> ScatterPIFNUFFT..... n=   20  mean= 0.0181459  std= 0.0186764  min= 4.321e-05  max= 0.0419957
Timings{0}> NativeNUFFT1........ n=   10  mean= 0.0356391  std=0.00289572  min= 0.0322159  max=  0.041588
Timings{0}> scatterTimerNUFFT1.. n=   10  mean= 0.0100064  std=0.00155849  min=0.00839476  max= 0.0131392
Timings{0}> binSort............. n=   40  mean=0.000534345  std=1.67209e-05  min=0.000504533  max=0.000563624
Timings{0}> binComputeKeys...... n=   40  mean=5.66444e-05  std=2.27337e-06  min= 5.263e-05  max= 6.232e-05
Timings{0}> binSortByKey........ n=   40  mean=0.000426529  std=1.48325e-05  min=0.000403123  max=0.000452914
Timings{0}> binComputeOffsets... n=   40  mean=4.12815e-05  std=1.75673e-06  min= 3.828e-05  max= 4.749e-05
Timings{0}> FFTNUFFT1........... n=   10  mean= 0.0255801  std=0.00229196  min= 0.0213735  max=  0.028398
Timings{0}> deconvolutionNUFFT1. n=   10  mean=4.14685e-05  std=1.10316e-06  min=4.0071e-05  max= 4.412e-05
Timings{0}> GatherPIFNUFFT...... n=   10  mean= 0.0954785  std= 0.0100102  min= 0.0800397  max=   0.10999
Timings{0}> NativeNUFFT2........ n=   30  mean= 0.0314888  std=0.00439269  min= 0.0255576  max= 0.0393859
Timings{0}> PrecorrectionNUFFT2. n=   30  mean=7.7564e-05  std=2.22906e-06  min= 7.519e-05  max= 8.719e-05
Timings{0}> FFTNUFFT2........... n=   30  mean= 0.0254302  std=0.00400989  min= 0.0199787  max= 0.0331737
Timings{0}> GatherNUFFT2........ n=   30  mean= 0.0059625  std=0.000963689  min=0.00516033  max=0.00950024
Timings{0}> ---------------------------------------------
