LandauDampingPIF{0}> Landau damping
LandauDampingPIF{0}> nt 10 Np= 1073741824 Fourier modes = ( 512 , 512 , 512 )
LandauDampingPIF{0}> particles created and initial conditions assigned 
LandauDampingPIF{0}> After init shape function 
LandauDampingPIF{0}> After init NUFFT 
LandauDampingPIF{0}> After update 
[Scatter] Auto-select: OutputFocused (tp=196.1 Mpts/s) for w=9 rho=1.15 (was Atomic)
[Scatter] Cache hit: method=OutputFocused w=9 cx=1 rho=1.15 -> tile=(2,3,3) team=256 osub=1 zb=26 tp=196.1 Mpts/s (rho_csv=1.25)
LandauDampingPIF{0}> After scatter 
LandauDampingPIF{0}> After gather 
LandauDampingPIF{0}> Starting iterations ...
LandauDampingPIF{0}> Finished time step: -2 time: 0.0122718
LandauDampingPIF{0}> Finished time step: -1 time: 0.0245437
LandauDampingPIF{0}> Finished time step: 0 time: 0.0368155
LandauDampingPIF{0}> Finished time step: 1 time: 0.0490874
LandauDampingPIF{0}> Finished time step: 2 time: 0.0613592
LandauDampingPIF{0}> Finished time step: 3 time: 0.0736311
LandauDampingPIF{0}> Finished time step: 4 time: 0.0859029
LandauDampingPIF{0}> Finished time step: 5 time: 0.0981748
LandauDampingPIF{0}> Finished time step: 6 time: 0.110447
LandauDampingPIF{0}> Finished time step: 7 time: 0.122718
LandauDampingPIF{0}> Finished time step: 8 time: 0.13499
LandauDampingPIF{0}> Finished time step: 9 time: 0.147262
LandauDampingPIF{0}> Finished time step: 10 time: 0.159534
LandauDampingPIF{0}> LandauDamping: End.
Timings{0}> ---------------------------------------------
Timings{0}>      Timing results for 1024 rank(s):
Timings{0}> ---------------------------------------------
Timings{0}> mainTimer........... Wall tot =     4.6405
Timings{0}> 
Timings{0}> particlesCreation... Wall max =          0
Timings{0}>                      Wall avg =          0
Timings{0}>                      Wall min =          0
Timings{0}> 
Timings{0}> dumpData............ Wall max =   0.123433
Timings{0}>                      Wall avg =   0.107202
Timings{0}>                      Wall min =  0.0833638
Timings{0}> 
Timings{0}> kick................ Wall max = 0.00729445
Timings{0}>                      Wall avg = 0.00135228
Timings{0}>                      Wall min = 0.00119151
Timings{0}> 
Timings{0}> drift............... Wall max = 0.000799235
Timings{0}>                      Wall avg = 0.000704302
Timings{0}>                      Wall min = 0.000603747
Timings{0}> 
Timings{0}> initializeShapeFunc. Wall max =          0
Timings{0}>                      Wall avg =          0
Timings{0}>                      Wall min =          0
Timings{0}> 
Timings{0}> findInternal........ Wall max =          0
Timings{0}>                      Wall avg =          0
Timings{0}>                      Wall min =          0
Timings{0}> 
Timings{0}> findPeriodic........ Wall max =          0
Timings{0}>                      Wall avg =          0
Timings{0}>                      Wall min =          0
Timings{0}> 
Timings{0}> NativeNUFFT::init... Wall max =          0
Timings{0}>                      Wall avg =          0
Timings{0}>                      Wall min =          0
Timings{0}> 
Timings{0}> particleBC.......... Wall max = 0.00126626
Timings{0}>                      Wall avg = 0.000934363
Timings{0}>                      Wall min = 0.000754483
Timings{0}> 
Timings{0}> updateParticle...... Wall max =   0.129751
Timings{0}>                      Wall avg =   0.110994
Timings{0}>                      Wall min =   0.101577
Timings{0}> 
Timings{0}> locateParticles..... Wall max =  0.0102746
Timings{0}>                      Wall avg = 0.00332897
Timings{0}>                      Wall min = 0.00314018
Timings{0}> 
Timings{0}> sendPreprocess...... Wall max =  0.0723524
Timings{0}>                      Wall avg =  0.0610613
Timings{0}>                      Wall min =  0.0576149
Timings{0}> 
Timings{0}> particleSend........ Wall max =  0.0216361
Timings{0}>                      Wall avg =   0.013074
Timings{0}>                      Wall min =  0.0120557
Timings{0}> 
Timings{0}> particleRecv........ Wall max = 0.00321293
Timings{0}>                      Wall avg = 0.00179745
Timings{0}>                      Wall min = 0.00154122
Timings{0}> 
Timings{0}> particleDestroy..... Wall max = 0.00662575
Timings{0}>                      Wall avg =  0.0057043
Timings{0}>                      Wall min = 0.00519246
Timings{0}> 
Timings{0}> ScatterPIFNUFFT..... Wall max =    1.16265
Timings{0}>                      Wall avg =    1.14732
Timings{0}>                      Wall min =      1.128
Timings{0}> 
Timings{0}> NativeNUFFT1........ Wall max =    1.15679
Timings{0}>                      Wall avg =    1.14141
Timings{0}>                      Wall min =    1.12186
Timings{0}> 
Timings{0}> scatterTimerNUFFT1.. Wall max =   0.139197
Timings{0}>                      Wall avg =   0.110795
Timings{0}>                      Wall min =  0.0908102
Timings{0}> 
Timings{0}> binSort............. Wall max =  0.0304315
Timings{0}>                      Wall avg =  0.0215015
Timings{0}>                      Wall min =  0.0197819
Timings{0}> 
Timings{0}> binComputeKeys...... Wall max = 0.00232792
Timings{0}>                      Wall avg = 0.00212369
Timings{0}>                      Wall min = 0.00192071
Timings{0}> 
Timings{0}> binSortByKey........ Wall max =  0.0260596
Timings{0}>                      Wall avg =  0.0172787
Timings{0}>                      Wall min =  0.0158045
Timings{0}> 
Timings{0}> binComputeOffsets... Wall max = 0.00454424
Timings{0}>                      Wall avg = 0.00167495
Timings{0}>                      Wall min = 0.00159661
Timings{0}> 
Timings{0}> FFTNUFFT1........... Wall max =    1.04912
Timings{0}>                      Wall avg =    1.03024
Timings{0}>                      Wall min =    1.00912
Timings{0}> 
Timings{0}> TwiddleAdd.......... Wall max = 0.00133891
Timings{0}>                      Wall avg = 0.00124215
Timings{0}>                      Wall min = 0.00119368
Timings{0}> 
Timings{0}> subFFTs............. Wall max =    1.04754
Timings{0}>                      Wall avg =    1.02865
Timings{0}>                      Wall min =    1.00752
Timings{0}> 
Timings{0}> deconvolutionNUFFT1. Wall max = 0.000328982
Timings{0}>                      Wall avg = 0.000261286
Timings{0}>                      Wall min = 0.00023101
Timings{0}> 
Timings{0}> GatherPIFNUFFT...... Wall max =    3.28093
Timings{0}>                      Wall avg =    3.25884
Timings{0}>                      Wall min =    3.23261
Timings{0}> 
Timings{0}> NativeNUFFT2........ Wall max =    3.27091
Timings{0}>                      Wall avg =    3.24863
Timings{0}>                      Wall min =     3.2231
Timings{0}> 
Timings{0}> PrecorrectionNUFFT2. Wall max = 0.000830908
Timings{0}>                      Wall avg = 0.000722345
Timings{0}>                      Wall min = 0.000671887
Timings{0}> 
Timings{0}> FFTNUFFT2........... Wall max =    3.05433
Timings{0}>                      Wall avg =     3.0204
Timings{0}>                      Wall min =    2.98152
Timings{0}> 
Timings{0}> subIFFTs............ Wall max =    3.04958
Timings{0}>                      Wall avg =    3.01562
Timings{0}>                      Wall min =    2.97612
Timings{0}> 
Timings{0}> StridedWrite........ Wall max =  0.0112974
Timings{0}>                      Wall avg = 0.00331628
Timings{0}>                      Wall min = 0.00315799
Timings{0}> 
Timings{0}> GatherNUFFT2........ Wall max =   0.264149
Timings{0}>                      Wall avg =   0.226946
Timings{0}>                      Wall min =   0.191374
Timings{0}> 
Timings{0}> ---------------------------------------------
Timings{0}>      Measurement counts:
Timings{0}> ---------------------------------------------
Timings{0}> mainTimer........... Count =          1
Timings{0}> particlesCreation... Count =          0
Timings{0}> dumpData............ Count =         10
Timings{0}> kick................ Count =         20
Timings{0}> drift............... Count =         10
Timings{0}> initializeShapeFunc. Count =          0
Timings{0}> findInternal........ Count =          0
Timings{0}> findPeriodic........ Count =          0
Timings{0}> NativeNUFFT::init... Count =          0
Timings{0}> particleBC.......... Count =         10
Timings{0}> updateParticle...... Count =         10
Timings{0}> locateParticles..... Count =         10
Timings{0}> sendPreprocess...... Count =         10
Timings{0}> particleSend........ Count =         10
Timings{0}> particleRecv........ Count =         10
Timings{0}> particleDestroy..... Count =         10
Timings{0}> ScatterPIFNUFFT..... Count =         20
Timings{0}> NativeNUFFT1........ Count =         10
Timings{0}> scatterTimerNUFFT1.. Count =         10
Timings{0}> binSort............. Count =         40
Timings{0}> binComputeKeys...... Count =         40
Timings{0}> binSortByKey........ Count =         40
Timings{0}> binComputeOffsets... Count =         40
Timings{0}> FFTNUFFT1........... Count =         10
Timings{0}> TwiddleAdd.......... Count =         20
Timings{0}> subFFTs............. Count =         20
Timings{0}> deconvolutionNUFFT1. Count =         10
Timings{0}> GatherPIFNUFFT...... Count =         10
Timings{0}> NativeNUFFT2........ Count =         30
Timings{0}> PrecorrectionNUFFT2. Count =         30
Timings{0}> FFTNUFFT2........... Count =         30
Timings{0}> subIFFTs............ Count =         60
Timings{0}> StridedWrite........ Count =         60
Timings{0}> GatherNUFFT2........ Count =         30
Timings{0}> ---------------------------------------------
Timings{0}> ---------------------------------------------
Timings{0}>      Per-occurrence statistics:
Timings{0}> ---------------------------------------------
Timings{0}> mainTimer........... n=    1  mean=   4.64041  std=         0  min=   4.64041  max=   4.64041
Timings{0}> dumpData............ n=   10  mean= 0.0119058  std= 0.0114024  min=0.00172713  max= 0.0395095
Timings{0}> kick................ n=   20  mean=7.58216e-05  std=7.75103e-06  min=6.6881e-05  max= 8.474e-05
Timings{0}> drift............... n=   10  mean=7.95594e-05  std=6.51925e-07  min= 7.871e-05  max=8.0471e-05
Timings{0}> particleBC.......... n=   10  mean=0.000126626  std=1.75268e-06  min=0.000124291  max=0.000130561
Timings{0}> updateParticle...... n=   10  mean= 0.0102005  std=0.00636059  min=0.00548435  max= 0.0214444
Timings{0}> locateParticles..... n=   10  mean=0.00033087  std=6.98866e-06  min=0.000322442  max=0.000343052
Timings{0}> sendPreprocess...... n=   10  mean=0.00603341  std=0.00647019  min=0.00145529  max= 0.0174818
Timings{0}> particleSend........ n=   10  mean=0.00123901  std=2.16543e-05  min=0.00121979  max=0.00128596
Timings{0}> particleRecv........ n=   10  mean=0.000169654  std=4.75836e-06  min=0.000163981  max=0.000178201
Timings{0}> particleDestroy..... n=   10  mean=0.000572313  std=3.25713e-06  min=0.000567134  max=0.000576864
Timings{0}> ScatterPIFNUFFT..... n=   20  mean= 0.0575705  std= 0.0637043  min= 2.216e-05  max=  0.169203
Timings{0}> NativeNUFFT1........ n=   10  mean=  0.114466  std= 0.0347891  min= 0.0806391  max=  0.168464
Timings{0}> scatterTimerNUFFT1.. n=   10  mean= 0.0117038  std=0.00187466  min= 0.0100161  max= 0.0155502
Timings{0}> binSort............. n=   40  mean=0.000581841  std=6.90776e-06  min=0.000568894  max=0.000595694
Timings{0}> binComputeKeys...... n=   40  mean=5.6488e-05  std=1.75238e-06  min= 5.346e-05  max= 6.321e-05
Timings{0}> binSortByKey........ n=   40  mean=0.000472715  std=5.35562e-06  min=0.000462993  max=0.000485553
Timings{0}> binComputeOffsets... n=   40  mean=4.25651e-05  std=6.77363e-07  min= 4.124e-05  max=4.4071e-05
Timings{0}> FFTNUFFT1........... n=   10  mean=  0.102726  std= 0.0331594  min= 0.0705243  max=  0.153677
Timings{0}> TwiddleAdd.......... n=   20  mean=6.22887e-05  std=3.14803e-06  min= 5.882e-05  max= 6.586e-05
Timings{0}> subFFTs............. n=   20  mean= 0.0512832  std= 0.0165005  min= 0.0331838  max= 0.0787136
Timings{0}> deconvolutionNUFFT1. n=   10  mean=2.46774e-05  std=5.20179e-07  min= 2.408e-05  max=2.5831e-05
Timings{0}> GatherPIFNUFFT...... n=   10  mean=  0.325266  std= 0.0830226  min=  0.252271  max=  0.480355
Timings{0}> NativeNUFFT2........ n=   30  mean=  0.108029  std=  0.028176  min= 0.0757544  max=  0.163678
Timings{0}> PrecorrectionNUFFT2. n=   30  mean=2.39728e-05  std=8.67318e-07  min=2.2281e-05  max= 2.678e-05
Timings{0}> FFTNUFFT2........... n=   30  mean= 0.0998625  std= 0.0268178  min= 0.0689326  max=  0.153358
Timings{0}> subIFFTs............ n=   60  mean= 0.0498526  std= 0.0137611  min= 0.0321604  max= 0.0800477
Timings{0}> StridedWrite........ n=   60  mean=5.45256e-05  std=1.32787e-06  min=5.2371e-05  max=6.0791e-05
Timings{0}> GatherNUFFT2........ n=   30  mean=0.00812473  std=0.00314681  min=0.00579298  max= 0.0195753
Timings{0}> ---------------------------------------------
