
================================================================================
NUFFT Scaling Benchmark
================================================================================
Number of ranks: 512
Grid size:       512^3
Particles:       1073741824 (8 per point)
Tolerance:       0.0001
CSV output:      nufft_scaling_512.csv
Component CSV:   nufft_components_512.csv

=== Benchmarking NUFFT Type 1 ===
Grid size:       512^3
Total particles: 1073741824
Local particles: 2097152
Spread method:   output_focused
Tolerance:       0.0001
Warmup runs:     3
Benchmark runs:  10
Running warmup...
Running benchmark...

NUFFT Type 1 Results:
  Ranks:       512
  Grid:        512^3
  Particles:   1073741824
  Mean time:   474.544 ms
  Min time:    136.822 ms
  Max time:    3480.234 ms
  Stddev:      1001.878 ms
  Throughput:  2262.68 Mpts/s

=== Benchmarking NUFFT Type 2 ===
Grid size:       512^3
Total particles: 1073741824
Local particles: 2097152
Gather method:   atomic_sort
Tolerance:       0.00
Warmup runs:     3
Benchmark runs:  10
Running warmup...
Running benchmark...

NUFFT Type 2 Results:
  Ranks:       512
  Grid:        512^3
  Particles:   1073741824
  Mean time:   89.854 ms
  Min time:    87.257 ms
  Max time:    92.058 ms
  Stddev:      1.594 ms
  Throughput:  11949.90 Mpts/s
[CSV] Timings written to nufft_scaling_512.csv

==================================================
COMPONENT TIMING BREAKDOWN
==================================================

Type-1 (spreading):
----------------------------------------
Scatter (spreading)           67.09 ms
FFT (forward)                405.07 ms
Deconvolution                  0.03 ms

Type-2 (interpolation):
----------------------------------------
Precorrection                  0.03 ms
FFT (backward)               354.25 ms
Gather (interpolation)         8.99 ms

Total:
----------------------------------------
Complete Type-1              472.18 ms
Complete Type-2              363.28 ms
[CSV] Component timings written to nufft_components_512.csv

================================================================================
SUMMARY
================================================================================
Type 1: 474.544 ms (2262.68 Mpts/s)
Type 2: 89.85 ms (11949.90 Mpts/s)
================================================================================

MPICH Slingshot Network Summary: 30 network timeouts

