cudaDeviceSynchronize() error( cudaErrorIllegalAddress): an illegal memory access was encountered /capstor/scratch/cscs/pfischil/ippl_singlenode/ippl/build/_deps/kokkos-src/core/src/Cuda/Kokkos_Cuda_Instance.cpp:146
Backtrace:
[0x4000283919c8] Kokkos::Impl::save_stacktrace()
[0x400028365fe8] Kokkos::Impl::host_abort(char const*)
[0x400028398b38] Kokkos::Impl::cuda_internal_error_abort(cudaError, char const*, char const*, int)
[0x400028398c44] Kokkos::Impl::cuda_device_synchronize(std::__cxx11::basic_string<char, std::char_traits<char>, std::allocator<char> > const&)
[0x40002837d07c] Kokkos::Impl::ExecSpaceManager::static_fence(std::__cxx11::basic_string<char, std::char_traits<char>, std::allocator<char> > const&)
[0x5d4fb8] 
[0x4d07a0] 
[0x41bb20] 
[0x400028893fa0] __libc_start_main
[0x41d7d8] 
cudaDeviceSynchronize() error( cudaErrorIllegalAddress): an illegal memory access was encountered /capstor/scratch/cscs/pfischil/ippl_singlenode/ippl/build/_deps/kokkos-src/core/src/Cuda/Kokkos_Cuda_Instance.cpp:146
Backtrace:
[0x4000451919c8] Kokkos::Impl::save_stacktrace()
[0x400045165fe8] Kokkos::Impl::host_abort(char const*)
[0x400045198b38] Kokkos::Impl::cuda_internal_error_abort(cudaError, char const*, char const*, int)
[0x400045198c44] Kokkos::Impl::cuda_device_synchronize(std::__cxx11::basic_string<char, std::char_traits<char>, std::allocator<char> > const&)
[0x40004517d07c] Kokkos::Impl::ExecSpaceManager::static_fence(std::__cxx11::basic_string<char, std::char_traits<char>, std::allocator<char> > const&)
[0x5d4fb8] 
[0x4d07a0] 
[0x41bb20] 
[0x400045693fa0] __libc_start_main
[0x41d7d8] 
cudaDeviceSynchronize() error( cudaErrorIllegalAddress): an illegal memory access was encountered /capstor/scratch/cscs/pfischil/ippl_singlenode/ippl/build/_deps/kokkos-src/core/src/Cuda/Kokkos_Cuda_Instance.cpp:146
Backtrace:
[0x4000253d19c8] Kokkos::Impl::save_stacktrace()
[0x4000253a5fe8] Kokkos::Impl::host_abort(char const*)
[0x4000253d8b38] Kokkos::Impl::cuda_internal_error_abort(cudaError, char const*, char const*, int)
[0x4000253d8c44] Kokkos::Impl::cuda_device_synchronize(std::__cxx11::basic_string<char, std::char_traits<char>, std::allocator<char> > const&)
[0x4000253bd07c] Kokkos::Impl::ExecSpaceManager::static_fence(std::__cxx11::basic_string<char, std::char_traits<char>, std::allocator<char> > const&)
[0x5d4fb8] 
[0x4d07a0] 
[0x41bb20] 
[0x4000258d3fa0] __libc_start_main
[0x41d7d8] 
cudaDeviceSynchronize() error( cudaErrorIllegalAddress): an illegal memory access was encountered /capstor/scratch/cscs/pfischil/ippl_singlenode/ippl/build/_deps/kokkos-src/core/src/Cuda/Kokkos_Cuda_Instance.cpp:146
Backtrace:
[0x4000469419c8] Kokkos::Impl::save_stacktrace()
[0x400046915fe8] Kokkos::Impl::host_abort(char const*)
[0x400046948b38] Kokkos::Impl::cuda_internal_error_abort(cudaError, char const*, char const*, int)
[0x400046948c44] Kokkos::Impl::cuda_device_synchronize(std::__cxx11::basic_string<char, std::char_traits<char>, std::allocator<char> > const&)
[0x40004692d07c] Kokkos::Impl::ExecSpaceManager::static_fence(std::__cxx11::basic_string<char, std::char_traits<char>, std::allocator<char> > const&)
[0x5d4fb8] 
[0x4d07a0] 
[0x41bb20] 
[0x400046e43fa0] __libc_start_main
[0x41d7d8] 
/capstor/scratch/cscs/pfischil/ippl_singlenode/ippl/mpi_wrapper.sh: line 262: 39467 Aborted                 (core dumped) "$@"
srun: error: nid006011: task 3: Exited with exit code 134
srun: Terminating StepId=2930527.0
[2026-03-16T22:51:35.829] error: *** STEP 2930527.0 ON nid006011 CANCELLED AT 2026-03-16T22:51:35 DUE TO TASK FAILURE ***
/capstor/scratch/cscs/pfischil/ippl_singlenode/ippl/mpi_wrapper.sh: line 262: 39452 Aborted                 (core dumped) "$@"
/capstor/scratch/cscs/pfischil/ippl_singlenode/ippl/mpi_wrapper.sh: line 262: 39457 Aborted                 (core dumped) "$@"
/capstor/scratch/cscs/pfischil/ippl_singlenode/ippl/mpi_wrapper.sh: line 262: 39462 Aborted                 (core dumped) "$@"
srun: error: nid006011: tasks 0-2: Killed
srun: Force Terminated StepId=2930527.0
